BL51 BANKED LINKER/LOCATER V6.22                                                        04/23/2019  12:16:33  PAGE 1


BL51 BANKED LINKER/LOCATER V6.22, INVOKED BY:
C:\KEIL_V5\C51\BIN\BL51.EXE .\Objects\STARTUP.obj, .\Objects\commands.obj, .\Objects\commands_parser.obj, .\Objects\main
>> .obj, .\Objects\serializer.obj, .\Objects\motion.obj, .\Objects\distance_detector.obj, .\Objects\spi_master.obj TO .\
>> Objects\robot_V1 PRINT (.\Listings\robot_V1.m51) RAMSIZE (256) OVERLAY (* ! MOVE_TO_CMD)


MEMORY MODEL: LARGE WITH FLOATING POINT ARITHMETIC


INPUT MODULES INCLUDED:
  .\Objects\STARTUP.obj (?C_STARTUP)
  .\Objects\commands.obj (COMMANDS)
  .\Objects\commands_parser.obj (COMMANDS_PARSER)
  .\Objects\main.obj (MAIN)
  .\Objects\serializer.obj (SERIALIZER)
  .\Objects\motion.obj (MOTION)
  .\Objects\distance_detector.obj (DISTANCE_DETECTOR)
  .\Objects\spi_master.obj (SPI_MASTER)
  C:\KEIL_V5\C51\LIB\C51FPL.LIB (?C?FPADD)
  C:\KEIL_V5\C51\LIB\C51FPL.LIB (?C?FPMUL)
  C:\KEIL_V5\C51\LIB\C51FPL.LIB (?C?FPDIV)
  C:\KEIL_V5\C51\LIB\C51FPL.LIB (?C?FPCMP)
  C:\KEIL_V5\C51\LIB\C51FPL.LIB (?C?FCAST)
  C:\KEIL_V5\C51\LIB\C51FPL.LIB (?C?CASTF)
  C:\KEIL_V5\C51\LIB\C51FPL.LIB (PRINTF)
  C:\KEIL_V5\C51\LIB\C51FPL.LIB (SCANF)
  C:\KEIL_V5\C51\LIB\C51FPL.LIB (SQRT)
  C:\KEIL_V5\C51\LIB\C51FPL.LIB (ATAN)
  C:\KEIL_V5\C51\LIB\C51FPL.LIB (?C?FPGETOPN)
  C:\KEIL_V5\C51\LIB\C51FPL.LIB (?C?FPROUND)
  C:\KEIL_V5\C51\LIB\C51FPL.LIB (?C?FPCONVERT)
  C:\KEIL_V5\C51\LIB\C51FPL.LIB (?C?ATOF)
  C:\KEIL_V5\C51\LIB\C51FPL.LIB (?C?FPSERIES)
  C:\KEIL_V5\C51\LIB\C51FPL.LIB (?C?FPNEG)
  C:\KEIL_V5\C51\LIB\C51FPL.LIB (?C?FTNPWR)
  C:\KEIL_V5\C51\LIB\C51L.LIB (?C_INIT)
  C:\KEIL_V5\C51\LIB\C51L.LIB (?C?COPY)
  C:\KEIL_V5\C51\LIB\C51L.LIB (?C?CLDPTR)
  C:\KEIL_V5\C51\LIB\C51L.LIB (?C?CLDOPTR)
  C:\KEIL_V5\C51\LIB\C51L.LIB (?C?CSTPTR)
  C:\KEIL_V5\C51\LIB\C51L.LIB (?C?CSTOPTR)
  C:\KEIL_V5\C51\LIB\C51L.LIB (?C?IMUL)
  C:\KEIL_V5\C51\LIB\C51L.LIB (?C?ILDPTR)
  C:\KEIL_V5\C51\LIB\C51L.LIB (?C?ILDOPTR)
  C:\KEIL_V5\C51\LIB\C51L.LIB (?C?ISTPTR)
  C:\KEIL_V5\C51\LIB\C51L.LIB (?C?ISTOPTR)
  C:\KEIL_V5\C51\LIB\C51L.LIB (?C?LNEG)
  C:\KEIL_V5\C51\LIB\C51L.LIB (?C?LLDOPTR)
  C:\KEIL_V5\C51\LIB\C51L.LIB (?C?LSTPTR)
  C:\KEIL_V5\C51\LIB\C51L.LIB (?C?LSTOPTR)
  C:\KEIL_V5\C51\LIB\C51L.LIB (?C?LLDXDATA)
  C:\KEIL_V5\C51\LIB\C51L.LIB (?C?LLDCODE)
  C:\KEIL_V5\C51\LIB\C51L.LIB (?C?LLDXDATA0)
  C:\KEIL_V5\C51\LIB\C51L.LIB (?C?LLDCODE0)
  C:\KEIL_V5\C51\LIB\C51L.LIB (?C?LSTXDATA)
  C:\KEIL_V5\C51\LIB\C51L.LIB (?C?LSTKXDATA)
  C:\KEIL_V5\C51\LIB\C51L.LIB (?C?OFFXADD)
  C:\KEIL_V5\C51\LIB\C51L.LIB (?C?PLDXDATA)
BL51 BANKED LINKER/LOCATER V6.22                                                      04/23/2019  12:16:33  PAGE 2


  C:\KEIL_V5\C51\LIB\C51L.LIB (?C?PLDIXDATA)
  C:\KEIL_V5\C51\LIB\C51L.LIB (?C?PILDXDATA)
  C:\KEIL_V5\C51\LIB\C51L.LIB (?C?PSTXDATA)
  C:\KEIL_V5\C51\LIB\C51L.LIB (?C?PLDPTR)
  C:\KEIL_V5\C51\LIB\C51L.LIB (?C?PSTPTR)
  C:\KEIL_V5\C51\LIB\C51L.LIB (?C?PLDOPTR)
  C:\KEIL_V5\C51\LIB\C51L.LIB (?C?PSTOPTR)
  C:\KEIL_V5\C51\LIB\C51L.LIB (?C?CCASE)
  C:\KEIL_V5\C51\LIB\C51L.LIB (?C?ICALL)
  C:\KEIL_V5\C51\LIB\C51L.LIB (PUTCHAR)
  C:\KEIL_V5\C51\LIB\C51L.LIB (GETCHAR)
  C:\KEIL_V5\C51\LIB\C51L.LIB (UNGETC)
  C:\KEIL_V5\C51\LIB\C51L.LIB (ISSPACE)
  C:\KEIL_V5\C51\LIB\C51L.LIB (?C?STRCMP)
  C:\KEIL_V5\C51\LIB\C51L.LIB (?C?STRCPY)
  C:\KEIL_V5\C51\LIB\C51L.LIB (STRLEN)
  C:\KEIL_V5\C51\LIB\C51L.LIB (?C?MEMSET)
  C:\KEIL_V5\C51\LIB\C51L.LIB (?C?LLDIDATA)
  C:\KEIL_V5\C51\LIB\C51L.LIB (?C?LLDPDATA)
  C:\KEIL_V5\C51\LIB\C51L.LIB (?C?LSTIDATA)
  C:\KEIL_V5\C51\LIB\C51L.LIB (?C?LSTPDATA)
  C:\KEIL_V5\C51\LIB\C51L.LIB (?C?PLDIDATA)
  C:\KEIL_V5\C51\LIB\C51L.LIB (?C?PSTIDATA)
  C:\KEIL_V5\C51\LIB\C51L.LIB (?C?PLDPDATA)
  C:\KEIL_V5\C51\LIB\C51L.LIB (?C?PSTPDATA)
  C:\KEIL_V5\C51\LIB\C51L.LIB (?C?PLDCODE)
  C:\KEIL_V5\C51\LIB\C51L.LIB (_GETKEY)


LINK MAP OF MODULE:  .\Objects\robot_V1 (?C_STARTUP)


            TYPE    BASE      LENGTH    RELOCATION   SEGMENT NAME
            -----------------------------------------------------

            * * * * * * *   D A T A   M E M O R Y   * * * * * * *
            REG     0000H     0008H     ABSOLUTE     "REG BANK 0"
            DATA    0008H     0016H     UNIT         _DATA_GROUP_
                    001EH     0002H                  *** GAP ***
            BIT     0020H.0   0002H.6   UNIT         _BIT_GROUP_
            BIT     0022H.6   0000H.1   UNIT         ?BI?GETCHAR
                    0022H.7   0000H.1                *** GAP ***
            IDATA   0023H     0001H     UNIT         ?STACK

            * * * * * * *  X D A T A   M E M O R Y  * * * * * * *
            XDATA   0000H     0146H     UNIT         _XDATA_GROUP_
            XDATA   0146H     00ECH     UNIT         ?XD?COMMANDS_PARSER
            XDATA   0232H     0058H     UNIT         ?XD?MAIN
            XDATA   028AH     0036H     UNIT         ?XD?DISTANCE_DETECTOR
            XDATA   02C0H     0025H     UNIT         ?XD?SERIALIZER
            XDATA   02E5H     000BH     UNIT         ?XD?SPI_MASTER
            XDATA   02F0H     0001H     UNIT         ?XD?GETCHAR

            * * * * * * *   C O D E   M E M O R Y   * * * * * * *
            CODE    0000H     0003H     ABSOLUTE     
            CODE    0003H     0008H     UNIT         ?PR?GETCHAR?UNGETCHAR
            CODE    000BH     0003H     ABSOLUTE     
BL51 BANKED LINKER/LOCATER V6.22                                                      04/23/2019  12:16:33  PAGE 3


            CODE    000EH     0022H     UNIT         ?PR?_IDLE?SERIALIZER
            CODE    0030H     0003H     UNIT         ?PR?ENABLE_GENERAL_INT?MAIN
            CODE    0033H     0003H     ABSOLUTE     
            CODE    0036H     0D88H     UNIT         ?C?LIB_CODE
            CODE    0DBEH     052AH     UNIT         ?PR?_DELTA_ANGLE?MOTION
            CODE    12E8H     04B1H     UNIT         ?PR?_GENERATE_SOUND_CMD?COMMANDS
            CODE    1799H     04ADH     UNIT         ?PR?_LIGHT_BEAM_ON_CMD?COMMANDS
            CODE    1C46H     0483H     UNIT         ?PR?PRINTF?PRINTF
            CODE    20C9H     035AH     UNIT         ?PR?SCANF?SCANF
            CODE    2423H     0339H     UNIT         ?PR?_MOVE_TO_CMD?COMMANDS
            CODE    275CH     0319H     UNIT         ?PR?_IDLE_NEXT_STATE?SERIALIZER
            CODE    2A75H     02A7H     UNIT         ?PR?_SERIALIZER_PROCESS?SERIALIZER
            CODE    2D1CH     0247H     UNIT         ?PR?_PARSE?COMMANDS_PARSER
            CODE    2F63H     023FH     UNIT         ?PR?_SPI_PROCESS?SPI_MASTER
            CODE    31A2H     0220H     UNIT         ?PR?_SEND_INFORMATIONS?COMMANDS_PARSER
            CODE    33C2H     01E4H     UNIT         ?C_INITSEG
            CODE    35A6H     01A8H     UNIT         ?PR?_SERVO_MOVE_CMD?COMMANDS
            CODE    374EH     017CH     UNIT         ?PR?_ANGLE_ROTATION_CMD?COMMANDS
            CODE    38CAH     0167H     UNIT         ?PR?_NAVIGATE?SERIALIZER
            CODE    3A31H     0154H     UNIT         ?PR?_MOVE_FORWARD_CMD?COMMANDS
            CODE    3B85H     0154H     UNIT         ?PR?_MOVE_BACKWARD_CMD?COMMANDS
            CODE    3CD9H     014FH     UNIT         ?PR?_DD_SINGLE_MEASURE?DISTANCE_DETECTOR
            CODE    3E28H     013AH     UNIT         ?PR?_COMPLETE_ROTATION_CMD?COMMANDS
            CODE    3F62H     0122H     UNIT         ?PR?ATAN?ATAN
            CODE    4084H     0106H     UNIT         ?PR?_EPREUVE_CMD?COMMANDS
            CODE    418AH     00FEH     UNIT         ?PR?_MOVETO?SERIALIZER
            CODE    4288H     00F9H     UNIT         ?PR?MAIN?MAIN
            CODE    4381H     00ECH     UNIT         ?PR?TIMER_0_INT?DISTANCE_DETECTOR
            CODE    446DH     00E6H     UNIT         ?PR??C?ATOF??C?ATOF
            CODE    4553H     00D0H     UNIT         ?PR?_SET_DEFAULT_SPEED_CMD?COMMANDS
            CODE    4623H     00D0H     UNIT         ?PR?_SPI_TRANSMIT?SPI_MASTER
            CODE    46F3H     00CAH     UNIT         ?PR?_SPI_CMD_GENERATE_SOUND?SPI_MASTER
            CODE    47BDH     00C2H     UNIT         ?PR?_SEND_KOB_MOU?COMMANDS_PARSER
            CODE    487FH     00B1H     UNIT         ?PR?IS_PID_PROCESSING?SERIALIZER
            CODE    4930H     00ACH     UNIT         ?PR?SQRT?SQRT
            CODE    49DCH     00A9H     UNIT         ?PR?_SPI_CMD_SERVO?SPI_MASTER
            CODE    4A85H     00A6H     UNIT         ?PR?_TRANSLATE?SERIALIZER
            CODE    4B2BH     00A4H     UNIT         ?PR?_MOVEANGLE?SERIALIZER
            CODE    4BCFH     009EH     UNIT         ?PR?_DD_IDLE?DISTANCE_DETECTOR
            CODE    4C6DH     009CH     UNIT         ?PR?_WAIT?COMMANDS_PARSER
            CODE    4D09H     0096H     UNIT         ?PR?_ANGLE_TARGET?MOTION
            CODE    4D9FH     0094H     UNIT         ?CO?COMMANDS_PARSER
            CODE    4E33H     008CH     UNIT         ?C_C51STARTUP
            CODE    4EBFH     0088H     UNIT         ?PR?_DD_MOVE_SERVO_H?DISTANCE_DETECTOR
            CODE    4F47H     0080H     UNIT         ?CO?MAIN
            CODE    4FC7H     007AH     UNIT         ?PR?_SPI_CMD_LIGHT_ON?SPI_MASTER
            CODE    5041H     0076H     UNIT         ?PR?_SPI_CMD_LIGHT_OFF?SPI_MASTER
            CODE    50B7H     0075H     UNIT         ?PR?_DD_SLEW_DETECTION?DISTANCE_DETECTOR
            CODE    512CH     0075H     UNIT         ?PR?SPI_VALIDATE?SPI_MASTER
            CODE    51A1H     006CH     UNIT         ?PR?_ROTATE?SERIALIZER
            CODE    520DH     0063H     UNIT         ?PR?_SETMOTORS?SERIALIZER
            CODE    5270H     005BH     UNIT         ?PR?_CMD_PARSER_PROCESS?COMMANDS_PARSER
            CODE    52CBH     005BH     UNIT         ?PR?_SERIALIZER_PRINT?SERIALIZER
            CODE    5326H     0058H     UNIT         ?PR?DD_MESURE?DISTANCE_DETECTOR
            CODE    537EH     0056H     UNIT         ?PR?_USART_PRINT?COMMANDS_PARSER
            CODE    53D4H     0055H     UNIT         ?PR?_INIT_PARSER?COMMANDS_PARSER
            CODE    5429H     0050H     UNIT         ?CO?SERIALIZER
BL51 BANKED LINKER/LOCATER V6.22                                                      04/23/2019  12:16:33  PAGE 4


            CODE    5479H     0050H     UNIT         ?PR?DD_START_CONVERSION?DISTANCE_DETECTOR
            CODE    54C9H     0048H     UNIT         ?PR?_MOVE_STOP_CMD?COMMANDS
            CODE    5511H     0048H     UNIT         ?PR?_RIGTH_ROTATION_CMD?COMMANDS
            CODE    5559H     0048H     UNIT         ?PR?_LEFT_ROTATION_CMD?COMMANDS
            CODE    55A1H     0048H     UNIT         ?PR?_DETECTE_OBSTACLE?COMMANDS
            CODE    55E9H     0048H     UNIT         ?PR?_LIGHT_BEAM_OFF_CMD?COMMANDS
            CODE    5631H     0047H     UNIT         ?CO?COMMANDS
            CODE    5678H     0045H     UNIT         ?PR?_SAFETY_BREAK_CMD?COMMANDS
            CODE    56BDH     0045H     UNIT         ?PR?_DISTANCE_DETECTOR_PROCESS?DISTANCE_DETECTOR
            CODE    5702H     0043H     UNIT         ?PR?_GET_COMMAND?COMMANDS_PARSER
            CODE    5745H     003AH     UNIT         ?PR?_DISTANCE?MOTION
            CODE    577FH     0039H     UNIT         ?PR?CLEAR_VAL_OBS_BUFFER?DISTANCE_DETECTOR
            CODE    57B8H     0035H     UNIT         ?PR?_SERIALIZER_RECEIVE?SERIALIZER
            CODE    57EDH     0032H     UNIT         ?PR?_USART_RECEIVE?COMMANDS_PARSER
            CODE    581FH     0032H     UNIT         ?PR?SPI_INT?SPI_MASTER
            CODE    5851H     002EH     UNIT         ?PR?_STOP?SERIALIZER
            CODE    587FH     0027H     UNIT         ?PR?_DEFAULT_PROCESS?COMMANDS
            CODE    58A6H     0027H     UNIT         ?PR?PUTCHAR?PUTCHAR
            CODE    58CDH     0026H     UNIT         ?PR?_EPREUVE_STOP?COMMANDS
            CODE    58F3H     001FH     UNIT         ?PR?SPI_ERROR?SPI_MASTER
            CODE    5912H     001BH     UNIT         ?PR?INIT_SPI?SPI_MASTER
            CODE    592DH     0019H     UNIT         ?PR?_DD_SET_ANGLE?DISTANCE_DETECTOR
            CODE    5946H     0018H     UNIT         ?PR?SERIALIZER_INIT_SERIAL?SERIALIZER
            CODE    595EH     0018H     UNIT         ?PR?SERIALIZER_CLEAR_SERIAL?SERIALIZER
            CODE    5976H     0016H     UNIT         ?PR?DD_CONFIG_DAC_ADC?DISTANCE_DETECTOR
            CODE    598CH     0015H     UNIT         ?PR?_SERIALIZER_SEND?SERIALIZER
            CODE    59A1H     0015H     UNIT         ?PR?_STRLEN?STRLEN
            CODE    59B6H     0014H     UNIT         ?PR?_SPI_SEND_CHAR?SPI_MASTER
            CODE    59CAH     0014H     UNIT         ?PR?GETCHAR?GETCHAR
            CODE    59DEH     0014H     UNIT         ?PR?_ISSPACE?ISSPACE
            CODE    59F2H     0012H     UNIT         ?PR?_USART_SEND?COMMANDS_PARSER
            CODE    5A04H     0012H     UNIT         ?PR?INIT_SERIALIZER_UART1?SERIALIZER
            CODE    5A16H     0012H     UNIT         ?PR?_UART_SEND?SERIALIZER
            CODE    5A28H     0010H     UNIT         ?PR?VALID_CMD_FLAG?COMMANDS_PARSER
            CODE    5A38H     0010H     UNIT         ?PR?ERROR_CMD_FLAG?COMMANDS_PARSER
            CODE    5A48H     000FH     UNIT         ?PR?INIT_EXTERNAL_CLK?MAIN
            CODE    5A57H     000FH     UNIT         ?PR?DD_INIT_TIMER0?DISTANCE_DETECTOR
            CODE    5A66H     000EH     UNIT         ?PR?INIT_DISTANCE_DETECTOR?DISTANCE_DETECTOR
            CODE    5A74H     000AH     UNIT         ?PR?_GETKEY?_GETKEY
            CODE    5A7EH     0004H     UNIT         ?PR?ENABLE_CROSSBAR?MAIN



OVERLAY MAP OF MODULE:   .\Objects\robot_V1 (?C_STARTUP)


SEGMENT                                             BIT_GROUP          DATA_GROUP          XDATA_GROUP
  +--> CALLED SEGMENT                            START    LENGTH     START    LENGTH     START    LENGTH
--------------------------------------------------------------------------------------------------------
?C_C51STARTUP                                    -----    -----      -----    -----      -----    -----
  +--> ?PR?MAIN?MAIN
  +--> ?C_INITSEG

?PR?MAIN?MAIN                                    -----    -----      -----    -----      0000H    0012H
  +--> ?PR?INIT_EXTERNAL_CLK?MAIN
  +--> ?PR?_INIT_PARSER?COMMANDS_PARSER
  +--> ?PR?INIT_SERIALIZER_UART1?SERIALIZER
BL51 BANKED LINKER/LOCATER V6.22                                                      04/23/2019  12:16:33  PAGE 5


  +--> ?PR?INIT_DISTANCE_DETECTOR?DISTANCE_D...
  +--> ?PR?INIT_SPI?SPI_MASTER
  +--> ?PR?ENABLE_CROSSBAR?MAIN
  +--> ?PR?ENABLE_GENERAL_INT?MAIN
  +--> ?CO?MAIN
  +--> ?PR?_USART_PRINT?COMMANDS_PARSER
  +--> ?PR?SERIALIZER_INIT_SERIAL?SERIALIZER
  +--> ?PR?_CMD_PARSER_PROCESS?COMMANDS_PARSER
  +--> ?PR?_SERIALIZER_PROCESS?SERIALIZER
  +--> ?PR?_DISTANCE_DETECTOR_PROCESS?DISTAN...
  +--> ?PR?_SPI_PROCESS?SPI_MASTER

?PR?_INIT_PARSER?COMMANDS_PARSER                 -----    -----      -----    -----      0012H    0003H

?PR?INIT_DISTANCE_DETECTOR?DISTANCE_D...         -----    -----      -----    -----      -----    -----
  +--> ?PR?DD_CONFIG_DAC_ADC?DISTANCE_DETECTOR
  +--> ?PR?DD_INIT_TIMER0?DISTANCE_DETECTOR

?PR?_USART_PRINT?COMMANDS_PARSER                 -----    -----      -----    -----      00F1H    0004H
  +--> ?PR?_STRLEN?STRLEN
  +--> ?PR?_USART_SEND?COMMANDS_PARSER

?PR?_USART_SEND?COMMANDS_PARSER                  -----    -----      -----    -----      00F5H    0001H

?PR?SERIALIZER_INIT_SERIAL?SERIALIZER            -----    -----      -----    -----      0012H    0001H
  +--> ?PR?_SERIALIZER_RECEIVE?SERIALIZER

?PR?_SERIALIZER_RECEIVE?SERIALIZER               -----    -----      -----    -----      004DH    0003H

?PR?_CMD_PARSER_PROCESS?COMMANDS_PARSER          -----    -----      -----    -----      0012H    0003H
  +--> ?PR?_WAIT?COMMANDS_PARSER
  +--> ?PR?_GET_COMMAND?COMMANDS_PARSER
  +--> ?PR?_SEND_INFORMATIONS?COMMANDS_PARSER

?PR?_WAIT?COMMANDS_PARSER                        -----    -----      -----    -----      0015H    0004H
  +--> ?PR?_USART_RECEIVE?COMMANDS_PARSER
  +--> ?PR?_USART_SEND?COMMANDS_PARSER

?PR?_USART_RECEIVE?COMMANDS_PARSER               -----    -----      -----    -----      0019H    0003H

?PR?_GET_COMMAND?COMMANDS_PARSER                 -----    -----      -----    -----      0015H    0003H
  +--> ?PR?_PARSE?COMMANDS_PARSER
  +--> ?PR?ERROR_CMD_FLAG?COMMANDS_PARSER
  +--> ?PR?VALID_CMD_FLAG?COMMANDS_PARSER
  +--> ?PR?_STRLEN?STRLEN

?PR?_PARSE?COMMANDS_PARSER                       -----    -----      -----    -----      0018H    00D9H
  +--> ?CO?COMMANDS_PARSER
  +--> ?PR?_USART_PRINT?COMMANDS_PARSER

?PR?ERROR_CMD_FLAG?COMMANDS_PARSER               -----    -----      -----    -----      -----    -----
  +--> ?PR?_USART_SEND?COMMANDS_PARSER

?PR?VALID_CMD_FLAG?COMMANDS_PARSER               -----    -----      -----    -----      -----    -----
  +--> ?PR?_USART_SEND?COMMANDS_PARSER

?PR?_SEND_INFORMATIONS?COMMANDS_PARSER           -----    -----      -----    -----      0015H    0003H
BL51 BANKED LINKER/LOCATER V6.22                                                      04/23/2019  12:16:33  PAGE 6


  +--> ?CO?COMMANDS_PARSER
  +--> ?PR?_SEND_KOB_MOU?COMMANDS_PARSER
  +--> ?PR?_USART_PRINT?COMMANDS_PARSER

?PR?_SEND_KOB_MOU?COMMANDS_PARSER                -----    -----      -----    -----      0018H    0023H
  +--> ?CO?COMMANDS_PARSER
  +--> ?PR?PRINTF?PRINTF

?PR?PRINTF?PRINTF                                0020H.0  0001H.1    0008H    0005H      003BH    0030H
  +--> ?PR?PUTCHAR?PUTCHAR

?PR?_SERIALIZER_PROCESS?SERIALIZER               -----    -----      -----    -----      0012H    0008H
  +--> ?CO?SERIALIZER
  +--> ?PR?_IDLE_NEXT_STATE?SERIALIZER

?PR?_IDLE_NEXT_STATE?SERIALIZER                  -----    -----      -----    -----      001AH    0006H

?PR?_DISTANCE_DETECTOR_PROCESS?DISTAN...         -----    -----      -----    -----      0012H    0003H

?PR?_SPI_PROCESS?SPI_MASTER                      -----    -----      -----    -----      0012H    0006H
  +--> ?PR?_SPI_CMD_GENERATE_SOUND?SPI_MASTER
  +--> ?PR?_SPI_CMD_LIGHT_ON?SPI_MASTER
  +--> ?PR?_SPI_CMD_LIGHT_OFF?SPI_MASTER
  +--> ?PR?_SPI_CMD_SERVO?SPI_MASTER
  +--> ?PR?_SPI_TRANSMIT?SPI_MASTER

?PR?_SPI_CMD_GENERATE_SOUND?SPI_MASTER           -----    -----      -----    -----      0018H    0006H

?PR?_SPI_CMD_LIGHT_ON?SPI_MASTER                 -----    -----      -----    -----      0018H    0006H

?PR?_SPI_CMD_LIGHT_OFF?SPI_MASTER                -----    -----      -----    -----      0018H    0006H

?PR?_SPI_CMD_SERVO?SPI_MASTER                    -----    -----      -----    -----      0018H    0006H

?PR?_SPI_TRANSMIT?SPI_MASTER                     -----    -----      -----    -----      0018H    0005H
  +--> ?PR?_SPI_SEND_CHAR?SPI_MASTER
  +--> ?PR?SPI_VALIDATE?SPI_MASTER
  +--> ?PR?SPI_ERROR?SPI_MASTER

?PR?_SPI_SEND_CHAR?SPI_MASTER                    -----    -----      -----    -----      001DH    0001H

?PR?SPI_VALIDATE?SPI_MASTER                      -----    -----      -----    -----      001DH    0004H

?C_INITSEG                                       -----    -----      -----    -----      -----    -----
  +--> ?CO?COMMANDS_PARSER
  +--> ?PR?_EPREUVE_CMD?COMMANDS
  +--> ?PR?_EPREUVE_STOP?COMMANDS
  +--> ?PR?_SAFETY_BREAK_CMD?COMMANDS
  +--> ?PR?_SET_DEFAULT_SPEED_CMD?COMMANDS
  +--> ?PR?_MOVE_FORWARD_CMD?COMMANDS
  +--> ?PR?_MOVE_BACKWARD_CMD?COMMANDS
  +--> ?PR?_MOVE_STOP_CMD?COMMANDS
  +--> ?PR?_RIGTH_ROTATION_CMD?COMMANDS
  +--> ?PR?_LEFT_ROTATION_CMD?COMMANDS
  +--> ?PR?_COMPLETE_ROTATION_CMD?COMMANDS
  +--> ?PR?_ANGLE_ROTATION_CMD?COMMANDS
  +--> ?PR?_DEFAULT_PROCESS?COMMANDS
BL51 BANKED LINKER/LOCATER V6.22                                                      04/23/2019  12:16:33  PAGE 7


  +--> ?PR?_DETECTE_OBSTACLE?COMMANDS
  +--> ?PR?_GENERATE_SOUND_CMD?COMMANDS
  +--> ?PR?_LIGHT_BEAM_ON_CMD?COMMANDS
  +--> ?PR?_LIGHT_BEAM_OFF_CMD?COMMANDS
  +--> ?PR?_SERVO_MOVE_CMD?COMMANDS
  +--> ?PR?_WAIT?COMMANDS_PARSER
  +--> ?PR?_GET_COMMAND?COMMANDS_PARSER
  +--> ?CO?MAIN
  +--> ?PR?_IDLE?SERIALIZER
  +--> ?PR?_TRANSLATE?SERIALIZER
  +--> ?PR?_MOVETO?SERIALIZER
  +--> ?PR?_ROTATE?SERIALIZER
  +--> ?PR?_NAVIGATE?SERIALIZER
  +--> ?PR?_STOP?SERIALIZER
  +--> ?PR?_DD_IDLE?DISTANCE_DETECTOR
  +--> ?PR?_DD_MOVE_SERVO_H?DISTANCE_DETECTOR
  +--> ?PR?_DD_SINGLE_MEASURE?DISTANCE_DETECTOR
  +--> ?PR?_DD_SLEW_DETECTION?DISTANCE_DETECTOR

?PR?_EPREUVE_CMD?COMMANDS                        -----    -----      -----    -----      0000H    0005H
  +--> ?CO?COMMANDS
  +--> ?PR?SCANF?SCANF

?PR?SCANF?SCANF                                  0021H.3  0000H.6    0013H    0009H      0114H    002EH
  +--> ?PR?GETCHAR?UNGETCHAR
  +--> ?PR?_ISSPACE?ISSPACE
  +--> ?PR?GETCHAR?GETCHAR
  +--> ?PR??C?ATOF??C?ATOF

?PR?GETCHAR?GETCHAR                              -----    -----      -----    -----      -----    -----
  +--> ?PR?_GETKEY?_GETKEY
  +--> ?PR?PUTCHAR?PUTCHAR

?PR??C?ATOF??C?ATOF                              0022H.1  0000H.5    001CH    0002H      -----    -----

?PR?_EPREUVE_STOP?COMMANDS                       -----    -----      -----    -----      0000H    0003H

?PR?_SAFETY_BREAK_CMD?COMMANDS                   -----    -----      -----    -----      0000H    0003H

?PR?_SET_DEFAULT_SPEED_CMD?COMMANDS              -----    -----      -----    -----      0000H    0005H
  +--> ?CO?COMMANDS
  +--> ?PR?SCANF?SCANF

?PR?_MOVE_FORWARD_CMD?COMMANDS                   -----    -----      -----    -----      0000H    0005H
  +--> ?CO?COMMANDS
  +--> ?PR?SCANF?SCANF

?PR?_MOVE_BACKWARD_CMD?COMMANDS                  -----    -----      -----    -----      0000H    0005H
  +--> ?CO?COMMANDS
  +--> ?PR?SCANF?SCANF

?PR?_MOVE_STOP_CMD?COMMANDS                      -----    -----      -----    -----      0000H    0003H

?PR?_RIGTH_ROTATION_CMD?COMMANDS                 -----    -----      -----    -----      0000H    0003H

?PR?_LEFT_ROTATION_CMD?COMMANDS                  -----    -----      -----    -----      0000H    0003H

BL51 BANKED LINKER/LOCATER V6.22                                                      04/23/2019  12:16:33  PAGE 8


?PR?_COMPLETE_ROTATION_CMD?COMMANDS              -----    -----      -----    -----      0000H    0003H
  +--> ?CO?COMMANDS

?PR?_ANGLE_ROTATION_CMD?COMMANDS                 -----    -----      -----    -----      0000H    0005H
  +--> ?CO?COMMANDS
  +--> ?PR?SCANF?SCANF

?PR?_DEFAULT_PROCESS?COMMANDS                    -----    -----      -----    -----      0000H    0003H

?PR?_DETECTE_OBSTACLE?COMMANDS                   -----    -----      -----    -----      0000H    0003H

?PR?_GENERATE_SOUND_CMD?COMMANDS                 -----    -----      -----    -----      0000H    0025H
  +--> ?CO?COMMANDS
  +--> ?PR?SCANF?SCANF

?PR?_LIGHT_BEAM_ON_CMD?COMMANDS                  -----    -----      -----    -----      0000H    0025H
  +--> ?CO?COMMANDS
  +--> ?PR?SCANF?SCANF

?PR?_LIGHT_BEAM_OFF_CMD?COMMANDS                 -----    -----      -----    -----      0000H    0003H

?PR?_SERVO_MOVE_CMD?COMMANDS                     -----    -----      -----    -----      0000H    0005H
  +--> ?CO?COMMANDS
  +--> ?PR?SCANF?SCANF

?PR?_IDLE?SERIALIZER                             -----    -----      -----    -----      0000H    0003H

?PR?_TRANSLATE?SERIALIZER                        -----    -----      -----    -----      0000H    0004H
  +--> ?PR?_SETMOTORS?SERIALIZER

?PR?_SETMOTORS?SERIALIZER                        -----    -----      -----    -----      0004H    0018H
  +--> ?CO?SERIALIZER
  +--> ?PR?PRINTF?PRINTF
  +--> ?PR?_SERIALIZER_PRINT?SERIALIZER
  +--> ?PR?SERIALIZER_CLEAR_SERIAL?SERIALIZER

?PR?_SERIALIZER_PRINT?SERIALIZER                 -----    -----      -----    -----      004DH    0004H
  +--> ?PR?_STRLEN?STRLEN
  +--> ?PR?_SERIALIZER_SEND?SERIALIZER

?PR?_SERIALIZER_SEND?SERIALIZER                  -----    -----      -----    -----      0051H    0001H

?PR?SERIALIZER_CLEAR_SERIAL?SERIALIZER           -----    -----      -----    -----      003AH    0001H
  +--> ?PR?_SERIALIZER_RECEIVE?SERIALIZER

?PR?_MOVETO?SERIALIZER                           -----    -----      -----    -----      0008H    002DH
  +--> ?PR?_DISTANCE?MOTION
  +--> ?CO?SERIALIZER
  +--> ?PR?PRINTF?PRINTF
  +--> ?PR?_SERIALIZER_PRINT?SERIALIZER
  +--> ?PR?SERIALIZER_CLEAR_SERIAL?SERIALIZER
  +--> ?PR?IS_PID_PROCESSING?SERIALIZER

?PR?_DISTANCE?MOTION                             -----    -----      -----    -----      0035H    0002H
  +--> ?PR?SQRT?SQRT

?PR?SQRT?SQRT                                    -----    -----      -----    -----      0037H    0004H
BL51 BANKED LINKER/LOCATER V6.22                                                      04/23/2019  12:16:33  PAGE 9



?PR?IS_PID_PROCESSING?SERIALIZER                 -----    -----      -----    -----      0035H    0018H
  +--> ?CO?SERIALIZER
  +--> ?PR?_SERIALIZER_PRINT?SERIALIZER
  +--> ?PR?_SERIALIZER_RECEIVE?SERIALIZER
  +--> ?PR?_UART_SEND?SERIALIZER
  +--> ?PR?SCANF?SCANF

?PR?_UART_SEND?SERIALIZER                        -----    -----      -----    -----      004DH    0001H

?PR?_ROTATE?SERIALIZER                           -----    -----      -----    -----      0008H    0004H
  +--> ?PR?_MOVEANGLE?SERIALIZER
  +--> ?PR?IS_PID_PROCESSING?SERIALIZER

?PR?_MOVEANGLE?SERIALIZER                        -----    -----      -----    -----      000CH    002EH
  +--> ?CO?SERIALIZER
  +--> ?PR?PRINTF?PRINTF
  +--> ?PR?_SERIALIZER_PRINT?SERIALIZER
  +--> ?PR?SERIALIZER_CLEAR_SERIAL?SERIALIZER

?PR?_NAVIGATE?SERIALIZER                         -----    -----      -----    -----      0000H    0008H
  +--> ?CO?SERIALIZER
  +--> ?PR?_ANGLE_TARGET?MOTION
  +--> ?PR?_DELTA_ANGLE?MOTION
  +--> ?PR?_ROTATE?SERIALIZER
  +--> ?PR?_MOVETO?SERIALIZER

?PR?_ANGLE_TARGET?MOTION                         -----    -----      -----    -----      0008H    0008H
  +--> ?PR?ATAN?ATAN

?PR?ATAN?ATAN                                    0020H.0  0000H.2    -----    -----      0010H    0004H

?PR?_DELTA_ANGLE?MOTION                          -----    -----      -----    -----      0008H    0008H

?PR?_STOP?SERIALIZER                             -----    -----      -----    -----      0000H    0003H
  +--> ?CO?SERIALIZER
  +--> ?PR?_SERIALIZER_PRINT?SERIALIZER
  +--> ?PR?SERIALIZER_CLEAR_SERIAL?SERIALIZER

?PR?_DD_IDLE?DISTANCE_DETECTOR                   -----    -----      -----    -----      0000H    0003H

?PR?_DD_MOVE_SERVO_H?DISTANCE_DETECTOR           -----    -----      -----    -----      0000H    0003H
  +--> ?PR?_DD_SET_ANGLE?DISTANCE_DETECTOR

?PR?_DD_SET_ANGLE?DISTANCE_DETECTOR              -----    -----      -----    -----      0003H    0002H

?PR?_DD_SINGLE_MEASURE?DISTANCE_DETECTOR         -----    -----      -----    -----      0000H    0003H
  +--> ?PR?DD_START_CONVERSION?DISTANCE_DETE...
  +--> ?PR?CLEAR_VAL_OBS_BUFFER?DISTANCE_DET...

?PR?DD_START_CONVERSION?DISTANCE_DETE...         -----    -----      -----    -----      0003H    0006H
  +--> ?PR?DD_MESURE?DISTANCE_DETECTOR

?PR?DD_MESURE?DISTANCE_DETECTOR                  -----    -----      -----    -----      0009H    0008H

?PR?CLEAR_VAL_OBS_BUFFER?DISTANCE_DET...         -----    -----      -----    -----      0003H    0001H

BL51 BANKED LINKER/LOCATER V6.22                                                      04/23/2019  12:16:33  PAGE 10


?PR?_DD_SLEW_DETECTION?DISTANCE_DETECTOR         -----    -----      -----    -----      0000H    0003H
  +--> ?PR?_DD_SET_ANGLE?DISTANCE_DETECTOR

*** NEW ROOT ***************************************************

?PR?_MOVE_TO_CMD?COMMANDS                        -----    -----      -----    -----      00F6H    001EH
  +--> ?CO?COMMANDS
  +--> ?PR?SCANF?SCANF

*** NEW ROOT ***************************************************

?PR?TIMER_0_INT?DISTANCE_DETECTOR                -----    -----      -----    -----      0142H    0004H



UNRESOLVED EXTERNAL SYMBOLS:
   _DD_OBS_DETECTION



SYMBOL TABLE OF MODULE:  .\Objects\robot_V1 (?C_STARTUP)

  VALUE           TYPE          NAME
  ----------------------------------

  -------         MODULE        ?C_STARTUP
  C:4E33H         SEGMENT       ?C_C51STARTUP
  I:0023H         SEGMENT       ?STACK
  C:0000H         PUBLIC        ?C_STARTUP
  D:00E0H         SYMBOL        ACC
  D:00F0H         SYMBOL        B
  D:0083H         SYMBOL        DPH
  D:0082H         SYMBOL        DPL
  N:0000H         SYMBOL        IBPSTACK
  N:0100H         SYMBOL        IBPSTACKTOP
  N:0080H         SYMBOL        IDATALEN
  C:4E36H         SYMBOL        IDATALOOP
  N:0000H         SYMBOL        PBPSTACK
  N:0100H         SYMBOL        PBPSTACKTOP
  N:0000H         SYMBOL        PDATALEN
  N:0000H         SYMBOL        PDATASTART
  N:0000H         SYMBOL        PPAGE
  N:0000H         SYMBOL        PPAGEENABLE
  D:00A0H         SYMBOL        PPAGE_SFR
  D:0081H         SYMBOL        SP
  C:4E33H         SYMBOL        STARTUP1
  N:0000H         SYMBOL        XBPSTACK
  N:0000H         SYMBOL        XBPSTACKTOP
  N:0000H         SYMBOL        XDATALEN
  N:0000H         SYMBOL        XDATASTART
  C:0000H         LINE#         126
  C:4E33H         LINE#         133
  C:4E35H         LINE#         134
  C:4E36H         LINE#         135
  C:4E37H         LINE#         136
  C:4E39H         LINE#         186
  C:4E3CH         LINE#         197
BL51 BANKED LINKER/LOCATER V6.22                                                      04/23/2019  12:16:33  PAGE 11


  -------         ENDMOD        ?C_STARTUP

  -------         MODULE        COMMANDS
  C:0000H         SYMBOL        _ICE_DUMMY_
  C:5511H         PUBLIC        _rigth_rotation_cmd
  C:5678H         PUBLIC        _safety_break_cmd
  C:2423H         PUBLIC        _move_to_cmd
  C:55A1H         PUBLIC        _detecte_obstacle
  C:4084H         PUBLIC        _epreuve_cmd
  C:5559H         PUBLIC        _left_rotation_cmd
  C:4553H         PUBLIC        _set_default_speed_cmd
  C:1799H         PUBLIC        _light_beam_ON_cmd
  C:3A31H         PUBLIC        _move_forward_cmd
  C:58CDH         PUBLIC        _epreuve_stop
  C:5641H         SYMBOL        _?ix1000
  C:5650H         SYMBOL        _?ix1001
  C:5664H         SYMBOL        _?ix1002
  C:3E28H         PUBLIC        _complete_rotation_cmd
  C:587FH         PUBLIC        _default_process
  C:35A6H         PUBLIC        _servo_move_cmd
  C:55E9H         PUBLIC        _light_beam_OFF_cmd
  C:12E8H         PUBLIC        _generate_sound_cmd
  C:3B85H         PUBLIC        _move_backward_cmd
  C:374EH         PUBLIC        _angle_rotation_cmd
  C:54C9H         PUBLIC        _move_stop_cmd
  -------         PROC          _DEFAULT_PROCESS
  X:0000H         SYMBOL        cmd_packet
  C:587FH         LINE#         6
  C:588AH         LINE#         7
  C:588AH         LINE#         9
  C:58A3H         LINE#         11
  C:58A5H         LINE#         12
  -------         ENDPROC       _DEFAULT_PROCESS
  -------         PROC          _EPREUVE_CMD
  X:0000H         SYMBOL        cmd_packet
  -------         DO            
  X:0003H         SYMBOL        epreuve_index
  -------         ENDDO         
  C:4084H         LINE#         18
  C:408FH         LINE#         19
  C:408FH         LINE#         20
  C:4098H         LINE#         23
  C:40B3H         LINE#         24
  C:40B3H         LINE#         25
  C:40B6H         LINE#         26
  C:40B6H         LINE#         29
  C:40D3H         LINE#         30
  C:40D3H         LINE#         32
  C:4120H         LINE#         33
  C:4120H         LINE#         34
  C:4123H         LINE#         35
  C:4123H         LINE#         38
  C:4149H         LINE#         39
  C:4149H         LINE#         40
  C:414CH         LINE#         41
  C:414CH         LINE#         43
  C:416CH         LINE#         44
BL51 BANKED LINKER/LOCATER V6.22                                                      04/23/2019  12:16:33  PAGE 12


  C:416EH         LINE#         46
  C:416EH         LINE#         47
  C:4187H         LINE#         48
  C:4187H         LINE#         49
  C:4189H         LINE#         50
  -------         ENDPROC       _EPREUVE_CMD
  -------         PROC          _EPREUVE_STOP
  X:0000H         SYMBOL        cmd_packet
  C:58CDH         LINE#         52
  C:58D8H         LINE#         53
  C:58D8H         LINE#         55
  C:58F0H         LINE#         57
  C:58F2H         LINE#         58
  -------         ENDPROC       _EPREUVE_STOP
  -------         PROC          _SAFETY_BREAK_CMD
  X:0000H         SYMBOL        cmd_packet
  C:5678H         LINE#         61
  C:5683H         LINE#         62
  C:5683H         LINE#         64
  C:569EH         LINE#         65
  C:569EH         LINE#         66
  C:56A1H         LINE#         67
  C:56A1H         LINE#         69
  C:56BAH         LINE#         71
  C:56BCH         LINE#         72
  -------         ENDPROC       _SAFETY_BREAK_CMD
  -------         PROC          _SET_DEFAULT_SPEED_CMD
  X:0000H         SYMBOL        cmd_packet
  -------         DO            
  X:0003H         SYMBOL        motor_speed
  -------         ENDDO         
  C:4553H         LINE#         74
  C:455EH         LINE#         75
  C:455EH         LINE#         76
  C:4567H         LINE#         79
  C:4581H         LINE#         80
  C:4581H         LINE#         81
  C:4584H         LINE#         82
  C:4584H         LINE#         85
  C:45D1H         LINE#         86
  C:45D1H         LINE#         87
  C:45D4H         LINE#         88
  C:45D4H         LINE#         91
  C:45F7H         LINE#         92
  C:45F7H         LINE#         93
  C:45FAH         LINE#         94
  C:45FAH         LINE#         96
  C:4620H         LINE#         98
  C:4622H         LINE#         99
  -------         ENDPROC       _SET_DEFAULT_SPEED_CMD
  -------         PROC          _MOVE_FORWARD_CMD
  X:0000H         SYMBOL        cmd_packet
  -------         DO            
  X:0003H         SYMBOL        motor_speed
  -------         ENDDO         
  C:3A31H         LINE#         101
  C:3A3CH         LINE#         102
BL51 BANKED LINKER/LOCATER V6.22                                                      04/23/2019  12:16:33  PAGE 13


  C:3A3CH         LINE#         103
  C:3A45H         LINE#         105
  C:3A60H         LINE#         106
  C:3A60H         LINE#         107
  C:3A63H         LINE#         108
  C:3A63H         LINE#         110
  C:3A82H         LINE#         112
  C:3A9FH         LINE#         113
  C:3A9FH         LINE#         115
  C:3AEAH         LINE#         116
  C:3AEAH         LINE#         117
  C:3AEDH         LINE#         118
  C:3AEDH         LINE#         121
  C:3B10H         LINE#         122
  C:3B10H         LINE#         123
  C:3B13H         LINE#         124
  C:3B13H         LINE#         126
  C:3B39H         LINE#         127
  C:3B3BH         LINE#         128
  C:3B5CH         LINE#         129
  C:3B5CH         LINE#         130
  C:3B82H         LINE#         131
  C:3B82H         LINE#         132
  C:3B82H         LINE#         133
  C:3B84H         LINE#         134
  -------         ENDPROC       _MOVE_FORWARD_CMD
  -------         PROC          _MOVE_BACKWARD_CMD
  X:0000H         SYMBOL        cmd_packet
  -------         DO            
  X:0003H         SYMBOL        motor_speed
  -------         ENDDO         
  C:3B85H         LINE#         136
  C:3B90H         LINE#         137
  C:3B90H         LINE#         138
  C:3B99H         LINE#         140
  C:3BB4H         LINE#         141
  C:3BB4H         LINE#         142
  C:3BB7H         LINE#         143
  C:3BB7H         LINE#         145
  C:3BD6H         LINE#         147
  C:3BF3H         LINE#         148
  C:3BF3H         LINE#         150
  C:3C3EH         LINE#         151
  C:3C3EH         LINE#         152
  C:3C41H         LINE#         153
  C:3C41H         LINE#         156
  C:3C64H         LINE#         157
  C:3C64H         LINE#         158
  C:3C67H         LINE#         159
  C:3C67H         LINE#         161
  C:3C8DH         LINE#         162
  C:3C8FH         LINE#         163
  C:3CB0H         LINE#         164
  C:3CB0H         LINE#         165
  C:3CD6H         LINE#         166
  C:3CD6H         LINE#         167
  C:3CD6H         LINE#         168
BL51 BANKED LINKER/LOCATER V6.22                                                      04/23/2019  12:16:33  PAGE 14


  C:3CD8H         LINE#         169
  -------         ENDPROC       _MOVE_BACKWARD_CMD
  -------         PROC          _MOVE_STOP_CMD
  X:0000H         SYMBOL        cmd_packet
  C:54C9H         LINE#         171
  C:54D4H         LINE#         172
  C:54D4H         LINE#         173
  C:54ECH         LINE#         174
  C:54ECH         LINE#         175
  C:54EFH         LINE#         176
  C:54EFH         LINE#         177
  C:550EH         LINE#         178
  C:5510H         LINE#         179
  -------         ENDPROC       _MOVE_STOP_CMD
  -------         PROC          _RIGTH_ROTATION_CMD
  X:0000H         SYMBOL        cmd_packet
  C:5511H         LINE#         181
  C:551CH         LINE#         182
  C:551CH         LINE#         183
  C:5534H         LINE#         184
  C:5534H         LINE#         185
  C:5537H         LINE#         186
  C:5537H         LINE#         188
  C:5556H         LINE#         189
  C:5558H         LINE#         190
  -------         ENDPROC       _RIGTH_ROTATION_CMD
  -------         PROC          _LEFT_ROTATION_CMD
  X:0000H         SYMBOL        cmd_packet
  C:5559H         LINE#         192
  C:5564H         LINE#         193
  C:5564H         LINE#         194
  C:557CH         LINE#         195
  C:557CH         LINE#         196
  C:557FH         LINE#         197
  C:557FH         LINE#         199
  C:559EH         LINE#         200
  C:55A0H         LINE#         201
  -------         ENDPROC       _LEFT_ROTATION_CMD
  -------         PROC          _COMPLETE_ROTATION_CMD
  X:0000H         SYMBOL        cmd_packet
  C:3E28H         LINE#         203
  C:3E33H         LINE#         204
  C:3E33H         LINE#         205
  C:3E4EH         LINE#         206
  C:3E4EH         LINE#         207
  C:3E51H         LINE#         208
  C:3E51H         LINE#         210
  C:3E6EH         LINE#         211
  C:3E6EH         LINE#         213
  C:3ED6H         LINE#         215
  C:3ED6H         LINE#         216
  C:3EF9H         LINE#         217
  C:3EF9H         LINE#         218
  C:3EF9H         LINE#         219
  C:3F18H         LINE#         220
  C:3F1AH         LINE#         221
  C:3F1AH         LINE#         222
BL51 BANKED LINKER/LOCATER V6.22                                                      04/23/2019  12:16:33  PAGE 15


  C:3F39H         LINE#         223
  C:3F3BH         LINE#         224
  C:3F3BH         LINE#         225
  C:3F3DH         LINE#         226
  C:3F40H         LINE#         227
  C:3F40H         LINE#         229
  C:3F40H         LINE#         230
  C:3F5FH         LINE#         231
  C:3F5FH         LINE#         232
  C:3F61H         LINE#         233
  -------         ENDPROC       _COMPLETE_ROTATION_CMD
  -------         PROC          _ANGLE_ROTATION_CMD
  X:0000H         SYMBOL        cmd_packet
  -------         DO            
  X:0003H         SYMBOL        angle
  -------         ENDDO         
  C:374EH         LINE#         235
  C:3759H         LINE#         236
  C:3759H         LINE#         237
  C:3761H         LINE#         239
  C:377BH         LINE#         240
  C:377BH         LINE#         241
  C:377EH         LINE#         242
  C:377EH         LINE#         244
  C:37E9H         LINE#         246
  C:37E9H         LINE#         247
  C:380CH         LINE#         248
  C:380CH         LINE#         249
  C:380CH         LINE#         250
  C:382BH         LINE#         251
  C:382DH         LINE#         252
  C:382DH         LINE#         253
  C:384CH         LINE#         254
  C:384CH         LINE#         255
  C:384CH         LINE#         257
  C:3897H         LINE#         258
  C:3897H         LINE#         259
  C:389AH         LINE#         260
  C:389AH         LINE#         262
  C:38C2H         LINE#         263
  C:38C4H         LINE#         264
  C:38C7H         LINE#         265
  C:38C7H         LINE#         266
  C:38C9H         LINE#         267
  -------         ENDPROC       _ANGLE_ROTATION_CMD
  -------         PROC          _MOVE_TO_CMD
  X:00F6H         SYMBOL        cmd_packet
  -------         DO            
  X:00F9H         SYMBOL        i
  X:00FAH         SYMBOL        j
  X:00FBH         SYMBOL        params
  X:010AH         SYMBOL        angle
  X:010CH         SYMBOL        x
  X:010EH         SYMBOL        y
  X:0110H         SYMBOL        param_find
  X:0111H         SYMBOL        str
  -------         ENDDO         
BL51 BANKED LINKER/LOCATER V6.22                                                      04/23/2019  12:16:33  PAGE 16


  C:2423H         LINE#         277
  C:242EH         LINE#         278
  C:242EH         LINE#         279
  C:2438H         LINE#         280
  C:245DH         LINE#         281
  C:2475H         LINE#         282
  C:247AH         LINE#         283
  C:248BH         LINE#         287
  C:24A5H         LINE#         288
  C:24A5H         LINE#         289
  C:24A8H         LINE#         290
  C:24A8H         LINE#         293
  C:24BBH         LINE#         294
  C:24BBH         LINE#         295
  C:24F7H         LINE#         298
  C:250AH         LINE#         299
  C:250AH         LINE#         300
  C:2548H         LINE#         301
  C:2548H         LINE#         302
  C:255EH         LINE#         303
  C:255EH         LINE#         304
  C:255EH         LINE#         305
  C:25C7H         LINE#         306
  C:25C7H         LINE#         307
  C:25CAH         LINE#         308
  C:25CAH         LINE#         309
  C:25CAH         LINE#         311
  C:25CAH         LINE#         312
  C:2630H         LINE#         313
  C:2630H         LINE#         314
  C:2633H         LINE#         315
  C:2633H         LINE#         316
  C:2633H         LINE#         318
  C:2633H         LINE#         319
  C:2699H         LINE#         320
  C:2699H         LINE#         321
  C:269CH         LINE#         322
  C:269CH         LINE#         323
  C:269CH         LINE#         325
  C:269CH         LINE#         326
  C:26A2H         LINE#         327
  C:26A4H         LINE#         328
  C:26A4H         LINE#         329
  C:26ADH         LINE#         331
  C:26B5H         LINE#         332
  C:26B5H         LINE#         333
  C:26B8H         LINE#         334
  C:26B8H         LINE#         335
  C:26BDH         LINE#         336
  C:26BDH         LINE#         338
  C:26C6H         LINE#         340
  C:26EEH         LINE#         341
  C:2714H         LINE#         342
  C:273AH         LINE#         343
  C:2759H         LINE#         344
  C:275BH         LINE#         345
  -------         ENDPROC       _MOVE_TO_CMD
BL51 BANKED LINKER/LOCATER V6.22                                                      04/23/2019  12:16:33  PAGE 17


  -------         PROC          _DETECTE_OBSTACLE
  X:0000H         SYMBOL        cmd_packet
  C:55A1H         LINE#         347
  C:55ACH         LINE#         348
  C:55ACH         LINE#         349
  C:55C4H         LINE#         350
  C:55C4H         LINE#         351
  C:55C7H         LINE#         352
  C:55C7H         LINE#         354
  C:55E6H         LINE#         355
  C:55E8H         LINE#         356
  -------         ENDPROC       _DETECTE_OBSTACLE
  -------         PROC          _SERVO_MOVE_CMD
  X:0000H         SYMBOL        cmd_packet
  -------         DO            
  X:0003H         SYMBOL        angle
  -------         ENDDO         
  C:35A6H         LINE#         358
  C:35B1H         LINE#         359
  C:35B1H         LINE#         360
  C:35BAH         LINE#         362
  C:35D5H         LINE#         363
  C:35D5H         LINE#         364
  C:35D8H         LINE#         365
  C:35D8H         LINE#         367
  C:3640H         LINE#         369
  C:3640H         LINE#         370
  C:3663H         LINE#         371
  C:3663H         LINE#         372
  C:3663H         LINE#         373
  C:3682H         LINE#         374
  C:3684H         LINE#         375
  C:3684H         LINE#         376
  C:36A3H         LINE#         377
  C:36A3H         LINE#         378
  C:36A3H         LINE#         380
  C:36A3H         LINE#         382
  C:36D7H         LINE#         383
  C:36D7H         LINE#         384
  C:3722H         LINE#         385
  C:3722H         LINE#         386
  C:3725H         LINE#         387
  C:3725H         LINE#         389
  C:374BH         LINE#         390
  C:374BH         LINE#         392
  C:374DH         LINE#         393
  -------         ENDPROC       _SERVO_MOVE_CMD
  -------         PROC          _LIGHT_BEAM_ON_CMD
  X:0000H         SYMBOL        cmd_packet
  -------         DO            
  X:0003H         SYMBOL        i
  X:0004H         SYMBOL        j
  X:0005H         SYMBOL        params
  X:0019H         SYMBOL        intensity
  X:001BH         SYMBOL        delay_on
  X:001DH         SYMBOL        delay_off
  X:001FH         SYMBOL        nbr_flash
BL51 BANKED LINKER/LOCATER V6.22                                                      04/23/2019  12:16:33  PAGE 18


  X:0021H         SYMBOL        param_find
  X:0022H         SYMBOL        str
  -------         ENDDO         
  C:1799H         LINE#         395
  C:17A4H         LINE#         396
  C:17A4H         LINE#         397
  C:17AEH         LINE#         398
  C:17D3H         LINE#         399
  C:17F6H         LINE#         400
  C:17FBH         LINE#         401
  C:180CH         LINE#         404
  C:1840H         LINE#         405
  C:1840H         LINE#         406
  C:1843H         LINE#         407
  C:1843H         LINE#         410
  C:186EH         LINE#         411
  C:186EH         LINE#         412
  C:18AAH         LINE#         415
  C:18BDH         LINE#         416
  C:18BDH         LINE#         417
  C:18FBH         LINE#         418
  C:18FBH         LINE#         419
  C:1914H         LINE#         420
  C:1914H         LINE#         421
  C:1914H         LINE#         422
  C:197AH         LINE#         423
  C:197AH         LINE#         424
  C:197DH         LINE#         425
  C:197DH         LINE#         427
  C:197DH         LINE#         429
  C:19A6H         LINE#         430
  C:19A6H         LINE#         431
  C:19A9H         LINE#         432
  C:19A9H         LINE#         433
  C:19A9H         LINE#         434
  C:19A9H         LINE#         436
  C:19A9H         LINE#         437
  C:1A0FH         LINE#         438
  C:1A0FH         LINE#         439
  C:1A12H         LINE#         440
  C:1A12H         LINE#         442
  C:1A12H         LINE#         444
  C:1A3BH         LINE#         445
  C:1A3BH         LINE#         446
  C:1A3EH         LINE#         447
  C:1A3EH         LINE#         448
  C:1A3EH         LINE#         449
  C:1A3EH         LINE#         451
  C:1A3EH         LINE#         452
  C:1AA4H         LINE#         453
  C:1AA4H         LINE#         454
  C:1AA7H         LINE#         455
  C:1AA7H         LINE#         457
  C:1AA7H         LINE#         459
  C:1ACDH         LINE#         460
  C:1ACDH         LINE#         461
  C:1AD0H         LINE#         462
BL51 BANKED LINKER/LOCATER V6.22                                                      04/23/2019  12:16:33  PAGE 19


  C:1AD0H         LINE#         463
  C:1AD0H         LINE#         464
  C:1AD0H         LINE#         466
  C:1AD0H         LINE#         467
  C:1B36H         LINE#         468
  C:1B36H         LINE#         469
  C:1B39H         LINE#         470
  C:1B39H         LINE#         472
  C:1B39H         LINE#         474
  C:1B5FH         LINE#         475
  C:1B5FH         LINE#         476
  C:1B62H         LINE#         477
  C:1B62H         LINE#         478
  C:1B62H         LINE#         479
  C:1B62H         LINE#         480
  C:1B62H         LINE#         481
  C:1B68H         LINE#         482
  C:1B6AH         LINE#         483
  C:1B6AH         LINE#         484
  C:1B73H         LINE#         486
  C:1B7BH         LINE#         487
  C:1B7BH         LINE#         488
  C:1B7EH         LINE#         489
  C:1B7EH         LINE#         490
  C:1B83H         LINE#         491
  C:1B83H         LINE#         493
  C:1B8CH         LINE#         495
  C:1BABH         LINE#         496
  C:1BD1H         LINE#         497
  C:1BF7H         LINE#         498
  C:1C1DH         LINE#         499
  C:1C43H         LINE#         501
  C:1C45H         LINE#         502
  -------         ENDPROC       _LIGHT_BEAM_ON_CMD
  -------         PROC          _LIGHT_BEAM_OFF_CMD
  X:0000H         SYMBOL        cmd_packet
  C:55E9H         LINE#         504
  C:55F4H         LINE#         505
  C:55F4H         LINE#         507
  C:560CH         LINE#         508
  C:560CH         LINE#         509
  C:560FH         LINE#         510
  C:560FH         LINE#         512
  C:562EH         LINE#         514
  C:5630H         LINE#         515
  -------         ENDPROC       _LIGHT_BEAM_OFF_CMD
  -------         PROC          _GENERATE_SOUND_CMD
  X:0000H         SYMBOL        cmd_packet
  -------         DO            
  X:0003H         SYMBOL        i
  X:0004H         SYMBOL        j
  X:0005H         SYMBOL        params
  X:0019H         SYMBOL        frequency_code
  X:001BH         SYMBOL        delay_son
  X:001DH         SYMBOL        delay_silence
  X:001FH         SYMBOL        nbr_bip
  X:0021H         SYMBOL        param_find
BL51 BANKED LINKER/LOCATER V6.22                                                      04/23/2019  12:16:33  PAGE 20


  X:0022H         SYMBOL        str
  -------         ENDDO         
  C:12E8H         LINE#         517
  C:12F3H         LINE#         518
  C:12F3H         LINE#         519
  C:12FDH         LINE#         520
  C:1322H         LINE#         521
  C:1346H         LINE#         522
  C:134BH         LINE#         523
  C:135CH         LINE#         526
  C:1390H         LINE#         527
  C:1390H         LINE#         528
  C:1393H         LINE#         529
  C:1393H         LINE#         532
  C:13BEH         LINE#         533
  C:13BEH         LINE#         534
  C:13FAH         LINE#         537
  C:140DH         LINE#         538
  C:140DH         LINE#         539
  C:144BH         LINE#         540
  C:144BH         LINE#         541
  C:1464H         LINE#         542
  C:1464H         LINE#         543
  C:1464H         LINE#         544
  C:14CAH         LINE#         545
  C:14CAH         LINE#         546
  C:14CDH         LINE#         547
  C:14CDH         LINE#         549
  C:14CDH         LINE#         551
  C:14F6H         LINE#         552
  C:14F6H         LINE#         553
  C:14F9H         LINE#         554
  C:14F9H         LINE#         555
  C:14F9H         LINE#         556
  C:14F9H         LINE#         558
  C:14F9H         LINE#         559
  C:155FH         LINE#         560
  C:155FH         LINE#         561
  C:1562H         LINE#         562
  C:1562H         LINE#         564
  C:1562H         LINE#         566
  C:158BH         LINE#         567
  C:158BH         LINE#         568
  C:158EH         LINE#         569
  C:158EH         LINE#         570
  C:158EH         LINE#         571
  C:158EH         LINE#         573
  C:158EH         LINE#         574
  C:15F4H         LINE#         575
  C:15F4H         LINE#         576
  C:15F7H         LINE#         577
  C:15F7H         LINE#         579
  C:15F7H         LINE#         581
  C:1620H         LINE#         582
  C:1620H         LINE#         583
  C:1623H         LINE#         584
  C:1623H         LINE#         585
BL51 BANKED LINKER/LOCATER V6.22                                                      04/23/2019  12:16:33  PAGE 21


  C:1623H         LINE#         586
  C:1623H         LINE#         588
  C:1623H         LINE#         589
  C:1689H         LINE#         590
  C:1689H         LINE#         591
  C:168CH         LINE#         592
  C:168CH         LINE#         594
  C:168CH         LINE#         596
  C:16B2H         LINE#         597
  C:16B2H         LINE#         598
  C:16B5H         LINE#         599
  C:16B5H         LINE#         600
  C:16B5H         LINE#         601
  C:16B5H         LINE#         602
  C:16B5H         LINE#         603
  C:16BBH         LINE#         604
  C:16BDH         LINE#         605
  C:16BDH         LINE#         606
  C:16C6H         LINE#         608
  C:16CEH         LINE#         609
  C:16CEH         LINE#         610
  C:16D1H         LINE#         611
  C:16D1H         LINE#         612
  C:16D6H         LINE#         613
  C:16D6H         LINE#         615
  C:16DFH         LINE#         617
  C:16FEH         LINE#         618
  C:1724H         LINE#         619
  C:174AH         LINE#         620
  C:1770H         LINE#         621
  C:1796H         LINE#         623
  C:1798H         LINE#         625
  -------         ENDPROC       _GENERATE_SOUND_CMD
  -------         ENDMOD        COMMANDS

  -------         MODULE        COMMANDS_PARSER
  C:0000H         SYMBOL        _ICE_DUMMY_
  B:0098H.7       PUBLIC        SM00
  D:0090H         PUBLIC        P1
  B:0098H.6       PUBLIC        SM10
  C:5702H         PUBLIC        _get_command
  C:53D4H         PUBLIC        _Init_parser
  D:00E8H         PUBLIC        ADC0CN
  C:5270H         PUBLIC        _cmd_parser_process
  D:00A4H         PUBLIC        P0MDOUT
  X:0146H         PUBLIC        current_state
  D:00A8H         PUBLIC        IE
  B:0098H.4       PUBLIC        REN0
  D:00D8H         PUBLIC        PCA0CN
  D:00B8H         PUBLIC        IP
  D:00E1H         PUBLIC        XBR0
  C:2D1CH         PUBLIC        _parse
  C:59F2H         PUBLIC        _USART_send
  C:537EH         PUBLIC        _USART_print
  D:00CBH         PUBLIC        RCAP2H
  D:00C0H         PUBLIC        SMB0CN
  C:5A28H         PUBLIC        valid_cmd_flag
BL51 BANKED LINKER/LOCATER V6.22                                                      04/23/2019  12:16:33  PAGE 22


  D:00CAH         PUBLIC        RCAP2L
  C:31A2H         PUBLIC        _send_informations
  D:00F8H         PUBLIC        SPI0CN
  D:0088H         PUBLIC        TCON
  C:4C6DH         PUBLIC        _wait
  C:47BDH         PUBLIC        _send_KOB_MOU
  C:5A38H         PUBLIC        error_cmd_flag
  X:0147H         PUBLIC        dispatch_table
  X:01E9H         PUBLIC        MSG_buffer
  X:0209H         PUBLIC        raw_data
  B:0098H.0       PUBLIC        RI0
  B:0098H.1       PUBLIC        TI0
  B:00C8H.2       PUBLIC        TR2
  C:57EDH         PUBLIC        _USART_receive
  B:00C8H.5       PUBLIC        RCLK0
  B:00C8H.4       PUBLIC        TCLK0
  D:0099H         PUBLIC        SBUF0
  D:0098H         PUBLIC        SCON0
  D:00C8H         PUBLIC        T2CON
  D:008EH         PUBLIC        CKCON
  X:0229H         PUBLIC        full_state_machine
  X:0231H         PUBLIC        buffer_index
  D:00D0H         PUBLIC        PSW
  -------         PROC          _INIT_PARSER
  X:0012H         SYMBOL        parser_result
  C:53D4H         LINE#         86
  C:53DFH         LINE#         87
  C:53DFH         LINE#         90
  C:53E1H         LINE#         91
  C:53E3H         LINE#         92
  C:53E5H         LINE#         95
  C:53E8H         LINE#         98
  C:53EBH         LINE#         102
  C:53EEH         LINE#         106
  C:53F1H         LINE#         107
  C:53F3H         LINE#         108
  C:53F5H         LINE#         109
  C:53F8H         LINE#         110
  C:53FBH         LINE#         111
  C:53FDH         LINE#         114
  C:5426H         LINE#         116
  C:5428H         LINE#         117
  -------         ENDPROC       _INIT_PARSER
  -------         PROC          _USART_RECEIVE
  X:0019H         SYMBOL        read_byte
  C:57EDH         LINE#         119
  C:57F8H         LINE#         120
  C:57F8H         LINE#         121
  C:57FBH         LINE#         122
  C:57FBH         LINE#         123
  C:580BH         LINE#         124
  C:580DH         LINE#         125
  C:580EH         LINE#         126
  C:581EH         LINE#         127
  C:581EH         LINE#         128
  -------         ENDPROC       _USART_RECEIVE
  -------         PROC          _USART_SEND
BL51 BANKED LINKER/LOCATER V6.22                                                      04/23/2019  12:16:33  PAGE 23


  X:00F5H         SYMBOL        ch
  C:59F2H         LINE#         130
  C:59F7H         LINE#         131
  C:59F7H         LINE#         132
  C:59FEH         LINE#         133
  C:5A01H         LINE#         134
  C:5A03H         LINE#         135
  -------         ENDPROC       _USART_SEND
  -------         PROC          _USART_PRINT
  X:00F1H         SYMBOL        str
  -------         DO            
  X:00F4H         SYMBOL        i
  -------         ENDDO         
  C:537EH         LINE#         145
  C:5389H         LINE#         146
  C:5389H         LINE#         147
  C:538EH         LINE#         148
  C:53AFH         LINE#         149
  C:53AFH         LINE#         150
  C:53CBH         LINE#         151
  C:53D3H         LINE#         152
  -------         ENDPROC       _USART_PRINT
  -------         PROC          _CMD_PARSER_PROCESS
  X:0012H         SYMBOL        result
  C:5270H         LINE#         156
  C:527BH         LINE#         157
  C:527BH         LINE#         171
  C:528EH         LINE#         172
  C:528EH         LINE#         173
  C:528EH         LINE#         174
  C:529CH         LINE#         175
  C:529EH         LINE#         176
  C:529EH         LINE#         177
  C:52ACH         LINE#         178
  C:52AEH         LINE#         179
  C:52AEH         LINE#         180
  C:52BCH         LINE#         181
  C:52BCH         LINE#         183
  C:52BCH         LINE#         185
  C:52CAH         LINE#         186
  -------         ENDPROC       _CMD_PARSER_PROCESS
  -------         PROC          _WAIT
  X:0015H         SYMBOL        parser_result
  -------         DO            
  X:0018H         SYMBOL        read_byte
  -------         ENDDO         
  C:4C6DH         LINE#         188
  C:4C78H         LINE#         189
  C:4C78H         LINE#         190
  C:4C7EH         LINE#         193
  C:4C87H         LINE#         196
  C:4C9DH         LINE#         199
  C:4CA7H         LINE#         200
  C:4CB0H         LINE#         201
  C:4CB0H         LINE#         204
  C:4CC6H         LINE#         205
  C:4CCCH         LINE#         207
BL51 BANKED LINKER/LOCATER V6.22                                                      04/23/2019  12:16:33  PAGE 24


  C:4CDDH         LINE#         208
  C:4CE3H         LINE#         209
  C:4CE4H         LINE#         210
  C:4CECH         LINE#         211
  C:4D02H         LINE#         212
  C:4D08H         LINE#         213
  C:4D08H         LINE#         214
  C:4D08H         LINE#         215
  -------         ENDPROC       _WAIT
  -------         PROC          _GET_COMMAND
  X:0015H         SYMBOL        parser_result
  C:5702H         LINE#         218
  C:570DH         LINE#         219
  C:570DH         LINE#         221
  C:571EH         LINE#         222
  C:571EH         LINE#         224
  C:5721H         LINE#         225
  C:5723H         LINE#         226
  C:5726H         LINE#         227
  C:5726H         LINE#         230
  C:573AH         LINE#         231
  C:573FH         LINE#         233
  C:5744H         LINE#         234
  -------         ENDPROC       _GET_COMMAND
  -------         PROC          _PARSE
  X:0018H         SYMBOL        parser_result
  -------         DO            
  X:001BH         SYMBOL        commands_data
  X:00E3H         SYMBOL        data_index
  X:00E4H         SYMBOL        ptr
  X:00E5H         SYMBOL        reading_ptr
  X:00E6H         SYMBOL        ret
  X:00E7H         SYMBOL        c
  X:00E8H         SYMBOL        i
  X:00E9H         SYMBOL        run
  X:00EAH         SYMBOL        cmd_packet
  -------         ENDDO         
  C:2D1CH         LINE#         237
  C:2D27H         LINE#         238
  C:2D27H         LINE#         242
  C:2D36H         LINE#         243
  C:2D3BH         LINE#         244
  C:2D45H         LINE#         245
  C:2D4BH         LINE#         254
  C:2D56H         LINE#         255
  C:2D56H         LINE#         256
  C:2D6CH         LINE#         259
  C:2D82H         LINE#         260
  C:2D82H         LINE#         261
  C:2D82H         LINE#         262
  C:2DA6H         LINE#         264
  C:2DACH         LINE#         265
  C:2DB1H         LINE#         266
  C:2DB4H         LINE#         268
  C:2DB4H         LINE#         269
  C:2DD8H         LINE#         271
  C:2DDEH         LINE#         272
BL51 BANKED LINKER/LOCATER V6.22                                                      04/23/2019  12:16:33  PAGE 25


  C:2DE3H         LINE#         273
  C:2DE5H         LINE#         276
  C:2DE5H         LINE#         277
  C:2E09H         LINE#         279
  C:2E0EH         LINE#         280
  C:2E10H         LINE#         282
  C:2E10H         LINE#         283
  C:2E39H         LINE#         284
  C:2E3FH         LINE#         285
  C:2E3FH         LINE#         287
  C:2E45H         LINE#         288
  C:2E48H         LINE#         292
  C:2E59H         LINE#         293
  C:2E63H         LINE#         294
  C:2E82H         LINE#         298
  C:2E97H         LINE#         299
  C:2E97H         LINE#         300
  C:2EDAH         LINE#         301
  C:2EDAH         LINE#         303
  C:2F1BH         LINE#         304
  C:2F1BH         LINE#         305
  C:2F21H         LINE#         306
  C:2F23H         LINE#         307
  C:2F2CH         LINE#         308
  C:2F31H         LINE#         309
  C:2F31H         LINE#         316
  C:2F31H         LINE#         317
  C:2F3AH         LINE#         320
  C:2F49H         LINE#         321
  C:2F5DH         LINE#         324
  C:2F62H         LINE#         325
  -------         ENDPROC       _PARSE
  -------         PROC          VALID_CMD_FLAG
  C:5A28H         LINE#         327
  C:5A28H         LINE#         328
  C:5A28H         LINE#         329
  C:5A2DH         LINE#         330
  C:5A32H         LINE#         331
  C:5A37H         LINE#         332
  -------         ENDPROC       VALID_CMD_FLAG
  -------         PROC          ERROR_CMD_FLAG
  C:5A38H         LINE#         334
  C:5A38H         LINE#         335
  C:5A38H         LINE#         336
  C:5A3DH         LINE#         337
  C:5A42H         LINE#         338
  C:5A47H         LINE#         339
  -------         ENDPROC       ERROR_CMD_FLAG
  -------         PROC          _SEND_INFORMATIONS
  X:0015H         SYMBOL        parser_result
  C:31A2H         LINE#         342
  C:31ADH         LINE#         343
  C:31ADH         LINE#         345
  C:31CDH         LINE#         346
  C:31CDH         LINE#         348
  C:31EFH         LINE#         349
  C:31EFH         LINE#         350
BL51 BANKED LINKER/LOCATER V6.22                                                      04/23/2019  12:16:33  PAGE 26


  C:3218H         LINE#         351
  C:3236H         LINE#         352
  C:3239H         LINE#         354
  C:325BH         LINE#         355
  C:325BH         LINE#         356
  C:3284H         LINE#         357
  C:32A2H         LINE#         358
  C:32A5H         LINE#         360
  C:32C7H         LINE#         361
  C:32C7H         LINE#         362
  C:32F0H         LINE#         363
  C:330EH         LINE#         364
  C:3310H         LINE#         367
  C:3332H         LINE#         368
  C:3332H         LINE#         369
  C:3340H         LINE#         370
  C:335EH         LINE#         371
  C:3360H         LINE#         374
  C:3360H         LINE#         375
  C:3389H         LINE#         376
  C:3389H         LINE#         378
  C:33A1H         LINE#         379
  C:33C1H         LINE#         381
  C:33C1H         LINE#         384
  -------         ENDPROC       _SEND_INFORMATIONS
  -------         PROC          _SEND_KOB_MOU
  X:0018H         SYMBOL        parser_result
  -------         DO            
  X:001BH         SYMBOL        msg
  -------         ENDDO         
  C:47BDH         LINE#         386
  C:47C8H         LINE#         387
  C:47C8H         LINE#         390
  C:4846H         LINE#         392
  C:487EH         LINE#         393
  -------         ENDPROC       _SEND_KOB_MOU
  -------         ENDMOD        COMMANDS_PARSER

  -------         MODULE        MAIN
  C:0000H         SYMBOL        _ICE_DUMMY_
  D:0090H         PUBLIC        P1
  B:00A8H.7       PUBLIC        EA
  D:00E8H         PUBLIC        ADC0CN
  D:00A8H         PUBLIC        IE
  X:0232H         PUBLIC        epreuve_start
  X:0233H         PUBLIC        parser_result
  D:00D8H         PUBLIC        PCA0CN
  D:00B8H         PUBLIC        IP
  D:00FFH         PUBLIC        Reg
  D:00E3H         PUBLIC        XBR2
  X:023AH         PUBLIC        informations
  X:0254H         PUBLIC        dd_packet
  D:00C0H         PUBLIC        SMB0CN
  C:4288H         PUBLIC        main
  X:0261H         PUBLIC        spi_packet
  D:00F8H         PUBLIC        SPI0CN
  D:0088H         PUBLIC        TCON
BL51 BANKED LINKER/LOCATER V6.22                                                      04/23/2019  12:16:33  PAGE 27


  C:0030H         PUBLIC        enable_general_Int
  D:00B2H         PUBLIC        OSCICN
  D:00B1H         PUBLIC        OSCXCN
  X:026AH         PUBLIC        commands
  C:5A48H         PUBLIC        Init_External_clk
  D:0098H         PUBLIC        SCON0
  D:00C8H         PUBLIC        T2CON
  C:5A7EH         PUBLIC        Enable_Crossbar
  D:008EH         PUBLIC        CKCON
  D:00D0H         PUBLIC        PSW
  -------         PROC          INIT_EXTERNAL_CLK
  C:5A48H         LINE#         101
  C:5A48H         LINE#         102
  C:5A48H         LINE#         104
  C:5A4BH         LINE#         105
  C:5A50H         LINE#         108
  C:5A53H         LINE#         110
  C:5A56H         LINE#         111
  -------         ENDPROC       INIT_EXTERNAL_CLK
  -------         PROC          ENABLE_CROSSBAR
  C:5A7EH         LINE#         113
  C:5A7EH         LINE#         114
  C:5A7EH         LINE#         116
  C:5A81H         LINE#         117
  -------         ENDPROC       ENABLE_CROSSBAR
  -------         PROC          ENABLE_GENERAL_INT
  C:0030H         LINE#         119
  C:0030H         LINE#         120
  C:0030H         LINE#         121
  C:0032H         LINE#         122
  -------         ENDPROC       ENABLE_GENERAL_INT
  -------         PROC          MAIN
  -------         DO            
  X:0000H         SYMBOL        mes
  X:000AH         SYMBOL        f
  X:000EH         SYMBOL        angle
  X:0010H         SYMBOL        ij
  -------         ENDDO         
  C:4288H         LINE#         125
  C:4288H         LINE#         126
  C:4288H         LINE#         128
  C:4292H         LINE#         129
  C:429BH         LINE#         130
  C:42A3H         LINE#         133
  C:42A6H         LINE#         134
  C:42A9H         LINE#         137
  C:42ACH         LINE#         140
  C:42B5H         LINE#         144
  C:42B8H         LINE#         146
  C:42BBH         LINE#         148
  C:42BEH         LINE#         150
  C:42C1H         LINE#         152
  C:42C4H         LINE#         154
  C:42CDH         LINE#         155
  C:42D6H         LINE#         159
  C:42D9H         LINE#         161
  C:42E2H         LINE#         165
BL51 BANKED LINKER/LOCATER V6.22                                                      04/23/2019  12:16:33  PAGE 28


  C:42E2H         LINE#         166
  C:42E2H         LINE#         168
  C:42EBH         LINE#         170
  C:42FEH         LINE#         171
  C:42FEH         LINE#         172
  C:4307H         LINE#         173
  C:4309H         LINE#         174
  C:4309H         LINE#         176
  C:431CH         LINE#         177
  C:431CH         LINE#         179
  C:4324H         LINE#         180
  C:4324H         LINE#         181
  C:4334H         LINE#         182
  C:433AH         LINE#         183
  C:433AH         LINE#         186
  C:4343H         LINE#         189
  C:434CH         LINE#         192
  C:4372H         LINE#         204
  C:4372H         LINE#         206
  C:4375H         LINE#         208
  C:437EH         LINE#         210
  -------         ENDPROC       MAIN
  -------         ENDMOD        MAIN

  -------         MODULE        SERIALIZER
  C:0000H         SYMBOL        _ICE_DUMMY_
  X:02C3H         PUBLIC        serializer_state_machine
  D:0090H         PUBLIC        P1
  X:02DBH         PUBLIC        is_processing
  X:02DCH         PUBLIC        robot_position
  C:57B8H         PUBLIC        _serializer_receive
  D:00E8H         PUBLIC        ADC0CN
  D:00A8H         PUBLIC        IE
  C:595EH         PUBLIC        serializer_clear_serial
  C:51A1H         PUBLIC        _rotate
  D:00D8H         PUBLIC        PCA0CN
  D:00B8H         PUBLIC        IP
  D:00E3H         PUBLIC        XBR2
  C:000EH         PUBLIC        _idle
  C:4B2BH         PUBLIC        _moveAngle
  D:00E5H         PUBLIC        RCAP4H
  D:00C0H         PUBLIC        SMB0CN
  C:2A75H         PUBLIC        _serializer_process
  C:5A04H         PUBLIC        init_serializer_UART1
  D:00E4H         PUBLIC        RCAP4L
  D:00F8H         PUBLIC        SPI0CN
  D:0088H         PUBLIC        TCON
  X:02E1H         PUBLIC        pids_timer
  C:5946H         PUBLIC        serializer_init_serial
  C:487FH         PUBLIC        is_PID_processing
  C:546FH         SYMBOL        _?ix1000
  C:5474H         SYMBOL        _?ix1001
  X:02E3H         PUBLIC        serializer_state
  C:275CH         PUBLIC        _idle_next_state
  C:5851H         PUBLIC        _stop
  C:5A16H         PUBLIC        _UART_send
  B:0098H.1       PUBLIC        TI0
BL51 BANKED LINKER/LOCATER V6.22                                                      04/23/2019  12:16:33  PAGE 29


  C:598CH         PUBLIC        _serializer_send
  C:52CBH         PUBLIC        _serializer_print
  C:38CAH         PUBLIC        _navigate
  C:4A85H         PUBLIC        _translate
  C:520DH         PUBLIC        _setMotors
  D:0099H         PUBLIC        SBUF0
  D:00F2H         PUBLIC        SBUF1
  D:0098H         PUBLIC        SCON0
  D:00F1H         PUBLIC        SCON1
  D:00C8H         PUBLIC        T2CON
  D:00C9H         PUBLIC        T4CON
  X:02E4H         PUBLIC        is_navigating
  D:00D0H         PUBLIC        PSW
  C:418AH         PUBLIC        _moveTo
  -------         PROC          INIT_SERIALIZER_UART1
  C:5A04H         LINE#         37
  C:5A04H         LINE#         38
  C:5A04H         LINE#         41
  C:5A07H         LINE#         45
  C:5A0AH         LINE#         48
  C:5A0DH         LINE#         50
  C:5A10H         LINE#         51
  C:5A13H         LINE#         53
  C:5A15H         LINE#         54
  -------         ENDPROC       INIT_SERIALIZER_UART1
  -------         PROC          _SERIALIZER_RECEIVE
  X:004DH         SYMBOL        read_byte
  C:57B8H         LINE#         56
  C:57C3H         LINE#         57
  C:57C3H         LINE#         58
  C:57C8H         LINE#         59
  C:57C8H         LINE#         60
  C:57D8H         LINE#         61
  C:57DBH         LINE#         62
  C:57DCH         LINE#         63
  C:57ECH         LINE#         64
  C:57ECH         LINE#         65
  -------         ENDPROC       _SERIALIZER_RECEIVE
  -------         PROC          _SERIALIZER_SEND
  X:0051H         SYMBOL        ch
  C:598CH         LINE#         67
  C:5991H         LINE#         68
  C:5991H         LINE#         69
  C:5998H         LINE#         70
  C:599DH         LINE#         71
  C:59A0H         LINE#         72
  -------         ENDPROC       _SERIALIZER_SEND
  -------         PROC          _UART_SEND
  X:004DH         SYMBOL        ch
  C:5A16H         LINE#         74
  C:5A1BH         LINE#         75
  C:5A1BH         LINE#         76
  C:5A22H         LINE#         77
  C:5A25H         LINE#         78
  C:5A27H         LINE#         79
  -------         ENDPROC       _UART_SEND
  -------         PROC          _SERIALIZER_PRINT
BL51 BANKED LINKER/LOCATER V6.22                                                      04/23/2019  12:16:33  PAGE 30


  X:004DH         SYMBOL        str
  -------         DO            
  X:0050H         SYMBOL        i
  -------         ENDDO         
  C:52CBH         LINE#         81
  C:52D6H         LINE#         82
  C:52D6H         LINE#         83
  C:52DBH         LINE#         84
  C:52FCH         LINE#         85
  C:52FCH         LINE#         87
  C:5318H         LINE#         88
  C:5320H         LINE#         90
  C:5325H         LINE#         92
  -------         ENDPROC       _SERIALIZER_PRINT
  -------         PROC          SERIALIZER_INIT_SERIAL
  -------         DO            
  X:0012H         SYMBOL        c
  -------         ENDDO         
  C:5946H         LINE#         94
  C:5946H         LINE#         95
  C:5946H         LINE#         96
  C:594BH         LINE#         98
  C:594BH         LINE#         99
  C:5954H         LINE#         101
  C:595DH         LINE#         103
  -------         ENDPROC       SERIALIZER_INIT_SERIAL
  -------         PROC          SERIALIZER_CLEAR_SERIAL
  -------         DO            
  X:003AH         SYMBOL        c
  -------         ENDDO         
  C:595EH         LINE#         105
  C:595EH         LINE#         106
  C:595EH         LINE#         107
  C:5963H         LINE#         110
  C:5963H         LINE#         111
  C:596CH         LINE#         113
  C:5975H         LINE#         115
  -------         ENDPROC       SERIALIZER_CLEAR_SERIAL
  -------         PROC          _SERIALIZER_PROCESS
  X:0012H         SYMBOL        parser
  -------         DO            
  X:0015H         SYMBOL        pts
  -------         ENDDO         
  C:2A75H         LINE#         124
  C:2A80H         LINE#         125
  C:2A80H         LINE#         126
  C:2AA5H         LINE#         129
  C:2AC7H         LINE#         130
  C:2AC7H         LINE#         131
  C:2ACDH         LINE#         132
  C:2AD2H         LINE#         133
  C:2AF0H         LINE#         134
  C:2AF3H         LINE#         135
  C:2B17H         LINE#         136
  C:2B17H         LINE#         138
  C:2B36H         LINE#         139
  C:2B36H         LINE#         140
BL51 BANKED LINKER/LOCATER V6.22                                                      04/23/2019  12:16:33  PAGE 31


  C:2B36H         LINE#         141
  C:2B6AH         LINE#         142
  C:2B6DH         LINE#         144
  C:2B6DH         LINE#         145
  C:2B76H         LINE#         146
  C:2B76H         LINE#         147
  C:2B7CH         LINE#         148
  C:2B7FH         LINE#         150
  C:2B7FH         LINE#         151
  C:2B85H         LINE#         152
  C:2B85H         LINE#         153
  C:2B88H         LINE#         155
  C:2B88H         LINE#         157
  C:2B91H         LINE#         158
  C:2B91H         LINE#         159
  C:2B97H         LINE#         160
  C:2B9AH         LINE#         162
  C:2B9AH         LINE#         163
  C:2BA0H         LINE#         164
  C:2BA0H         LINE#         165
  C:2BA3H         LINE#         167
  C:2BA3H         LINE#         168
  C:2BACH         LINE#         169
  C:2BACH         LINE#         170
  C:2BB2H         LINE#         171
  C:2BB5H         LINE#         173
  C:2BB5H         LINE#         174
  C:2BD4H         LINE#         175
  C:2BF2H         LINE#         176
  C:2C1AH         LINE#         177
  C:2C3DH         LINE#         178
  C:2C60H         LINE#         179
  C:2C83H         LINE#         180
  C:2C88H         LINE#         181
  C:2C88H         LINE#         182
  C:2C8AH         LINE#         184
  C:2C8AH         LINE#         185
  C:2C93H         LINE#         186
  C:2C93H         LINE#         187
  C:2C99H         LINE#         188
  C:2C9BH         LINE#         190
  C:2C9BH         LINE#         191
  C:2CA1H         LINE#         192
  C:2CA1H         LINE#         193
  C:2CA3H         LINE#         195
  C:2CA3H         LINE#         196
  C:2CABH         LINE#         197
  C:2CABH         LINE#         198
  C:2CB0H         LINE#         199
  C:2CCEH         LINE#         200
  C:2CD0H         LINE#         201
  C:2CD0H         LINE#         202
  C:2CD6H         LINE#         203
  C:2CD6H         LINE#         204
  C:2CD8H         LINE#         206
  C:2CD8H         LINE#         207
  C:2CDEH         LINE#         208
BL51 BANKED LINKER/LOCATER V6.22                                                      04/23/2019  12:16:33  PAGE 32


  C:2CE0H         LINE#         210
  C:2CE0H         LINE#         212
  C:2CE2H         LINE#         213
  C:2CE7H         LINE#         214
  C:2CE7H         LINE#         216
  C:2D1BH         LINE#         217
  -------         ENDPROC       _SERIALIZER_PROCESS
  -------         PROC          _IDLE_NEXT_STATE
  X:001AH         SYMBOL        cmd
  X:001DH         SYMBOL        pts
  C:275CH         LINE#         219
  C:2767H         LINE#         220
  C:2767H         LINE#         221
  C:27A2H         LINE#         222
  C:27A2H         LINE#         223
  C:27A2H         LINE#         224
  C:27A8H         LINE#         225
  C:27B8H         LINE#         226
  C:27E2H         LINE#         227
  C:27E3H         LINE#         229
  C:27E3H         LINE#         230
  C:27E9H         LINE#         231
  C:27F9H         LINE#         232
  C:2823H         LINE#         233
  C:2824H         LINE#         235
  C:2824H         LINE#         236
  C:282AH         LINE#         237
  C:2839H         LINE#         238
  C:284EH         LINE#         240
  C:284FH         LINE#         242
  C:284FH         LINE#         243
  C:2855H         LINE#         244
  C:286EH         LINE#         245
  C:2884H         LINE#         246
  C:2885H         LINE#         248
  C:2885H         LINE#         249
  C:288BH         LINE#         250
  C:28A3H         LINE#         251
  C:28B9H         LINE#         252
  C:28BAH         LINE#         254
  C:28BAH         LINE#         255
  C:28C0H         LINE#         256
  C:28D9H         LINE#         257
  C:28EFH         LINE#         258
  C:28F0H         LINE#         260
  C:28F0H         LINE#         261
  C:28F6H         LINE#         262
  C:290EH         LINE#         263
  C:2924H         LINE#         264
  C:2925H         LINE#         266
  C:2925H         LINE#         267
  C:292BH         LINE#         268
  C:2960H         LINE#         269
  C:2976H         LINE#         270
  C:2977H         LINE#         272
  C:2977H         LINE#         273
  C:297DH         LINE#         274
BL51 BANKED LINKER/LOCATER V6.22                                                      04/23/2019  12:16:33  PAGE 33


  C:29ABH         LINE#         275
  C:29C1H         LINE#         276
  C:29C2H         LINE#         278
  C:29C2H         LINE#         279
  C:29C8H         LINE#         280
  C:29F6H         LINE#         281
  C:2A1AH         LINE#         282
  C:2A44H         LINE#         283
  C:2A6EH         LINE#         284
  C:2A6FH         LINE#         286
  C:2A6FH         LINE#         287
  C:2A74H         LINE#         288
  C:2A74H         LINE#         289
  C:2A74H         LINE#         291
  -------         ENDPROC       _IDLE_NEXT_STATE
  -------         PROC          _IDLE
  X:0000H         SYMBOL        pts
  C:000EH         LINE#         293
  C:0019H         LINE#         294
  C:0019H         LINE#         296
  C:002FH         LINE#         299
  -------         ENDPROC       _IDLE
  -------         PROC          _TRANSLATE
[...]
  X:0009H         SYMBOL        d
  X:000DH         SYMBOL        V_mes
  -------         ENDDO         
  C:5326H         LINE#         285
  C:5326H         LINE#         291
  C:5329H         LINE#         292
  C:532CH         LINE#         294
  C:5345H         LINE#         297
  C:536FH         LINE#         299
  C:537DH         LINE#         301
  -------         ENDPROC       DD_MESURE
  -------         PROC          DD_START_CONVERSION
  -------         DO            
  X:0003H         SYMBOL        conv
  X:0007H         SYMBOL        j
  -------         ENDDO         
  C:5479H         LINE#         304
  C:5479H         LINE#         307
  C:547BH         LINE#         308
  C:547DH         LINE#         309
  C:5480H         LINE#         310
  C:5482H         LINE#         312
  C:54ABH         LINE#         314
  C:54ADH         LINE#         315
  C:54AFH         LINE#         316
  C:54B8H         LINE#         317
  C:54BAH         LINE#         319
  C:54C8H         LINE#         320
  -------         ENDPROC       DD_START_CONVERSION
  -------         ENDMOD        DISTANCE_DETECTOR

  -------         MODULE        SPI_MASTER
  C:0000H         SYMBOL        _ICE_DUMMY_
  D:009DH         PUBLIC        SPI0CKR
  D:0090H         PUBLIC        P1
  X:02E5H         PUBLIC        spi_data_in
  X:02EAH         PUBLIC        spi_data_out
  D:00E6H         PUBLIC        EIE1
  D:00E8H         PUBLIC        ADC0CN
  D:00A4H         PUBLIC        P0MDOUT
  D:00A5H         PUBLIC        P1MDOUT
  D:00A8H         PUBLIC        IE
  D:00D8H         PUBLIC        PCA0CN
  D:00B8H         PUBLIC        IP
  C:5041H         PUBLIC        _spi_cmd_light_OFF
BL51 BANKED LINKER/LOCATER V6.22                                                      04/23/2019  12:16:33  PAGE 43


  B:00F8H.3       PUBLIC        TXBSY
  D:00E1H         PUBLIC        XBR0
  C:46F3H         PUBLIC        _spi_cmd_generate_sound
  D:00C0H         PUBLIC        SMB0CN
  C:4623H         PUBLIC        _spi_transmit
  D:00F8H         PUBLIC        SPI0CN
  C:2F63H         PUBLIC        _spi_process
  B:00F8H.7       PUBLIC        SPIF
  D:0088H         PUBLIC        TCON
  X:02EFH         PUBLIC        spi_data_in_ptr
  C:58F3H         PUBLIC        spi_error
  C:59B6H         PUBLIC        _spi_send_char
  C:4FC7H         PUBLIC        _spi_cmd_light_ON
  C:5912H         PUBLIC        Init_SPI
  D:0098H         PUBLIC        SCON0
  B:0090H.0       PUBLIC        slave_selector
  D:00C8H         PUBLIC        T2CON
  D:009AH         PUBLIC        SPI0CFG
  C:49DCH         PUBLIC        _spi_cmd_servo
  D:009BH         PUBLIC        SPI0DAT
  C:581FH         PUBLIC        spi_int
  D:00D0H         PUBLIC        PSW
  C:512CH         PUBLIC        spi_validate
  -------         PROC          SPI_INT
  C:581FH         LINE#         30
  C:582CH         LINE#         33
  C:582EH         LINE#         36
  C:5840H         LINE#         38
  C:5846H         LINE#         40
  -------         ENDPROC       SPI_INT
  -------         PROC          INIT_SPI
  C:5912H         LINE#         48
  C:5912H         LINE#         49
  C:5912H         LINE#         55
  C:5915H         LINE#         59
  C:5918H         LINE#         60
  C:591BH         LINE#         61
  C:591EH         LINE#         63
  C:5921H         LINE#         64
  C:5924H         LINE#         65
  C:5927H         LINE#         67
  C:5929H         LINE#         69
  C:592CH         LINE#         70
  -------         ENDPROC       INIT_SPI
  -------         PROC          _SPI_SEND_CHAR
  X:001DH         SYMBOL        a
  C:59B6H         LINE#         78
  C:59BBH         LINE#         79
  C:59BDH         LINE#         81
  C:59C4H         LINE#         83
  C:59C7H         LINE#         85
  C:59C9H         LINE#         86
  -------         ENDPROC       _SPI_SEND_CHAR
  -------         PROC          _SPI_TRANSMIT
  X:0018H         SYMBOL        spi_packet
  -------         DO            
  X:001BH         SYMBOL        ptr
BL51 BANKED LINKER/LOCATER V6.22                                                      04/23/2019  12:16:33  PAGE 44


  X:001CH         SYMBOL        _delay
  -------         ENDDO         
  C:4623H         LINE#         88
  C:462EH         LINE#         89
  C:462EH         LINE#         90
  C:4633H         LINE#         91
  C:4638H         LINE#         94
  C:464AH         LINE#         95
  C:464FH         LINE#         98
  C:4652H         LINE#         100
  C:465DH         LINE#         101
  C:465DH         LINE#         102
  C:4684H         LINE#         103
  C:468AH         LINE#         105
  C:46A2H         LINE#         106
  C:46A2H         LINE#         109
  C:46A5H         LINE#         112
  C:46ABH         LINE#         113
  C:46ABH         LINE#         114
  C:46AEH         LINE#         115
  C:46B0H         LINE#         116
  C:46B0H         LINE#         117
  C:46C6H         LINE#         118
  C:46C6H         LINE#         121
  C:46E0H         LINE#         123
  C:46F2H         LINE#         125
  -------         ENDPROC       _SPI_TRANSMIT
  -------         PROC          _SPI_PROCESS
  X:0012H         SYMBOL        cmd
  X:0015H         SYMBOL        spi_packet
  C:2F63H         LINE#         127
  C:2F6EH         LINE#         128
  C:2F6EH         LINE#         129
  C:2F8BH         LINE#         130
  C:2F8BH         LINE#         132
  C:2F8BH         LINE#         133
  C:2FA4H         LINE#         134
  C:2FA4H         LINE#         135
  C:2FD4H         LINE#         136
  C:2FE9H         LINE#         137
  C:2FFFH         LINE#         138
  C:3002H         LINE#         139
  C:301DH         LINE#         140
  C:301DH         LINE#         141
  C:3036H         LINE#         142
  C:3036H         LINE#         143
  C:3066H         LINE#         144
  C:307BH         LINE#         145
  C:3091H         LINE#         146
  C:3094H         LINE#         148
  C:3094H         LINE#         149
  C:30C4H         LINE#         150
  C:30D9H         LINE#         151
  C:30EFH         LINE#         152
  C:30EFH         LINE#         153
  C:30F1H         LINE#         154
  C:310AH         LINE#         155
BL51 BANKED LINKER/LOCATER V6.22                                                      04/23/2019  12:16:33  PAGE 45


  C:310AH         LINE#         156
  C:313AH         LINE#         157
  C:314FH         LINE#         158
  C:3165H         LINE#         159
  C:3165H         LINE#         160
  C:3165H         LINE#         161
  C:3165H         LINE#         163
  C:3165H         LINE#         165
  C:3165H         LINE#         167
  C:3165H         LINE#         169
  C:317EH         LINE#         170
  C:317EH         LINE#         171
  C:318CH         LINE#         172
  C:31A1H         LINE#         173
  C:31A1H         LINE#         175
  -------         ENDPROC       _SPI_PROCESS
  -------         PROC          _SPI_CMD_SERVO
  X:0018H         SYMBOL        cmd
  X:001BH         SYMBOL        spi_packet
  C:49DCH         LINE#         177
  C:49E7H         LINE#         178
  C:49E7H         LINE#         179
  C:49FDH         LINE#         180
  C:4A27H         LINE#         181
  C:4A5AH         LINE#         182
  C:4A6FH         LINE#         183
  C:4A84H         LINE#         184
  -------         ENDPROC       _SPI_CMD_SERVO
  -------         PROC          _SPI_CMD_LIGHT_ON
  X:0018H         SYMBOL        cmd
  X:001BH         SYMBOL        spi_packet
  C:4FC7H         LINE#         186
  C:4FD2H         LINE#         187
  C:4FD2H         LINE#         194
  C:4FE8H         LINE#         195
  C:4FFEH         LINE#         196
  C:5014H         LINE#         197
  C:502AH         LINE#         198
  C:5040H         LINE#         200
  -------         ENDPROC       _SPI_CMD_LIGHT_ON
  -------         PROC          _SPI_CMD_LIGHT_OFF
  X:0018H         SYMBOL        cmd
  X:001BH         SYMBOL        spi_packet
  C:5041H         LINE#         202
  C:504CH         LINE#         203
  C:504CH         LINE#         204
  C:5062H         LINE#         205
  C:5077H         LINE#         206
  C:508CH         LINE#         207
  C:50A1H         LINE#         208
  C:50B6H         LINE#         210
  -------         ENDPROC       _SPI_CMD_LIGHT_OFF
  -------         PROC          _SPI_CMD_GENERATE_SOUND
  X:0018H         SYMBOL        cmd
  X:001BH         SYMBOL        spi_packet
  C:46F3H         LINE#         212
  C:46FEH         LINE#         213
BL51 BANKED LINKER/LOCATER V6.22                                                      04/23/2019  12:16:33  PAGE 46


  C:46FEH         LINE#         214
  C:4714H         LINE#         215
  C:473EH         LINE#         216
  C:4768H         LINE#         217
  C:4792H         LINE#         218
  C:47BCH         LINE#         219
  -------         ENDPROC       _SPI_CMD_GENERATE_SOUND
  -------         PROC          SPI_VALIDATE
  -------         DO            
  X:001DH         SYMBOL        hash
  X:001FH         SYMBOL        i
  -------         ENDDO         
  C:512CH         LINE#         221
  C:512CH         LINE#         222
  C:512CH         LINE#         223
  C:513CH         LINE#         225
  C:5157H         LINE#         226
  C:5157H         LINE#         227
  C:5179H         LINE#         228
  C:5189H         LINE#         230
  C:519BH         LINE#         231
  C:519BH         LINE#         232
  C:519EH         LINE#         233
  C:519EH         LINE#         235
  C:519EH         LINE#         236
  C:51A0H         LINE#         237
  C:51A0H         LINE#         238
  -------         ENDPROC       SPI_VALIDATE
  -------         PROC          SPI_ERROR
  C:58F3H         LINE#         240
  C:58F3H         LINE#         241
  C:58F3H         LINE#         242
  C:58F9H         LINE#         243
  C:58FFH         LINE#         244
  C:5905H         LINE#         245
  C:590BH         LINE#         246
  C:5911H         LINE#         247
  -------         ENDPROC       SPI_ERROR
  -------         ENDMOD        SPI_MASTER

  -------         MODULE        ?C?FPADD
  C:003DH         PUBLIC        ?C?FPADD
  C:0039H         PUBLIC        ?C?FPSUB
  -------         ENDMOD        ?C?FPADD

  -------         MODULE        ?C?FPMUL
  C:012EH         PUBLIC        ?C?FPMUL
  -------         ENDMOD        ?C?FPMUL

  -------         MODULE        ?C?FPDIV
  C:0237H         PUBLIC        ?C?FPDIV
  -------         ENDMOD        ?C?FPDIV

  -------         MODULE        ?C?FPCMP
  C:02D6H         PUBLIC        ?C?FPCMP
  C:02D4H         PUBLIC        ?C?FPCMP3
  -------         ENDMOD        ?C?FPCMP
BL51 BANKED LINKER/LOCATER V6.22                                                      04/23/2019  12:16:33  PAGE 47



  -------         MODULE        ?C?FCAST
  C:0357H         PUBLIC        ?C?FCASTC
  C:0352H         PUBLIC        ?C?FCASTI
  C:034DH         PUBLIC        ?C?FCASTL
  -------         ENDMOD        ?C?FCAST

  -------         MODULE        ?C?CASTF
  C:038BH         PUBLIC        ?C?CASTF
  -------         ENDMOD        ?C?CASTF

  -------         MODULE        PRINTF
  X:003BH         PUBLIC        ?_PRINTF?BYTE
  X:003BH         PUBLIC        ?_SPRINTF?BYTE
  C:1CB1H         PUBLIC        _PRINTF
  C:1CABH         PUBLIC        _SPRINTF
  -------         ENDMOD        PRINTF

  -------         MODULE        SCANF
  X:0114H         PUBLIC        ?_SCANF?BYTE
  X:0114H         PUBLIC        ?_SSCANF?BYTE
  C:2156H         PUBLIC        _SCANF
  C:2152H         PUBLIC        _SSCANF
  -------         ENDMOD        SCANF

  -------         MODULE        SQRT
  C:4934H         PUBLIC        _SQRT
  -------         ENDMOD        SQRT

  -------         MODULE        ATAN
  C:3F82H         PUBLIC        _ATAN
  -------         ENDMOD        ATAN

  -------         MODULE        ?C?FPROUND
  C:040CH         PUBLIC        ?C?FPROUND
  -------         ENDMOD        ?C?FPROUND

  -------         MODULE        ?C?FPCONVERT
  C:0449H         PUBLIC        ?C?FPCONVERT
  -------         ENDMOD        ?C?FPCONVERT

  -------         MODULE        ?C?FPNEG
  C:059BH         PUBLIC        ?C?FPNEG
  -------         ENDMOD        ?C?FPNEG

  -------         MODULE        ?C?FTNPWR
  C:05DCH         PUBLIC        ?C?FTNPWR
  -------         ENDMOD        ?C?FTNPWR

  -------         MODULE        ?C?COPY
  C:06ECH         PUBLIC        ?C?COPY
  -------         ENDMOD        ?C?COPY

  -------         MODULE        ?C?CLDPTR
  C:0712H         PUBLIC        ?C?CLDPTR
  -------         ENDMOD        ?C?CLDPTR

BL51 BANKED LINKER/LOCATER V6.22                                                      04/23/2019  12:16:33  PAGE 48


  -------         MODULE        ?C?CLDOPTR
  C:072BH         PUBLIC        ?C?CLDOPTR
  -------         ENDMOD        ?C?CLDOPTR

  -------         MODULE        ?C?CSTPTR
  C:0758H         PUBLIC        ?C?CSTPTR
  -------         ENDMOD        ?C?CSTPTR

  -------         MODULE        ?C?CSTOPTR
  C:076AH         PUBLIC        ?C?CSTOPTR
  -------         ENDMOD        ?C?CSTOPTR

  -------         MODULE        ?C?IMUL
  C:078CH         PUBLIC        ?C?IMUL
  -------         ENDMOD        ?C?IMUL

  -------         MODULE        ?C?ILDPTR
  C:079EH         PUBLIC        ?C?ILDPTR
  -------         ENDMOD        ?C?ILDPTR

  -------         MODULE        ?C?ILDOPTR
  C:07C9H         PUBLIC        ?C?ILDOPTR
  -------         ENDMOD        ?C?ILDOPTR

  -------         MODULE        ?C?ISTPTR
  C:0801H         PUBLIC        ?C?ISTPTR
  -------         ENDMOD        ?C?ISTPTR

  -------         MODULE        ?C?ISTOPTR
  C:0820H         PUBLIC        ?C?ISTOPTR
  -------         ENDMOD        ?C?ISTOPTR

  -------         MODULE        ?C?LNEG
  C:084DH         PUBLIC        ?C?LNEG
  -------         ENDMOD        ?C?LNEG

  -------         MODULE        ?C?LLDOPTR
  C:085BH         PUBLIC        ?C?LLDOPTR
  -------         ENDMOD        ?C?LLDOPTR

  -------         MODULE        ?C?LSTPTR
  C:088BH         PUBLIC        ?C?LSTPTR
  -------         ENDMOD        ?C?LSTPTR

  -------         MODULE        ?C?LSTOPTR
  C:08A5H         PUBLIC        ?C?LSTOPTR
  -------         ENDMOD        ?C?LSTOPTR

  -------         MODULE        ?C?LLDXDATA
  C:08C9H         PUBLIC        ?C?LLDXDATA
  -------         ENDMOD        ?C?LLDXDATA

  -------         MODULE        ?C?LLDCODE
  C:08D5H         PUBLIC        ?C?LLDCODE
  -------         ENDMOD        ?C?LLDCODE

  -------         MODULE        ?C?LLDXDATA0
BL51 BANKED LINKER/LOCATER V6.22                                                      04/23/2019  12:16:33  PAGE 49


  C:08E5H         PUBLIC        ?C?LLDXDATA0
  -------         ENDMOD        ?C?LLDXDATA0

  -------         MODULE        ?C?LLDCODE0
  C:08F1H         PUBLIC        ?C?LLDCODE0
  -------         ENDMOD        ?C?LLDCODE0

  -------         MODULE        ?C?LSTXDATA
  C:0901H         PUBLIC        ?C?LSTXDATA
  -------         ENDMOD        ?C?LSTXDATA

  -------         MODULE        ?C?LSTKXDATA
  C:090DH         PUBLIC        ?C?LSTKXDATA
  -------         ENDMOD        ?C?LSTKXDATA

  -------         MODULE        ?C?OFFXADD
  C:093EH         PUBLIC        ?C?OFFXADD
  -------         ENDMOD        ?C?OFFXADD

  -------         MODULE        ?C?PLDXDATA
  C:094AH         PUBLIC        ?C?PLDXDATA
  -------         ENDMOD        ?C?PLDXDATA

  -------         MODULE        ?C?PLDIXDATA
  C:0953H         PUBLIC        ?C?PLDIXDATA
  -------         ENDMOD        ?C?PLDIXDATA

  -------         MODULE        ?C?PILDXDATA
  C:096AH         PUBLIC        ?C?PILDXDATA
  -------         ENDMOD        ?C?PILDXDATA

  -------         MODULE        ?C?PSTXDATA
  C:0981H         PUBLIC        ?C?PSTXDATA
  -------         ENDMOD        ?C?PSTXDATA

  -------         MODULE        ?C?PLDPTR
  C:098AH         PUBLIC        ?C?PLDPTR
  -------         ENDMOD        ?C?PLDPTR

  -------         MODULE        ?C?PSTPTR
  C:09AAH         PUBLIC        ?C?PSTPTR
  -------         ENDMOD        ?C?PSTPTR

  -------         MODULE        ?C?PLDOPTR
  C:09F9H         PUBLIC        ?C?PLDOPTR
  -------         ENDMOD        ?C?PLDOPTR

  -------         MODULE        ?C?PSTOPTR
  C:0A29H         PUBLIC        ?C?PSTOPTR
  -------         ENDMOD        ?C?PSTOPTR

  -------         MODULE        ?C?CCASE
  C:0A82H         PUBLIC        ?C?CCASE
  -------         ENDMOD        ?C?CCASE

  -------         MODULE        ?C?ICALL
  C:0AA8H         PUBLIC        ?C?ICALL
BL51 BANKED LINKER/LOCATER V6.22                                                      04/23/2019  12:16:33  PAGE 50


  C:0AACH         PUBLIC        ?C?ICALL2
  -------         ENDMOD        ?C?ICALL

  -------         MODULE        PUTCHAR
  C:58A6H         PUBLIC        _PUTCHAR
  -------         ENDMOD        PUTCHAR

  -------         MODULE        GETCHAR
  B:0022H.6       PUBLIC        ?C?CHARLOADED
  X:02F0H         PUBLIC        ?_UNGETCHAR?BYTE
  C:59CAH         PUBLIC        GETCHAR
  -------         ENDMOD        GETCHAR

  -------         MODULE        UNGETC
  C:0003H         PUBLIC        _UNGETCHAR
  -------         ENDMOD        UNGETC

  -------         MODULE        ISSPACE
  C:59DEH         PUBLIC        _isspace
  -------         ENDMOD        ISSPACE

  -------         MODULE        ?C?STRCMP
  C:0C2CH         PUBLIC        ?C?STRCMP
  -------         ENDMOD        ?C?STRCMP

  -------         MODULE        ?C?STRCPY
  C:0D15H         PUBLIC        ?C?STRCPY
  -------         ENDMOD        ?C?STRCPY

  -------         MODULE        STRLEN
  C:59A1H         PUBLIC        _STRLEN
  -------         ENDMOD        STRLEN

  -------         MODULE        ?C?MEMSET
  C:0D32H         PUBLIC        ?C?MEMSET
  -------         ENDMOD        ?C?MEMSET

  -------         MODULE        ?C?LLDIDATA
  C:0D5EH         PUBLIC        ?C?LLDIDATA
  -------         ENDMOD        ?C?LLDIDATA

  -------         MODULE        ?C?LLDPDATA
  C:0D6AH         PUBLIC        ?C?LLDPDATA
  -------         ENDMOD        ?C?LLDPDATA

  -------         MODULE        ?C?LSTIDATA
  C:0D76H         PUBLIC        ?C?LSTIDATA
  -------         ENDMOD        ?C?LSTIDATA

  -------         MODULE        ?C?LSTPDATA
  C:0D82H         PUBLIC        ?C?LSTPDATA
  -------         ENDMOD        ?C?LSTPDATA

  -------         MODULE        ?C?PLDIDATA
  C:0D8EH         PUBLIC        ?C?PLDIDATA
  -------         ENDMOD        ?C?PLDIDATA

BL51 BANKED LINKER/LOCATER V6.22                                                      04/23/2019  12:16:33  PAGE 51


  -------         MODULE        ?C?PSTIDATA
  C:0D97H         PUBLIC        ?C?PSTIDATA
  -------         ENDMOD        ?C?PSTIDATA

  -------         MODULE        ?C?PLDPDATA
  C:0DA0H         PUBLIC        ?C?PLDPDATA
  -------         ENDMOD        ?C?PLDPDATA

  -------         MODULE        ?C?PSTPDATA
  C:0DA9H         PUBLIC        ?C?PSTPDATA
  -------         ENDMOD        ?C?PSTPDATA

  -------         MODULE        ?C?PLDCODE
  C:0DB2H         PUBLIC        ?C?PLDCODE
  -------         ENDMOD        ?C?PLDCODE

  -------         MODULE        _GETKEY
  C:5A74H         PUBLIC        _GETKEY
  -------         ENDMOD        _GETKEY

*** WARNING L15: MULTIPLE CALL TO SEGMENT
    SEGMENT: ?PR?SCANF?SCANF
    CALLER1: ?C_C51STARTUP
    CALLER2: ?PR?_MOVE_TO_CMD?COMMANDS

*** WARNING L15: MULTIPLE CALL TO SEGMENT
    SEGMENT: ?PR??C?ATOF??C?ATOF
    CALLER1: ?C_C51STARTUP
    CALLER2: ?PR?_MOVE_TO_CMD?COMMANDS

*** WARNING L1: UNRESOLVED EXTERNAL SYMBOL
    SYMBOL:  _DD_OBS_DETECTION
    MODULE:  .\Objects\distance_detector.obj (DISTANCE_DETECTOR)

*** WARNING L2: REFERENCE MADE TO UNRESOLVED EXTERNAL
    SYMBOL:  _DD_OBS_DETECTION
    MODULE:  .\Objects\distance_detector.obj (DISTANCE_DETECTOR)
    ADDRESS: 3584H

Program Size: data=33.7 xdata=753 code=23170
LINK/LOCATE RUN COMPLETE.  4 WARNING(S),  0 ERROR(S)
