BL51 BANKED LINKER/LOCATER V6.22                                                        04/17/2019  14:21:03  PAGE 1


BL51 BANKED LINKER/LOCATER V6.22, INVOKED BY:
C:\KEIL_V5\C51\BIN\BL51.EXE .\Objects\STARTUP.obj, .\Objects\commands.obj, .\Objects\commands_parser.obj, .\Objects\main
>> .obj, .\Objects\serializer.obj, .\Objects\motion.obj, .\Objects\distance_detector.obj, .\Objects\spi_master.obj TO .\
>> Objects\robot_V1 PRINT (.\Listings\robot_V1.m51) RAMSIZE (256) OVERLAY (* ! MOVE_TO_CMD)


MEMORY MODEL: LARGE WITH FLOATING POINT ARITHMETIC


INPUT MODULES INCLUDED:
  .\Objects\STARTUP.obj (?C_STARTUP)
  .\Objects\commands.obj (COMMANDS)
  .\Objects\commands_parser.obj (COMMANDS_PARSER)
  .\Objects\main.obj (MAIN)
  .\Objects\serializer.obj (SERIALIZER)
  .\Objects\motion.obj (MOTION)
  .\Objects\distance_detector.obj (DISTANCE_DETECTOR)
  .\Objects\spi_master.obj (SPI_MASTER)
  C:\KEIL_V5\C51\LIB\C51FPL.LIB (?C?FPADD)
  C:\KEIL_V5\C51\LIB\C51FPL.LIB (?C?FPMUL)
  C:\KEIL_V5\C51\LIB\C51FPL.LIB (?C?FPDIV)
  C:\KEIL_V5\C51\LIB\C51FPL.LIB (?C?FCAST)
  C:\KEIL_V5\C51\LIB\C51FPL.LIB (?C?CASTF)
  C:\KEIL_V5\C51\LIB\C51FPL.LIB (PRINTF)
  C:\KEIL_V5\C51\LIB\C51FPL.LIB (SCANF)
  C:\KEIL_V5\C51\LIB\C51FPL.LIB (SQRT)
  C:\KEIL_V5\C51\LIB\C51FPL.LIB (ATAN)
  C:\KEIL_V5\C51\LIB\C51FPL.LIB (?C?FPGETOPN)
  C:\KEIL_V5\C51\LIB\C51FPL.LIB (?C?FPROUND)
  C:\KEIL_V5\C51\LIB\C51FPL.LIB (?C?FPCONVERT)
  C:\KEIL_V5\C51\LIB\C51FPL.LIB (?C?ATOF)
  C:\KEIL_V5\C51\LIB\C51FPL.LIB (?C?FPSERIES)
  C:\KEIL_V5\C51\LIB\C51FPL.LIB (?C?FPNEG)
  C:\KEIL_V5\C51\LIB\C51FPL.LIB (?C?FTNPWR)
  C:\KEIL_V5\C51\LIB\C51L.LIB (?C_INIT)
  C:\KEIL_V5\C51\LIB\C51L.LIB (?C?COPY)
  C:\KEIL_V5\C51\LIB\C51L.LIB (?C?CLDPTR)
  C:\KEIL_V5\C51\LIB\C51L.LIB (?C?CLDOPTR)
  C:\KEIL_V5\C51\LIB\C51L.LIB (?C?CSTPTR)
  C:\KEIL_V5\C51\LIB\C51L.LIB (?C?CSTOPTR)
  C:\KEIL_V5\C51\LIB\C51L.LIB (?C?IMUL)
  C:\KEIL_V5\C51\LIB\C51L.LIB (?C?ILDPTR)
  C:\KEIL_V5\C51\LIB\C51L.LIB (?C?ILDOPTR)
  C:\KEIL_V5\C51\LIB\C51L.LIB (?C?ISTPTR)
  C:\KEIL_V5\C51\LIB\C51L.LIB (?C?ISTOPTR)
  C:\KEIL_V5\C51\LIB\C51L.LIB (?C?LNEG)
  C:\KEIL_V5\C51\LIB\C51L.LIB (?C?LSTPTR)
  C:\KEIL_V5\C51\LIB\C51L.LIB (?C?LLDXDATA)
  C:\KEIL_V5\C51\LIB\C51L.LIB (?C?LLDCODE)
  C:\KEIL_V5\C51\LIB\C51L.LIB (?C?LLDXDATA0)
  C:\KEIL_V5\C51\LIB\C51L.LIB (?C?LLDCODE0)
  C:\KEIL_V5\C51\LIB\C51L.LIB (?C?LSTXDATA)
  C:\KEIL_V5\C51\LIB\C51L.LIB (?C?LSTKXDATA)
  C:\KEIL_V5\C51\LIB\C51L.LIB (?C?OFFXADD)
  C:\KEIL_V5\C51\LIB\C51L.LIB (?C?PLDXDATA)
  C:\KEIL_V5\C51\LIB\C51L.LIB (?C?PLDIXDATA)
  C:\KEIL_V5\C51\LIB\C51L.LIB (?C?PILDXDATA)
  C:\KEIL_V5\C51\LIB\C51L.LIB (?C?PSTXDATA)
BL51 BANKED LINKER/LOCATER V6.22                                                      04/17/2019  14:21:03  PAGE 2


  C:\KEIL_V5\C51\LIB\C51L.LIB (?C?PLDPTR)
  C:\KEIL_V5\C51\LIB\C51L.LIB (?C?PSTPTR)
  C:\KEIL_V5\C51\LIB\C51L.LIB (?C?PLDOPTR)
  C:\KEIL_V5\C51\LIB\C51L.LIB (?C?CCASE)
  C:\KEIL_V5\C51\LIB\C51L.LIB (?C?ICALL)
  C:\KEIL_V5\C51\LIB\C51L.LIB (PUTCHAR)
  C:\KEIL_V5\C51\LIB\C51L.LIB (GETCHAR)
  C:\KEIL_V5\C51\LIB\C51L.LIB (UNGETC)
  C:\KEIL_V5\C51\LIB\C51L.LIB (ISSPACE)
  C:\KEIL_V5\C51\LIB\C51L.LIB (?C?STRCMP)
  C:\KEIL_V5\C51\LIB\C51L.LIB (STRLEN)
  C:\KEIL_V5\C51\LIB\C51L.LIB (?C?MEMSET)
  C:\KEIL_V5\C51\LIB\C51L.LIB (?C?LSTIDATA)
  C:\KEIL_V5\C51\LIB\C51L.LIB (?C?LSTPDATA)
  C:\KEIL_V5\C51\LIB\C51L.LIB (?C?PLDIDATA)
  C:\KEIL_V5\C51\LIB\C51L.LIB (?C?PSTIDATA)
  C:\KEIL_V5\C51\LIB\C51L.LIB (?C?PLDPDATA)
  C:\KEIL_V5\C51\LIB\C51L.LIB (?C?PSTPDATA)
  C:\KEIL_V5\C51\LIB\C51L.LIB (?C?PLDCODE)
  C:\KEIL_V5\C51\LIB\C51L.LIB (_GETKEY)


LINK MAP OF MODULE:  .\Objects\robot_V1 (?C_STARTUP)


            TYPE    BASE      LENGTH    RELOCATION   SEGMENT NAME
            -----------------------------------------------------

            * * * * * * *   D A T A   M E M O R Y   * * * * * * *
            REG     0000H     0008H     ABSOLUTE     "REG BANK 0"
            DATA    0008H     0016H     UNIT         _DATA_GROUP_
                    001EH     0002H                  *** GAP ***
            BIT     0020H.0   0002H.6   UNIT         _BIT_GROUP_
            BIT     0022H.6   0000H.1   UNIT         ?BI?GETCHAR
                    0022H.7   0000H.1                *** GAP ***
            IDATA   0023H     0001H     UNIT         ?STACK

            * * * * * * *  X D A T A   M E M O R Y  * * * * * * *
            XDATA   0000H     0146H     UNIT         _XDATA_GROUP_
            XDATA   0146H     0114H     UNIT         ?XD?COMMANDS_PARSER
            XDATA   025AH     0055H     UNIT         ?XD?MAIN
            XDATA   02AFH     0025H     UNIT         ?XD?SERIALIZER
            XDATA   02D4H     0021H     UNIT         ?XD?DISTANCE_DETECTOR
            XDATA   02F5H     000BH     UNIT         ?XD?SPI_MASTER
            XDATA   0300H     0001H     UNIT         ?XD?SERIALIZER_INIT_SERIAL?SERIALIZER
            XDATA   0301H     0001H     UNIT         ?XD?GETCHAR

            * * * * * * *   C O D E   M E M O R Y   * * * * * * *
            CODE    0000H     0003H     ABSOLUTE     
            CODE    0003H     0008H     UNIT         ?PR?GETCHAR?UNGETCHAR
            CODE    000BH     0003H     ABSOLUTE     
            CODE    000EH     0022H     UNIT         ?PR?_IDLE?SERIALIZER
            CODE    0030H     0003H     UNIT         ?PR?ENABLE_GENERAL_INT?MAIN
            CODE    0033H     0003H     ABSOLUTE     
            CODE    0036H     0B61H     UNIT         ?C?LIB_CODE
            CODE    0B97H     052AH     UNIT         ?PR?_DELTA_ANGLE?MOTION
            CODE    10C1H     0483H     UNIT         ?PR?PRINTF?PRINTF
BL51 BANKED LINKER/LOCATER V6.22                                                      04/17/2019  14:21:03  PAGE 3


            CODE    1544H     035AH     UNIT         ?PR?SCANF?SCANF
            CODE    189EH     0339H     UNIT         ?PR?_MOVE_TO_CMD?COMMANDS
            CODE    1BD7H     0319H     UNIT         ?PR?_IDLE_NEXT_STATE?SERIALIZER
            CODE    1EF0H     02A7H     UNIT         ?PR?_SERIALIZER_PROCESS?SERIALIZER
            CODE    2197H     01E5H     UNIT         ?PR?_SPI_PROCESS?SPI_MASTER
            CODE    237CH     01C6H     UNIT         ?PR?_PARSE?COMMANDS_PARSER
            CODE    2542H     01B4H     UNIT         ?PR?MAIN?MAIN
            CODE    26F6H     01A8H     UNIT         ?PR?_SERVO_MOVE_CMD?COMMANDS
            CODE    289EH     01A3H     UNIT         ?C_INITSEG
            CODE    2A41H     017CH     UNIT         ?PR?_ANGLE_ROTATION_CMD?COMMANDS
            CODE    2BBDH     0167H     UNIT         ?PR?_NAVIGATE?SERIALIZER
            CODE    2D24H     0154H     UNIT         ?PR?_MOVE_FORWARD_CMD?COMMANDS
            CODE    2E78H     0154H     UNIT         ?PR?_MOVE_BACKWARD_CMD?COMMANDS
            CODE    2FCCH     013AH     UNIT         ?PR?_COMPLETE_ROTATION_CMD?COMMANDS
            CODE    3106H     0122H     UNIT         ?PR?ATAN?ATAN
            CODE    3228H     0106H     UNIT         ?PR?_EPREUVE_CMD?COMMANDS
            CODE    332EH     00FEH     UNIT         ?PR?_MOVETO?SERIALIZER
            CODE    342CH     00ECH     UNIT         ?PR?TIMER_0_INT?DISTANCE_DETECTOR
            CODE    3518H     00E6H     UNIT         ?PR??C?ATOF??C?ATOF
            CODE    35FEH     00D0H     UNIT         ?PR?_SET_DEFAULT_SPEED_CMD?COMMANDS
            CODE    36CEH     00D0H     UNIT         ?PR?_SPI_TRANSMIT?SPI_MASTER
            CODE    379EH     00CAH     UNIT         ?PR?_SPI_CMD_LIGHT_ON?SPI_MASTER
            CODE    3868H     00B1H     UNIT         ?PR?IS_PID_PROCESSING?SERIALIZER
            CODE    3919H     00ACH     UNIT         ?PR?SQRT?SQRT
            CODE    39C5H     00A9H     UNIT         ?PR?_SPI_CMD_SERVO?SPI_MASTER
            CODE    3A6EH     00A6H     UNIT         ?PR?_TRANSLATE?SERIALIZER
            CODE    3B14H     00A4H     UNIT         ?PR?_MOVEANGLE?SERIALIZER
            CODE    3BB8H     00A0H     UNIT         ?CO?MAIN
            CODE    3C58H     009CH     UNIT         ?PR?_WAIT?COMMANDS_PARSER
            CODE    3CF4H     0097H     UNIT         ?PR?_DD_SLEW_DETECTION?DISTANCE_DETECTOR
            CODE    3D8BH     0096H     UNIT         ?PR?_ANGLE_TARGET?MOTION
            CODE    3E21H     0094H     UNIT         ?PR?_DD_IDLE?DISTANCE_DETECTOR
            CODE    3EB5H     008CH     UNIT         ?C_C51STARTUP
            CODE    3F41H     0076H     UNIT         ?PR?_SPI_CMD_LIGHT_OFF?SPI_MASTER
            CODE    3FB7H     0075H     UNIT         ?PR?SPI_VALIDATE?SPI_MASTER
            CODE    402CH     006CH     UNIT         ?PR?_ROTATE?SERIALIZER
            CODE    4098H     0063H     UNIT         ?PR?_SETMOTORS?SERIALIZER
            CODE    40FBH     0062H     UNIT         ?CO?COMMANDS_PARSER
            CODE    415DH     005BH     UNIT         ?PR?_SERIALIZER_PRINT?SERIALIZER
            CODE    41B8H     0058H     UNIT         ?PR?DD_MESURE?DISTANCE_DETECTOR
            CODE    4210H     0056H     UNIT         ?PR?_USART_PRINT?COMMANDS_PARSER
            CODE    4266H     0050H     UNIT         ?CO?SERIALIZER
            CODE    42B6H     0050H     UNIT         ?PR?DD_START_CONVERSION?DISTANCE_DETECTOR
            CODE    4306H     004BH     UNIT         ?PR?_LIGHT_BEAM_ON_CMD?COMMANDS
            CODE    4351H     004BH     UNIT         ?PR?_CMD_PARSER_PROCESS?COMMANDS_PARSER
            CODE    439CH     0048H     UNIT         ?PR?_MOVE_STOP_CMD?COMMANDS
            CODE    43E4H     0048H     UNIT         ?PR?_RIGTH_ROTATION_CMD?COMMANDS
            CODE    442CH     0048H     UNIT         ?PR?_LEFT_ROTATION_CMD?COMMANDS
            CODE    4474H     0048H     UNIT         ?PR?_DETECTE_OBSTACLE?COMMANDS
            CODE    44BCH     0048H     UNIT         ?PR?_LIGHT_BEAM_OFF_CMD?COMMANDS
            CODE    4504H     0045H     UNIT         ?PR?_SAFETY_BREAK_CMD?COMMANDS
            CODE    4549H     0045H     UNIT         ?PR?_DISTANCE_DETECTOR_PROCESS?DISTANCE_DETECTOR
            CODE    458EH     0043H     UNIT         ?PR?_GET_COMMAND?COMMANDS_PARSER
            CODE    45D1H     003AH     UNIT         ?PR?_DISTANCE?MOTION
            CODE    460BH     0038H     UNIT         ?PR?_DD_MOVE_SERVO_H?DISTANCE_DETECTOR
            CODE    4643H     0035H     UNIT         ?PR?_SERIALIZER_RECEIVE?SERIALIZER
            CODE    4678H     0032H     UNIT         ?PR?_USART_RECEIVE?COMMANDS_PARSER
BL51 BANKED LINKER/LOCATER V6.22                                                      04/17/2019  14:21:03  PAGE 4


            CODE    46AAH     0032H     UNIT         ?PR?SPI_INT?SPI_MASTER
            CODE    46DCH     002EH     UNIT         ?PR?_STOP?SERIALIZER
            CODE    470AH     0027H     UNIT         ?PR?_DEFAULT_PROCESS?COMMANDS
            CODE    4731H     0027H     UNIT         ?PR?PUTCHAR?PUTCHAR
            CODE    4758H     0026H     UNIT         ?PR?_EPREUVE_STOP?COMMANDS
            CODE    477EH     0021H     UNIT         ?PR?INIT_PARSER?COMMANDS_PARSER
            CODE    479FH     001FH     UNIT         ?CO?COMMANDS
            CODE    47BEH     001FH     UNIT         ?PR?SPI_ERROR?SPI_MASTER
            CODE    47DDH     001BH     UNIT         ?PR?INIT_SPI?SPI_MASTER
            CODE    47F8H     0019H     UNIT         ?PR?_DD_SET_ANGLE?DISTANCE_DETECTOR
            CODE    4811H     0018H     UNIT         ?PR?SERIALIZER_INIT_SERIAL?SERIALIZER
            CODE    4829H     0018H     UNIT         ?PR?SERIALIZER_CLEAR_SERIAL?SERIALIZER
            CODE    4841H     0016H     UNIT         ?PR?DD_CONFIG_DAC_ADC?DISTANCE_DETECTOR
            CODE    4857H     0015H     UNIT         ?PR?_SERIALIZER_SEND?SERIALIZER
            CODE    486CH     0015H     UNIT         ?PR?_STRLEN?STRLEN
            CODE    4881H     0014H     UNIT         ?PR?_SPI_SEND_CHAR?SPI_MASTER
            CODE    4895H     0014H     UNIT         ?PR?GETCHAR?GETCHAR
            CODE    48A9H     0014H     UNIT         ?PR?_ISSPACE?ISSPACE
            CODE    48BDH     0012H     UNIT         ?PR?_USART_SEND?COMMANDS_PARSER
            CODE    48CFH     0012H     UNIT         ?PR?INIT_SERIALIZER_UART1?SERIALIZER
            CODE    48E1H     0012H     UNIT         ?PR?_UART_SEND?SERIALIZER
            CODE    48F3H     0010H     UNIT         ?PR?VALID_CMD_FLAG?COMMANDS_PARSER
            CODE    4903H     0010H     UNIT         ?PR?ERROR_CMD_FLAG?COMMANDS_PARSER
            CODE    4913H     000FH     UNIT         ?PR?INIT_EXTERNAL_CLK?MAIN
            CODE    4922H     000FH     UNIT         ?PR?DD_INIT_TIMER0?DISTANCE_DETECTOR
            CODE    4931H     000EH     UNIT         ?PR?INIT_DISTANCE_DETECTOR?DISTANCE_DETECTOR
            CODE    493FH     000AH     UNIT         ?PR?_GETKEY?_GETKEY
            CODE    4949H     0004H     UNIT         ?PR?ENABLE_CROSSBAR?MAIN



OVERLAY MAP OF MODULE:   .\Objects\robot_V1 (?C_STARTUP)


SEGMENT                                             BIT_GROUP          DATA_GROUP          XDATA_GROUP
  +--> CALLED SEGMENT                            START    LENGTH     START    LENGTH     START    LENGTH
--------------------------------------------------------------------------------------------------------
?C_C51STARTUP                                    -----    -----      -----    -----      -----    -----
  +--> ?PR?MAIN?MAIN
  +--> ?C_INITSEG

?PR?MAIN?MAIN                                    -----    -----      -----    -----      0000H    0012H
  +--> ?PR?INIT_EXTERNAL_CLK?MAIN
  +--> ?PR?INIT_PARSER?COMMANDS_PARSER
  +--> ?PR?INIT_SERIALIZER_UART1?SERIALIZER
  +--> ?PR?INIT_DISTANCE_DETECTOR?DISTANCE_D...
  +--> ?PR?INIT_SPI?SPI_MASTER
  +--> ?PR?ENABLE_CROSSBAR?MAIN
  +--> ?PR?ENABLE_GENERAL_INT?MAIN
  +--> ?CO?MAIN
  +--> ?PR?_USART_PRINT?COMMANDS_PARSER
  +--> ?PR?_CMD_PARSER_PROCESS?COMMANDS_PARSER
  +--> ?PR?_SERIALIZER_PROCESS?SERIALIZER
  +--> ?PR?_DISTANCE_DETECTOR_PROCESS?DISTAN...
  +--> ?PR?_SPI_PROCESS?SPI_MASTER
  +--> ?PR?DD_START_CONVERSION?DISTANCE_DETE...
  +--> ?PR?PRINTF?PRINTF
BL51 BANKED LINKER/LOCATER V6.22                                                      04/17/2019  14:21:03  PAGE 5



?PR?INIT_DISTANCE_DETECTOR?DISTANCE_D...         -----    -----      -----    -----      -----    -----
  +--> ?PR?DD_CONFIG_DAC_ADC?DISTANCE_DETECTOR
  +--> ?PR?DD_INIT_TIMER0?DISTANCE_DETECTOR

?PR?_USART_PRINT?COMMANDS_PARSER                 -----    -----      -----    -----      00F1H    0004H
  +--> ?PR?_STRLEN?STRLEN
  +--> ?PR?_USART_SEND?COMMANDS_PARSER

?PR?_USART_SEND?COMMANDS_PARSER                  -----    -----      -----    -----      00F5H    0001H

?PR?_CMD_PARSER_PROCESS?COMMANDS_PARSER          -----    -----      -----    -----      0012H    0003H
  +--> ?PR?_WAIT?COMMANDS_PARSER
  +--> ?PR?_GET_COMMAND?COMMANDS_PARSER

?PR?_WAIT?COMMANDS_PARSER                        -----    -----      -----    -----      0015H    0004H
  +--> ?PR?_USART_RECEIVE?COMMANDS_PARSER
  +--> ?PR?_USART_SEND?COMMANDS_PARSER

?PR?_USART_RECEIVE?COMMANDS_PARSER               -----    -----      -----    -----      0019H    0003H

?PR?_GET_COMMAND?COMMANDS_PARSER                 -----    -----      -----    -----      0015H    0003H
  +--> ?PR?_PARSE?COMMANDS_PARSER
  +--> ?PR?ERROR_CMD_FLAG?COMMANDS_PARSER
  +--> ?PR?VALID_CMD_FLAG?COMMANDS_PARSER
  +--> ?PR?_STRLEN?STRLEN

?PR?_PARSE?COMMANDS_PARSER                       -----    -----      -----    -----      0018H    00D9H
  +--> ?CO?COMMANDS_PARSER
  +--> ?PR?_USART_PRINT?COMMANDS_PARSER

?PR?ERROR_CMD_FLAG?COMMANDS_PARSER               -----    -----      -----    -----      -----    -----
  +--> ?PR?_USART_SEND?COMMANDS_PARSER

?PR?VALID_CMD_FLAG?COMMANDS_PARSER               -----    -----      -----    -----      -----    -----
  +--> ?PR?_USART_SEND?COMMANDS_PARSER

?PR?_SERIALIZER_PROCESS?SERIALIZER               -----    -----      -----    -----      0012H    0008H
  +--> ?CO?SERIALIZER
  +--> ?PR?_IDLE_NEXT_STATE?SERIALIZER

?PR?_IDLE_NEXT_STATE?SERIALIZER                  -----    -----      -----    -----      001AH    0006H

?PR?_DISTANCE_DETECTOR_PROCESS?DISTAN...         -----    -----      -----    -----      0012H    0003H

?PR?_SPI_PROCESS?SPI_MASTER                      -----    -----      -----    -----      0012H    0006H
  +--> ?PR?_SPI_CMD_LIGHT_ON?SPI_MASTER
  +--> ?PR?_SPI_CMD_LIGHT_OFF?SPI_MASTER
  +--> ?PR?_SPI_CMD_SERVO?SPI_MASTER
  +--> ?PR?_SPI_TRANSMIT?SPI_MASTER

?PR?_SPI_CMD_LIGHT_ON?SPI_MASTER                 -----    -----      -----    -----      0018H    0006H

?PR?_SPI_CMD_LIGHT_OFF?SPI_MASTER                -----    -----      -----    -----      0018H    0006H

?PR?_SPI_CMD_SERVO?SPI_MASTER                    -----    -----      -----    -----      0018H    0006H

BL51 BANKED LINKER/LOCATER V6.22                                                      04/17/2019  14:21:03  PAGE 6


?PR?_SPI_TRANSMIT?SPI_MASTER                     -----    -----      -----    -----      0018H    0005H
  +--> ?PR?_SPI_SEND_CHAR?SPI_MASTER
  +--> ?PR?SPI_VALIDATE?SPI_MASTER
  +--> ?PR?SPI_ERROR?SPI_MASTER

?PR?_SPI_SEND_CHAR?SPI_MASTER                    -----    -----      -----    -----      001DH    0001H

?PR?SPI_VALIDATE?SPI_MASTER                      -----    -----      -----    -----      001DH    0004H

?PR?DD_START_CONVERSION?DISTANCE_DETE...         -----    -----      -----    -----      0012H    0006H
  +--> ?PR?DD_MESURE?DISTANCE_DETECTOR

?PR?DD_MESURE?DISTANCE_DETECTOR                  -----    -----      -----    -----      0018H    0008H

?PR?PRINTF?PRINTF                                0020H.0  0001H.1    0008H    0005H      003AH    0030H
  +--> ?PR?PUTCHAR?PUTCHAR

?C_INITSEG                                       -----    -----      -----    -----      -----    -----
  +--> ?CO?COMMANDS_PARSER
  +--> ?PR?_EPREUVE_CMD?COMMANDS
  +--> ?PR?_EPREUVE_STOP?COMMANDS
  +--> ?PR?_SAFETY_BREAK_CMD?COMMANDS
  +--> ?PR?_SET_DEFAULT_SPEED_CMD?COMMANDS
  +--> ?PR?_MOVE_FORWARD_CMD?COMMANDS
  +--> ?PR?_MOVE_BACKWARD_CMD?COMMANDS
  +--> ?PR?_MOVE_STOP_CMD?COMMANDS
  +--> ?PR?_RIGTH_ROTATION_CMD?COMMANDS
  +--> ?PR?_LEFT_ROTATION_CMD?COMMANDS
  +--> ?PR?_COMPLETE_ROTATION_CMD?COMMANDS
  +--> ?PR?_ANGLE_ROTATION_CMD?COMMANDS
  +--> ?PR?_DEFAULT_PROCESS?COMMANDS
  +--> ?PR?_DETECTE_OBSTACLE?COMMANDS
  +--> ?PR?_LIGHT_BEAM_ON_CMD?COMMANDS
  +--> ?PR?_LIGHT_BEAM_OFF_CMD?COMMANDS
  +--> ?PR?_SERVO_MOVE_CMD?COMMANDS
  +--> ?PR?_WAIT?COMMANDS_PARSER
  +--> ?PR?_GET_COMMAND?COMMANDS_PARSER
  +--> ?CO?MAIN
  +--> ?PR?_IDLE?SERIALIZER
  +--> ?PR?_TRANSLATE?SERIALIZER
  +--> ?PR?_MOVETO?SERIALIZER
  +--> ?PR?_ROTATE?SERIALIZER
  +--> ?PR?_NAVIGATE?SERIALIZER
  +--> ?PR?_STOP?SERIALIZER
  +--> ?PR?_DD_IDLE?DISTANCE_DETECTOR
  +--> ?PR?_DD_MOVE_SERVO_H?DISTANCE_DETECTOR
  +--> ?PR?_DD_SLEW_DETECTION?DISTANCE_DETECTOR

?PR?_EPREUVE_CMD?COMMANDS                        -----    -----      -----    -----      0000H    0005H
  +--> ?CO?COMMANDS
  +--> ?PR?SCANF?SCANF

?PR?SCANF?SCANF                                  0021H.3  0000H.6    0013H    0009H      0114H    002EH
  +--> ?PR?GETCHAR?UNGETCHAR
  +--> ?PR?_ISSPACE?ISSPACE
  +--> ?PR?GETCHAR?GETCHAR
  +--> ?PR??C?ATOF??C?ATOF
BL51 BANKED LINKER/LOCATER V6.22                                                      04/17/2019  14:21:03  PAGE 7



?PR?GETCHAR?GETCHAR                              -----    -----      -----    -----      -----    -----
  +--> ?PR?_GETKEY?_GETKEY
  +--> ?PR?PUTCHAR?PUTCHAR

?PR??C?ATOF??C?ATOF                              0022H.1  0000H.5    001CH    0002H      -----    -----

?PR?_EPREUVE_STOP?COMMANDS                       -----    -----      -----    -----      0000H    0003H

?PR?_SAFETY_BREAK_CMD?COMMANDS                   -----    -----      -----    -----      0000H    0003H

?PR?_SET_DEFAULT_SPEED_CMD?COMMANDS              -----    -----      -----    -----      0000H    0005H
  +--> ?CO?COMMANDS
  +--> ?PR?SCANF?SCANF

?PR?_MOVE_FORWARD_CMD?COMMANDS                   -----    -----      -----    -----      0000H    0005H
  +--> ?CO?COMMANDS
  +--> ?PR?SCANF?SCANF

?PR?_MOVE_BACKWARD_CMD?COMMANDS                  -----    -----      -----    -----      0000H    0005H
  +--> ?CO?COMMANDS
  +--> ?PR?SCANF?SCANF

?PR?_MOVE_STOP_CMD?COMMANDS                      -----    -----      -----    -----      0000H    0003H

?PR?_RIGTH_ROTATION_CMD?COMMANDS                 -----    -----      -----    -----      0000H    0003H

?PR?_LEFT_ROTATION_CMD?COMMANDS                  -----    -----      -----    -----      0000H    0003H

?PR?_COMPLETE_ROTATION_CMD?COMMANDS              -----    -----      -----    -----      0000H    0003H
  +--> ?CO?COMMANDS

?PR?_ANGLE_ROTATION_CMD?COMMANDS                 -----    -----      -----    -----      0000H    0005H
  +--> ?CO?COMMANDS
  +--> ?PR?SCANF?SCANF

?PR?_DEFAULT_PROCESS?COMMANDS                    -----    -----      -----    -----      0000H    0003H

?PR?_DETECTE_OBSTACLE?COMMANDS                   -----    -----      -----    -----      0000H    0003H

?PR?_LIGHT_BEAM_ON_CMD?COMMANDS                  -----    -----      -----    -----      0000H    0003H

?PR?_LIGHT_BEAM_OFF_CMD?COMMANDS                 -----    -----      -----    -----      0000H    0003H

?PR?_SERVO_MOVE_CMD?COMMANDS                     -----    -----      -----    -----      0000H    0005H
  +--> ?CO?COMMANDS
  +--> ?PR?SCANF?SCANF

?PR?_IDLE?SERIALIZER                             -----    -----      -----    -----      0000H    0003H

?PR?_TRANSLATE?SERIALIZER                        -----    -----      -----    -----      0000H    0004H
  +--> ?PR?_SETMOTORS?SERIALIZER

?PR?_SETMOTORS?SERIALIZER                        -----    -----      -----    -----      0004H    0018H
  +--> ?CO?SERIALIZER
  +--> ?PR?PRINTF?PRINTF
  +--> ?PR?_SERIALIZER_PRINT?SERIALIZER
BL51 BANKED LINKER/LOCATER V6.22                                                      04/17/2019  14:21:03  PAGE 8


  +--> ?PR?SERIALIZER_CLEAR_SERIAL?SERIALIZER

?PR?_SERIALIZER_PRINT?SERIALIZER                 -----    -----      -----    -----      004DH    0004H
  +--> ?PR?_STRLEN?STRLEN
  +--> ?PR?_SERIALIZER_SEND?SERIALIZER

?PR?_SERIALIZER_SEND?SERIALIZER                  -----    -----      -----    -----      0051H    0001H

?PR?SERIALIZER_CLEAR_SERIAL?SERIALIZER           -----    -----      -----    -----      003AH    0001H
  +--> ?PR?_SERIALIZER_RECEIVE?SERIALIZER

?PR?_SERIALIZER_RECEIVE?SERIALIZER               -----    -----      -----    -----      004DH    0003H

?PR?_MOVETO?SERIALIZER                           -----    -----      -----    -----      0008H    002DH
  +--> ?PR?_DISTANCE?MOTION
  +--> ?CO?SERIALIZER
  +--> ?PR?PRINTF?PRINTF
  +--> ?PR?_SERIALIZER_PRINT?SERIALIZER
  +--> ?PR?SERIALIZER_CLEAR_SERIAL?SERIALIZER
  +--> ?PR?IS_PID_PROCESSING?SERIALIZER

?PR?_DISTANCE?MOTION                             -----    -----      -----    -----      0035H    0002H
  +--> ?PR?SQRT?SQRT

?PR?SQRT?SQRT                                    -----    -----      -----    -----      0037H    0004H

?PR?IS_PID_PROCESSING?SERIALIZER                 -----    -----      -----    -----      0035H    0018H
  +--> ?CO?SERIALIZER
  +--> ?PR?_SERIALIZER_PRINT?SERIALIZER
  +--> ?PR?_SERIALIZER_RECEIVE?SERIALIZER
  +--> ?PR?_UART_SEND?SERIALIZER
  +--> ?PR?SCANF?SCANF

?PR?_UART_SEND?SERIALIZER                        -----    -----      -----    -----      004DH    0001H

?PR?_ROTATE?SERIALIZER                           -----    -----      -----    -----      0008H    0004H
  +--> ?PR?_MOVEANGLE?SERIALIZER
  +--> ?PR?IS_PID_PROCESSING?SERIALIZER

?PR?_MOVEANGLE?SERIALIZER                        -----    -----      -----    -----      000CH    002EH
  +--> ?CO?SERIALIZER
  +--> ?PR?PRINTF?PRINTF
  +--> ?PR?_SERIALIZER_PRINT?SERIALIZER
  +--> ?PR?SERIALIZER_CLEAR_SERIAL?SERIALIZER

?PR?_NAVIGATE?SERIALIZER                         -----    -----      -----    -----      0000H    0008H
  +--> ?CO?SERIALIZER
  +--> ?PR?_ANGLE_TARGET?MOTION
  +--> ?PR?_DELTA_ANGLE?MOTION
  +--> ?PR?_ROTATE?SERIALIZER
  +--> ?PR?_MOVETO?SERIALIZER

?PR?_ANGLE_TARGET?MOTION                         -----    -----      -----    -----      0008H    0008H
  +--> ?PR?ATAN?ATAN

?PR?ATAN?ATAN                                    0020H.0  0000H.2    -----    -----      0010H    0004H

BL51 BANKED LINKER/LOCATER V6.22                                                      04/17/2019  14:21:03  PAGE 9


?PR?_DELTA_ANGLE?MOTION                          -----    -----      -----    -----      0008H    0008H

?PR?_STOP?SERIALIZER                             -----    -----      -----    -----      0000H    0003H
  +--> ?CO?SERIALIZER
  +--> ?PR?_SERIALIZER_PRINT?SERIALIZER
  +--> ?PR?SERIALIZER_CLEAR_SERIAL?SERIALIZER

?PR?_DD_IDLE?DISTANCE_DETECTOR                   -----    -----      -----    -----      0000H    0003H

?PR?_DD_MOVE_SERVO_H?DISTANCE_DETECTOR           -----    -----      -----    -----      0000H    0003H
  +--> ?PR?_DD_SET_ANGLE?DISTANCE_DETECTOR

?PR?_DD_SET_ANGLE?DISTANCE_DETECTOR              -----    -----      -----    -----      0003H    0002H

?PR?_DD_SLEW_DETECTION?DISTANCE_DETECTOR         -----    -----      -----    -----      0000H    0003H
  +--> ?PR?_DD_SET_ANGLE?DISTANCE_DETECTOR

*** NEW ROOT ***************************************************

?PR?_MOVE_TO_CMD?COMMANDS                        -----    -----      -----    -----      00F6H    001EH
  +--> ?CO?COMMANDS
  +--> ?PR?SCANF?SCANF

*** NEW ROOT ***************************************************

?PR?TIMER_0_INT?DISTANCE_DETECTOR                -----    -----      -----    -----      0142H    0004H



UNRESOLVED EXTERNAL SYMBOLS:
   _DD_OBS_DETECTION
   _DD_SINGLE_MEASURE



SYMBOL TABLE OF MODULE:  .\Objects\robot_V1 (?C_STARTUP)

  VALUE           TYPE          NAME
  ----------------------------------

  -------         MODULE        ?C_STARTUP
  C:3EB5H         SEGMENT       ?C_C51STARTUP
  I:0023H         SEGMENT       ?STACK
  C:0000H         PUBLIC        ?C_STARTUP
  D:00E0H         SYMBOL        ACC
  D:00F0H         SYMBOL        B
  D:0083H         SYMBOL        DPH
  D:0082H         SYMBOL        DPL
  N:0000H         SYMBOL        IBPSTACK
  N:0100H         SYMBOL        IBPSTACKTOP
  N:0080H         SYMBOL        IDATALEN
  C:3EB8H         SYMBOL        IDATALOOP
  N:0000H         SYMBOL        PBPSTACK
  N:0100H         SYMBOL        PBPSTACKTOP
  N:0000H         SYMBOL        PDATALEN
  N:0000H         SYMBOL        PDATASTART
  N:0000H         SYMBOL        PPAGE
BL51 BANKED LINKER/LOCATER V6.22                                                      04/17/2019  14:21:03  PAGE 10


  N:0000H         SYMBOL        PPAGEENABLE
  D:00A0H         SYMBOL        PPAGE_SFR
  D:0081H         SYMBOL        SP
  C:3EB5H         SYMBOL        STARTUP1
  N:0000H         SYMBOL        XBPSTACK
  N:0000H         SYMBOL        XBPSTACKTOP
  N:0000H         SYMBOL        XDATALEN
  N:0000H         SYMBOL        XDATASTART
  C:0000H         LINE#         126
  C:3EB5H         LINE#         133
  C:3EB7H         LINE#         134
  C:3EB8H         LINE#         135
  C:3EB9H         LINE#         136
  C:3EBBH         LINE#         186
  C:3EBEH         LINE#         197
  -------         ENDMOD        ?C_STARTUP

  -------         MODULE        COMMANDS
  C:0000H         SYMBOL        _ICE_DUMMY_
  C:43E4H         PUBLIC        _rigth_rotation_cmd
  C:4504H         PUBLIC        _safety_break_cmd
  C:189EH         PUBLIC        _move_to_cmd
  C:4474H         PUBLIC        _detecte_obstacle
  C:3228H         PUBLIC        _epreuve_cmd
  C:442CH         PUBLIC        _left_rotation_cmd
  C:35FEH         PUBLIC        _set_default_speed_cmd
  C:4306H         PUBLIC        _light_beam_ON_cmd
  C:2D24H         PUBLIC        _move_forward_cmd
  C:4758H         PUBLIC        _epreuve_stop
  C:47AFH         SYMBOL        _?ix1000
  C:2FCCH         PUBLIC        _complete_rotation_cmd
  C:470AH         PUBLIC        _default_process
  C:26F6H         PUBLIC        _servo_move_cmd
  C:44BCH         PUBLIC        _light_beam_OFF_cmd
  C:2E78H         PUBLIC        _move_backward_cmd
  C:2A41H         PUBLIC        _angle_rotation_cmd
  C:439CH         PUBLIC        _move_stop_cmd
  -------         PROC          _DEFAULT_PROCESS
  X:0000H         SYMBOL        cmd_packet
  C:470AH         LINE#         6
  C:4715H         LINE#         7
  C:4715H         LINE#         9
  C:472EH         LINE#         11
  C:4730H         LINE#         12
  -------         ENDPROC       _DEFAULT_PROCESS
  -------         PROC          _EPREUVE_CMD
  X:0000H         SYMBOL        cmd_packet
  -------         DO            
  X:0003H         SYMBOL        epreuve_index
  -------         ENDDO         
  C:3228H         LINE#         18
  C:3233H         LINE#         19
  C:3233H         LINE#         20
  C:323CH         LINE#         23
  C:3257H         LINE#         24
  C:3257H         LINE#         25
  C:325AH         LINE#         26
BL51 BANKED LINKER/LOCATER V6.22                                                      04/17/2019  14:21:03  PAGE 11


  C:325AH         LINE#         29
  C:3277H         LINE#         30
  C:3277H         LINE#         32
  C:32C4H         LINE#         33
  C:32C4H         LINE#         34
  C:32C7H         LINE#         35
  C:32C7H         LINE#         38
  C:32EDH         LINE#         39
  C:32EDH         LINE#         40
  C:32F0H         LINE#         41
  C:32F0H         LINE#         43
  C:3310H         LINE#         44
  C:3312H         LINE#         46
  C:3312H         LINE#         47
  C:332BH         LINE#         48
  C:332BH         LINE#         49
  C:332DH         LINE#         50
  -------         ENDPROC       _EPREUVE_CMD
  -------         PROC          _EPREUVE_STOP
  X:0000H         SYMBOL        cmd_packet
  C:4758H         LINE#         52
  C:4763H         LINE#         53
  C:4763H         LINE#         55
  C:477BH         LINE#         57
  C:477DH         LINE#         58
  -------         ENDPROC       _EPREUVE_STOP
  -------         PROC          _SAFETY_BREAK_CMD
  X:0000H         SYMBOL        cmd_packet
  C:4504H         LINE#         61
  C:450FH         LINE#         62
  C:450FH         LINE#         64
  C:452AH         LINE#         65
  C:452AH         LINE#         66
  C:452DH         LINE#         67
  C:452DH         LINE#         69
  C:4546H         LINE#         71
  C:4548H         LINE#         72
  -------         ENDPROC       _SAFETY_BREAK_CMD
  -------         PROC          _SET_DEFAULT_SPEED_CMD
  X:0000H         SYMBOL        cmd_packet
  -------         DO            
  X:0003H         SYMBOL        motor_speed
  -------         ENDDO         
  C:35FEH         LINE#         74
  C:3609H         LINE#         75
  C:3609H         LINE#         76
  C:3612H         LINE#         79
  C:362CH         LINE#         80
  C:362CH         LINE#         81
  C:362FH         LINE#         82
  C:362FH         LINE#         85
  C:367CH         LINE#         86
  C:367CH         LINE#         87
  C:367FH         LINE#         88
  C:367FH         LINE#         91
  C:36A2H         LINE#         92
  C:36A2H         LINE#         93
BL51 BANKED LINKER/LOCATER V6.22                                                      04/17/2019  14:21:03  PAGE 12


  C:36A5H         LINE#         94
  C:36A5H         LINE#         96
  C:36CBH         LINE#         98
  C:36CDH         LINE#         99
  -------         ENDPROC       _SET_DEFAULT_SPEED_CMD
  -------         PROC          _MOVE_FORWARD_CMD
  X:0000H         SYMBOL        cmd_packet
  -------         DO            
  X:0003H         SYMBOL        motor_speed
  -------         ENDDO         
  C:2D24H         LINE#         101
  C:2D2FH         LINE#         102
  C:2D2FH         LINE#         103
  C:2D38H         LINE#         105
  C:2D53H         LINE#         106
  C:2D53H         LINE#         107
  C:2D56H         LINE#         108
  C:2D56H         LINE#         110
  C:2D75H         LINE#         112
  C:2D92H         LINE#         113
  C:2D92H         LINE#         115
  C:2DDDH         LINE#         116
  C:2DDDH         LINE#         117
  C:2DE0H         LINE#         118
  C:2DE0H         LINE#         121
  C:2E03H         LINE#         122
  C:2E03H         LINE#         123
  C:2E06H         LINE#         124
  C:2E06H         LINE#         126
  C:2E2CH         LINE#         127
  C:2E2EH         LINE#         128
  C:2E4FH         LINE#         129
  C:2E4FH         LINE#         130
  C:2E75H         LINE#         131
  C:2E75H         LINE#         132
  C:2E75H         LINE#         133
  C:2E77H         LINE#         134
  -------         ENDPROC       _MOVE_FORWARD_CMD
  -------         PROC          _MOVE_BACKWARD_CMD
  X:0000H         SYMBOL        cmd_packet
  -------         DO            
  X:0003H         SYMBOL        motor_speed
  -------         ENDDO         
  C:2E78H         LINE#         136
  C:2E83H         LINE#         137
  C:2E83H         LINE#         138
  C:2E8CH         LINE#         140
  C:2EA7H         LINE#         141
  C:2EA7H         LINE#         142
  C:2EAAH         LINE#         143
  C:2EAAH         LINE#         145
  C:2EC9H         LINE#         147
  C:2EE6H         LINE#         148
  C:2EE6H         LINE#         150
  C:2F31H         LINE#         151
  C:2F31H         LINE#         152
  C:2F34H         LINE#         153
BL51 BANKED LINKER/LOCATER V6.22                                                      04/17/2019  14:21:03  PAGE 13


  C:2F34H         LINE#         156
  C:2F57H         LINE#         157
  C:2F57H         LINE#         158
  C:2F5AH         LINE#         159
  C:2F5AH         LINE#         161
  C:2F80H         LINE#         162
  C:2F82H         LINE#         163
  C:2FA3H         LINE#         164
  C:2FA3H         LINE#         165
  C:2FC9H         LINE#         166
  C:2FC9H         LINE#         167
  C:2FC9H         LINE#         168
  C:2FCBH         LINE#         169
  -------         ENDPROC       _MOVE_BACKWARD_CMD
  -------         PROC          _MOVE_STOP_CMD
  X:0000H         SYMBOL        cmd_packet
  C:439CH         LINE#         171
  C:43A7H         LINE#         172
  C:43A7H         LINE#         173
  C:43BFH         LINE#         174
  C:43BFH         LINE#         175
  C:43C2H         LINE#         176
  C:43C2H         LINE#         177
  C:43E1H         LINE#         178
  C:43E3H         LINE#         179
  -------         ENDPROC       _MOVE_STOP_CMD
  -------         PROC          _RIGTH_ROTATION_CMD
  X:0000H         SYMBOL        cmd_packet
  C:43E4H         LINE#         181
  C:43EFH         LINE#         182
  C:43EFH         LINE#         183
  C:4407H         LINE#         184
  C:4407H         LINE#         185
  C:440AH         LINE#         186
  C:440AH         LINE#         188
  C:4429H         LINE#         189
  C:442BH         LINE#         190
  -------         ENDPROC       _RIGTH_ROTATION_CMD
  -------         PROC          _LEFT_ROTATION_CMD
  X:0000H         SYMBOL        cmd_packet
  C:442CH         LINE#         192
  C:4437H         LINE#         193
  C:4437H         LINE#         194
  C:444FH         LINE#         195
  C:444FH         LINE#         196
  C:4452H         LINE#         197
  C:4452H         LINE#         199
  C:4471H         LINE#         200
  C:4473H         LINE#         201
  -------         ENDPROC       _LEFT_ROTATION_CMD
  -------         PROC          _COMPLETE_ROTATION_CMD
  X:0000H         SYMBOL        cmd_packet
  C:2FCCH         LINE#         203
  C:2FD7H         LINE#         204
  C:2FD7H         LINE#         205
  C:2FF2H         LINE#         206
  C:2FF2H         LINE#         207
BL51 BANKED LINKER/LOCATER V6.22                                                      04/17/2019  14:21:03  PAGE 14


  C:2FF5H         LINE#         208
  C:2FF5H         LINE#         210
  C:3012H         LINE#         211
  C:3012H         LINE#         213
  C:307AH         LINE#         215
  C:307AH         LINE#         216
  C:309DH         LINE#         217
  C:309DH         LINE#         218
  C:309DH         LINE#         219
  C:30BCH         LINE#         220
  C:30BEH         LINE#         221
  C:30BEH         LINE#         222
  C:30DDH         LINE#         223
  C:30DFH         LINE#         224
  C:30DFH         LINE#         225
  C:30E1H         LINE#         226
  C:30E4H         LINE#         227
  C:30E4H         LINE#         229
  C:30E4H         LINE#         230
  C:3103H         LINE#         231
  C:3103H         LINE#         232
  C:3105H         LINE#         233
  -------         ENDPROC       _COMPLETE_ROTATION_CMD
  -------         PROC          _ANGLE_ROTATION_CMD
  X:0000H         SYMBOL        cmd_packet
  -------         DO            
  X:0003H         SYMBOL        angle
  -------         ENDDO         
  C:2A41H         LINE#         235
  C:2A4CH         LINE#         236
  C:2A4CH         LINE#         237
  C:2A54H         LINE#         239
  C:2A6EH         LINE#         240
  C:2A6EH         LINE#         241
  C:2A71H         LINE#         242
  C:2A71H         LINE#         244
  C:2ADCH         LINE#         246
  C:2ADCH         LINE#         247
  C:2AFFH         LINE#         248
  C:2AFFH         LINE#         249
  C:2AFFH         LINE#         250
  C:2B1EH         LINE#         251
  C:2B20H         LINE#         252
  C:2B20H         LINE#         253
  C:2B3FH         LINE#         254
  C:2B3FH         LINE#         255
  C:2B3FH         LINE#         257
  C:2B8AH         LINE#         258
  C:2B8AH         LINE#         259
  C:2B8DH         LINE#         260
  C:2B8DH         LINE#         262
  C:2BB5H         LINE#         263
  C:2BB7H         LINE#         264
  C:2BBAH         LINE#         265
  C:2BBAH         LINE#         266
  C:2BBCH         LINE#         267
  -------         ENDPROC       _ANGLE_ROTATION_CMD
BL51 BANKED LINKER/LOCATER V6.22                                                      04/17/2019  14:21:03  PAGE 15


  -------         PROC          _MOVE_TO_CMD
  X:00F6H         SYMBOL        cmd_packet
  -------         DO            
  X:00F9H         SYMBOL        i
  X:00FAH         SYMBOL        j
  X:00FBH         SYMBOL        params
  X:010AH         SYMBOL        angle
  X:010CH         SYMBOL        x
  X:010EH         SYMBOL        y
  X:0110H         SYMBOL        param_find
  X:0111H         SYMBOL        str
  -------         ENDDO         
  C:189EH         LINE#         277
  C:18A9H         LINE#         278
  C:18A9H         LINE#         279
  C:18B3H         LINE#         280
  C:18D8H         LINE#         281
  C:18F0H         LINE#         282
  C:18F5H         LINE#         283
  C:1906H         LINE#         287
  C:1920H         LINE#         288
  C:1920H         LINE#         289
  C:1923H         LINE#         290
  C:1923H         LINE#         293
  C:1936H         LINE#         294
  C:1936H         LINE#         295
  C:1972H         LINE#         298
  C:1985H         LINE#         299
  C:1985H         LINE#         300
  C:19C3H         LINE#         301
  C:19C3H         LINE#         302
  C:19D9H         LINE#         303
  C:19D9H         LINE#         304
  C:19D9H         LINE#         305
  C:1A42H         LINE#         306
  C:1A42H         LINE#         307
  C:1A45H         LINE#         308
  C:1A45H         LINE#         309
  C:1A45H         LINE#         311
  C:1A45H         LINE#         312
  C:1AABH         LINE#         313
  C:1AABH         LINE#         314
  C:1AAEH         LINE#         315
  C:1AAEH         LINE#         316
  C:1AAEH         LINE#         318
  C:1AAEH         LINE#         319
  C:1B14H         LINE#         320
  C:1B14H         LINE#         321
  C:1B17H         LINE#         322
  C:1B17H         LINE#         323
  C:1B17H         LINE#         325
  C:1B17H         LINE#         326
  C:1B1DH         LINE#         327
  C:1B1FH         LINE#         328
  C:1B1FH         LINE#         329
  C:1B28H         LINE#         331
  C:1B30H         LINE#         332
BL51 BANKED LINKER/LOCATER V6.22                                                      04/17/2019  14:21:03  PAGE 16


  C:1B30H         LINE#         333
  C:1B33H         LINE#         334
  C:1B33H         LINE#         335
  C:1B38H         LINE#         336
  C:1B38H         LINE#         338
  C:1B41H         LINE#         340
  C:1B69H         LINE#         341
  C:1B8FH         LINE#         342
  C:1BB5H         LINE#         343
  C:1BD4H         LINE#         344
  C:1BD6H         LINE#         345
  -------         ENDPROC       _MOVE_TO_CMD
  -------         PROC          _DETECTE_OBSTACLE
  X:0000H         SYMBOL        cmd_packet
  C:4474H         LINE#         347
  C:447FH         LINE#         348
  C:447FH         LINE#         349
  C:4497H         LINE#         350
  C:4497H         LINE#         351
  C:449AH         LINE#         352
  C:449AH         LINE#         354
  C:44B9H         LINE#         355
  C:44BBH         LINE#         356
  -------         ENDPROC       _DETECTE_OBSTACLE
  -------         PROC          _SERVO_MOVE_CMD
  X:0000H         SYMBOL        cmd_packet
  -------         DO            
  X:0003H         SYMBOL        angle
  -------         ENDDO         
  C:26F6H         LINE#         358
  C:2701H         LINE#         359
  C:2701H         LINE#         360
  C:270AH         LINE#         362
  C:2725H         LINE#         363
  C:2725H         LINE#         364
  C:2728H         LINE#         365
  C:2728H         LINE#         367
  C:2790H         LINE#         369
  C:2790H         LINE#         370
  C:27B3H         LINE#         371
  C:27B3H         LINE#         372
  C:27B3H         LINE#         373
  C:27D2H         LINE#         374
  C:27D4H         LINE#         375
  C:27D4H         LINE#         376
  C:27F3H         LINE#         377
  C:27F3H         LINE#         378
  C:27F3H         LINE#         380
  C:27F3H         LINE#         382
  C:2827H         LINE#         383
  C:2827H         LINE#         384
  C:2872H         LINE#         385
  C:2872H         LINE#         386
  C:2875H         LINE#         387
  C:2875H         LINE#         389
  C:289BH         LINE#         390
  C:289BH         LINE#         392
BL51 BANKED LINKER/LOCATER V6.22                                                      04/17/2019  14:21:03  PAGE 17


  C:289DH         LINE#         393
  -------         ENDPROC       _SERVO_MOVE_CMD
  -------         PROC          _LIGHT_BEAM_ON_CMD
  X:0000H         SYMBOL        cmd_packet
  C:4306H         LINE#         395
  C:4311H         LINE#         396
  C:4311H         LINE#         398
  C:432CH         LINE#         399
  C:432CH         LINE#         400
  C:432FH         LINE#         401
  C:432FH         LINE#         403
  C:434EH         LINE#         405
  C:4350H         LINE#         406
  -------         ENDPROC       _LIGHT_BEAM_ON_CMD
  -------         PROC          _LIGHT_BEAM_OFF_CMD
  X:0000H         SYMBOL        cmd_packet
  C:44BCH         LINE#         408
  C:44C7H         LINE#         409
  C:44C7H         LINE#         411
  C:44DFH         LINE#         412
  C:44DFH         LINE#         413
  C:44E2H         LINE#         414
  C:44E2H         LINE#         416
  C:4501H         LINE#         418
  C:4503H         LINE#         419
  -------         ENDPROC       _LIGHT_BEAM_OFF_CMD
  -------         ENDMOD        COMMANDS

  -------         MODULE        COMMANDS_PARSER
  C:0000H         SYMBOL        _ICE_DUMMY_
  B:0098H.7       PUBLIC        SM00
  D:0090H         PUBLIC        P1
  B:0098H.6       PUBLIC        SM10
  C:458EH         PUBLIC        _get_command
  D:00E8H         PUBLIC        ADC0CN
  C:4351H         PUBLIC        _cmd_parser_process
  D:00A4H         PUBLIC        P0MDOUT
  X:0146H         PUBLIC        current_state
  D:00A8H         PUBLIC        IE
  B:0098H.4       PUBLIC        REN0
  D:00D8H         PUBLIC        PCA0CN
  D:00B8H         PUBLIC        IP
  D:00E1H         PUBLIC        XBR0
  C:237CH         PUBLIC        _parse
  C:48BDH         PUBLIC        _USART_send
  C:4210H         PUBLIC        _USART_print
  D:00CBH         PUBLIC        RCAP2H
  D:00C0H         PUBLIC        SMB0CN
  C:48F3H         PUBLIC        valid_cmd_flag
  D:00CAH         PUBLIC        RCAP2L
  C:477EH         PUBLIC        init_parser
  D:00F8H         PUBLIC        SPI0CN
  D:0088H         PUBLIC        TCON
  C:3C58H         PUBLIC        _wait
  C:4903H         PUBLIC        error_cmd_flag
  X:0147H         PUBLIC        dispatch_table
  X:01E9H         PUBLIC        raw_data
BL51 BANKED LINKER/LOCATER V6.22                                                      04/17/2019  14:21:03  PAGE 18


  B:0098H.0       PUBLIC        RI0
  B:0098H.1       PUBLIC        TI0
  B:00C8H.2       PUBLIC        TR2
  C:4678H         PUBLIC        _USART_receive
  B:00C8H.5       PUBLIC        RCLK0
  B:00C8H.4       PUBLIC        TCLK0
  D:0099H         PUBLIC        SBUF0
  D:0098H         PUBLIC        SCON0
  D:00C8H         PUBLIC        T2CON
  D:008EH         PUBLIC        CKCON
  X:024DH         PUBLIC        full_state_machine
  X:0259H         PUBLIC        buffer_index
  D:00D0H         PUBLIC        PSW
  -------         PROC          INIT_PARSER
  C:477EH         LINE#         85
  C:477EH         LINE#         86
  C:477EH         LINE#         89
  C:4780H         LINE#         90
  C:4782H         LINE#         91
  C:4784H         LINE#         94
  C:4787H         LINE#         97
  C:478AH         LINE#         101
  C:478DH         LINE#         105
  C:4790H         LINE#         106
  C:4792H         LINE#         107
  C:4794H         LINE#         108
  C:4797H         LINE#         109
  C:479AH         LINE#         110
  C:479CH         LINE#         112
  C:479EH         LINE#         113
  -------         ENDPROC       INIT_PARSER
  -------         PROC          _USART_RECEIVE
  X:0019H         SYMBOL        read_byte
  C:4678H         LINE#         115
  C:4683H         LINE#         116
  C:4683H         LINE#         117
  C:4686H         LINE#         118
  C:4686H         LINE#         119
  C:4696H         LINE#         120
  C:4698H         LINE#         121
  C:4699H         LINE#         122
  C:46A9H         LINE#         123
  C:46A9H         LINE#         124
  -------         ENDPROC       _USART_RECEIVE
  -------         PROC          _USART_SEND
  X:00F5H         SYMBOL        ch
  C:48BDH         LINE#         126
  C:48C2H         LINE#         127
  C:48C2H         LINE#         128
  C:48C9H         LINE#         129
  C:48CCH         LINE#         130
  C:48CEH         LINE#         131
  -------         ENDPROC       _USART_SEND
  -------         PROC          _USART_PRINT
  X:00F1H         SYMBOL        str
  -------         DO            
  X:00F4H         SYMBOL        i
BL51 BANKED LINKER/LOCATER V6.22                                                      04/17/2019  14:21:03  PAGE 19


  -------         ENDDO         
  C:4210H         LINE#         141
  C:421BH         LINE#         142
  C:421BH         LINE#         143
  C:4220H         LINE#         144
  C:4241H         LINE#         145
  C:4241H         LINE#         146
  C:425DH         LINE#         147
  C:4265H         LINE#         148
  -------         ENDPROC       _USART_PRINT
  -------         PROC          _CMD_PARSER_PROCESS
  X:0012H         SYMBOL        result
  C:4351H         LINE#         152
  C:435CH         LINE#         153
  C:435CH         LINE#         167
  C:436FH         LINE#         168
  C:436FH         LINE#         169
  C:436FH         LINE#         170
  C:437DH         LINE#         171
  C:437EH         LINE#         172
  C:437EH         LINE#         173
  C:438CH         LINE#         174
  C:438DH         LINE#         175
  C:438DH         LINE#         176
  C:439BH         LINE#         177
  C:439BH         LINE#         179
  C:439BH         LINE#         181
  -------         ENDPROC       _CMD_PARSER_PROCESS
  -------         PROC          _WAIT
  X:0015H         SYMBOL        parser_result
  -------         DO            
  X:0018H         SYMBOL        read_byte
  -------         ENDDO         
  C:3C58H         LINE#         183
  C:3C63H         LINE#         184
  C:3C63H         LINE#         185
  C:3C69H         LINE#         188
  C:3C72H         LINE#         191
  C:3C88H         LINE#         194
  C:3C92H         LINE#         195
  C:3C9BH         LINE#         196
  C:3C9BH         LINE#         199
  C:3CB1H         LINE#         200
  C:3CB7H         LINE#         202
  C:3CC8H         LINE#         203
  C:3CCEH         LINE#         204
  C:3CCFH         LINE#         205
  C:3CD7H         LINE#         206
  C:3CEDH         LINE#         207
  C:3CF3H         LINE#         208
  C:3CF3H         LINE#         209
  C:3CF3H         LINE#         210
  -------         ENDPROC       _WAIT
  -------         PROC          _GET_COMMAND
  X:0015H         SYMBOL        parser_result
  C:458EH         LINE#         213
  C:4599H         LINE#         214
BL51 BANKED LINKER/LOCATER V6.22                                                      04/17/2019  14:21:03  PAGE 20


  C:4599H         LINE#         216
  C:45AAH         LINE#         217
  C:45AAH         LINE#         219
  C:45ADH         LINE#         220
  C:45AFH         LINE#         221
  C:45B2H         LINE#         222
  C:45B2H         LINE#         225
  C:45C6H         LINE#         226
  C:45CBH         LINE#         228
  C:45D0H         LINE#         229
  -------         ENDPROC       _GET_COMMAND
  -------         PROC          _PARSE
  X:0018H         SYMBOL        parser_result
  -------         DO            
  X:001BH         SYMBOL        commands_data
  X:00E3H         SYMBOL        data_index
  X:00E4H         SYMBOL        ptr
  X:00E5H         SYMBOL        reading_ptr
  X:00E6H         SYMBOL        ret
  X:00E7H         SYMBOL        c
  X:00E8H         SYMBOL        i
  X:00E9H         SYMBOL        run
  X:00EAH         SYMBOL        cmd_packet
  -------         ENDDO         
  C:237CH         LINE#         232
  C:2387H         LINE#         233
  C:2387H         LINE#         237
  C:2396H         LINE#         238
  C:239BH         LINE#         239
  C:23A5H         LINE#         240
  C:23ABH         LINE#         249
  C:23B6H         LINE#         250
  C:23B6H         LINE#         251
  C:23CCH         LINE#         254
  C:23E2H         LINE#         255
  C:23E2H         LINE#         256
  C:23E2H         LINE#         259
  C:23E8H         LINE#         260
  C:23EDH         LINE#         261
  C:23EFH         LINE#         263
  C:23EFH         LINE#         266
  C:23F5H         LINE#         267
  C:23FAH         LINE#         268
  C:23FCH         LINE#         271
  C:23FCH         LINE#         274
  C:2401H         LINE#         275
  C:2403H         LINE#         277
  C:2403H         LINE#         278
  C:242CH         LINE#         279
  C:2432H         LINE#         280
  C:2432H         LINE#         282
  C:2438H         LINE#         283
  C:243BH         LINE#         287
  C:244CH         LINE#         288
  C:2456H         LINE#         289
  C:2475H         LINE#         293
  C:248AH         LINE#         294
BL51 BANKED LINKER/LOCATER V6.22                                                      04/17/2019  14:21:03  PAGE 21


  C:248AH         LINE#         295
  C:24CDH         LINE#         296
  C:24CDH         LINE#         298
  C:250EH         LINE#         299
  C:250EH         LINE#         300
  C:2514H         LINE#         301
  C:2516H         LINE#         302
  C:251FH         LINE#         303
  C:2524H         LINE#         304
  C:2524H         LINE#         311
  C:2524H         LINE#         312
  C:252DH         LINE#         315
  C:253CH         LINE#         319
  C:2541H         LINE#         320
  -------         ENDPROC       _PARSE
  -------         PROC          VALID_CMD_FLAG
  C:48F3H         LINE#         322
  C:48F3H         LINE#         323
  C:48F3H         LINE#         324
  C:48F8H         LINE#         325
  C:48FDH         LINE#         326
  C:4902H         LINE#         327
  -------         ENDPROC       VALID_CMD_FLAG
  -------         PROC          ERROR_CMD_FLAG
  C:4903H         LINE#         329
  C:4903H         LINE#         330
  C:4903H         LINE#         331
  C:4908H         LINE#         332
  C:490DH         LINE#         333
  C:4912H         LINE#         334
  -------         ENDPROC       ERROR_CMD_FLAG
  -------         ENDMOD        COMMANDS_PARSER

  -------         MODULE        MAIN
  C:0000H         SYMBOL        _ICE_DUMMY_
  D:0090H         PUBLIC        P1
  B:00A8H.7       PUBLIC        EA
  D:00E8H         PUBLIC        ADC0CN
  D:00A8H         PUBLIC        IE
  X:025AH         PUBLIC        parser_result
  D:00D8H         PUBLIC        PCA0CN
  D:00B8H         PUBLIC        IP
  D:00FFH         PUBLIC        Reg
  D:00E3H         PUBLIC        XBR2
  X:0261H         PUBLIC        informations
  X:027BH         PUBLIC        dd_packet
  D:00C0H         PUBLIC        SMB0CN
  C:2542H         PUBLIC        main
  X:0286H         PUBLIC        spi_packet
  D:00F8H         PUBLIC        SPI0CN
  D:0088H         PUBLIC        TCON
  C:0030H         PUBLIC        enable_general_Int
  D:00B2H         PUBLIC        OSCICN
  D:00B1H         PUBLIC        OSCXCN
  X:028FH         PUBLIC        commands
  C:4913H         PUBLIC        Init_External_clk
  D:0098H         PUBLIC        SCON0
BL51 BANKED LINKER/LOCATER V6.22                                                      04/17/2019  14:21:03  PAGE 22


  D:00C8H         PUBLIC        T2CON
  C:4949H         PUBLIC        Enable_Crossbar
  D:008EH         PUBLIC        CKCON
  D:00D0H         PUBLIC        PSW
  -------         PROC          INIT_EXTERNAL_CLK
  C:4913H         LINE#         99
  C:4913H         LINE#         100
  C:4913H         LINE#         102
  C:4916H         LINE#         103
  C:491BH         LINE#         106
  C:491EH         LINE#         108
  C:4921H         LINE#         109
  -------         ENDPROC       INIT_EXTERNAL_CLK
  -------         PROC          ENABLE_CROSSBAR
  C:4949H         LINE#         111
  C:4949H         LINE#         112
  C:4949H         LINE#         114
  C:494CH         LINE#         115
  -------         ENDPROC       ENABLE_CROSSBAR
  -------         PROC          ENABLE_GENERAL_INT
  C:0030H         LINE#         117
  C:0030H         LINE#         118
  C:0030H         LINE#         119
  C:0032H         LINE#         120
  -------         ENDPROC       ENABLE_GENERAL_INT
  -------         PROC          MAIN
  -------         DO            
  X:0000H         SYMBOL        mes
  X:000AH         SYMBOL        f
  X:000EH         SYMBOL        angle
  X:0010H         SYMBOL        ij
  -------         ENDDO         
  C:2542H         LINE#         123
  C:2542H         LINE#         124
  C:2542H         LINE#         126
  C:254CH         LINE#         127
  C:2555H         LINE#         128
  C:255DH         LINE#         131
  C:2560H         LINE#         132
  C:2563H         LINE#         135
  C:2566H         LINE#         138
  C:2569H         LINE#         141
  C:256CH         LINE#         143
  C:256FH         LINE#         145
  C:2572H         LINE#         147
  C:2575H         LINE#         149
  C:2578H         LINE#         151
  C:2581H         LINE#         152
  C:258AH         LINE#         158
  C:2593H         LINE#         162
  C:2593H         LINE#         163
  C:2593H         LINE#         165
  C:259CH         LINE#         167
  C:25AFH         LINE#         168
  C:25AFH         LINE#         169
  C:25B8H         LINE#         170
  C:25BBH         LINE#         171
BL51 BANKED LINKER/LOCATER V6.22                                                      04/17/2019  14:21:03  PAGE 23


  C:25BBH         LINE#         173
  C:25D2H         LINE#         174
  C:25D2H         LINE#         177
  C:25DBH         LINE#         180
  C:25E4H         LINE#         182
  C:260AH         LINE#         186
  C:2624H         LINE#         187
  C:2624H         LINE#         188
  C:262DH         LINE#         189
  C:2667H         LINE#         190
  C:2670H         LINE#         191
  C:267FH         LINE#         192
  C:2694H         LINE#         193
  C:2694H         LINE#         195
  C:26B1H         LINE#         196
  C:26B1H         LINE#         197
  C:26BAH         LINE#         198
  C:26CFH         LINE#         199
  C:26CFH         LINE#         201
  C:26D2H         LINE#         202
  C:26D2H         LINE#         203
  C:26E7H         LINE#         204
  C:26E7H         LINE#         206
  C:26EAH         LINE#         208
  C:26F3H         LINE#         210
  -------         ENDPROC       MAIN
  -------         ENDMOD        MAIN

  -------         MODULE        SERIALIZER
  C:0000H         SYMBOL        _ICE_DUMMY_
  X:02B2H         PUBLIC        serializer_state_machine
  D:0090H         PUBLIC        P1
  X:02CAH         PUBLIC        is_processing
  X:02CBH         PUBLIC        robot_position
  C:4643H         PUBLIC        _serializer_receive
  D:00E8H         PUBLIC        ADC0CN
  D:00A8H         PUBLIC        IE
  C:4829H         PUBLIC        serializer_clear_serial
  C:402CH         PUBLIC        _rotate
  D:00D8H         PUBLIC        PCA0CN
  D:00B8H         PUBLIC        IP
  D:00E3H         PUBLIC        XBR2
  C:000EH         PUBLIC        _idle
  C:3B14H         PUBLIC        _moveAngle
  D:00E5H         PUBLIC        RCAP4H
  D:00C0H         PUBLIC        SMB0CN
  C:1EF0H         PUBLIC        _serializer_process
  C:48CFH         PUBLIC        init_serializer_UART1
  D:00E4H         PUBLIC        RCAP4L
  D:00F8H         PUBLIC        SPI0CN
  D:0088H         PUBLIC        TCON
  X:02D0H         PUBLIC        pids_timer
  C:4811H         PUBLIC        serializer_init_serial
  C:3868H         PUBLIC        is_PID_processing
  C:42ACH         SYMBOL        _?ix1000
  C:42B1H         SYMBOL        _?ix1001
  X:02D2H         PUBLIC        serializer_state
BL51 BANKED LINKER/LOCATER V6.22                                                      04/17/2019  14:21:03  PAGE 24


  C:1BD7H         PUBLIC        _idle_next_state
  C:46DCH         PUBLIC        _stop
  C:48E1H         PUBLIC        _UART_send
  B:0098H.1       PUBLIC        TI0
  C:4857H         PUBLIC        _serializer_send
  C:415DH         PUBLIC        _serializer_print
  C:2BBDH         PUBLIC        _navigate
  C:3A6EH         PUBLIC        _translate
  C:4098H         PUBLIC        _setMotors
  D:0099H         PUBLIC        SBUF0
  D:00F2H         PUBLIC        SBUF1
  D:0098H         PUBLIC        SCON0
  D:00F1H         PUBLIC        SCON1
  D:00C8H         PUBLIC        T2CON
  D:00C9H         PUBLIC        T4CON
  X:02D3H         PUBLIC        is_navigating
  D:00D0H         PUBLIC        PSW
  C:332EH         PUBLIC        _moveTo
  -------         PROC          INIT_SERIALIZER_UART1
  C:48CFH         LINE#         37
  C:48CFH         LINE#         38
  C:48CFH         LINE#         41
  C:48D2H         LINE#         45
  C:48D5H         LINE#         48
  C:48D8H         LINE#         50
  C:48DBH         LINE#         51
  C:48DEH         LINE#         53
  C:48E0H         LINE#         54
  -------         ENDPROC       INIT_SERIALIZER_UART1
  -------         PROC          _SERIALIZER_RECEIVE
  X:004DH         SYMBOL        read_byte
  C:4643H         LINE#         56
  C:464EH         LINE#         57
  C:464EH         LINE#         58
  C:4653H         LINE#         59
  C:4653H         LINE#         60
  C:4663H         LINE#         61
  C:4666H         LINE#         62
  C:4667H         LINE#         63
  C:4677H         LINE#         64
  C:4677H         LINE#         65
  -------         ENDPROC       _SERIALIZER_RECEIVE
  -------         PROC          _SERIALIZER_SEND
  X:0051H         SYMBOL        ch
  C:4857H         LINE#         67
  C:485CH         LINE#         68
  C:485CH         LINE#         69
  C:4863H         LINE#         70
  C:4868H         LINE#         71
  C:486BH         LINE#         72
  -------         ENDPROC       _SERIALIZER_SEND
  -------         PROC          _UART_SEND
  X:004DH         SYMBOL        ch
  C:48E1H         LINE#         74
  C:48E6H         LINE#         75
  C:48E6H         LINE#         76
  C:48EDH         LINE#         77
BL51 BANKED LINKER/LOCATER V6.22                                                      04/17/2019  14:21:03  PAGE 25


  C:48F0H         LINE#         78
  C:48F2H         LINE#         79
  -------         ENDPROC       _UART_SEND
  -------         PROC          _SERIALIZER_PRINT
  X:004DH         SYMBOL        str
  -------         DO            
  X:0050H         SYMBOL        i
  -------         ENDDO         
  C:415DH         LINE#         81
  C:4168H         LINE#         82
  C:4168H         LINE#         83
  C:416DH         LINE#         84
  C:418EH         LINE#         85
  C:418EH         LINE#         87
  C:41AAH         LINE#         88
  C:41B2H         LINE#         90
  C:41B7H         LINE#         92
  -------         ENDPROC       _SERIALIZER_PRINT
  -------         PROC          SERIALIZER_INIT_SERIAL
  -------         DO            
  X:0300H         SYMBOL        c
  -------         ENDDO         
  C:4811H         LINE#         94
  C:4811H         LINE#         95
  C:4811H         LINE#         96
  C:4816H         LINE#         98
  C:4816H         LINE#         99
  C:481FH         LINE#         101
  C:4828H         LINE#         103
  -------         ENDPROC       SERIALIZER_INIT_SERIAL
  -------         PROC          SERIALIZER_CLEAR_SERIAL
  -------         DO            
  X:003AH         SYMBOL        c
  -------         ENDDO         
  C:4829H         LINE#         105
  C:4829H         LINE#         106
  C:4829H         LINE#         107
  C:482EH         LINE#         110
  C:482EH         LINE#         111
  C:4837H         LINE#         113
  C:4840H         LINE#         115
  -------         ENDPROC       SERIALIZER_CLEAR_SERIAL
  -------         PROC          _SERIALIZER_PROCESS
  X:0012H         SYMBOL        parser
  -------         DO            
  X:0015H         SYMBOL        pts
  -------         ENDDO         
  C:1EF0H         LINE#         124
  C:1EFBH         LINE#         125
  C:1EFBH         LINE#         126
  C:1F20H         LINE#         129
  C:1F42H         LINE#         130
  C:1F42H         LINE#         131
  C:1F48H         LINE#         132
  C:1F4DH         LINE#         133
  C:1F6BH         LINE#         134
  C:1F6EH         LINE#         135
BL51 BANKED LINKER/LOCATER V6.22                                                      04/17/2019  14:21:03  PAGE 26


  C:1F92H         LINE#         136
  C:1F92H         LINE#         138
  C:1FB1H         LINE#         139
  C:1FB1H         LINE#         140
  C:1FB1H         LINE#         141
  C:1FE5H         LINE#         142
  C:1FE8H         LINE#         144
  C:1FE8H         LINE#         145
  C:1FF1H         LINE#         146
  C:1FF1H         LINE#         147
  C:1FF7H         LINE#         148
  C:1FFAH         LINE#         150
  C:1FFAH         LINE#         151
  C:2000H         LINE#         152
  C:2000H         LINE#         153
  C:2003H         LINE#         155
  C:2003H         LINE#         157
  C:200CH         LINE#         158
  C:200CH         LINE#         159
  C:2012H         LINE#         160
  C:2015H         LINE#         162
  C:2015H         LINE#         163
  C:201BH         LINE#         164
  C:201BH         LINE#         165
  C:201EH         LINE#         167
  C:201EH         LINE#         168
  C:2027H         LINE#         169
  C:2027H         LINE#         170
  C:202DH         LINE#         171
  C:2030H         LINE#         173
  C:2030H         LINE#         174
  C:204FH         LINE#         175
  C:206DH         LINE#         176
  C:2095H         LINE#         177
  C:20B8H         LINE#         178
  C:20DBH         LINE#         179
  C:20FEH         LINE#         180
  C:2103H         LINE#         181
  C:2103H         LINE#         182
  C:2105H         LINE#         184
  C:2105H         LINE#         185
  C:210EH         LINE#         186
  C:210EH         LINE#         187
  C:2114H         LINE#         188
  C:2116H         LINE#         190
  C:2116H         LINE#         191
  C:211CH         LINE#         192
  C:211CH         LINE#         193
  C:211EH         LINE#         195
  C:211EH         LINE#         196
  C:2126H         LINE#         197
  C:2126H         LINE#         198
  C:212BH         LINE#         199
  C:2149H         LINE#         200
  C:214BH         LINE#         201
  C:214BH         LINE#         202
  C:2151H         LINE#         203
BL51 BANKED LINKER/LOCATER V6.22                                                      04/17/2019  14:21:03  PAGE 27


  C:2151H         LINE#         204
  C:2153H         LINE#         206
  C:2153H         LINE#         207
  C:2159H         LINE#         208
  C:215BH         LINE#         210
  C:215BH         LINE#         212
  C:215DH         LINE#         213
  C:2162H         LINE#         214
  C:2162H         LINE#         216
  C:2196H         LINE#         217
  -------         ENDPROC       _SERIALIZER_PROCESS
  -------         PROC          _IDLE_NEXT_STATE
  X:001AH         SYMBOL        cmd
  X:001DH         SYMBOL        pts
  C:1BD7H         LINE#         219
  C:1BE2H         LINE#         220
  C:1BE2H         LINE#         221
  C:1C1DH         LINE#         222
  C:1C1DH         LINE#         223
  C:1C1DH         LINE#         224
  C:1C23H         LINE#         225
  C:1C33H         LINE#         226
  C:1C5DH         LINE#         227
  C:1C5EH         LINE#         229
  C:1C5EH         LINE#         230
  C:1C64H         LINE#         231
  C:1C74H         LINE#         232
  C:1C9EH         LINE#         233
  C:1C9FH         LINE#         235
  C:1C9FH         LINE#         236
  C:1CA5H         LINE#         237
  C:1CB4H         LINE#         238
  C:1CC9H         LINE#         240
  C:1CCAH         LINE#         242
  C:1CCAH         LINE#         243
  C:1CD0H         LINE#         244
  C:1CE9H         LINE#         245
  C:1CFFH         LINE#         246
  C:1D00H         LINE#         248
  C:1D00H         LINE#         249
  C:1D06H         LINE#         250
  C:1D1EH         LINE#         251
  C:1D34H         LINE#         252
  C:1D35H         LINE#         254
  C:1D35H         LINE#         255
  C:1D3BH         LINE#         256
  C:1D54H         LINE#         257
  C:1D6AH         LINE#         258
  C:1D6BH         LINE#         260
  C:1D6BH         LINE#         261
  C:1D71H         LINE#         262
  C:1D89H         LINE#         263
  C:1D9FH         LINE#         264
  C:1DA0H         LINE#         266
  C:1DA0H         LINE#         267
  C:1DA6H         LINE#         268
  C:1DDBH         LINE#         269
BL51 BANKED LINKER/LOCATER V6.22                                                      04/17/2019  14:21:03  PAGE 28


  C:1DF1H         LINE#         270
  C:1DF2H         LINE#         272
  C:1DF2H         LINE#         273
  C:1DF8H         LINE#         274
  C:1E26H         LINE#         275
  C:1E3CH         LINE#         276
  C:1E3DH         LINE#         278
  C:1E3DH         LINE#         279
  C:1E43H         LINE#         280
  C:1E71H         LINE#         281
  C:1E95H         LINE#         282
  C:1EBFH         LINE#         283
  C:1EE9H         LINE#         284
  C:1EEAH         LINE#         286
  C:1EEAH         LINE#         287
  C:1EEFH         LINE#         288
  C:1EEFH         LINE#         289
  C:1EEFH         LINE#         291
  -------         ENDPROC       _IDLE_NEXT_STATE
  -------         PROC          _IDLE
  X:0000H         SYMBOL        pts
  C:000EH         LINE#         293
  C:0019H         LINE#         294
  C:0019H         LINE#         296
  C:002FH         LINE#         299
  -------         ENDPROC       _IDLE
  -------         PROC          _TRANSLATE
  X:0000H         SYMBOL        pts
  -------         DO            
  X:0003H         SYMBOL        speed
  -------         ENDDO         
  C:3A6EH         LINE#         302
  C:3A79H         LINE#         303
  C:3A79H         LINE#         304
  C:3A7FH         LINE#         306
  C:3A8AH         LINE#         307
  C:3A8AH         LINE#         308
  C:3AA2H         LINE#         309
  C:3AA2H         LINE#         310
  C:3ABCH         LINE#         311
  C:3ABCH         LINE#         313
  C:3B0DH         LINE#         314
  C:3B13H         LINE#         315
  C:3B13H         LINE#         317
  -------         ENDPROC       _TRANSLATE
  -------         PROC          _ROTATE
  X:0008H         SYMBOL        pts
  -------         DO            
  X:000BH         SYMBOL        sens
  -------         ENDDO         
  C:402CH         LINE#         319
  C:4037H         LINE#         320
  C:4037H         LINE#         321
  C:403CH         LINE#         323
  C:4044H         LINE#         324
  C:4044H         LINE#         327
  C:405EH         LINE#         328
BL51 BANKED LINKER/LOCATER V6.22                                                      04/17/2019  14:21:03  PAGE 29


  C:4064H         LINE#         329
  C:4065H         LINE#         330
  C:4065H         LINE#         332
  C:4078H         LINE#         333
  C:4078H         LINE#         334
  C:4080H         LINE#         335
  C:4088H         LINE#         336
  C:4089H         LINE#         337
  C:4089H         LINE#         338
  C:4097H         LINE#         339
  C:4097H         LINE#         340
  C:4097H         LINE#         341
  -------         ENDPROC       _ROTATE
  -------         PROC          _NAVIGATE
  X:0000H         SYMBOL        pts
  -------         DO            
  X:02AFH         SYMBOL        navigation_step
  X:02B0H         SYMBOL        target_angle
  X:0003H         SYMBOL        temp_pts
  -------         ENDDO         
  C:2BBDH         LINE#         343
  C:2BC8H         LINE#         344
  C:2BC8H         LINE#         347
  C:2BEDH         LINE#         349
  C:2C06H         LINE#         350
  C:2C06H         LINE#         351
  C:2C06H         LINE#         353
  C:2C0CH         LINE#         354
  C:2C1CH         LINE#         355
  C:2C32H         LINE#         356
  C:2C61H         LINE#         357
  C:2C8FH         LINE#         359
  C:2C95H         LINE#         360
  C:2C9BH         LINE#         361
  C:2CA4H         LINE#         362
  C:2CA5H         LINE#         364
  C:2CA5H         LINE#         370
  C:2CABH         LINE#         371
  C:2CB1H         LINE#         372
  C:2CB7H         LINE#         373
  C:2CBDH         LINE#         374
  C:2CC3H         LINE#         375
  C:2CCCH         LINE#         376
  C:2CCDH         LINE#         378
  C:2CCDH         LINE#         379
  C:2CFBH         LINE#         380
  C:2D01H         LINE#         381
  C:2D07H         LINE#         382
  C:2D10H         LINE#         383
  C:2D11H         LINE#         385
  C:2D11H         LINE#         386
  C:2D16H         LINE#         387
  C:2D1BH         LINE#         388
  C:2D23H         LINE#         389
  C:2D23H         LINE#         391
  C:2D23H         LINE#         394
  -------         ENDPROC       _NAVIGATE
BL51 BANKED LINKER/LOCATER V6.22                                                      04/17/2019  14:21:03  PAGE 30


  -------         PROC          _SETMOTORS
  X:0004H         SYMBOL        mtr_speed_1
  X:0006H         SYMBOL        mtr_speed_2
  -------         DO            
  X:0008H         SYMBOL        cmd
  -------         ENDDO         
  C:4098H         LINE#         396
  C:40A8H         LINE#         397
  C:40A8H         LINE#         400
  C:40EEH         LINE#         402
  C:40F7H         LINE#         404
  C:40FAH         LINE#         405
  -------         ENDPROC       _SETMOTORS
  -------         PROC          _MOVETO
  X:0008H         SYMBOL        pts
  -------         DO            
  X:000BH         SYMBOL        cmd
  X:0033H         SYMBOL        distance_in_tick
  -------         ENDDO         
  C:332EH         LINE#         407
  C:3339H         LINE#         408
  C:3339H         LINE#         410
  C:3341H         LINE#         412
  C:334CH         LINE#         413
  C:334CH         LINE#         414
  C:337EH         LINE#         415
  C:33A0H         LINE#         419
  C:33E6H         LINE#         421
  C:33EFH         LINE#         422
  C:33F2H         LINE#         424
  C:33F8H         LINE#         425
  C:33F9H         LINE#         426
  C:33F9H         LINE#         428
  C:340CH         LINE#         429
  C:340CH         LINE#         430
  C:3414H         LINE#         431
  C:341CH         LINE#         432
  C:341DH         LINE#         433
  C:341DH         LINE#         434
  C:342BH         LINE#         435
  C:342BH         LINE#         436
  C:342BH         LINE#         437
  -------         ENDPROC       _MOVETO
  -------         PROC          _MOVEANGLE
  X:000CH         SYMBOL        angle
  -------         DO            
  X:000EH         SYMBOL        cmd
  X:0036H         SYMBOL        distance_in_tick
  X:0038H         SYMBOL        r_dist
  -------         ENDDO         
  C:3B14H         LINE#         439
  C:3B1CH         LINE#         440
  C:3B1CH         LINE#         442
  C:3B2CH         LINE#         444
  C:3B4EH         LINE#         446
  C:3B65H         LINE#         448
  C:3BABH         LINE#         449
BL51 BANKED LINKER/LOCATER V6.22                                                      04/17/2019  14:21:03  PAGE 31


  C:3BB4H         LINE#         450
  C:3BB7H         LINE#         453
  -------         ENDPROC       _MOVEANGLE
  -------         PROC          _STOP
  X:0000H         SYMBOL        pts
  C:46DCH         LINE#         455
  C:46E7H         LINE#         456
  C:46E7H         LINE#         458
  C:46FDH         LINE#         460
  C:4706H         LINE#         461
  C:4709H         LINE#         463
  -------         ENDPROC       _STOP
  -------         PROC          IS_PID_PROCESSING
  -------         DO            
  X:0035H         SYMBOL        result
  X:0049H         SYMBOL        pid_state
  X:004BH         SYMBOL        ptr
  X:004CH         SYMBOL        c
  -------         ENDDO         
  C:3868H         LINE#         521
  C:3868H         LINE#         522
  C:3868H         LINE#         524
  C:3871H         LINE#         525
  C:3876H         LINE#         526
  C:387BH         LINE#         528
  C:3884H         LINE#         531
  C:3884H         LINE#         532
  C:388DH         LINE#         533
  C:3897H         LINE#         534
  C:3897H         LINE#         535
  C:38B3H         LINE#         536
  C:38B9H         LINE#         537
  C:38C1H         LINE#         538
  C:38C1H         LINE#         539
  C:38CAH         LINE#         541
  C:3901H         LINE#         543
  C:3910H         LINE#         545
  C:3918H         LINE#         546
  -------         ENDPROC       IS_PID_PROCESSING
  -------         ENDMOD        SERIALIZER

  -------         MODULE        MOTION
  C:0000H         SYMBOL        _ICE_DUMMY_
  C:45D1H         PUBLIC        _distance
  C:3D8BH         PUBLIC        _angle_target
  C:0B97H         PUBLIC        _delta_angle
  -------         PROC          _ANGLE_TARGET
  X:0008H         SYMBOL        x_target
  X:0009H         SYMBOL        y_target
  -------         DO            
  X:000AH         SYMBOL        f_angle
  X:000EH         SYMBOL        angle
  -------         ENDDO         
  C:3D8BH         LINE#         5
  C:3D95H         LINE#         6
  C:3D95H         LINE#         7
  C:3D9FH         LINE#         8
BL51 BANKED LINKER/LOCATER V6.22                                                      04/17/2019  14:21:03  PAGE 32


  C:3DA7H         LINE#         10
  C:3DD5H         LINE#         11
  C:3DFFH         LINE#         13
  C:3E18H         LINE#         15
  C:3E20H         LINE#         16
  -------         ENDPROC       _ANGLE_TARGET
  -------         PROC          _DELTA_ANGLE
  X:0008H         SYMBOL        alpha
  X:000BH         SYMBOL        beta
  -------         DO            
  X:000EH         SYMBOL        angle
  -------         ENDDO         
  C:0B97H         LINE#         19
  C:0BA2H         LINE#         20
  C:0BA2H         LINE#         21
  C:0BAAH         LINE#         42
  C:0BDAH         LINE#         43
  C:0BDAH         LINE#         44
  C:0C0CH         LINE#         45
  C:0C0CH         LINE#         46
  C:0C46H         LINE#         47
  C:0C46H         LINE#         48
  C:0CF0H         LINE#         49
  C:0CF3H         LINE#         50
  C:0CF3H         LINE#         51
  C:0DADH         LINE#         52
  C:0DADH         LINE#         53
  C:0DB0H         LINE#         55
  C:0DB0H         LINE#         56
  C:0DEAH         LINE#         57
  C:0DEAH         LINE#         58
  C:0E9BH         LINE#         59
  C:0E9EH         LINE#         60
  C:0E9EH         LINE#         61
  C:0F51H         LINE#         62
  C:0F51H         LINE#         63
  C:0F51H         LINE#         64
  C:0F54H         LINE#         65
  C:0F54H         LINE#         66
  C:0F86H         LINE#         67
  C:0F86H         LINE#         68
  C:101AH         LINE#         69
  C:101DH         LINE#         71
  C:101DH         LINE#         72
  C:10B8H         LINE#         73
  C:10B8H         LINE#         74
  C:10B8H         LINE#         76
  C:10C0H         LINE#         77
  -------         ENDPROC       _DELTA_ANGLE
  -------         PROC          _DISTANCE
  X:0035H         SYMBOL        x
  X:0036H         SYMBOL        y
  C:45D1H         LINE#         79
  C:45DBH         LINE#         80
  C:45DBH         LINE#         82
  C:460AH         LINE#         83
  -------         ENDPROC       _DISTANCE
BL51 BANKED LINKER/LOCATER V6.22                                                      04/17/2019  14:21:03  PAGE 33


  -------         ENDMOD        MOTION

  -------         MODULE        DISTANCE_DETECTOR
  C:0000H         SYMBOL        _ICE_DUMMY_
  D:0090H         PUBLIC        P1
  D:00BCH         PUBLIC        ADC0CF
  B:00A8H.7       PUBLIC        EA
  C:4931H         PUBLIC        Init_distance_detector
  C:42B6H         PUBLIC        dd_start_conversion
  D:00E8H         PUBLIC        ADC0CN
  D:00D4H         PUBLIC        DAC0CN
  C:3CF4H         PUBLIC        _dd_slew_detection
  D:00A5H         PUBLIC        P1MDOUT
  D:00A8H         PUBLIC        IE
  B:0090H.2       PUBLIC        P1_2
  C:4922H         PUBLIC        dd_init_timer0
  D:00D8H         PUBLIC        PCA0CN
  D:00B8H         PUBLIC        IP
  X:02DDH         PUBLIC        dd_full_state_machine
  D:00D1H         PUBLIC        REF0CN
  B:00E8H.5       PUBLIC        AD0INT
  D:00C0H         PUBLIC        SMB0CN
  D:00F8H         PUBLIC        SPI0CN
  D:0089H         PUBLIC        TMOD
  D:0088H         PUBLIC        TCON
  X:02F1H         PUBLIC        dd_current_state
  D:00BBH         PUBLIC        AMX0SL
  C:460BH         PUBLIC        _dd_move_servo_h
  C:41B8H         PUBLIC        dd_mesure
  X:02F2H         PUBLIC        servo_angle_H
  C:3E21H         PUBLIC        _dd_idle
  B:00A8H.1       PUBLIC        ET0
  D:008CH         PUBLIC        TH0
  D:008AH         PUBLIC        TL0
  B:0088H.4       PUBLIC        TR0
  C:342CH         PUBLIC        timer_0_int
  C:47F8H         PUBLIC        _dd_set_angle
[...]
  C:3D32H         LINE#         198
  C:3D38H         LINE#         199
  C:3D39H         LINE#         200
  C:3D39H         LINE#         201
BL51 BANKED LINKER/LOCATER V6.22                                                      04/17/2019  14:21:03  PAGE 36


  C:3D57H         LINE#         202
  C:3D64H         LINE#         203
  C:3D6DH         LINE#         204
  C:3D6DH         LINE#         205
  C:3D73H         LINE#         206
  C:3D73H         LINE#         207
  C:3D79H         LINE#         208
  C:3D7AH         LINE#         209
  C:3D7AH         LINE#         210
  C:3D80H         LINE#         211
  C:3D85H         LINE#         212
  C:3D8AH         LINE#         213
  C:3D8AH         LINE#         214
  C:3D8AH         LINE#         215
  -------         ENDPROC       _DD_SLEW_DETECTION
  -------         PROC          _DD_SET_ANGLE
  X:0003H         SYMBOL        angle
  C:47F8H         LINE#         217
  C:4800H         LINE#         218
  C:4800H         LINE#         219
  C:4810H         LINE#         220
  -------         ENDPROC       _DD_SET_ANGLE
  -------         PROC          DD_MESURE
  -------         DO            
  X:0018H         SYMBOL        d
  X:001CH         SYMBOL        V_mes
  -------         ENDDO         
  C:41B8H         LINE#         223
  C:41B8H         LINE#         229
  C:41BBH         LINE#         230
  C:41BEH         LINE#         232
  C:41D7H         LINE#         235
  C:4201H         LINE#         238
  C:420FH         LINE#         240
  -------         ENDPROC       DD_MESURE
  -------         PROC          DD_START_CONVERSION
  -------         DO            
  X:0012H         SYMBOL        conv
  X:0016H         SYMBOL        j
  -------         ENDDO         
  C:42B6H         LINE#         243
  C:42B6H         LINE#         246
  C:42B8H         LINE#         247
  C:42BAH         LINE#         248
  C:42BDH         LINE#         249
  C:42BFH         LINE#         251
  C:42E8H         LINE#         253
  C:42EAH         LINE#         254
  C:42ECH         LINE#         255
  C:42F5H         LINE#         256
  C:42F7H         LINE#         258
  C:4305H         LINE#         259
  -------         ENDPROC       DD_START_CONVERSION
  -------         ENDMOD        DISTANCE_DETECTOR

  -------         MODULE        SPI_MASTER
  C:0000H         SYMBOL        _ICE_DUMMY_
BL51 BANKED LINKER/LOCATER V6.22                                                      04/17/2019  14:21:03  PAGE 37


  D:009DH         PUBLIC        SPI0CKR
  D:0090H         PUBLIC        P1
  X:02F5H         PUBLIC        spi_data_in
  X:02FAH         PUBLIC        spi_data_out
  D:00E6H         PUBLIC        EIE1
  D:00E8H         PUBLIC        ADC0CN
  D:00A4H         PUBLIC        P0MDOUT
  D:00A5H         PUBLIC        P1MDOUT
  D:00A8H         PUBLIC        IE
  D:00D8H         PUBLIC        PCA0CN
  D:00B8H         PUBLIC        IP
  C:3F41H         PUBLIC        _spi_cmd_light_OFF
  B:00F8H.3       PUBLIC        TXBSY
  D:00E1H         PUBLIC        XBR0
  D:00C0H         PUBLIC        SMB0CN
  C:36CEH         PUBLIC        _spi_transmit
  D:00F8H         PUBLIC        SPI0CN
  C:2197H         PUBLIC        _spi_process
  B:00F8H.7       PUBLIC        SPIF
  D:0088H         PUBLIC        TCON
  X:02FFH         PUBLIC        spi_data_in_ptr
  C:47BEH         PUBLIC        spi_error
  C:4881H         PUBLIC        _spi_send_char
  C:379EH         PUBLIC        _spi_cmd_light_ON
  C:47DDH         PUBLIC        Init_SPI
  D:0098H         PUBLIC        SCON0
  B:0090H.0       PUBLIC        slave_selector
  D:00C8H         PUBLIC        T2CON
  D:009AH         PUBLIC        SPI0CFG
  C:39C5H         PUBLIC        _spi_cmd_servo
  D:009BH         PUBLIC        SPI0DAT
  C:46AAH         PUBLIC        spi_int
  D:00D0H         PUBLIC        PSW
  C:3FB7H         PUBLIC        spi_validate
  -------         PROC          SPI_INT
  C:46AAH         LINE#         30
  C:46B7H         LINE#         33
  C:46B9H         LINE#         36
  C:46CBH         LINE#         38
  C:46D1H         LINE#         40
  -------         ENDPROC       SPI_INT
  -------         PROC          INIT_SPI
  C:47DDH         LINE#         48
  C:47DDH         LINE#         49
  C:47DDH         LINE#         55
  C:47E0H         LINE#         59
  C:47E3H         LINE#         60
  C:47E6H         LINE#         61
  C:47E9H         LINE#         63
  C:47ECH         LINE#         64
  C:47EFH         LINE#         65
  C:47F2H         LINE#         67
  C:47F4H         LINE#         69
  C:47F7H         LINE#         70
  -------         ENDPROC       INIT_SPI
  -------         PROC          _SPI_SEND_CHAR
  X:001DH         SYMBOL        a
BL51 BANKED LINKER/LOCATER V6.22                                                      04/17/2019  14:21:03  PAGE 38


  C:4881H         LINE#         78
  C:4886H         LINE#         79
  C:4888H         LINE#         81
  C:488FH         LINE#         83
  C:4892H         LINE#         85
  C:4894H         LINE#         86
  -------         ENDPROC       _SPI_SEND_CHAR
  -------         PROC          _SPI_TRANSMIT
  X:0018H         SYMBOL        spi_packet
  -------         DO            
  X:001BH         SYMBOL        ptr
  X:001CH         SYMBOL        _delay
  -------         ENDDO         
  C:36CEH         LINE#         88
  C:36D9H         LINE#         89
  C:36D9H         LINE#         90
  C:36DEH         LINE#         91
  C:36E3H         LINE#         94
  C:36F5H         LINE#         95
  C:36FAH         LINE#         98
  C:36FDH         LINE#         100
  C:3708H         LINE#         101
  C:3708H         LINE#         102
  C:372FH         LINE#         103
  C:3735H         LINE#         105
  C:374DH         LINE#         106
  C:374DH         LINE#         109
  C:3750H         LINE#         112
  C:3756H         LINE#         113
  C:3756H         LINE#         114
  C:3759H         LINE#         115
  C:375BH         LINE#         116
  C:375BH         LINE#         117
  C:3771H         LINE#         118
  C:3771H         LINE#         121
  C:378BH         LINE#         123
  C:379DH         LINE#         125
  -------         ENDPROC       _SPI_TRANSMIT
  -------         PROC          _SPI_PROCESS
  X:0012H         SYMBOL        cmd
  X:0015H         SYMBOL        spi_packet
  C:2197H         LINE#         127
  C:21A2H         LINE#         128
  C:21A2H         LINE#         129
  C:21BFH         LINE#         130
  C:21BFH         LINE#         132
  C:21BFH         LINE#         133
  C:21DCH         LINE#         134
  C:21DCH         LINE#         136
  C:21DCH         LINE#         137
  C:21F7H         LINE#         138
  C:21F7H         LINE#         139
  C:2210H         LINE#         140
  C:2210H         LINE#         141
  C:2240H         LINE#         142
  C:2255H         LINE#         143
  C:226BH         LINE#         144
BL51 BANKED LINKER/LOCATER V6.22                                                      04/17/2019  14:21:03  PAGE 39


  C:226EH         LINE#         146
  C:226EH         LINE#         147
  C:229EH         LINE#         148
  C:22B3H         LINE#         149
  C:22C9H         LINE#         150
  C:22C9H         LINE#         151
  C:22CBH         LINE#         152
  C:22E4H         LINE#         153
  C:22E4H         LINE#         154
  C:2314H         LINE#         155
  C:2329H         LINE#         156
  C:233FH         LINE#         157
  C:233FH         LINE#         158
  C:233FH         LINE#         159
  C:233FH         LINE#         161
  C:233FH         LINE#         163
  C:233FH         LINE#         165
  C:233FH         LINE#         167
  C:2358H         LINE#         168
  C:2358H         LINE#         169
  C:2366H         LINE#         170
  C:237BH         LINE#         171
  C:237BH         LINE#         173
  -------         ENDPROC       _SPI_PROCESS
  -------         PROC          _SPI_CMD_SERVO
  X:0018H         SYMBOL        cmd
  X:001BH         SYMBOL        spi_packet
  C:39C5H         LINE#         175
  C:39D0H         LINE#         176
  C:39D0H         LINE#         177
  C:39E6H         LINE#         178
  C:3A10H         LINE#         179
  C:3A43H         LINE#         180
  C:3A58H         LINE#         181
  C:3A6DH         LINE#         182
  -------         ENDPROC       _SPI_CMD_SERVO
  -------         PROC          _SPI_CMD_LIGHT_ON
  X:0018H         SYMBOL        cmd
  X:001BH         SYMBOL        spi_packet
  C:379EH         LINE#         184
  C:37A9H         LINE#         185
  C:37A9H         LINE#         186
  C:37BFH         LINE#         187
  C:37E9H         LINE#         188
  C:3813H         LINE#         189
  C:383DH         LINE#         190
  C:3867H         LINE#         192
  -------         ENDPROC       _SPI_CMD_LIGHT_ON
  -------         PROC          _SPI_CMD_LIGHT_OFF
  X:0018H         SYMBOL        cmd
  X:001BH         SYMBOL        spi_packet
  C:3F41H         LINE#         194
  C:3F4CH         LINE#         195
  C:3F4CH         LINE#         196
  C:3F62H         LINE#         197
  C:3F77H         LINE#         198
  C:3F8CH         LINE#         199
BL51 BANKED LINKER/LOCATER V6.22                                                      04/17/2019  14:21:03  PAGE 40


  C:3FA1H         LINE#         200
  C:3FB6H         LINE#         202
  -------         ENDPROC       _SPI_CMD_LIGHT_OFF
  -------         PROC          SPI_VALIDATE
  -------         DO            
  X:001DH         SYMBOL        hash
  X:001FH         SYMBOL        i
  -------         ENDDO         
  C:3FB7H         LINE#         204
  C:3FB7H         LINE#         205
  C:3FB7H         LINE#         206
  C:3FC7H         LINE#         208
  C:3FE2H         LINE#         209
  C:3FE2H         LINE#         210
  C:4004H         LINE#         211
  C:4014H         LINE#         213
  C:4026H         LINE#         214
  C:4026H         LINE#         215
  C:4029H         LINE#         216
  C:4029H         LINE#         218
  C:4029H         LINE#         219
  C:402BH         LINE#         220
  C:402BH         LINE#         221
  -------         ENDPROC       SPI_VALIDATE
  -------         PROC          SPI_ERROR
  C:47BEH         LINE#         223
  C:47BEH         LINE#         224
  C:47BEH         LINE#         225
  C:47C4H         LINE#         226
  C:47CAH         LINE#         227
  C:47D0H         LINE#         228
  C:47D6H         LINE#         229
  C:47DCH         LINE#         230
  -------         ENDPROC       SPI_ERROR
  -------         ENDMOD        SPI_MASTER

  -------         MODULE        ?C?FPADD
  C:003DH         PUBLIC        ?C?FPADD
  C:0039H         PUBLIC        ?C?FPSUB
  -------         ENDMOD        ?C?FPADD

  -------         MODULE        ?C?FPMUL
  C:012EH         PUBLIC        ?C?FPMUL
  -------         ENDMOD        ?C?FPMUL

  -------         MODULE        ?C?FPDIV
  C:0237H         PUBLIC        ?C?FPDIV
  -------         ENDMOD        ?C?FPDIV

  -------         MODULE        ?C?FCAST
  C:02DEH         PUBLIC        ?C?FCASTC
  C:02D9H         PUBLIC        ?C?FCASTI
  C:02D4H         PUBLIC        ?C?FCASTL
  -------         ENDMOD        ?C?FCAST

  -------         MODULE        ?C?CASTF
  C:0312H         PUBLIC        ?C?CASTF
BL51 BANKED LINKER/LOCATER V6.22                                                      04/17/2019  14:21:03  PAGE 41


  -------         ENDMOD        ?C?CASTF

  -------         MODULE        PRINTF
  X:003AH         PUBLIC        ?_PRINTF?BYTE
  X:003AH         PUBLIC        ?_SPRINTF?BYTE
  C:112CH         PUBLIC        _PRINTF
  C:1126H         PUBLIC        _SPRINTF
  -------         ENDMOD        PRINTF

  -------         MODULE        SCANF
  X:0114H         PUBLIC        ?_SCANF?BYTE
  X:0114H         PUBLIC        ?_SSCANF?BYTE
  C:15D1H         PUBLIC        _SCANF
  C:15CDH         PUBLIC        _SSCANF
  -------         ENDMOD        SCANF

  -------         MODULE        SQRT
  C:391DH         PUBLIC        _SQRT
  -------         ENDMOD        SQRT

  -------         MODULE        ATAN
  C:3126H         PUBLIC        _ATAN
  -------         ENDMOD        ATAN

  -------         MODULE        ?C?FPROUND
  C:0393H         PUBLIC        ?C?FPROUND
  -------         ENDMOD        ?C?FPROUND

  -------         MODULE        ?C?FPCONVERT
  C:03D0H         PUBLIC        ?C?FPCONVERT
  -------         ENDMOD        ?C?FPCONVERT

  -------         MODULE        ?C?FPNEG
  C:0522H         PUBLIC        ?C?FPNEG
  -------         ENDMOD        ?C?FPNEG

  -------         MODULE        ?C?FTNPWR
  C:0563H         PUBLIC        ?C?FTNPWR
  -------         ENDMOD        ?C?FTNPWR

  -------         MODULE        ?C?COPY
  C:0673H         PUBLIC        ?C?COPY
  -------         ENDMOD        ?C?COPY

  -------         MODULE        ?C?CLDPTR
  C:0699H         PUBLIC        ?C?CLDPTR
  -------         ENDMOD        ?C?CLDPTR

  -------         MODULE        ?C?CLDOPTR
  C:06B2H         PUBLIC        ?C?CLDOPTR
  -------         ENDMOD        ?C?CLDOPTR

  -------         MODULE        ?C?CSTPTR
  C:06DFH         PUBLIC        ?C?CSTPTR
  -------         ENDMOD        ?C?CSTPTR

  -------         MODULE        ?C?CSTOPTR
BL51 BANKED LINKER/LOCATER V6.22                                                      04/17/2019  14:21:03  PAGE 42


  C:06F1H         PUBLIC        ?C?CSTOPTR
  -------         ENDMOD        ?C?CSTOPTR

  -------         MODULE        ?C?IMUL
  C:0713H         PUBLIC        ?C?IMUL
  -------         ENDMOD        ?C?IMUL

  -------         MODULE        ?C?ILDPTR
  C:0725H         PUBLIC        ?C?ILDPTR
  -------         ENDMOD        ?C?ILDPTR

  -------         MODULE        ?C?ILDOPTR
  C:0750H         PUBLIC        ?C?ILDOPTR
  -------         ENDMOD        ?C?ILDOPTR

  -------         MODULE        ?C?ISTPTR
  C:0788H         PUBLIC        ?C?ISTPTR
  -------         ENDMOD        ?C?ISTPTR

  -------         MODULE        ?C?ISTOPTR
  C:07A7H         PUBLIC        ?C?ISTOPTR
  -------         ENDMOD        ?C?ISTOPTR

  -------         MODULE        ?C?LNEG
  C:07D4H         PUBLIC        ?C?LNEG
  -------         ENDMOD        ?C?LNEG

  -------         MODULE        ?C?LSTPTR
  C:07E2H         PUBLIC        ?C?LSTPTR
  -------         ENDMOD        ?C?LSTPTR

  -------         MODULE        ?C?LLDXDATA
  C:07FCH         PUBLIC        ?C?LLDXDATA
  -------         ENDMOD        ?C?LLDXDATA

  -------         MODULE        ?C?LLDCODE
  C:0808H         PUBLIC        ?C?LLDCODE
  -------         ENDMOD        ?C?LLDCODE

  -------         MODULE        ?C?LLDXDATA0
  C:0818H         PUBLIC        ?C?LLDXDATA0
  -------         ENDMOD        ?C?LLDXDATA0

  -------         MODULE        ?C?LLDCODE0
  C:0824H         PUBLIC        ?C?LLDCODE0
  -------         ENDMOD        ?C?LLDCODE0

  -------         MODULE        ?C?LSTXDATA
  C:0834H         PUBLIC        ?C?LSTXDATA
  -------         ENDMOD        ?C?LSTXDATA

  -------         MODULE        ?C?LSTKXDATA
  C:0840H         PUBLIC        ?C?LSTKXDATA
  -------         ENDMOD        ?C?LSTKXDATA

  -------         MODULE        ?C?OFFXADD
  C:0871H         PUBLIC        ?C?OFFXADD
BL51 BANKED LINKER/LOCATER V6.22                                                      04/17/2019  14:21:03  PAGE 43


  -------         ENDMOD        ?C?OFFXADD

  -------         MODULE        ?C?PLDXDATA
  C:087DH         PUBLIC        ?C?PLDXDATA
  -------         ENDMOD        ?C?PLDXDATA

  -------         MODULE        ?C?PLDIXDATA
  C:0886H         PUBLIC        ?C?PLDIXDATA
  -------         ENDMOD        ?C?PLDIXDATA

  -------         MODULE        ?C?PILDXDATA
  C:089DH         PUBLIC        ?C?PILDXDATA
  -------         ENDMOD        ?C?PILDXDATA

  -------         MODULE        ?C?PSTXDATA
  C:08B4H         PUBLIC        ?C?PSTXDATA
  -------         ENDMOD        ?C?PSTXDATA

  -------         MODULE        ?C?PLDPTR
  C:08BDH         PUBLIC        ?C?PLDPTR
  -------         ENDMOD        ?C?PLDPTR

  -------         MODULE        ?C?PSTPTR
  C:08DDH         PUBLIC        ?C?PSTPTR
  -------         ENDMOD        ?C?PSTPTR

  -------         MODULE        ?C?PLDOPTR
  C:092CH         PUBLIC        ?C?PLDOPTR
  -------         ENDMOD        ?C?PLDOPTR

  -------         MODULE        ?C?CCASE
  C:095CH         PUBLIC        ?C?CCASE
  -------         ENDMOD        ?C?CCASE

  -------         MODULE        ?C?ICALL
  C:0982H         PUBLIC        ?C?ICALL
  C:0986H         PUBLIC        ?C?ICALL2
  -------         ENDMOD        ?C?ICALL

  -------         MODULE        PUTCHAR
  C:4731H         PUBLIC        _PUTCHAR
  -------         ENDMOD        PUTCHAR

  -------         MODULE        GETCHAR
  B:0022H.6       PUBLIC        ?C?CHARLOADED
  X:0301H         PUBLIC        ?_UNGETCHAR?BYTE
  C:4895H         PUBLIC        GETCHAR
  -------         ENDMOD        GETCHAR

  -------         MODULE        UNGETC
  C:0003H         PUBLIC        _UNGETCHAR
  -------         ENDMOD        UNGETC

  -------         MODULE        ISSPACE
  C:48A9H         PUBLIC        _isspace
  -------         ENDMOD        ISSPACE

BL51 BANKED LINKER/LOCATER V6.22                                                      04/17/2019  14:21:03  PAGE 44


  -------         MODULE        ?C?STRCMP
  C:0B06H         PUBLIC        ?C?STRCMP
  -------         ENDMOD        ?C?STRCMP

  -------         MODULE        STRLEN
  C:486CH         PUBLIC        _STRLEN
  -------         ENDMOD        STRLEN

  -------         MODULE        ?C?MEMSET
  C:0B23H         PUBLIC        ?C?MEMSET
  -------         ENDMOD        ?C?MEMSET

  -------         MODULE        ?C?LSTIDATA
  C:0B4FH         PUBLIC        ?C?LSTIDATA
  -------         ENDMOD        ?C?LSTIDATA

  -------         MODULE        ?C?LSTPDATA
  C:0B5BH         PUBLIC        ?C?LSTPDATA
  -------         ENDMOD        ?C?LSTPDATA

  -------         MODULE        ?C?PLDIDATA
  C:0B67H         PUBLIC        ?C?PLDIDATA
  -------         ENDMOD        ?C?PLDIDATA

  -------         MODULE        ?C?PSTIDATA
  C:0B70H         PUBLIC        ?C?PSTIDATA
  -------         ENDMOD        ?C?PSTIDATA

  -------         MODULE        ?C?PLDPDATA
  C:0B79H         PUBLIC        ?C?PLDPDATA
  -------         ENDMOD        ?C?PLDPDATA

  -------         MODULE        ?C?PSTPDATA
  C:0B82H         PUBLIC        ?C?PSTPDATA
  -------         ENDMOD        ?C?PSTPDATA

  -------         MODULE        ?C?PLDCODE
  C:0B8BH         PUBLIC        ?C?PLDCODE
  -------         ENDMOD        ?C?PLDCODE

  -------         MODULE        _GETKEY
  C:493FH         PUBLIC        _GETKEY
  -------         ENDMOD        _GETKEY

*** WARNING L16: UNCALLED SEGMENT, IGNORED FOR OVERLAY PROCESS
    SEGMENT: ?PR?SERIALIZER_INIT_SERIAL?SERIALIZER

*** WARNING L15: MULTIPLE CALL TO SEGMENT
    SEGMENT: ?PR?SCANF?SCANF
    CALLER1: ?C_C51STARTUP
    CALLER2: ?PR?_MOVE_TO_CMD?COMMANDS

*** WARNING L15: MULTIPLE CALL TO SEGMENT
    SEGMENT: ?PR??C?ATOF??C?ATOF
    CALLER1: ?C_C51STARTUP
    CALLER2: ?PR?_MOVE_TO_CMD?COMMANDS

BL51 BANKED LINKER/LOCATER V6.22                                                      04/17/2019  14:21:03  PAGE 45


*** WARNING L1: UNRESOLVED EXTERNAL SYMBOL
    SYMBOL:  _DD_SINGLE_MEASURE
    MODULE:  .\Objects\distance_detector.obj (DISTANCE_DETECTOR)

*** WARNING L1: UNRESOLVED EXTERNAL SYMBOL
    SYMBOL:  _DD_OBS_DETECTION
    MODULE:  .\Objects\distance_detector.obj (DISTANCE_DETECTOR)

*** WARNING L2: REFERENCE MADE TO UNRESOLVED EXTERNAL
    SYMBOL:  _DD_SINGLE_MEASURE
    MODULE:  .\Objects\distance_detector.obj (DISTANCE_DETECTOR)
    ADDRESS: 2A17H

*** WARNING L2: REFERENCE MADE TO UNRESOLVED EXTERNAL
    SYMBOL:  _DD_OBS_DETECTION
    MODULE:  .\Objects\distance_detector.obj (DISTANCE_DETECTOR)
    ADDRESS: 2A1FH

Program Size: data=33.7 xdata=770 code=18765
LINK/LOCATE RUN COMPLETE.  7 WARNING(S),  0 ERROR(S)
