BL51 BANKED LINKER/LOCATER V6.22                                                        04/30/2019  09:16:25  PAGE 1


BL51 BANKED LINKER/LOCATER V6.22, INVOKED BY:
C:\KEIL_V5\C51\BIN\BL51.EXE .\Objects\STARTUP.obj, .\Objects\commands.obj, .\Objects\commands_parser.obj, .\Objects\main
>> .obj, .\Objects\serializer.obj, .\Objects\motion.obj, .\Objects\distance_detector.obj, .\Objects\spi_master.obj TO .\
>> Objects\robot_V1 PRINT (.\Listings\robot_V1.m51) RAMSIZE (256) OVERLAY (* ! MOVE_TO_CMD)


MEMORY MODEL: LARGE WITH FLOATING POINT ARITHMETIC


INPUT MODULES INCLUDED:
  .\Objects\STARTUP.obj (?C_STARTUP)
  .\Objects\commands.obj (COMMANDS)
  .\Objects\commands_parser.obj (COMMANDS_PARSER)
  .\Objects\main.obj (MAIN)
  .\Objects\serializer.obj (SERIALIZER)
  .\Objects\motion.obj (MOTION)
  .\Objects\distance_detector.obj (DISTANCE_DETECTOR)
  .\Objects\spi_master.obj (SPI_MASTER)
  C:\KEIL_V5\C51\LIB\C51FPL.LIB (?C?FPADD)
  C:\KEIL_V5\C51\LIB\C51FPL.LIB (?C?FPMUL)
  C:\KEIL_V5\C51\LIB\C51FPL.LIB (?C?FPDIV)
  C:\KEIL_V5\C51\LIB\C51FPL.LIB (?C?FPCMP)
  C:\KEIL_V5\C51\LIB\C51FPL.LIB (?C?FCAST)
  C:\KEIL_V5\C51\LIB\C51FPL.LIB (?C?CASTF)
  C:\KEIL_V5\C51\LIB\C51FPL.LIB (PRINTF)
  C:\KEIL_V5\C51\LIB\C51FPL.LIB (SCANF)
  C:\KEIL_V5\C51\LIB\C51FPL.LIB (SQRT)
  C:\KEIL_V5\C51\LIB\C51FPL.LIB (ATAN)
  C:\KEIL_V5\C51\LIB\C51FPL.LIB (?C?FPGETOPN)
  C:\KEIL_V5\C51\LIB\C51FPL.LIB (?C?FPROUND)
  C:\KEIL_V5\C51\LIB\C51FPL.LIB (?C?FPCONVERT)
  C:\KEIL_V5\C51\LIB\C51FPL.LIB (?C?ATOF)
  C:\KEIL_V5\C51\LIB\C51FPL.LIB (?C?FPSERIES)
  C:\KEIL_V5\C51\LIB\C51FPL.LIB (?C?FPNEG)
  C:\KEIL_V5\C51\LIB\C51FPL.LIB (?C?FTNPWR)
  C:\KEIL_V5\C51\LIB\C51L.LIB (?C_INIT)
  C:\KEIL_V5\C51\LIB\C51L.LIB (?C?COPY)
  C:\KEIL_V5\C51\LIB\C51L.LIB (?C?CLDPTR)
  C:\KEIL_V5\C51\LIB\C51L.LIB (?C?CLDOPTR)
  C:\KEIL_V5\C51\LIB\C51L.LIB (?C?CSTPTR)
  C:\KEIL_V5\C51\LIB\C51L.LIB (?C?CSTOPTR)
  C:\KEIL_V5\C51\LIB\C51L.LIB (?C?IMUL)
  C:\KEIL_V5\C51\LIB\C51L.LIB (?C?ILDPTR)
  C:\KEIL_V5\C51\LIB\C51L.LIB (?C?ILDOPTR)
  C:\KEIL_V5\C51\LIB\C51L.LIB (?C?ISTPTR)
  C:\KEIL_V5\C51\LIB\C51L.LIB (?C?ISTOPTR)
  C:\KEIL_V5\C51\LIB\C51L.LIB (?C?LNEG)
  C:\KEIL_V5\C51\LIB\C51L.LIB (?C?LLDOPTR)
  C:\KEIL_V5\C51\LIB\C51L.LIB (?C?LSTPTR)
  C:\KEIL_V5\C51\LIB\C51L.LIB (?C?LSTOPTR)
  C:\KEIL_V5\C51\LIB\C51L.LIB (?C?LLDXDATA)
  C:\KEIL_V5\C51\LIB\C51L.LIB (?C?LLDCODE)
  C:\KEIL_V5\C51\LIB\C51L.LIB (?C?LLDXDATA0)
  C:\KEIL_V5\C51\LIB\C51L.LIB (?C?LLDCODE0)
  C:\KEIL_V5\C51\LIB\C51L.LIB (?C?LSTXDATA)
  C:\KEIL_V5\C51\LIB\C51L.LIB (?C?LSTKXDATA)
  C:\KEIL_V5\C51\LIB\C51L.LIB (?C?OFFXADD)
  C:\KEIL_V5\C51\LIB\C51L.LIB (?C?PLDXDATA)
BL51 BANKED LINKER/LOCATER V6.22                                                      04/30/2019  09:16:25  PAGE 2


  C:\KEIL_V5\C51\LIB\C51L.LIB (?C?PLDIXDATA)
  C:\KEIL_V5\C51\LIB\C51L.LIB (?C?PILDXDATA)
  C:\KEIL_V5\C51\LIB\C51L.LIB (?C?PSTXDATA)
  C:\KEIL_V5\C51\LIB\C51L.LIB (?C?PLDPTR)
  C:\KEIL_V5\C51\LIB\C51L.LIB (?C?PSTPTR)
  C:\KEIL_V5\C51\LIB\C51L.LIB (?C?PLDOPTR)
  C:\KEIL_V5\C51\LIB\C51L.LIB (?C?PSTOPTR)
  C:\KEIL_V5\C51\LIB\C51L.LIB (?C?CCASE)
  C:\KEIL_V5\C51\LIB\C51L.LIB (?C?ICALL)
  C:\KEIL_V5\C51\LIB\C51L.LIB (PUTCHAR)
  C:\KEIL_V5\C51\LIB\C51L.LIB (GETCHAR)
  C:\KEIL_V5\C51\LIB\C51L.LIB (UNGETC)
  C:\KEIL_V5\C51\LIB\C51L.LIB (ISSPACE)
  C:\KEIL_V5\C51\LIB\C51L.LIB (?C?STRCMP)
  C:\KEIL_V5\C51\LIB\C51L.LIB (STRLEN)
  C:\KEIL_V5\C51\LIB\C51L.LIB (?C?MEMSET)
  C:\KEIL_V5\C51\LIB\C51L.LIB (?C?LLDIDATA)
  C:\KEIL_V5\C51\LIB\C51L.LIB (?C?LLDPDATA)
  C:\KEIL_V5\C51\LIB\C51L.LIB (?C?LSTIDATA)
  C:\KEIL_V5\C51\LIB\C51L.LIB (?C?LSTPDATA)
  C:\KEIL_V5\C51\LIB\C51L.LIB (?C?PLDIDATA)
  C:\KEIL_V5\C51\LIB\C51L.LIB (?C?PSTIDATA)
  C:\KEIL_V5\C51\LIB\C51L.LIB (?C?PLDPDATA)
  C:\KEIL_V5\C51\LIB\C51L.LIB (?C?PSTPDATA)
  C:\KEIL_V5\C51\LIB\C51L.LIB (?C?PLDCODE)
  C:\KEIL_V5\C51\LIB\C51L.LIB (_GETKEY)


LINK MAP OF MODULE:  .\Objects\robot_V1 (?C_STARTUP)


            TYPE    BASE      LENGTH    RELOCATION   SEGMENT NAME
            -----------------------------------------------------

            * * * * * * *   D A T A   M E M O R Y   * * * * * * *
            REG     0000H     0008H     ABSOLUTE     "REG BANK 0"
            DATA    0008H     0016H     UNIT         _DATA_GROUP_
                    001EH     0002H                  *** GAP ***
            BIT     0020H.0   0002H.6   UNIT         _BIT_GROUP_
            BIT     0022H.6   0000H.1   UNIT         ?BI?GETCHAR
                    0022H.7   0000H.1                *** GAP ***
            IDATA   0023H     0001H     UNIT         ?STACK

            * * * * * * *  X D A T A   M E M O R Y  * * * * * * *
            XDATA   0000H     0146H     UNIT         _XDATA_GROUP_
            XDATA   0146H     010CH     UNIT         ?XD?COMMANDS_PARSER
            XDATA   0252H     006EH     UNIT         ?XD?SERIALIZER
            XDATA   02C0H     0059H     UNIT         ?XD?MAIN
            XDATA   0319H     0037H     UNIT         ?XD?DISTANCE_DETECTOR
            XDATA   0350H     000BH     UNIT         ?XD?SPI_MASTER
            XDATA   035BH     0001H     UNIT         ?XD?GETCHAR

            * * * * * * *   C O D E   M E M O R Y   * * * * * * *
            CODE    0000H     0003H     ABSOLUTE     
            CODE    0003H     0008H     UNIT         ?PR?GETCHAR?UNGETCHAR
            CODE    000BH     0003H     ABSOLUTE     
            CODE    000EH     0022H     UNIT         ?PR?_IDLE?SERIALIZER
BL51 BANKED LINKER/LOCATER V6.22                                                      04/30/2019  09:16:25  PAGE 3


            CODE    0030H     0003H     UNIT         ?PR?ENABLE_GENERAL_INT?MAIN
            CODE    0033H     0003H     ABSOLUTE     
            CODE    0036H     0C9FH     UNIT         ?C?LIB_CODE
            CODE    0CD5H     052AH     UNIT         ?PR?_DELTA_ANGLE?MOTION
            CODE    11FFH     04B1H     UNIT         ?PR?_GENERATE_SOUND_CMD?COMMANDS
            CODE    16B0H     04ADH     UNIT         ?PR?_LIGHT_BEAM_ON_CMD?COMMANDS
            CODE    1B5DH     0483H     UNIT         ?PR?PRINTF?PRINTF
            CODE    1FE0H     035AH     UNIT         ?PR?SCANF?SCANF
            CODE    233AH     0339H     UNIT         ?PR?_MOVE_TO_CMD?COMMANDS
            CODE    2673H     0330H     UNIT         ?PR?_SPI_PROCESS?SPI_MASTER
            CODE    29A3H     032FH     UNIT         ?PR?_ANGLE_CALIBRATION_PROCESS?SERIALIZER
            CODE    2CD2H     0319H     UNIT         ?PR?_IDLE_NEXT_STATE?SERIALIZER
            CODE    2FEBH     0305H     UNIT         ?PR?_PHOTO_CMD?COMMANDS
            CODE    32F0H     02A7H     UNIT         ?PR?_SERIALIZER_PROCESS?SERIALIZER
            CODE    3597H     0254H     UNIT         ?PR?_SEND_KOB_MOU?COMMANDS_PARSER
            CODE    37EBH     0247H     UNIT         ?PR?_PARSE?COMMANDS_PARSER
            CODE    3A32H     0220H     UNIT         ?PR?_SEND_INFORMATIONS?COMMANDS_PARSER
            CODE    3C52H     0212H     UNIT         ?PR?_AUX_CMD?COMMANDS
            CODE    3E64H     01F8H     UNIT         ?PR?_DD_SINGLE_MEASURE?DISTANCE_DETECTOR
            CODE    405CH     01EAH     UNIT         ?C_INITSEG
            CODE    4246H     01A8H     UNIT         ?PR?_SERVO_MOVE_CMD?COMMANDS
            CODE    43EEH     017CH     UNIT         ?PR?_ANGLE_ROTATION_CMD?COMMANDS
            CODE    456AH     0167H     UNIT         ?PR?_NAVIGATE?SERIALIZER
            CODE    46D1H     0154H     UNIT         ?PR?_MOVE_FORWARD_CMD?COMMANDS
            CODE    4825H     0154H     UNIT         ?PR?_MOVE_BACKWARD_CMD?COMMANDS
            CODE    4979H     013AH     UNIT         ?PR?_COMPLETE_ROTATION_CMD?COMMANDS
            CODE    4AB3H     0122H     UNIT         ?PR?ATAN?ATAN
            CODE    4BD5H     011EH     UNIT         ?PR?MAIN?MAIN
            CODE    4CF3H     0106H     UNIT         ?PR?_EPREUVE_CMD?COMMANDS
            CODE    4DF9H     0100H     UNIT         ?PR?TIMER_0_INT?DISTANCE_DETECTOR
            CODE    4EF9H     00FEH     UNIT         ?PR?_MOVETO?SERIALIZER
            CODE    4FF7H     00E6H     UNIT         ?PR??C?ATOF??C?ATOF
            CODE    50DDH     00D0H     UNIT         ?PR?_SET_DEFAULT_SPEED_CMD?COMMANDS
            CODE    51ADH     00D0H     UNIT         ?PR?_SPI_TRANSMIT?SPI_MASTER
            CODE    527DH     00CAH     UNIT         ?PR?_SPI_CMD_LIGHT_ON?SPI_MASTER
            CODE    5347H     00CAH     UNIT         ?PR?_SPI_CMD_GENERATE_SOUND?SPI_MASTER
            CODE    5411H     00C5H     UNIT         ?CO?SERIALIZER
            CODE    54D6H     00B5H     UNIT         ?PR?_SPI_CMD_PHOTO_ON?SPI_MASTER
            CODE    558BH     00B1H     UNIT         ?PR?IS_PID_PROCESSING?SERIALIZER
            CODE    563CH     00ACH     UNIT         ?PR?SQRT?SQRT
            CODE    56E8H     00A9H     UNIT         ?PR?_SPI_CMD_SERVO?SPI_MASTER
            CODE    5791H     00A7H     UNIT         ?CO?COMMANDS_PARSER
            CODE    5838H     00A6H     UNIT         ?PR?_TRANSLATE?SERIALIZER
            CODE    58DEH     00A4H     UNIT         ?PR?_MOVEANGLE?SERIALIZER
            CODE    5982H     009EH     UNIT         ?PR?_DD_IDLE?DISTANCE_DETECTOR
            CODE    5A20H     009CH     UNIT         ?PR?_WAIT?COMMANDS_PARSER
            CODE    5ABCH     0096H     UNIT         ?PR?_ANGLE_TARGET?MOTION
            CODE    5B52H     0092H     UNIT         ?PR?_DD_MOVE_SERVO_H?DISTANCE_DETECTOR
            CODE    5BE4H     008CH     UNIT         ?C_C51STARTUP
            CODE    5C70H     0080H     UNIT         ?CO?MAIN
            CODE    5CF0H     0076H     UNIT         ?PR?_SPI_CMD_LIGHT_OFF?SPI_MASTER
            CODE    5D66H     0076H     UNIT         ?PR?_SPI_CMD_PHOTO_OFF?SPI_MASTER
            CODE    5DDCH     0075H     UNIT         ?PR?_DD_SLEW_DETECTION?DISTANCE_DETECTOR
            CODE    5E51H     0075H     UNIT         ?PR?SPI_VALIDATE?SPI_MASTER
            CODE    5EC6H     006CH     UNIT         ?PR?_ROTATE?SERIALIZER
            CODE    5F32H     0063H     UNIT         ?PR?_SETMOTORS?SERIALIZER
            CODE    5F95H     0062H     UNIT         ?CO?COMMANDS
BL51 BANKED LINKER/LOCATER V6.22                                                      04/30/2019  09:16:25  PAGE 4


            CODE    5FF7H     005BH     UNIT         ?PR?_CMD_PARSER_PROCESS?COMMANDS_PARSER
            CODE    6052H     005BH     UNIT         ?PR?_SERIALIZER_PRINT?SERIALIZER
            CODE    60ADH     005AH     UNIT         ?PR?__PRINT?SERIALIZER
            CODE    6107H     0058H     UNIT         ?PR?DD_MESURE?DISTANCE_DETECTOR
            CODE    615FH     0056H     UNIT         ?PR?_USART_PRINT?COMMANDS_PARSER
            CODE    61B5H     0055H     UNIT         ?PR?_INIT_PARSER?COMMANDS_PARSER
            CODE    620AH     0050H     UNIT         ?PR?DD_START_CONVERSION?DISTANCE_DETECTOR
            CODE    625AH     0048H     UNIT         ?PR?_MOVE_STOP_CMD?COMMANDS
            CODE    62A2H     0048H     UNIT         ?PR?_RIGTH_ROTATION_CMD?COMMANDS
            CODE    62EAH     0048H     UNIT         ?PR?_LEFT_ROTATION_CMD?COMMANDS
            CODE    6332H     0048H     UNIT         ?PR?_DETECTE_OBSTACLE?COMMANDS
            CODE    637AH     0048H     UNIT         ?PR?_LIGHT_BEAM_OFF_CMD?COMMANDS
            CODE    63C2H     0048H     UNIT         ?PR?_PHOTO_OFF_CMD?COMMANDS
            CODE    640AH     0045H     UNIT         ?PR?_SAFETY_BREAK_CMD?COMMANDS
            CODE    644FH     0045H     UNIT         ?PR?_DISTANCE_DETECTOR_PROCESS?DISTANCE_DETECTOR
            CODE    6494H     0043H     UNIT         ?PR?_GET_COMMAND?COMMANDS_PARSER
            CODE    64D7H     003AH     UNIT         ?PR?_DISTANCE?MOTION
            CODE    6511H     0039H     UNIT         ?PR?CLEAR_VAL_OBS_BUFFER?DISTANCE_DETECTOR
            CODE    654AH     0035H     UNIT         ?PR?_SERIALIZER_RECEIVE?SERIALIZER
            CODE    657FH     0032H     UNIT         ?PR?_USART_RECEIVE?COMMANDS_PARSER
            CODE    65B1H     0032H     UNIT         ?PR?SPI_INT?SPI_MASTER
            CODE    65E3H     002EH     UNIT         ?PR?_STOP?SERIALIZER
            CODE    6611H     0027H     UNIT         ?PR?_DEFAULT_PROCESS?COMMANDS
            CODE    6638H     0027H     UNIT         ?PR?PUTCHAR?PUTCHAR
            CODE    665FH     0026H     UNIT         ?PR?_EPREUVE_STOP?COMMANDS
            CODE    6685H     001FH     UNIT         ?PR?SPI_ERROR?SPI_MASTER
            CODE    66A4H     001BH     UNIT         ?PR?INIT_SPI?SPI_MASTER
            CODE    66BFH     0019H     UNIT         ?PR?_DD_SET_ANGLE?DISTANCE_DETECTOR
            CODE    66D8H     0018H     UNIT         ?PR?SERIALIZER_INIT_SERIAL?SERIALIZER
            CODE    66F0H     0018H     UNIT         ?PR?SERIALIZER_CLEAR_SERIAL?SERIALIZER
            CODE    6708H     0016H     UNIT         ?PR?DD_CONFIG_DAC_ADC?DISTANCE_DETECTOR
            CODE    671EH     0015H     UNIT         ?PR?_SERIALIZER_SEND?SERIALIZER
            CODE    6733H     0015H     UNIT         ?PR?_CHOOSE_ADC_INPUT?DISTANCE_DETECTOR
            CODE    6748H     0015H     UNIT         ?PR?_STRLEN?STRLEN
            CODE    675DH     0014H     UNIT         ?PR?_SPI_SEND_CHAR?SPI_MASTER
            CODE    6771H     0014H     UNIT         ?PR?GETCHAR?GETCHAR
            CODE    6785H     0014H     UNIT         ?PR?_ISSPACE?ISSPACE
            CODE    6799H     0012H     UNIT         ?PR?_USART_SEND?COMMANDS_PARSER
            CODE    67ABH     0012H     UNIT         ?PR?INIT_SERIALIZER_UART1?SERIALIZER
            CODE    67BDH     0012H     UNIT         ?PR?_UART_SEND?SERIALIZER
            CODE    67CFH     0010H     UNIT         ?PR?VALID_CMD_FLAG?COMMANDS_PARSER
            CODE    67DFH     0010H     UNIT         ?PR?ERROR_CMD_FLAG?COMMANDS_PARSER
            CODE    67EFH     000FH     UNIT         ?PR?INIT_EXTERNAL_CLK?MAIN
            CODE    67FEH     000FH     UNIT         ?PR?DD_INIT_TIMER0?DISTANCE_DETECTOR
            CODE    680DH     000EH     UNIT         ?PR?INIT_DISTANCE_DETECTOR?DISTANCE_DETECTOR
            CODE    681BH     000AH     UNIT         ?PR?_GETKEY?_GETKEY
            CODE    6825H     0004H     UNIT         ?PR?ENABLE_CROSSBAR?MAIN



OVERLAY MAP OF MODULE:   .\Objects\robot_V1 (?C_STARTUP)


SEGMENT                                             BIT_GROUP          DATA_GROUP          XDATA_GROUP
  +--> CALLED SEGMENT                            START    LENGTH     START    LENGTH     START    LENGTH
--------------------------------------------------------------------------------------------------------
?C_C51STARTUP                                    -----    -----      -----    -----      -----    -----
BL51 BANKED LINKER/LOCATER V6.22                                                      04/30/2019  09:16:25  PAGE 5


  +--> ?PR?MAIN?MAIN
  +--> ?C_INITSEG

?PR?MAIN?MAIN                                    -----    -----      -----    -----      0000H    0012H
  +--> ?PR?INIT_EXTERNAL_CLK?MAIN
  +--> ?PR?_INIT_PARSER?COMMANDS_PARSER
  +--> ?PR?INIT_SERIALIZER_UART1?SERIALIZER
  +--> ?PR?INIT_DISTANCE_DETECTOR?DISTANCE_D...
  +--> ?PR?INIT_SPI?SPI_MASTER
  +--> ?PR?ENABLE_CROSSBAR?MAIN
  +--> ?PR?ENABLE_GENERAL_INT?MAIN
  +--> ?CO?MAIN
  +--> ?PR?_USART_PRINT?COMMANDS_PARSER
  +--> ?PR?SERIALIZER_INIT_SERIAL?SERIALIZER
  +--> ?PR?_CMD_PARSER_PROCESS?COMMANDS_PARSER
  +--> ?PR?_SERIALIZER_PROCESS?SERIALIZER
  +--> ?PR?_DISTANCE_DETECTOR_PROCESS?DISTAN...
  +--> ?PR?_SPI_PROCESS?SPI_MASTER
  +--> ?PR?_ANGLE_CALIBRATION_PROCESS?SERIAL...

?PR?_INIT_PARSER?COMMANDS_PARSER                 -----    -----      -----    -----      0012H    0003H

?PR?INIT_DISTANCE_DETECTOR?DISTANCE_D...         -----    -----      -----    -----      -----    -----
  +--> ?PR?DD_CONFIG_DAC_ADC?DISTANCE_DETECTOR
  +--> ?PR?DD_INIT_TIMER0?DISTANCE_DETECTOR

?PR?_USART_PRINT?COMMANDS_PARSER                 -----    -----      -----    -----      00F1H    0004H
  +--> ?PR?_STRLEN?STRLEN
  +--> ?PR?_USART_SEND?COMMANDS_PARSER

?PR?_USART_SEND?COMMANDS_PARSER                  -----    -----      -----    -----      00F5H    0001H

?PR?SERIALIZER_INIT_SERIAL?SERIALIZER            -----    -----      -----    -----      0012H    0001H
  +--> ?PR?_SERIALIZER_RECEIVE?SERIALIZER

?PR?_SERIALIZER_RECEIVE?SERIALIZER               -----    -----      -----    -----      004DH    0003H

?PR?_CMD_PARSER_PROCESS?COMMANDS_PARSER          -----    -----      -----    -----      0012H    0003H
  +--> ?PR?_WAIT?COMMANDS_PARSER
  +--> ?PR?_GET_COMMAND?COMMANDS_PARSER
  +--> ?PR?_SEND_INFORMATIONS?COMMANDS_PARSER

?PR?_WAIT?COMMANDS_PARSER                        -----    -----      -----    -----      0015H    0004H
  +--> ?PR?_USART_RECEIVE?COMMANDS_PARSER
  +--> ?PR?_USART_SEND?COMMANDS_PARSER

?PR?_USART_RECEIVE?COMMANDS_PARSER               -----    -----      -----    -----      0019H    0003H

?PR?_GET_COMMAND?COMMANDS_PARSER                 -----    -----      -----    -----      0015H    0003H
  +--> ?PR?_PARSE?COMMANDS_PARSER
  +--> ?PR?ERROR_CMD_FLAG?COMMANDS_PARSER
  +--> ?PR?VALID_CMD_FLAG?COMMANDS_PARSER
  +--> ?PR?_STRLEN?STRLEN

?PR?_PARSE?COMMANDS_PARSER                       -----    -----      -----    -----      0018H    00D9H
  +--> ?CO?COMMANDS_PARSER
  +--> ?PR?_USART_PRINT?COMMANDS_PARSER
BL51 BANKED LINKER/LOCATER V6.22                                                      04/30/2019  09:16:25  PAGE 6



?PR?ERROR_CMD_FLAG?COMMANDS_PARSER               -----    -----      -----    -----      -----    -----
  +--> ?PR?_USART_SEND?COMMANDS_PARSER

?PR?VALID_CMD_FLAG?COMMANDS_PARSER               -----    -----      -----    -----      -----    -----
  +--> ?PR?_USART_SEND?COMMANDS_PARSER

?PR?_SEND_INFORMATIONS?COMMANDS_PARSER           -----    -----      -----    -----      0015H    0003H
  +--> ?CO?COMMANDS_PARSER
  +--> ?PR?_SEND_KOB_MOU?COMMANDS_PARSER
  +--> ?PR?_USART_PRINT?COMMANDS_PARSER

?PR?_SEND_KOB_MOU?COMMANDS_PARSER                -----    -----      -----    -----      0018H    000BH
  +--> ?CO?COMMANDS_PARSER
  +--> ?PR?PRINTF?PRINTF

?PR?PRINTF?PRINTF                                0020H.0  0001H.1    0008H    0005H      003BH    0030H
  +--> ?PR?PUTCHAR?PUTCHAR

?PR?_SERIALIZER_PROCESS?SERIALIZER               -----    -----      -----    -----      0012H    0008H
  +--> ?CO?SERIALIZER
  +--> ?PR?_IDLE_NEXT_STATE?SERIALIZER

?PR?_IDLE_NEXT_STATE?SERIALIZER                  -----    -----      -----    -----      001AH    0006H

?PR?_DISTANCE_DETECTOR_PROCESS?DISTAN...         -----    -----      -----    -----      0012H    0003H

?PR?_SPI_PROCESS?SPI_MASTER                      -----    -----      -----    -----      0012H    0006H
  +--> ?PR?_SPI_CMD_GENERATE_SOUND?SPI_MASTER
  +--> ?PR?_SPI_CMD_LIGHT_ON?SPI_MASTER
  +--> ?PR?_SPI_CMD_LIGHT_OFF?SPI_MASTER
  +--> ?PR?_SPI_CMD_SERVO?SPI_MASTER
  +--> ?PR?_SPI_CMD_PHOTO_ON?SPI_MASTER
  +--> ?PR?_SPI_CMD_PHOTO_OFF?SPI_MASTER
  +--> ?PR?_SPI_TRANSMIT?SPI_MASTER

?PR?_SPI_CMD_GENERATE_SOUND?SPI_MASTER           -----    -----      -----    -----      0018H    0006H

?PR?_SPI_CMD_LIGHT_ON?SPI_MASTER                 -----    -----      -----    -----      0018H    0006H

?PR?_SPI_CMD_LIGHT_OFF?SPI_MASTER                -----    -----      -----    -----      0018H    0006H

?PR?_SPI_CMD_SERVO?SPI_MASTER                    -----    -----      -----    -----      0018H    0006H

?PR?_SPI_CMD_PHOTO_ON?SPI_MASTER                 -----    -----      -----    -----      0018H    0006H

?PR?_SPI_CMD_PHOTO_OFF?SPI_MASTER                -----    -----      -----    -----      0018H    0006H

?PR?_SPI_TRANSMIT?SPI_MASTER                     -----    -----      -----    -----      0018H    0005H
  +--> ?PR?_SPI_SEND_CHAR?SPI_MASTER
  +--> ?PR?SPI_VALIDATE?SPI_MASTER
  +--> ?PR?SPI_ERROR?SPI_MASTER

?PR?_SPI_SEND_CHAR?SPI_MASTER                    -----    -----      -----    -----      001DH    0001H

?PR?SPI_VALIDATE?SPI_MASTER                      -----    -----      -----    -----      001DH    0004H

BL51 BANKED LINKER/LOCATER V6.22                                                      04/30/2019  09:16:25  PAGE 7


?PR?_ANGLE_CALIBRATION_PROCESS?SERIAL...         -----    -----      -----    -----      0012H    0029H
  +--> ?CO?SERIALIZER
  +--> ?PR?PRINTF?PRINTF
  +--> ?PR?__PRINT?SERIALIZER

?PR?__PRINT?SERIALIZER                           -----    -----      -----    -----      003BH    0004H
  +--> ?PR?_STRLEN?STRLEN

?C_INITSEG                                       -----    -----      -----    -----      -----    -----
  +--> ?CO?COMMANDS_PARSER
  +--> ?PR?_EPREUVE_CMD?COMMANDS
  +--> ?PR?_EPREUVE_STOP?COMMANDS
  +--> ?PR?_SAFETY_BREAK_CMD?COMMANDS
  +--> ?PR?_SET_DEFAULT_SPEED_CMD?COMMANDS
  +--> ?PR?_MOVE_FORWARD_CMD?COMMANDS
  +--> ?PR?_MOVE_BACKWARD_CMD?COMMANDS
  +--> ?PR?_MOVE_STOP_CMD?COMMANDS
  +--> ?PR?_RIGTH_ROTATION_CMD?COMMANDS
  +--> ?PR?_LEFT_ROTATION_CMD?COMMANDS
  +--> ?PR?_COMPLETE_ROTATION_CMD?COMMANDS
  +--> ?PR?_ANGLE_ROTATION_CMD?COMMANDS
  +--> ?PR?_DEFAULT_PROCESS?COMMANDS
  +--> ?PR?_DETECTE_OBSTACLE?COMMANDS
  +--> ?PR?_GENERATE_SOUND_CMD?COMMANDS
  +--> ?PR?_LIGHT_BEAM_ON_CMD?COMMANDS
  +--> ?PR?_LIGHT_BEAM_OFF_CMD?COMMANDS
  +--> ?PR?_SERVO_MOVE_CMD?COMMANDS
  +--> ?PR?_PHOTO_CMD?COMMANDS
  +--> ?PR?_PHOTO_OFF_CMD?COMMANDS
  +--> ?PR?_AUX_CMD?COMMANDS
  +--> ?PR?_WAIT?COMMANDS_PARSER
  +--> ?PR?_GET_COMMAND?COMMANDS_PARSER
  +--> ?CO?MAIN
  +--> ?PR?_IDLE?SERIALIZER
  +--> ?PR?_TRANSLATE?SERIALIZER
  +--> ?PR?_MOVETO?SERIALIZER
  +--> ?PR?_ROTATE?SERIALIZER
  +--> ?PR?_NAVIGATE?SERIALIZER
  +--> ?PR?_STOP?SERIALIZER
  +--> ?PR?_DD_IDLE?DISTANCE_DETECTOR
  +--> ?PR?_DD_MOVE_SERVO_H?DISTANCE_DETECTOR
  +--> ?PR?_DD_SINGLE_MEASURE?DISTANCE_DETECTOR
  +--> ?PR?_DD_SLEW_DETECTION?DISTANCE_DETECTOR

?PR?_EPREUVE_CMD?COMMANDS                        -----    -----      -----    -----      0000H    0005H
  +--> ?CO?COMMANDS
  +--> ?PR?SCANF?SCANF

?PR?SCANF?SCANF                                  0021H.3  0000H.6    0013H    0009H      0114H    002EH
  +--> ?PR?GETCHAR?UNGETCHAR
  +--> ?PR?_ISSPACE?ISSPACE
  +--> ?PR?GETCHAR?GETCHAR
  +--> ?PR??C?ATOF??C?ATOF

?PR?GETCHAR?GETCHAR                              -----    -----      -----    -----      -----    -----
  +--> ?PR?_GETKEY?_GETKEY
  +--> ?PR?PUTCHAR?PUTCHAR
BL51 BANKED LINKER/LOCATER V6.22                                                      04/30/2019  09:16:25  PAGE 8



?PR??C?ATOF??C?ATOF                              0022H.1  0000H.5    001CH    0002H      -----    -----

?PR?_EPREUVE_STOP?COMMANDS                       -----    -----      -----    -----      0000H    0003H

?PR?_SAFETY_BREAK_CMD?COMMANDS                   -----    -----      -----    -----      0000H    0003H

?PR?_SET_DEFAULT_SPEED_CMD?COMMANDS              -----    -----      -----    -----      0000H    0005H
  +--> ?CO?COMMANDS
  +--> ?PR?SCANF?SCANF

?PR?_MOVE_FORWARD_CMD?COMMANDS                   -----    -----      -----    -----      0000H    0005H
  +--> ?CO?COMMANDS
  +--> ?PR?SCANF?SCANF

?PR?_MOVE_BACKWARD_CMD?COMMANDS                  -----    -----      -----    -----      0000H    0005H
  +--> ?CO?COMMANDS
  +--> ?PR?SCANF?SCANF

?PR?_MOVE_STOP_CMD?COMMANDS                      -----    -----      -----    -----      0000H    0003H

?PR?_RIGTH_ROTATION_CMD?COMMANDS                 -----    -----      -----    -----      0000H    0003H

?PR?_LEFT_ROTATION_CMD?COMMANDS                  -----    -----      -----    -----      0000H    0003H

?PR?_COMPLETE_ROTATION_CMD?COMMANDS              -----    -----      -----    -----      0000H    0003H
  +--> ?CO?COMMANDS

?PR?_ANGLE_ROTATION_CMD?COMMANDS                 -----    -----      -----    -----      0000H    0005H
  +--> ?CO?COMMANDS
  +--> ?PR?SCANF?SCANF

?PR?_DEFAULT_PROCESS?COMMANDS                    -----    -----      -----    -----      0000H    0003H

?PR?_DETECTE_OBSTACLE?COMMANDS                   -----    -----      -----    -----      0000H    0003H

?PR?_GENERATE_SOUND_CMD?COMMANDS                 -----    -----      -----    -----      0000H    0025H
  +--> ?CO?COMMANDS
  +--> ?PR?SCANF?SCANF

?PR?_LIGHT_BEAM_ON_CMD?COMMANDS                  -----    -----      -----    -----      0000H    0025H
  +--> ?CO?COMMANDS
  +--> ?PR?SCANF?SCANF

?PR?_LIGHT_BEAM_OFF_CMD?COMMANDS                 -----    -----      -----    -----      0000H    0003H

?PR?_SERVO_MOVE_CMD?COMMANDS                     -----    -----      -----    -----      0000H    0005H
  +--> ?CO?COMMANDS
  +--> ?PR?SCANF?SCANF

?PR?_PHOTO_CMD?COMMANDS                          -----    -----      -----    -----      0000H    001EH
  +--> ?CO?COMMANDS
  +--> ?PR?SCANF?SCANF

?PR?_PHOTO_OFF_CMD?COMMANDS                      -----    -----      -----    -----      0000H    0003H

?PR?_AUX_CMD?COMMANDS                            -----    -----      -----    -----      0000H    0014H
BL51 BANKED LINKER/LOCATER V6.22                                                      04/30/2019  09:16:25  PAGE 9


  +--> ?CO?COMMANDS
  +--> ?PR?SCANF?SCANF

?PR?_IDLE?SERIALIZER                             -----    -----      -----    -----      0000H    0003H

?PR?_TRANSLATE?SERIALIZER                        -----    -----      -----    -----      0000H    0004H
  +--> ?PR?_SETMOTORS?SERIALIZER

?PR?_SETMOTORS?SERIALIZER                        -----    -----      -----    -----      0004H    0018H
  +--> ?CO?SERIALIZER
  +--> ?PR?PRINTF?PRINTF
  +--> ?PR?_SERIALIZER_PRINT?SERIALIZER
  +--> ?PR?SERIALIZER_CLEAR_SERIAL?SERIALIZER

?PR?_SERIALIZER_PRINT?SERIALIZER                 -----    -----      -----    -----      004DH    0004H
  +--> ?PR?_STRLEN?STRLEN
  +--> ?PR?_SERIALIZER_SEND?SERIALIZER

?PR?_SERIALIZER_SEND?SERIALIZER                  -----    -----      -----    -----      0051H    0001H

?PR?SERIALIZER_CLEAR_SERIAL?SERIALIZER           -----    -----      -----    -----      003AH    0001H
  +--> ?PR?_SERIALIZER_RECEIVE?SERIALIZER

?PR?_MOVETO?SERIALIZER                           -----    -----      -----    -----      0008H    002DH
  +--> ?PR?_DISTANCE?MOTION
  +--> ?CO?SERIALIZER
  +--> ?PR?PRINTF?PRINTF
  +--> ?PR?_SERIALIZER_PRINT?SERIALIZER
  +--> ?PR?SERIALIZER_CLEAR_SERIAL?SERIALIZER
  +--> ?PR?IS_PID_PROCESSING?SERIALIZER

?PR?_DISTANCE?MOTION                             -----    -----      -----    -----      0035H    0002H
  +--> ?PR?SQRT?SQRT

?PR?SQRT?SQRT                                    -----    -----      -----    -----      0037H    0004H

?PR?IS_PID_PROCESSING?SERIALIZER                 -----    -----      -----    -----      0035H    0018H
  +--> ?CO?SERIALIZER
  +--> ?PR?_SERIALIZER_PRINT?SERIALIZER
  +--> ?PR?_SERIALIZER_RECEIVE?SERIALIZER
  +--> ?PR?_UART_SEND?SERIALIZER
  +--> ?PR?SCANF?SCANF

?PR?_UART_SEND?SERIALIZER                        -----    -----      -----    -----      004DH    0001H

?PR?_ROTATE?SERIALIZER                           -----    -----      -----    -----      0008H    0004H
  +--> ?PR?_MOVEANGLE?SERIALIZER
  +--> ?PR?IS_PID_PROCESSING?SERIALIZER

?PR?_MOVEANGLE?SERIALIZER                        -----    -----      -----    -----      000CH    002EH
  +--> ?CO?SERIALIZER
  +--> ?PR?PRINTF?PRINTF
  +--> ?PR?_SERIALIZER_PRINT?SERIALIZER
  +--> ?PR?SERIALIZER_CLEAR_SERIAL?SERIALIZER

?PR?_NAVIGATE?SERIALIZER                         -----    -----      -----    -----      0000H    0008H
  +--> ?CO?SERIALIZER
BL51 BANKED LINKER/LOCATER V6.22                                                      04/30/2019  09:16:25  PAGE 10


  +--> ?PR?_ANGLE_TARGET?MOTION
  +--> ?PR?_DELTA_ANGLE?MOTION
  +--> ?PR?_ROTATE?SERIALIZER
  +--> ?PR?_MOVETO?SERIALIZER

?PR?_ANGLE_TARGET?MOTION                         -----    -----      -----    -----      0008H    0008H
  +--> ?PR?ATAN?ATAN

?PR?ATAN?ATAN                                    0020H.0  0000H.2    -----    -----      0010H    0004H

?PR?_DELTA_ANGLE?MOTION                          -----    -----      -----    -----      0008H    0008H

?PR?_STOP?SERIALIZER                             -----    -----      -----    -----      0000H    0003H
  +--> ?CO?SERIALIZER
  +--> ?PR?_SERIALIZER_PRINT?SERIALIZER
  +--> ?PR?SERIALIZER_CLEAR_SERIAL?SERIALIZER

?PR?_DD_IDLE?DISTANCE_DETECTOR                   -----    -----      -----    -----      0000H    0003H

?PR?_DD_MOVE_SERVO_H?DISTANCE_DETECTOR           -----    -----      -----    -----      0000H    0003H
  +--> ?PR?_DD_SET_ANGLE?DISTANCE_DETECTOR

?PR?_DD_SET_ANGLE?DISTANCE_DETECTOR              -----    -----      -----    -----      0003H    0002H

?PR?_DD_SINGLE_MEASURE?DISTANCE_DETECTOR         -----    -----      -----    -----      0000H    0003H
  +--> ?PR?CLEAR_VAL_OBS_BUFFER?DISTANCE_DET...
  +--> ?PR?_CHOOSE_ADC_INPUT?DISTANCE_DETECTOR
  +--> ?PR?DD_START_CONVERSION?DISTANCE_DETE...

?PR?CLEAR_VAL_OBS_BUFFER?DISTANCE_DET...         -----    -----      -----    -----      0003H    0001H

?PR?_CHOOSE_ADC_INPUT?DISTANCE_DETECTOR          -----    -----      -----    -----      0003H    0001H

?PR?DD_START_CONVERSION?DISTANCE_DETE...         -----    -----      -----    -----      0003H    0006H
  +--> ?PR?DD_MESURE?DISTANCE_DETECTOR

?PR?DD_MESURE?DISTANCE_DETECTOR                  -----    -----      -----    -----      0009H    0008H

?PR?_DD_SLEW_DETECTION?DISTANCE_DETECTOR         -----    -----      -----    -----      0000H    0003H
  +--> ?PR?_DD_SET_ANGLE?DISTANCE_DETECTOR

*** NEW ROOT ***************************************************

?PR?_MOVE_TO_CMD?COMMANDS                        -----    -----      -----    -----      00F6H    001EH
  +--> ?CO?COMMANDS
  +--> ?PR?SCANF?SCANF

*** NEW ROOT ***************************************************

?PR?TIMER_0_INT?DISTANCE_DETECTOR                -----    -----      -----    -----      0142H    0004H



UNRESOLVED EXTERNAL SYMBOLS:
   _DD_OBS_DETECTION


BL51 BANKED LINKER/LOCATER V6.22                                                      04/30/2019  09:16:25  PAGE 11



SYMBOL TABLE OF MODULE:  .\Objects\robot_V1 (?C_STARTUP)

  VALUE           TYPE          NAME
  ----------------------------------

  -------         MODULE        ?C_STARTUP
  C:5BE4H         SEGMENT       ?C_C51STARTUP
  I:0023H         SEGMENT       ?STACK
  C:0000H         PUBLIC        ?C_STARTUP
  D:00E0H         SYMBOL        ACC
  D:00F0H         SYMBOL        B
  D:0083H         SYMBOL        DPH
  D:0082H         SYMBOL        DPL
  N:0000H         SYMBOL        IBPSTACK
  N:0100H         SYMBOL        IBPSTACKTOP
  N:0080H         SYMBOL        IDATALEN
  C:5BE7H         SYMBOL        IDATALOOP
  N:0000H         SYMBOL        PBPSTACK
  N:0100H         SYMBOL        PBPSTACKTOP
  N:0000H         SYMBOL        PDATALEN
  N:0000H         SYMBOL        PDATASTART
  N:0000H         SYMBOL        PPAGE
  N:0000H         SYMBOL        PPAGEENABLE
  D:00A0H         SYMBOL        PPAGE_SFR
  D:0081H         SYMBOL        SP
  C:5BE4H         SYMBOL        STARTUP1
  N:0000H         SYMBOL        XBPSTACK
  N:0000H         SYMBOL        XBPSTACKTOP
  N:0000H         SYMBOL        XDATALEN
  N:0000H         SYMBOL        XDATASTART
  C:0000H         LINE#         126
  C:5BE4H         LINE#         133
  C:5BE6H         LINE#         134
  C:5BE7H         LINE#         135
  C:5BE8H         LINE#         136
  C:5BEAH         LINE#         186
  C:5BEDH         LINE#         197
  -------         ENDMOD        ?C_STARTUP

  -------         MODULE        COMMANDS
  C:0000H         SYMBOL        _ICE_DUMMY_
  C:63C2H         PUBLIC        _photo_OFF_cmd
  C:62A2H         PUBLIC        _rigth_rotation_cmd
  C:640AH         PUBLIC        _safety_break_cmd
  C:233AH         PUBLIC        _move_to_cmd
  C:6332H         PUBLIC        _detecte_obstacle
  C:4CF3H         PUBLIC        _epreuve_cmd
  C:62EAH         PUBLIC        _left_rotation_cmd
  C:50DDH         PUBLIC        _set_default_speed_cmd
  C:16B0H         PUBLIC        _light_beam_ON_cmd
  C:46D1H         PUBLIC        _move_forward_cmd
  C:665FH         PUBLIC        _epreuve_stop
  C:5FA5H         SYMBOL        _?ix1000
  C:2FEBH         PUBLIC        _photo_cmd
  C:5FB4H         SYMBOL        _?ix1001
  C:5FC8H         SYMBOL        _?ix1002
BL51 BANKED LINKER/LOCATER V6.22                                                      04/30/2019  09:16:25  PAGE 12


  C:5FDCH         SYMBOL        _?ix1003
  C:5FEBH         SYMBOL        _?ix1004
  C:4979H         PUBLIC        _complete_rotation_cmd
  C:6611H         PUBLIC        _default_process
  C:4246H         PUBLIC        _servo_move_cmd
  C:3C52H         PUBLIC        _aux_cmd
  C:637AH         PUBLIC        _light_beam_OFF_cmd
  C:11FFH         PUBLIC        _generate_sound_cmd
  C:4825H         PUBLIC        _move_backward_cmd
  C:43EEH         PUBLIC        _angle_rotation_cmd
  C:625AH         PUBLIC        _move_stop_cmd
  -------         PROC          _DEFAULT_PROCESS
  X:0000H         SYMBOL        cmd_packet
  C:6611H         LINE#         6
  C:661CH         LINE#         7
  C:661CH         LINE#         9
  C:6635H         LINE#         11
  C:6637H         LINE#         12
  -------         ENDPROC       _DEFAULT_PROCESS
  -------         PROC          _EPREUVE_CMD
  X:0000H         SYMBOL        cmd_packet
  -------         DO            
  X:0003H         SYMBOL        epreuve_index
  -------         ENDDO         
  C:4CF3H         LINE#         18
  C:4CFEH         LINE#         19
  C:4CFEH         LINE#         20
  C:4D07H         LINE#         23
  C:4D22H         LINE#         24
  C:4D22H         LINE#         25
  C:4D25H         LINE#         26
  C:4D25H         LINE#         29
  C:4D42H         LINE#         30
  C:4D42H         LINE#         32
  C:4D8FH         LINE#         33
  C:4D8FH         LINE#         34
  C:4D92H         LINE#         35
  C:4D92H         LINE#         38
  C:4DB8H         LINE#         39
  C:4DB8H         LINE#         40
  C:4DBBH         LINE#         41
  C:4DBBH         LINE#         43
  C:4DDBH         LINE#         44
  C:4DDDH         LINE#         46
  C:4DDDH         LINE#         47
  C:4DF6H         LINE#         48
  C:4DF6H         LINE#         49
  C:4DF8H         LINE#         50
  -------         ENDPROC       _EPREUVE_CMD
  -------         PROC          _EPREUVE_STOP
  X:0000H         SYMBOL        cmd_packet
  C:665FH         LINE#         52
  C:666AH         LINE#         53
  C:666AH         LINE#         55
  C:6682H         LINE#         57
  C:6684H         LINE#         58
  -------         ENDPROC       _EPREUVE_STOP
BL51 BANKED LINKER/LOCATER V6.22                                                      04/30/2019  09:16:25  PAGE 13


  -------         PROC          _SAFETY_BREAK_CMD
  X:0000H         SYMBOL        cmd_packet
  C:640AH         LINE#         61
  C:6415H         LINE#         62
  C:6415H         LINE#         64
  C:6430H         LINE#         65
  C:6430H         LINE#         66
  C:6433H         LINE#         67
  C:6433H         LINE#         69
  C:644CH         LINE#         71
  C:644EH         LINE#         72
  -------         ENDPROC       _SAFETY_BREAK_CMD
  -------         PROC          _SET_DEFAULT_SPEED_CMD
  X:0000H         SYMBOL        cmd_packet
  -------         DO            
  X:0003H         SYMBOL        motor_speed
  -------         ENDDO         
  C:50DDH         LINE#         74
  C:50E8H         LINE#         75
  C:50E8H         LINE#         76
  C:50F1H         LINE#         79
  C:510BH         LINE#         80
  C:510BH         LINE#         81
  C:510EH         LINE#         82
  C:510EH         LINE#         85
  C:515BH         LINE#         86
  C:515BH         LINE#         87
  C:515EH         LINE#         88
  C:515EH         LINE#         91
  C:5181H         LINE#         92
  C:5181H         LINE#         93
  C:5184H         LINE#         94
  C:5184H         LINE#         96
  C:51AAH         LINE#         98
  C:51ACH         LINE#         99
  -------         ENDPROC       _SET_DEFAULT_SPEED_CMD
  -------         PROC          _MOVE_FORWARD_CMD
  X:0000H         SYMBOL        cmd_packet
  -------         DO            
  X:0003H         SYMBOL        motor_speed
  -------         ENDDO         
  C:46D1H         LINE#         101
  C:46DCH         LINE#         102
  C:46DCH         LINE#         103
  C:46E5H         LINE#         105
  C:4700H         LINE#         106
  C:4700H         LINE#         107
  C:4703H         LINE#         108
  C:4703H         LINE#         110
  C:4722H         LINE#         112
  C:473FH         LINE#         113
  C:473FH         LINE#         115
  C:478AH         LINE#         116
  C:478AH         LINE#         117
  C:478DH         LINE#         118
  C:478DH         LINE#         121
  C:47B0H         LINE#         122
BL51 BANKED LINKER/LOCATER V6.22                                                      04/30/2019  09:16:25  PAGE 14


  C:47B0H         LINE#         123
  C:47B3H         LINE#         124
  C:47B3H         LINE#         126
  C:47D9H         LINE#         127
  C:47DBH         LINE#         128
  C:47FCH         LINE#         129
  C:47FCH         LINE#         130
  C:4822H         LINE#         131
  C:4822H         LINE#         132
  C:4822H         LINE#         133
  C:4824H         LINE#         134
  -------         ENDPROC       _MOVE_FORWARD_CMD
  -------         PROC          _MOVE_BACKWARD_CMD
  X:0000H         SYMBOL        cmd_packet
  -------         DO            
  X:0003H         SYMBOL        motor_speed
  -------         ENDDO         
  C:4825H         LINE#         136
  C:4830H         LINE#         137
  C:4830H         LINE#         138
  C:4839H         LINE#         140
  C:4854H         LINE#         141
  C:4854H         LINE#         142
  C:4857H         LINE#         143
  C:4857H         LINE#         145
  C:4876H         LINE#         147
  C:4893H         LINE#         148
  C:4893H         LINE#         150
  C:48DEH         LINE#         151
  C:48DEH         LINE#         152
  C:48E1H         LINE#         153
  C:48E1H         LINE#         156
  C:4904H         LINE#         157
  C:4904H         LINE#         158
  C:4907H         LINE#         159
  C:4907H         LINE#         161
  C:492DH         LINE#         162
  C:492FH         LINE#         163
  C:4950H         LINE#         164
  C:4950H         LINE#         165
  C:4976H         LINE#         166
  C:4976H         LINE#         167
  C:4976H         LINE#         168
  C:4978H         LINE#         169
  -------         ENDPROC       _MOVE_BACKWARD_CMD
  -------         PROC          _MOVE_STOP_CMD
  X:0000H         SYMBOL        cmd_packet
  C:625AH         LINE#         171
  C:6265H         LINE#         172
  C:6265H         LINE#         173
  C:627DH         LINE#         174
  C:627DH         LINE#         175
  C:6280H         LINE#         176
  C:6280H         LINE#         177
  C:629FH         LINE#         178
  C:62A1H         LINE#         179
  -------         ENDPROC       _MOVE_STOP_CMD
BL51 BANKED LINKER/LOCATER V6.22                                                      04/30/2019  09:16:25  PAGE 15


  -------         PROC          _RIGTH_ROTATION_CMD
  X:0000H         SYMBOL        cmd_packet
  C:62A2H         LINE#         181
  C:62ADH         LINE#         182
  C:62ADH         LINE#         183
  C:62C5H         LINE#         184
  C:62C5H         LINE#         185
  C:62C8H         LINE#         186
  C:62C8H         LINE#         188
  C:62E7H         LINE#         189
  C:62E9H         LINE#         190
  -------         ENDPROC       _RIGTH_ROTATION_CMD
  -------         PROC          _LEFT_ROTATION_CMD
  X:0000H         SYMBOL        cmd_packet
  C:62EAH         LINE#         192
  C:62F5H         LINE#         193
  C:62F5H         LINE#         194
  C:630DH         LINE#         195
  C:630DH         LINE#         196
  C:6310H         LINE#         197
  C:6310H         LINE#         199
  C:632FH         LINE#         200
  C:6331H         LINE#         201
  -------         ENDPROC       _LEFT_ROTATION_CMD
  -------         PROC          _COMPLETE_ROTATION_CMD
  X:0000H         SYMBOL        cmd_packet
  C:4979H         LINE#         203
  C:4984H         LINE#         204
  C:4984H         LINE#         205
  C:499FH         LINE#         206
  C:499FH         LINE#         207
  C:49A2H         LINE#         208
  C:49A2H         LINE#         210
  C:49BFH         LINE#         211
  C:49BFH         LINE#         213
  C:4A27H         LINE#         215
  C:4A27H         LINE#         216
  C:4A4AH         LINE#         217
  C:4A4AH         LINE#         218
  C:4A4AH         LINE#         219
  C:4A69H         LINE#         220
  C:4A6BH         LINE#         221
  C:4A6BH         LINE#         222
  C:4A8AH         LINE#         223
  C:4A8CH         LINE#         224
  C:4A8CH         LINE#         225
  C:4A8EH         LINE#         226
  C:4A91H         LINE#         227
  C:4A91H         LINE#         229
  C:4A91H         LINE#         230
  C:4AB0H         LINE#         231
  C:4AB0H         LINE#         232
  C:4AB2H         LINE#         233
  -------         ENDPROC       _COMPLETE_ROTATION_CMD
  -------         PROC          _ANGLE_ROTATION_CMD
  X:0000H         SYMBOL        cmd_packet
  -------         DO            
BL51 BANKED LINKER/LOCATER V6.22                                                      04/30/2019  09:16:25  PAGE 16


  X:0003H         SYMBOL        angle
  -------         ENDDO         
  C:43EEH         LINE#         235
  C:43F9H         LINE#         236
  C:43F9H         LINE#         237
  C:4401H         LINE#         239
  C:441BH         LINE#         240
  C:441BH         LINE#         241
  C:441EH         LINE#         242
  C:441EH         LINE#         244
  C:4489H         LINE#         246
  C:4489H         LINE#         247
  C:44ACH         LINE#         248
  C:44ACH         LINE#         249
  C:44ACH         LINE#         250
  C:44CBH         LINE#         251
  C:44CDH         LINE#         252
  C:44CDH         LINE#         253
  C:44ECH         LINE#         254
  C:44ECH         LINE#         255
  C:44ECH         LINE#         257
  C:4537H         LINE#         258
  C:4537H         LINE#         259
  C:453AH         LINE#         260
  C:453AH         LINE#         262
  C:4562H         LINE#         263
  C:4564H         LINE#         264
  C:4567H         LINE#         265
  C:4567H         LINE#         266
  C:4569H         LINE#         267
  -------         ENDPROC       _ANGLE_ROTATION_CMD
  -------         PROC          _MOVE_TO_CMD
  X:00F6H         SYMBOL        cmd_packet
  -------         DO            
  X:00F9H         SYMBOL        i
  X:00FAH         SYMBOL        j
  X:00FBH         SYMBOL        params
  X:010AH         SYMBOL        angle
  X:010CH         SYMBOL        x
  X:010EH         SYMBOL        y
  X:0110H         SYMBOL        param_find
  X:0111H         SYMBOL        str
  -------         ENDDO         
  C:233AH         LINE#         277
  C:2345H         LINE#         278
  C:2345H         LINE#         279
  C:234FH         LINE#         280
  C:2374H         LINE#         281
  C:238CH         LINE#         282
  C:2391H         LINE#         283
  C:23A2H         LINE#         287
  C:23BCH         LINE#         288
  C:23BCH         LINE#         289
  C:23BFH         LINE#         290
  C:23BFH         LINE#         293
  C:23D2H         LINE#         294
  C:23D2H         LINE#         295
BL51 BANKED LINKER/LOCATER V6.22                                                      04/30/2019  09:16:25  PAGE 17


  C:240EH         LINE#         298
  C:2421H         LINE#         299
  C:2421H         LINE#         300
  C:245FH         LINE#         301
  C:245FH         LINE#         302
  C:2475H         LINE#         303
  C:2475H         LINE#         304
  C:2475H         LINE#         305
  C:24DEH         LINE#         306
  C:24DEH         LINE#         307
  C:24E1H         LINE#         308
  C:24E1H         LINE#         309
  C:24E1H         LINE#         311
  C:24E1H         LINE#         312
  C:2547H         LINE#         313
  C:2547H         LINE#         314
  C:254AH         LINE#         315
  C:254AH         LINE#         316
  C:254AH         LINE#         318
  C:254AH         LINE#         319
  C:25B0H         LINE#         320
  C:25B0H         LINE#         321
  C:25B3H         LINE#         322
  C:25B3H         LINE#         323
  C:25B3H         LINE#         325
  C:25B3H         LINE#         326
  C:25B9H         LINE#         327
  C:25BBH         LINE#         328
  C:25BBH         LINE#         329
  C:25C4H         LINE#         331
  C:25CCH         LINE#         332
  C:25CCH         LINE#         333
  C:25CFH         LINE#         334
  C:25CFH         LINE#         335
  C:25D4H         LINE#         336
  C:25D4H         LINE#         338
  C:25DDH         LINE#         340
  C:2605H         LINE#         341
  C:262BH         LINE#         342
  C:2651H         LINE#         343
  C:2670H         LINE#         344
  C:2672H         LINE#         345
  -------         ENDPROC       _MOVE_TO_CMD
  -------         PROC          _DETECTE_OBSTACLE
  X:0000H         SYMBOL        cmd_packet
  C:6332H         LINE#         347
  C:633DH         LINE#         348
  C:633DH         LINE#         349
  C:6355H         LINE#         350
  C:6355H         LINE#         351
  C:6358H         LINE#         352
  C:6358H         LINE#         354
  C:6377H         LINE#         355
  C:6379H         LINE#         356
  -------         ENDPROC       _DETECTE_OBSTACLE
  -------         PROC          _SERVO_MOVE_CMD
  X:0000H         SYMBOL        cmd_packet
BL51 BANKED LINKER/LOCATER V6.22                                                      04/30/2019  09:16:25  PAGE 18


  -------         DO            
  X:0003H         SYMBOL        angle
  -------         ENDDO         
  C:4246H         LINE#         358
  C:4251H         LINE#         359
  C:4251H         LINE#         360
  C:425AH         LINE#         362
  C:4275H         LINE#         363
  C:4275H         LINE#         364
  C:4278H         LINE#         365
  C:4278H         LINE#         367
  C:42E0H         LINE#         369
  C:42E0H         LINE#         370
  C:4303H         LINE#         371
  C:4303H         LINE#         372
  C:4303H         LINE#         373
  C:4322H         LINE#         374
  C:4324H         LINE#         375
  C:4324H         LINE#         376
  C:4343H         LINE#         377
  C:4343H         LINE#         378
  C:4343H         LINE#         380
  C:4343H         LINE#         382
  C:4377H         LINE#         383
  C:4377H         LINE#         384
  C:43C2H         LINE#         385
  C:43C2H         LINE#         386
  C:43C5H         LINE#         387
  C:43C5H         LINE#         389
  C:43EBH         LINE#         390
  C:43EBH         LINE#         392
  C:43EDH         LINE#         393
  -------         ENDPROC       _SERVO_MOVE_CMD
  -------         PROC          _LIGHT_BEAM_ON_CMD
  X:0000H         SYMBOL        cmd_packet
  -------         DO            
  X:0003H         SYMBOL        i
  X:0004H         SYMBOL        j
  X:0005H         SYMBOL        params
  X:0019H         SYMBOL        intensity
  X:001BH         SYMBOL        delay_on
  X:001DH         SYMBOL        delay_off
  X:001FH         SYMBOL        nbr_flash
  X:0021H         SYMBOL        param_find
  X:0022H         SYMBOL        str
  -------         ENDDO         
  C:16B0H         LINE#         395
  C:16BBH         LINE#         396
  C:16BBH         LINE#         397
  C:16C5H         LINE#         398
  C:16EAH         LINE#         399
  C:170DH         LINE#         400
  C:1712H         LINE#         401
  C:1723H         LINE#         404
  C:1757H         LINE#         405
  C:1757H         LINE#         406
  C:175AH         LINE#         407
BL51 BANKED LINKER/LOCATER V6.22                                                      04/30/2019  09:16:25  PAGE 19


  C:175AH         LINE#         410
  C:1785H         LINE#         411
  C:1785H         LINE#         412
  C:17C1H         LINE#         415
  C:17D4H         LINE#         416
  C:17D4H         LINE#         417
  C:1812H         LINE#         418
  C:1812H         LINE#         419
  C:182BH         LINE#         420
  C:182BH         LINE#         421
  C:182BH         LINE#         422
  C:1891H         LINE#         423
  C:1891H         LINE#         424
  C:1894H         LINE#         425
  C:1894H         LINE#         427
  C:1894H         LINE#         429
  C:18BDH         LINE#         430
  C:18BDH         LINE#         431
  C:18C0H         LINE#         432
  C:18C0H         LINE#         433
  C:18C0H         LINE#         434
  C:18C0H         LINE#         436
  C:18C0H         LINE#         437
  C:1926H         LINE#         438
  C:1926H         LINE#         439
  C:1929H         LINE#         440
  C:1929H         LINE#         442
  C:1929H         LINE#         444
  C:1952H         LINE#         445
  C:1952H         LINE#         446
  C:1955H         LINE#         447
  C:1955H         LINE#         448
  C:1955H         LINE#         449
  C:1955H         LINE#         451
  C:1955H         LINE#         452
  C:19BBH         LINE#         453
  C:19BBH         LINE#         454
  C:19BEH         LINE#         455
  C:19BEH         LINE#         457
  C:19BEH         LINE#         459
  C:19E4H         LINE#         460
  C:19E4H         LINE#         461
  C:19E7H         LINE#         462
  C:19E7H         LINE#         463
  C:19E7H         LINE#         464
  C:19E7H         LINE#         466
  C:19E7H         LINE#         467
  C:1A4DH         LINE#         468
  C:1A4DH         LINE#         469
  C:1A50H         LINE#         470
  C:1A50H         LINE#         472
  C:1A50H         LINE#         474
  C:1A76H         LINE#         475
  C:1A76H         LINE#         476
  C:1A79H         LINE#         477
  C:1A79H         LINE#         478
  C:1A79H         LINE#         479
BL51 BANKED LINKER/LOCATER V6.22                                                      04/30/2019  09:16:25  PAGE 20


  C:1A79H         LINE#         480
  C:1A79H         LINE#         481
  C:1A7FH         LINE#         482
  C:1A81H         LINE#         483
  C:1A81H         LINE#         484
  C:1A8AH         LINE#         486
  C:1A92H         LINE#         487
  C:1A92H         LINE#         488
  C:1A95H         LINE#         489
  C:1A95H         LINE#         490
  C:1A9AH         LINE#         491
  C:1A9AH         LINE#         493
  C:1AA3H         LINE#         495
  C:1AC2H         LINE#         496
  C:1AE8H         LINE#         497
  C:1B0EH         LINE#         498
  C:1B34H         LINE#         499
  C:1B5AH         LINE#         501
  C:1B5CH         LINE#         502
  -------         ENDPROC       _LIGHT_BEAM_ON_CMD
  -------         PROC          _LIGHT_BEAM_OFF_CMD
  X:0000H         SYMBOL        cmd_packet
  C:637AH         LINE#         504
  C:6385H         LINE#         505
  C:6385H         LINE#         507
  C:639DH         LINE#         508
  C:639DH         LINE#         509
  C:63A0H         LINE#         510
  C:63A0H         LINE#         512
  C:63BFH         LINE#         514
  C:63C1H         LINE#         515
  -------         ENDPROC       _LIGHT_BEAM_OFF_CMD
  -------         PROC          _GENERATE_SOUND_CMD
  X:0000H         SYMBOL        cmd_packet
  -------         DO            
  X:0003H         SYMBOL        i
  X:0004H         SYMBOL        j
  X:0005H         SYMBOL        params
  X:0019H         SYMBOL        frequency_code
  X:001BH         SYMBOL        delay_son
  X:001DH         SYMBOL        delay_silence
  X:001FH         SYMBOL        nbr_bip
  X:0021H         SYMBOL        param_find
  X:0022H         SYMBOL        str
  -------         ENDDO         
  C:11FFH         LINE#         517
  C:120AH         LINE#         518
  C:120AH         LINE#         519
  C:1214H         LINE#         520
  C:1239H         LINE#         521
  C:125DH         LINE#         522
  C:1262H         LINE#         523
  C:1273H         LINE#         526
  C:12A7H         LINE#         527
  C:12A7H         LINE#         528
  C:12AAH         LINE#         529
  C:12AAH         LINE#         532
BL51 BANKED LINKER/LOCATER V6.22                                                      04/30/2019  09:16:25  PAGE 21


  C:12D5H         LINE#         533
  C:12D5H         LINE#         534
  C:1311H         LINE#         537
  C:1324H         LINE#         538
  C:1324H         LINE#         539
  C:1362H         LINE#         540
  C:1362H         LINE#         541
  C:137BH         LINE#         542
  C:137BH         LINE#         543
  C:137BH         LINE#         544
  C:13E1H         LINE#         545
  C:13E1H         LINE#         546
  C:13E4H         LINE#         547
  C:13E4H         LINE#         549
  C:13E4H         LINE#         551
  C:140DH         LINE#         552
  C:140DH         LINE#         553
  C:1410H         LINE#         554
  C:1410H         LINE#         555
  C:1410H         LINE#         556
  C:1410H         LINE#         558
  C:1410H         LINE#         559
  C:1476H         LINE#         560
  C:1476H         LINE#         561
  C:1479H         LINE#         562
  C:1479H         LINE#         564
  C:1479H         LINE#         566
  C:14A2H         LINE#         567
  C:14A2H         LINE#         568
  C:14A5H         LINE#         569
  C:14A5H         LINE#         570
  C:14A5H         LINE#         571
  C:14A5H         LINE#         573
  C:14A5H         LINE#         574
  C:150BH         LINE#         575
  C:150BH         LINE#         576
  C:150EH         LINE#         577
  C:150EH         LINE#         579
  C:150EH         LINE#         581
  C:1537H         LINE#         582
  C:1537H         LINE#         583
  C:153AH         LINE#         584
  C:153AH         LINE#         585
  C:153AH         LINE#         586
  C:153AH         LINE#         588
  C:153AH         LINE#         589
  C:15A0H         LINE#         590
  C:15A0H         LINE#         591
  C:15A3H         LINE#         592
  C:15A3H         LINE#         594
  C:15A3H         LINE#         596
  C:15C9H         LINE#         597
  C:15C9H         LINE#         598
  C:15CCH         LINE#         599
  C:15CCH         LINE#         600
  C:15CCH         LINE#         601
  C:15CCH         LINE#         602
BL51 BANKED LINKER/LOCATER V6.22                                                      04/30/2019  09:16:25  PAGE 22


  C:15CCH         LINE#         603
  C:15D2H         LINE#         604
  C:15D4H         LINE#         605
  C:15D4H         LINE#         606
  C:15DDH         LINE#         608
  C:15E5H         LINE#         609
  C:15E5H         LINE#         610
  C:15E8H         LINE#         611
  C:15E8H         LINE#         612
  C:15EDH         LINE#         613
  C:15EDH         LINE#         615
  C:15F6H         LINE#         617
  C:1615H         LINE#         618
  C:163BH         LINE#         619
  C:1661H         LINE#         620
  C:1687H         LINE#         621
  C:16ADH         LINE#         623
  C:16AFH         LINE#         625
  -------         ENDPROC       _GENERATE_SOUND_CMD
  -------         PROC          _PHOTO_CMD
  X:0000H         SYMBOL        cmd_packet
  -------         DO            
  X:0003H         SYMBOL        i
  X:0004H         SYMBOL        j
  X:0005H         SYMBOL        params
  X:0014H         SYMBOL        duree_photo
  X:0016H         SYMBOL        nbr_photo
  X:0018H         SYMBOL        mode
  X:001AH         SYMBOL        param_find
  X:001BH         SYMBOL        str
  -------         ENDDO         
  C:2FEBH         LINE#         627
  C:2FF6H         LINE#         628
  C:2FF6H         LINE#         629
  C:3001H         LINE#         630
  C:3026H         LINE#         631
  C:3041H         LINE#         632
  C:3046H         LINE#         633
  C:3057H         LINE#         637
  C:3072H         LINE#         638
  C:3072H         LINE#         639
  C:3075H         LINE#         640
  C:3075H         LINE#         644
  C:3097H         LINE#         645
  C:3097H         LINE#         646
  C:30C4H         LINE#         649
  C:30D7H         LINE#         650
  C:30D7H         LINE#         651
  C:3115H         LINE#         652
  C:3115H         LINE#         653
  C:3131H         LINE#         654
  C:3131H         LINE#         655
  C:3131H         LINE#         656
  C:3190H         LINE#         657
  C:3190H         LINE#         658
  C:3193H         LINE#         659
  C:3193H         LINE#         660
BL51 BANKED LINKER/LOCATER V6.22                                                      04/30/2019  09:16:25  PAGE 23


  C:319AH         LINE#         661
  C:319DH         LINE#         663
  C:319DH         LINE#         664
  C:31FCH         LINE#         665
  C:31FCH         LINE#         666
  C:31FFH         LINE#         667
  C:31FFH         LINE#         668
  C:3206H         LINE#         669
  C:3208H         LINE#         670
  C:3208H         LINE#         671
  C:3211H         LINE#         672
  C:3217H         LINE#         673
  C:3219H         LINE#         674
  C:3219H         LINE#         675
  C:3222H         LINE#         676
  C:3228H         LINE#         677
  C:322AH         LINE#         678
  C:322AH         LINE#         679
  C:3233H         LINE#         680
  C:3239H         LINE#         681
  C:3239H         LINE#         682
  C:3239H         LINE#         683
  C:323FH         LINE#         684
  C:3241H         LINE#         685
  C:3241H         LINE#         686
  C:324AH         LINE#         688
  C:3252H         LINE#         689
  C:3252H         LINE#         690
  C:3255H         LINE#         691
  C:3255H         LINE#         692
  C:325AH         LINE#         693
  C:325AH         LINE#         695
  C:325DH         LINE#         697
  C:3283H         LINE#         698
  C:32A9H         LINE#         699
  C:32EDH         LINE#         700
  C:32EFH         LINE#         701
  -------         ENDPROC       _PHOTO_CMD
  -------         PROC          _PHOTO_OFF_CMD
  X:0000H         SYMBOL        cmd_packet
  C:63C2H         LINE#         703
  C:63CDH         LINE#         704
  C:63CDH         LINE#         706
  C:63E5H         LINE#         707
  C:63E5H         LINE#         708
  C:63E8H         LINE#         709
  C:63E8H         LINE#         711
  C:6407H         LINE#         713
  C:6409H         LINE#         714
  -------         ENDPROC       _PHOTO_OFF_CMD
  -------         PROC          _AUX_CMD
  X:0000H         SYMBOL        cmd_packet
  -------         DO            
  X:0003H         SYMBOL        str
  X:0006H         SYMBOL        params
  X:0012H         SYMBOL        ticks_value
  -------         ENDDO         
BL51 BANKED LINKER/LOCATER V6.22                                                      04/30/2019  09:16:25  PAGE 24


  C:3C52H         LINE#         716
  C:3C5DH         LINE#         717
  C:3C5DH         LINE#         718
  C:3C6EH         LINE#         719
  C:3C93H         LINE#         720
  C:3C9BH         LINE#         722
  C:3CBCH         LINE#         725
  C:3CE8H         LINE#         726
  C:3CE8H         LINE#         727
  C:3D33H         LINE#         728
  C:3D33H         LINE#         729
  C:3D36H         LINE#         730
  C:3D36H         LINE#         731
  C:3D55H         LINE#         732
  C:3D7DH         LINE#         733
  C:3D80H         LINE#         734
  C:3D80H         LINE#         737
  C:3DA9H         LINE#         738
  C:3DA9H         LINE#         739
  C:3DC8H         LINE#         740
  C:3DCBH         LINE#         741
  C:3DCBH         LINE#         744
  C:3DF4H         LINE#         745
  C:3DF4H         LINE#         746
  C:3E13H         LINE#         747
  C:3E16H         LINE#         748
  C:3E16H         LINE#         751
  C:3E3FH         LINE#         752
  C:3E3FH         LINE#         753
  C:3E5EH         LINE#         754
  C:3E61H         LINE#         755
  C:3E61H         LINE#         757
  C:3E63H         LINE#         758
  -------         ENDPROC       _AUX_CMD
  -------         ENDMOD        COMMANDS

  -------         MODULE        COMMANDS_PARSER
  C:0000H         SYMBOL        _ICE_DUMMY_
  B:0098H.7       PUBLIC        SM00
  D:0090H         PUBLIC        P1
  B:0098H.6       PUBLIC        SM10
  C:6494H         PUBLIC        _get_command
  C:61B5H         PUBLIC        _Init_parser
  D:00E8H         PUBLIC        ADC0CN
  C:5FF7H         PUBLIC        _cmd_parser_process
  D:00A4H         PUBLIC        P0MDOUT
  X:0166H         PUBLIC        current_state
  D:00A8H         PUBLIC        IE
  B:0098H.4       PUBLIC        REN0
  D:00D8H         PUBLIC        PCA0CN
  D:00B8H         PUBLIC        IP
  D:00E1H         PUBLIC        XBR0
  C:37EBH         PUBLIC        _parse
  C:6799H         PUBLIC        _USART_send
  C:615FH         PUBLIC        _USART_print
  D:00CBH         PUBLIC        RCAP2H
  D:00C0H         PUBLIC        SMB0CN
BL51 BANKED LINKER/LOCATER V6.22                                                      04/30/2019  09:16:25  PAGE 25


  C:67CFH         PUBLIC        valid_cmd_flag
  D:00CAH         PUBLIC        RCAP2L
  C:3A32H         PUBLIC        _send_informations
  D:00F8H         PUBLIC        SPI0CN
  D:0088H         PUBLIC        TCON
  C:5A20H         PUBLIC        _wait
  C:3597H         PUBLIC        _send_KOB_MOU
  C:67DFH         PUBLIC        error_cmd_flag
  X:0167H         PUBLIC        dispatch_table
  X:0209H         PUBLIC        MSG_buffer
  X:0229H         PUBLIC        raw_data
  B:0098H.0       PUBLIC        RI0
  B:0098H.1       PUBLIC        TI0
  B:00C8H.2       PUBLIC        TR2
  C:657FH         PUBLIC        _USART_receive
  B:00C8H.5       PUBLIC        RCLK0
  B:00C8H.4       PUBLIC        TCLK0
  D:0099H         PUBLIC        SBUF0
  D:0098H         PUBLIC        SCON0
  D:00C8H         PUBLIC        T2CON
  D:008EH         PUBLIC        CKCON
  X:0249H         PUBLIC        full_state_machine
  X:0251H         PUBLIC        buffer_index
  D:00D0H         PUBLIC        PSW
  -------         PROC          _INIT_PARSER
  X:0012H         SYMBOL        parser_result
  C:61B5H         LINE#         86
  C:61C0H         LINE#         87
  C:61C0H         LINE#         90
  C:61C2H         LINE#         91
  C:61C4H         LINE#         92
  C:61C6H         LINE#         95
  C:61C9H         LINE#         98
  C:61CCH         LINE#         102
  C:61CFH         LINE#         106
  C:61D2H         LINE#         107
  C:61D4H         LINE#         108
  C:61D6H         LINE#         109
  C:61D9H         LINE#         110
  C:61DCH         LINE#         111
  C:61DEH         LINE#         114
  C:6207H         LINE#         116
  C:6209H         LINE#         117
  -------         ENDPROC       _INIT_PARSER
  -------         PROC          _USART_RECEIVE
  X:0019H         SYMBOL        read_byte
  C:657FH         LINE#         119
  C:658AH         LINE#         120
  C:658AH         LINE#         121
  C:658DH         LINE#         122
  C:658DH         LINE#         123
  C:659DH         LINE#         124
  C:659FH         LINE#         125
  C:65A0H         LINE#         126
  C:65B0H         LINE#         127
  C:65B0H         LINE#         128
  -------         ENDPROC       _USART_RECEIVE
BL51 BANKED LINKER/LOCATER V6.22                                                      04/30/2019  09:16:25  PAGE 26


  -------         PROC          _USART_SEND
  X:00F5H         SYMBOL        ch
  C:6799H         LINE#         130
  C:679EH         LINE#         131
  C:679EH         LINE#         132
  C:67A5H         LINE#         133
  C:67A8H         LINE#         134
  C:67AAH         LINE#         135
  -------         ENDPROC       _USART_SEND
  -------         PROC          _USART_PRINT
  X:00F1H         SYMBOL        str
  -------         DO            
  X:00F4H         SYMBOL        i
  -------         ENDDO         
  C:615FH         LINE#         145
  C:616AH         LINE#         146
  C:616AH         LINE#         147
  C:616FH         LINE#         148
  C:6190H         LINE#         149
  C:6190H         LINE#         150
  C:61ACH         LINE#         151
  C:61B4H         LINE#         152
  -------         ENDPROC       _USART_PRINT
  -------         PROC          _CMD_PARSER_PROCESS
  X:0012H         SYMBOL        result
  C:5FF7H         LINE#         156
  C:6002H         LINE#         157
  C:6002H         LINE#         171
  C:6015H         LINE#         172
  C:6015H         LINE#         173
  C:6015H         LINE#         174
  C:6023H         LINE#         175
  C:6025H         LINE#         176
  C:6025H         LINE#         177
  C:6033H         LINE#         178
  C:6035H         LINE#         179
  C:6035H         LINE#         180
  C:6043H         LINE#         181
  C:6043H         LINE#         183
  C:6043H         LINE#         185
  C:6051H         LINE#         186
  -------         ENDPROC       _CMD_PARSER_PROCESS
  -------         PROC          _WAIT
  X:0015H         SYMBOL        parser_result
  -------         DO            
  X:0018H         SYMBOL        read_byte
  -------         ENDDO         
  C:5A20H         LINE#         188
  C:5A2BH         LINE#         189
  C:5A2BH         LINE#         190
  C:5A31H         LINE#         193
  C:5A3AH         LINE#         196
  C:5A50H         LINE#         199
  C:5A5AH         LINE#         200
  C:5A63H         LINE#         201
  C:5A63H         LINE#         204
  C:5A79H         LINE#         205
BL51 BANKED LINKER/LOCATER V6.22                                                      04/30/2019  09:16:25  PAGE 27


  C:5A7FH         LINE#         207
  C:5A90H         LINE#         208
  C:5A96H         LINE#         209
  C:5A97H         LINE#         210
  C:5A9FH         LINE#         211
  C:5AB5H         LINE#         212
  C:5ABBH         LINE#         213
  C:5ABBH         LINE#         214
  C:5ABBH         LINE#         215
  -------         ENDPROC       _WAIT
  -------         PROC          _GET_COMMAND
  X:0015H         SYMBOL        parser_result
  C:6494H         LINE#         218
  C:649FH         LINE#         219
  C:649FH         LINE#         221
  C:64B0H         LINE#         222
  C:64B0H         LINE#         224
  C:64B3H         LINE#         225
  C:64B5H         LINE#         226
  C:64B8H         LINE#         227
  C:64B8H         LINE#         230
  C:64CCH         LINE#         231
  C:64D1H         LINE#         233
  C:64D6H         LINE#         234
  -------         ENDPROC       _GET_COMMAND
  -------         PROC          _PARSE
  X:0018H         SYMBOL        parser_result
  -------         DO            
  X:001BH         SYMBOL        commands_data
  X:00E3H         SYMBOL        data_index
  X:00E4H         SYMBOL        ptr
  X:00E5H         SYMBOL        reading_ptr
  X:00E6H         SYMBOL        ret
  X:00E7H         SYMBOL        c
  X:00E8H         SYMBOL        i
  X:00E9H         SYMBOL        run
  X:00EAH         SYMBOL        cmd_packet
  -------         ENDDO         
  C:37EBH         LINE#         237
  C:37F6H         LINE#         238
  C:37F6H         LINE#         242
  C:3805H         LINE#         243
  C:380AH         LINE#         244
  C:3814H         LINE#         245
  C:381AH         LINE#         254
  C:3825H         LINE#         255
  C:3825H         LINE#         256
  C:383BH         LINE#         259
  C:3851H         LINE#         260
  C:3851H         LINE#         261
  C:3851H         LINE#         262
  C:3875H         LINE#         264
  C:387BH         LINE#         265
  C:3880H         LINE#         266
  C:3883H         LINE#         268
  C:3883H         LINE#         269
  C:38A7H         LINE#         271
BL51 BANKED LINKER/LOCATER V6.22                                                      04/30/2019  09:16:25  PAGE 28


  C:38ADH         LINE#         272
  C:38B2H         LINE#         273
  C:38B4H         LINE#         276
  C:38B4H         LINE#         277
  C:38D8H         LINE#         279
  C:38DDH         LINE#         280
  C:38DFH         LINE#         282
  C:38DFH         LINE#         283
  C:3908H         LINE#         284
  C:390EH         LINE#         285
  C:390EH         LINE#         287
  C:3914H         LINE#         288
  C:3917H         LINE#         292
  C:3928H         LINE#         293
  C:3932H         LINE#         294
  C:3951H         LINE#         298
  C:3966H         LINE#         299
  C:3966H         LINE#         300
  C:39A9H         LINE#         301
  C:39A9H         LINE#         303
  C:39EAH         LINE#         304
  C:39EAH         LINE#         305
  C:39F0H         LINE#         306
  C:39F2H         LINE#         307
  C:39FBH         LINE#         308
  C:3A00H         LINE#         309
  C:3A00H         LINE#         316
  C:3A00H         LINE#         317
  C:3A09H         LINE#         320
  C:3A18H         LINE#         321
  C:3A2CH         LINE#         324
  C:3A31H         LINE#         325
  -------         ENDPROC       _PARSE
  -------         PROC          VALID_CMD_FLAG
  C:67CFH         LINE#         327
  C:67CFH         LINE#         328
  C:67CFH         LINE#         329
  C:67D4H         LINE#         330
  C:67D9H         LINE#         331
  C:67DEH         LINE#         332
  -------         ENDPROC       VALID_CMD_FLAG
  -------         PROC          ERROR_CMD_FLAG
  C:67DFH         LINE#         334
  C:67DFH         LINE#         335
  C:67DFH         LINE#         336
  C:67E4H         LINE#         337
  C:67E9H         LINE#         338
  C:67EEH         LINE#         339
  -------         ENDPROC       ERROR_CMD_FLAG
  -------         PROC          _SEND_INFORMATIONS
  X:0015H         SYMBOL        parser_result
  C:3A32H         LINE#         342
  C:3A3DH         LINE#         343
  C:3A3DH         LINE#         345
  C:3A5DH         LINE#         346
  C:3A5DH         LINE#         348
  C:3A7FH         LINE#         349
BL51 BANKED LINKER/LOCATER V6.22                                                      04/30/2019  09:16:25  PAGE 29


  C:3A7FH         LINE#         350
  C:3AA8H         LINE#         351
  C:3AC6H         LINE#         352
  C:3AC9H         LINE#         354
  C:3AEBH         LINE#         355
  C:3AEBH         LINE#         356
  C:3B14H         LINE#         357
  C:3B32H         LINE#         358
  C:3B35H         LINE#         360
  C:3B57H         LINE#         361
  C:3B57H         LINE#         362
  C:3B80H         LINE#         363
  C:3B9EH         LINE#         364
  C:3BA0H         LINE#         367
  C:3BC2H         LINE#         368
  C:3BC2H         LINE#         369
  C:3BD0H         LINE#         370
  C:3BEEH         LINE#         371
  C:3BF0H         LINE#         374
  C:3BF0H         LINE#         375
  C:3C19H         LINE#         376
  C:3C19H         LINE#         378
  C:3C31H         LINE#         379
  C:3C51H         LINE#         381
  C:3C51H         LINE#         384
  -------         ENDPROC       _SEND_INFORMATIONS
  -------         PROC          _SEND_KOB_MOU
  X:0018H         SYMBOL        parser_result
  -------         DO            
  X:0146H         SYMBOL        msg
  X:001BH         SYMBOL        angle_front
  X:001DH         SYMBOL        angle_back
  X:001FH         SYMBOL        distance_front
  X:0021H         SYMBOL        distance_back
  -------         ENDDO         
  C:3597H         LINE#         386
  C:35A2H         LINE#         387
  C:35A2H         LINE#         390
  C:35B2H         LINE#         391
  C:35C2H         LINE#         393
  C:35D1H         LINE#         395
  C:35F8H         LINE#         396
  C:35F8H         LINE#         397
  C:3623H         LINE#         398
  C:3654H         LINE#         399
  C:369AH         LINE#         400
  C:369DH         LINE#         402
  C:369DH         LINE#         403
  C:36C8H         LINE#         404
  C:36F9H         LINE#         405
  C:372AH         LINE#         406
  C:375BH         LINE#         407
  C:37C1H         LINE#         408
  C:37C1H         LINE#         411
  C:37EAH         LINE#         413
  -------         ENDPROC       _SEND_KOB_MOU
  -------         ENDMOD        COMMANDS_PARSER
BL51 BANKED LINKER/LOCATER V6.22                                                      04/30/2019  09:16:25  PAGE 30



  -------         MODULE        MAIN
  C:0000H         SYMBOL        _ICE_DUMMY_
  D:0090H         PUBLIC        P1
  B:00A8H.7       PUBLIC        EA
  D:00E8H         PUBLIC        ADC0CN
  D:00A8H         PUBLIC        IE
  X:02C0H         PUBLIC        epreuve_start
  X:02C1H         PUBLIC        parser_result
  D:00D8H         PUBLIC        PCA0CN
  D:00B8H         PUBLIC        IP
  D:00FFH         PUBLIC        Reg
  D:00E3H         PUBLIC        XBR2
  X:02C8H         PUBLIC        informations
  X:02E2H         PUBLIC        dd_packet
  D:00C0H         PUBLIC        SMB0CN
  C:4BD5H         PUBLIC        main
  X:02F0H         PUBLIC        spi_packet
  D:00F8H         PUBLIC        SPI0CN
  D:0088H         PUBLIC        TCON
  C:0030H         PUBLIC        enable_general_Int
  D:00B2H         PUBLIC        OSCICN
  D:00B1H         PUBLIC        OSCXCN
  X:02F9H         PUBLIC        commands
  C:67EFH         PUBLIC        Init_External_clk
  D:0098H         PUBLIC        SCON0
  D:00C8H         PUBLIC        T2CON
  C:6825H         PUBLIC        Enable_Crossbar
  D:008EH         PUBLIC        CKCON
  D:00D0H         PUBLIC        PSW
  -------         PROC          INIT_EXTERNAL_CLK
  C:67EFH         LINE#         101
  C:67EFH         LINE#         102
  C:67EFH         LINE#         104
  C:67F2H         LINE#         105
  C:67F7H         LINE#         108
  C:67FAH         LINE#         110
  C:67FDH         LINE#         111
  -------         ENDPROC       INIT_EXTERNAL_CLK
  -------         PROC          ENABLE_CROSSBAR
  C:6825H         LINE#         113
  C:6825H         LINE#         114
  C:6825H         LINE#         116
  C:6828H         LINE#         117
  -------         ENDPROC       ENABLE_CROSSBAR
  -------         PROC          ENABLE_GENERAL_INT
  C:0030H         LINE#         119
  C:0030H         LINE#         120
  C:0030H         LINE#         121
  C:0032H         LINE#         122
  -------         ENDPROC       ENABLE_GENERAL_INT
  -------         PROC          MAIN
  -------         DO            
  X:0000H         SYMBOL        mes
  X:000AH         SYMBOL        f
  X:000EH         SYMBOL        angle
  X:0010H         SYMBOL        ij
BL51 BANKED LINKER/LOCATER V6.22                                                      04/30/2019  09:16:25  PAGE 31


  -------         ENDDO         
  C:4BD5H         LINE#         125
  C:4BD5H         LINE#         126
  C:4BD5H         LINE#         128
  C:4BDFH         LINE#         129
  C:4BE8H         LINE#         130
  C:4BF0H         LINE#         133
  C:4BF3H         LINE#         134
  C:4BF6H         LINE#         137
  C:4BF9H         LINE#         140
  C:4C02H         LINE#         144
  C:4C05H         LINE#         146
  C:4C08H         LINE#         148
  C:4C0BH         LINE#         150
  C:4C0EH         LINE#         152
  C:4C11H         LINE#         154
  C:4C1AH         LINE#         155
  C:4C23H         LINE#         159
  C:4C26H         LINE#         161
  C:4C2FH         LINE#         165
  C:4C2FH         LINE#         166
  C:4C2FH         LINE#         168
  C:4C38H         LINE#         170
  C:4C4BH         LINE#         171
  C:4C4BH         LINE#         172
  C:4C54H         LINE#         173
  C:4C57H         LINE#         174
  C:4C57H         LINE#         176
  C:4C6BH         LINE#         177
  C:4C6BH         LINE#         179
  C:4C73H         LINE#         180
  C:4C73H         LINE#         181
  C:4C83H         LINE#         182
  C:4C89H         LINE#         183
  C:4C89H         LINE#         186
  C:4C92H         LINE#         189
  C:4C9BH         LINE#         192
  C:4CC1H         LINE#         204
  C:4CC4H         LINE#         206
  C:4CDBH         LINE#         207
  C:4CDBH         LINE#         208
  C:4CE4H         LINE#         210
  C:4CE4H         LINE#         212
  C:4CE7H         LINE#         214
  C:4CF0H         LINE#         216
  -------         ENDPROC       MAIN
  -------         ENDMOD        MAIN

  -------         MODULE        SERIALIZER
  C:0000H         SYMBOL        _ICE_DUMMY_
  X:029EH         PUBLIC        serializer_state_machine
  D:0090H         PUBLIC        P1
  X:02B6H         PUBLIC        is_processing
  X:02B7H         PUBLIC        robot_position
  C:654AH         PUBLIC        _serializer_receive
  D:00E8H         PUBLIC        ADC0CN
  D:00A8H         PUBLIC        IE
BL51 BANKED LINKER/LOCATER V6.22                                                      04/30/2019  09:16:25  PAGE 32


  C:60ADH         PUBLIC        __print
  C:66F0H         PUBLIC        serializer_clear_serial
  C:5EC6H         PUBLIC        _rotate
  D:00D8H         PUBLIC        PCA0CN
  D:00B8H         PUBLIC        IP
  D:00E3H         PUBLIC        XBR2
  C:000EH         PUBLIC        _idle
  C:58DEH         PUBLIC        _moveAngle
  D:00E5H         PUBLIC        RCAP4H
  D:00C0H         PUBLIC        SMB0CN
  C:32F0H         PUBLIC        _serializer_process
  C:67ABH         PUBLIC        init_serializer_UART1
  D:00E4H         PUBLIC        RCAP4L
  D:00F8H         PUBLIC        SPI0CN
  D:0088H         PUBLIC        TCON
  X:02BCH         PUBLIC        pids_timer
  C:66D8H         PUBLIC        serializer_init_serial
  C:558BH         PUBLIC        is_PID_processing
  C:54CCH         SYMBOL        _?ix1000
  C:54D1H         SYMBOL        _?ix1001
  X:02BEH         PUBLIC        serializer_state
  C:2CD2H         PUBLIC        _idle_next_state
  C:65E3H         PUBLIC        _stop
  C:67BDH         PUBLIC        _UART_send
  B:0098H.1       PUBLIC        TI0
  C:671EH         PUBLIC        _serializer_send
  C:6052H         PUBLIC        _serializer_print
  C:456AH         PUBLIC        _navigate
  C:5838H         PUBLIC        _translate
  C:5F32H         PUBLIC        _setMotors
  C:29A3H         PUBLIC        _angle_calibration_process
  D:0099H         PUBLIC        SBUF0
  D:00F2H         PUBLIC        SBUF1
  D:0098H         PUBLIC        SCON0
  D:00F1H         PUBLIC        SCON1
  D:00C8H         PUBLIC        T2CON
  D:00C9H         PUBLIC        T4CON
  X:02BFH         PUBLIC        is_navigating
  D:00D0H         PUBLIC        PSW
  C:4EF9H         PUBLIC        _moveTo
  -------         PROC          INIT_SERIALIZER_UART1
  C:67ABH         LINE#         37
  C:67ABH         LINE#         38
  C:67ABH         LINE#         41
  C:67AEH         LINE#         45
  C:67B1H         LINE#         48
  C:67B4H         LINE#         50
  C:67B7H         LINE#         51
  C:67BAH         LINE#         53
  C:67BCH         LINE#         54
  -------         ENDPROC       INIT_SERIALIZER_UART1
  -------         PROC          _SERIALIZER_RECEIVE
  X:004DH         SYMBOL        read_byte
  C:654AH         LINE#         56
  C:6555H         LINE#         57
  C:6555H         LINE#         58
  C:655AH         LINE#         59
BL51 BANKED LINKER/LOCATER V6.22                                                      04/30/2019  09:16:25  PAGE 33


  C:655AH         LINE#         60
  C:656AH         LINE#         61
  C:656DH         LINE#         62
  C:656EH         LINE#         63
  C:657EH         LINE#         64
  C:657EH         LINE#         65
[...]
  D:00A4H         PUBLIC        P0MDOUT
  D:00A5H         PUBLIC        P1MDOUT
  D:00A8H         PUBLIC        IE
BL51 BANKED LINKER/LOCATER V6.22                                                      04/30/2019  09:16:25  PAGE 48


  D:00D8H         PUBLIC        PCA0CN
  D:00B8H         PUBLIC        IP
  C:5CF0H         PUBLIC        _spi_cmd_light_OFF
  B:00F8H.3       PUBLIC        TXBSY
  D:00E1H         PUBLIC        XBR0
  C:5347H         PUBLIC        _spi_cmd_generate_sound
  D:00C0H         PUBLIC        SMB0CN
  C:51ADH         PUBLIC        _spi_transmit
  C:5D66H         PUBLIC        _spi_cmd_photo_OFF
  D:00F8H         PUBLIC        SPI0CN
  C:2673H         PUBLIC        _spi_process
  B:00F8H.7       PUBLIC        SPIF
  D:0088H         PUBLIC        TCON
  X:035AH         PUBLIC        spi_data_in_ptr
  C:6685H         PUBLIC        spi_error
  C:675DH         PUBLIC        _spi_send_char
  C:527DH         PUBLIC        _spi_cmd_light_ON
  C:66A4H         PUBLIC        Init_SPI
  D:0098H         PUBLIC        SCON0
  B:0090H.0       PUBLIC        slave_selector
  D:00C8H         PUBLIC        T2CON
  D:009AH         PUBLIC        SPI0CFG
  C:54D6H         PUBLIC        _spi_cmd_photo_ON
  C:56E8H         PUBLIC        _spi_cmd_servo
  D:009BH         PUBLIC        SPI0DAT
  C:65B1H         PUBLIC        spi_int
  D:00D0H         PUBLIC        PSW
  C:5E51H         PUBLIC        spi_validate
  -------         PROC          SPI_INT
  C:65B1H         LINE#         30
  C:65BEH         LINE#         33
  C:65C0H         LINE#         36
  C:65D2H         LINE#         38
  C:65D8H         LINE#         40
  -------         ENDPROC       SPI_INT
  -------         PROC          INIT_SPI
  C:66A4H         LINE#         48
  C:66A4H         LINE#         49
  C:66A4H         LINE#         55
  C:66A7H         LINE#         59
  C:66AAH         LINE#         60
  C:66ADH         LINE#         61
  C:66B0H         LINE#         63
  C:66B3H         LINE#         64
  C:66B6H         LINE#         65
  C:66B9H         LINE#         67
  C:66BBH         LINE#         69
  C:66BEH         LINE#         70
  -------         ENDPROC       INIT_SPI
  -------         PROC          _SPI_SEND_CHAR
  X:001DH         SYMBOL        a
  C:675DH         LINE#         78
  C:6762H         LINE#         79
  C:6764H         LINE#         81
  C:676BH         LINE#         83
  C:676EH         LINE#         85
  C:6770H         LINE#         86
BL51 BANKED LINKER/LOCATER V6.22                                                      04/30/2019  09:16:25  PAGE 49


  -------         ENDPROC       _SPI_SEND_CHAR
  -------         PROC          _SPI_TRANSMIT
  X:0018H         SYMBOL        spi_packet
  -------         DO            
  X:001BH         SYMBOL        ptr
  X:001CH         SYMBOL        _delay
  -------         ENDDO         
  C:51ADH         LINE#         88
  C:51B8H         LINE#         89
  C:51B8H         LINE#         90
  C:51BDH         LINE#         91
  C:51C2H         LINE#         94
  C:51D4H         LINE#         95
  C:51D9H         LINE#         98
  C:51DCH         LINE#         100
  C:51E7H         LINE#         101
  C:51E7H         LINE#         102
  C:520EH         LINE#         103
  C:5214H         LINE#         105
  C:522CH         LINE#         106
  C:522CH         LINE#         109
  C:522FH         LINE#         112
  C:5235H         LINE#         113
  C:5235H         LINE#         114
  C:5238H         LINE#         115
  C:523AH         LINE#         116
  C:523AH         LINE#         117
  C:5250H         LINE#         118
  C:5250H         LINE#         121
  C:526AH         LINE#         123
  C:527CH         LINE#         125
  -------         ENDPROC       _SPI_TRANSMIT
  -------         PROC          _SPI_PROCESS
  X:0012H         SYMBOL        cmd
  X:0015H         SYMBOL        spi_packet
  C:2673H         LINE#         127
  C:267EH         LINE#         128
  C:267EH         LINE#         129
  C:269BH         LINE#         130
  C:269BH         LINE#         132
  C:269BH         LINE#         133
  C:26B4H         LINE#         134
  C:26B4H         LINE#         135
  C:26E4H         LINE#         136
  C:26F9H         LINE#         137
  C:270FH         LINE#         138
  C:2712H         LINE#         139
  C:272DH         LINE#         140
  C:272DH         LINE#         141
  C:2746H         LINE#         142
  C:2746H         LINE#         143
  C:2776H         LINE#         144
  C:278BH         LINE#         145
  C:27A1H         LINE#         146
  C:27A4H         LINE#         148
  C:27A4H         LINE#         149
  C:27D4H         LINE#         150
BL51 BANKED LINKER/LOCATER V6.22                                                      04/30/2019  09:16:25  PAGE 50


  C:27E9H         LINE#         151
  C:27FFH         LINE#         152
  C:27FFH         LINE#         153
  C:2802H         LINE#         154
  C:281BH         LINE#         155
  C:281BH         LINE#         156
  C:284BH         LINE#         157
  C:2860H         LINE#         158
  C:2876H         LINE#         159
  C:2879H         LINE#         160
  C:2894H         LINE#         161
  C:2894H         LINE#         162
  C:28AEH         LINE#         163
  C:28AEH         LINE#         164
  C:28DEH         LINE#         165
  C:28F3H         LINE#         166
  C:2909H         LINE#         167
  C:290BH         LINE#         169
  C:290BH         LINE#         170
  C:293BH         LINE#         171
  C:2950H         LINE#         172
  C:2966H         LINE#         173
  C:2966H         LINE#         174
  C:2966H         LINE#         176
  C:2966H         LINE#         178
  C:2966H         LINE#         181
  C:297FH         LINE#         182
  C:297FH         LINE#         183
  C:298DH         LINE#         184
  C:29A2H         LINE#         185
  C:29A2H         LINE#         187
  -------         ENDPROC       _SPI_PROCESS
  -------         PROC          _SPI_CMD_SERVO
  X:0018H         SYMBOL        cmd
  X:001BH         SYMBOL        spi_packet
  C:56E8H         LINE#         189
  C:56F3H         LINE#         190
  C:56F3H         LINE#         191
  C:5709H         LINE#         192
  C:5733H         LINE#         193
  C:5766H         LINE#         194
  C:577BH         LINE#         195
  C:5790H         LINE#         196
  -------         ENDPROC       _SPI_CMD_SERVO
  -------         PROC          _SPI_CMD_LIGHT_ON
  X:0018H         SYMBOL        cmd
  X:001BH         SYMBOL        spi_packet
  C:527DH         LINE#         198
  C:5288H         LINE#         199
  C:5288H         LINE#         200
  C:529EH         LINE#         201
  C:52C8H         LINE#         202
  C:52F2H         LINE#         203
  C:531CH         LINE#         204
  C:5346H         LINE#         206
  -------         ENDPROC       _SPI_CMD_LIGHT_ON
  -------         PROC          _SPI_CMD_LIGHT_OFF
BL51 BANKED LINKER/LOCATER V6.22                                                      04/30/2019  09:16:25  PAGE 51


  X:0018H         SYMBOL        cmd
  X:001BH         SYMBOL        spi_packet
  C:5CF0H         LINE#         208
  C:5CFBH         LINE#         209
  C:5CFBH         LINE#         210
  C:5D11H         LINE#         211
  C:5D26H         LINE#         212
  C:5D3BH         LINE#         213
  C:5D50H         LINE#         214
  C:5D65H         LINE#         216
  -------         ENDPROC       _SPI_CMD_LIGHT_OFF
  -------         PROC          _SPI_CMD_GENERATE_SOUND
  X:0018H         SYMBOL        cmd
  X:001BH         SYMBOL        spi_packet
  C:5347H         LINE#         218
  C:5352H         LINE#         219
  C:5352H         LINE#         220
  C:5368H         LINE#         221
  C:5392H         LINE#         222
  C:53BCH         LINE#         223
  C:53E6H         LINE#         224
  C:5410H         LINE#         225
  -------         ENDPROC       _SPI_CMD_GENERATE_SOUND
  -------         PROC          _SPI_CMD_PHOTO_ON
  X:0018H         SYMBOL        cmd
  X:001BH         SYMBOL        spi_packet
  C:54D6H         LINE#         227
  C:54E1H         LINE#         228
  C:54E1H         LINE#         230
  C:54F7H         LINE#         231
  C:5521H         LINE#         232
  C:554BH         LINE#         233
  C:5575H         LINE#         234
  C:558AH         LINE#         236
  -------         ENDPROC       _SPI_CMD_PHOTO_ON
  -------         PROC          _SPI_CMD_PHOTO_OFF
  X:0018H         SYMBOL        cmd
  X:001BH         SYMBOL        spi_packet
  C:5D66H         LINE#         238
  C:5D71H         LINE#         239
  C:5D71H         LINE#         240
  C:5D87H         LINE#         241
  C:5D9CH         LINE#         242
  C:5DB1H         LINE#         243
  C:5DC6H         LINE#         244
  C:5DDBH         LINE#         245
  -------         ENDPROC       _SPI_CMD_PHOTO_OFF
  -------         PROC          SPI_VALIDATE
  -------         DO            
  X:001DH         SYMBOL        hash
  X:001FH         SYMBOL        i
  -------         ENDDO         
  C:5E51H         LINE#         247
  C:5E51H         LINE#         248
  C:5E51H         LINE#         249
  C:5E61H         LINE#         251
  C:5E7CH         LINE#         252
BL51 BANKED LINKER/LOCATER V6.22                                                      04/30/2019  09:16:25  PAGE 52


  C:5E7CH         LINE#         253
  C:5E9EH         LINE#         254
  C:5EAEH         LINE#         256
  C:5EC0H         LINE#         257
  C:5EC0H         LINE#         258
  C:5EC3H         LINE#         259
  C:5EC3H         LINE#         261
  C:5EC3H         LINE#         262
  C:5EC5H         LINE#         263
  C:5EC5H         LINE#         264
  -------         ENDPROC       SPI_VALIDATE
  -------         PROC          SPI_ERROR
  C:6685H         LINE#         266
  C:6685H         LINE#         267
  C:6685H         LINE#         268
  C:668BH         LINE#         269
  C:6691H         LINE#         270
  C:6697H         LINE#         271
  C:669DH         LINE#         272
  C:66A3H         LINE#         273
  -------         ENDPROC       SPI_ERROR
  -------         ENDMOD        SPI_MASTER

  -------         MODULE        ?C?FPADD
  C:003DH         PUBLIC        ?C?FPADD
  C:0039H         PUBLIC        ?C?FPSUB
  -------         ENDMOD        ?C?FPADD

  -------         MODULE        ?C?FPMUL
  C:012EH         PUBLIC        ?C?FPMUL
  -------         ENDMOD        ?C?FPMUL

  -------         MODULE        ?C?FPDIV
  C:0237H         PUBLIC        ?C?FPDIV
  -------         ENDMOD        ?C?FPDIV

  -------         MODULE        ?C?FPCMP
  C:02D6H         PUBLIC        ?C?FPCMP
  C:02D4H         PUBLIC        ?C?FPCMP3
  -------         ENDMOD        ?C?FPCMP

  -------         MODULE        ?C?FCAST
  C:0357H         PUBLIC        ?C?FCASTC
  C:0352H         PUBLIC        ?C?FCASTI
  C:034DH         PUBLIC        ?C?FCASTL
  -------         ENDMOD        ?C?FCAST

  -------         MODULE        ?C?CASTF
  C:038BH         PUBLIC        ?C?CASTF
  -------         ENDMOD        ?C?CASTF

  -------         MODULE        PRINTF
  X:003BH         PUBLIC        ?_PRINTF?BYTE
  X:003BH         PUBLIC        ?_SPRINTF?BYTE
  C:1BC8H         PUBLIC        _PRINTF
  C:1BC2H         PUBLIC        _SPRINTF
  -------         ENDMOD        PRINTF
BL51 BANKED LINKER/LOCATER V6.22                                                      04/30/2019  09:16:25  PAGE 53



  -------         MODULE        SCANF
  X:0114H         PUBLIC        ?_SCANF?BYTE
  X:0114H         PUBLIC        ?_SSCANF?BYTE
  C:206DH         PUBLIC        _SCANF
  C:2069H         PUBLIC        _SSCANF
  -------         ENDMOD        SCANF

  -------         MODULE        SQRT
  C:5640H         PUBLIC        _SQRT
  -------         ENDMOD        SQRT

  -------         MODULE        ATAN
  C:4AD3H         PUBLIC        _ATAN
  -------         ENDMOD        ATAN

  -------         MODULE        ?C?FPROUND
  C:040CH         PUBLIC        ?C?FPROUND
  -------         ENDMOD        ?C?FPROUND

  -------         MODULE        ?C?FPCONVERT
  C:0449H         PUBLIC        ?C?FPCONVERT
  -------         ENDMOD        ?C?FPCONVERT

  -------         MODULE        ?C?FPNEG
  C:059BH         PUBLIC        ?C?FPNEG
  -------         ENDMOD        ?C?FPNEG

  -------         MODULE        ?C?FTNPWR
  C:05DCH         PUBLIC        ?C?FTNPWR
  -------         ENDMOD        ?C?FTNPWR

  -------         MODULE        ?C?COPY
  C:06ECH         PUBLIC        ?C?COPY
  -------         ENDMOD        ?C?COPY

  -------         MODULE        ?C?CLDPTR
  C:0712H         PUBLIC        ?C?CLDPTR
  -------         ENDMOD        ?C?CLDPTR

  -------         MODULE        ?C?CLDOPTR
  C:072BH         PUBLIC        ?C?CLDOPTR
  -------         ENDMOD        ?C?CLDOPTR

  -------         MODULE        ?C?CSTPTR
  C:0758H         PUBLIC        ?C?CSTPTR
  -------         ENDMOD        ?C?CSTPTR

  -------         MODULE        ?C?CSTOPTR
  C:076AH         PUBLIC        ?C?CSTOPTR
  -------         ENDMOD        ?C?CSTOPTR

  -------         MODULE        ?C?IMUL
  C:078CH         PUBLIC        ?C?IMUL
  -------         ENDMOD        ?C?IMUL

  -------         MODULE        ?C?ILDPTR
BL51 BANKED LINKER/LOCATER V6.22                                                      04/30/2019  09:16:25  PAGE 54


  C:079EH         PUBLIC        ?C?ILDPTR
  -------         ENDMOD        ?C?ILDPTR

  -------         MODULE        ?C?ILDOPTR
  C:07C9H         PUBLIC        ?C?ILDOPTR
  -------         ENDMOD        ?C?ILDOPTR

  -------         MODULE        ?C?ISTPTR
  C:0801H         PUBLIC        ?C?ISTPTR
  -------         ENDMOD        ?C?ISTPTR

  -------         MODULE        ?C?ISTOPTR
  C:0820H         PUBLIC        ?C?ISTOPTR
  -------         ENDMOD        ?C?ISTOPTR

  -------         MODULE        ?C?LNEG
  C:084DH         PUBLIC        ?C?LNEG
  -------         ENDMOD        ?C?LNEG

  -------         MODULE        ?C?LLDOPTR
  C:085BH         PUBLIC        ?C?LLDOPTR
  -------         ENDMOD        ?C?LLDOPTR

  -------         MODULE        ?C?LSTPTR
  C:088BH         PUBLIC        ?C?LSTPTR
  -------         ENDMOD        ?C?LSTPTR

  -------         MODULE        ?C?LSTOPTR
  C:08A5H         PUBLIC        ?C?LSTOPTR
  -------         ENDMOD        ?C?LSTOPTR

  -------         MODULE        ?C?LLDXDATA
  C:08C9H         PUBLIC        ?C?LLDXDATA
  -------         ENDMOD        ?C?LLDXDATA

  -------         MODULE        ?C?LLDCODE
  C:08D5H         PUBLIC        ?C?LLDCODE
  -------         ENDMOD        ?C?LLDCODE

  -------         MODULE        ?C?LLDXDATA0
  C:08E5H         PUBLIC        ?C?LLDXDATA0
  -------         ENDMOD        ?C?LLDXDATA0

  -------         MODULE        ?C?LLDCODE0
  C:08F1H         PUBLIC        ?C?LLDCODE0
  -------         ENDMOD        ?C?LLDCODE0

  -------         MODULE        ?C?LSTXDATA
  C:0901H         PUBLIC        ?C?LSTXDATA
  -------         ENDMOD        ?C?LSTXDATA

  -------         MODULE        ?C?LSTKXDATA
  C:090DH         PUBLIC        ?C?LSTKXDATA
  -------         ENDMOD        ?C?LSTKXDATA

  -------         MODULE        ?C?OFFXADD
  C:093EH         PUBLIC        ?C?OFFXADD
BL51 BANKED LINKER/LOCATER V6.22                                                      04/30/2019  09:16:25  PAGE 55


  -------         ENDMOD        ?C?OFFXADD

  -------         MODULE        ?C?PLDXDATA
  C:094AH         PUBLIC        ?C?PLDXDATA
  -------         ENDMOD        ?C?PLDXDATA

  -------         MODULE        ?C?PLDIXDATA
  C:0953H         PUBLIC        ?C?PLDIXDATA
  -------         ENDMOD        ?C?PLDIXDATA

  -------         MODULE        ?C?PILDXDATA
  C:096AH         PUBLIC        ?C?PILDXDATA
  -------         ENDMOD        ?C?PILDXDATA

  -------         MODULE        ?C?PSTXDATA
  C:0981H         PUBLIC        ?C?PSTXDATA
  -------         ENDMOD        ?C?PSTXDATA

  -------         MODULE        ?C?PLDPTR
  C:098AH         PUBLIC        ?C?PLDPTR
  -------         ENDMOD        ?C?PLDPTR

  -------         MODULE        ?C?PSTPTR
  C:09AAH         PUBLIC        ?C?PSTPTR
  -------         ENDMOD        ?C?PSTPTR

  -------         MODULE        ?C?PLDOPTR
  C:09F9H         PUBLIC        ?C?PLDOPTR
  -------         ENDMOD        ?C?PLDOPTR

  -------         MODULE        ?C?PSTOPTR
  C:0A29H         PUBLIC        ?C?PSTOPTR
  -------         ENDMOD        ?C?PSTOPTR

  -------         MODULE        ?C?CCASE
  C:0A82H         PUBLIC        ?C?CCASE
  -------         ENDMOD        ?C?CCASE

  -------         MODULE        ?C?ICALL
  C:0AA8H         PUBLIC        ?C?ICALL
  C:0AACH         PUBLIC        ?C?ICALL2
  -------         ENDMOD        ?C?ICALL

  -------         MODULE        PUTCHAR
  C:6638H         PUBLIC        _PUTCHAR
  -------         ENDMOD        PUTCHAR

  -------         MODULE        GETCHAR
  B:0022H.6       PUBLIC        ?C?CHARLOADED
  X:035BH         PUBLIC        ?_UNGETCHAR?BYTE
  C:6771H         PUBLIC        GETCHAR
  -------         ENDMOD        GETCHAR

  -------         MODULE        UNGETC
  C:0003H         PUBLIC        _UNGETCHAR
  -------         ENDMOD        UNGETC

BL51 BANKED LINKER/LOCATER V6.22                                                      04/30/2019  09:16:25  PAGE 56


  -------         MODULE        ISSPACE
  C:6785H         PUBLIC        _isspace
  -------         ENDMOD        ISSPACE

  -------         MODULE        ?C?STRCMP
  C:0C2CH         PUBLIC        ?C?STRCMP
  -------         ENDMOD        ?C?STRCMP

  -------         MODULE        STRLEN
  C:6748H         PUBLIC        _STRLEN
  -------         ENDMOD        STRLEN

  -------         MODULE        ?C?MEMSET
  C:0C49H         PUBLIC        ?C?MEMSET
  -------         ENDMOD        ?C?MEMSET

  -------         MODULE        ?C?LLDIDATA
  C:0C75H         PUBLIC        ?C?LLDIDATA
  -------         ENDMOD        ?C?LLDIDATA

  -------         MODULE        ?C?LLDPDATA
  C:0C81H         PUBLIC        ?C?LLDPDATA
  -------         ENDMOD        ?C?LLDPDATA

  -------         MODULE        ?C?LSTIDATA
  C:0C8DH         PUBLIC        ?C?LSTIDATA
  -------         ENDMOD        ?C?LSTIDATA

  -------         MODULE        ?C?LSTPDATA
  C:0C99H         PUBLIC        ?C?LSTPDATA
  -------         ENDMOD        ?C?LSTPDATA

  -------         MODULE        ?C?PLDIDATA
  C:0CA5H         PUBLIC        ?C?PLDIDATA
  -------         ENDMOD        ?C?PLDIDATA

  -------         MODULE        ?C?PSTIDATA
  C:0CAEH         PUBLIC        ?C?PSTIDATA
  -------         ENDMOD        ?C?PSTIDATA

  -------         MODULE        ?C?PLDPDATA
  C:0CB7H         PUBLIC        ?C?PLDPDATA
  -------         ENDMOD        ?C?PLDPDATA

  -------         MODULE        ?C?PSTPDATA
  C:0CC0H         PUBLIC        ?C?PSTPDATA
  -------         ENDMOD        ?C?PSTPDATA

  -------         MODULE        ?C?PLDCODE
  C:0CC9H         PUBLIC        ?C?PLDCODE
  -------         ENDMOD        ?C?PLDCODE

  -------         MODULE        _GETKEY
  C:681BH         PUBLIC        _GETKEY
  -------         ENDMOD        _GETKEY

*** WARNING L15: MULTIPLE CALL TO SEGMENT
BL51 BANKED LINKER/LOCATER V6.22                                                      04/30/2019  09:16:25  PAGE 57


    SEGMENT: ?PR?SCANF?SCANF
    CALLER1: ?C_C51STARTUP
    CALLER2: ?PR?_MOVE_TO_CMD?COMMANDS

*** WARNING L15: MULTIPLE CALL TO SEGMENT
    SEGMENT: ?PR??C?ATOF??C?ATOF
    CALLER1: ?C_C51STARTUP
    CALLER2: ?PR?_MOVE_TO_CMD?COMMANDS

*** WARNING L1: UNRESOLVED EXTERNAL SYMBOL
    SYMBOL:  _DD_OBS_DETECTION
    MODULE:  .\Objects\distance_detector.obj (DISTANCE_DETECTOR)

*** WARNING L2: REFERENCE MADE TO UNRESOLVED EXTERNAL
    SYMBOL:  _DD_OBS_DETECTION
    MODULE:  .\Objects\distance_detector.obj (DISTANCE_DETECTOR)
    ADDRESS: 4228H

Program Size: data=33.7 xdata=860 code=26665
LINK/LOCATE RUN COMPLETE.  4 WARNING(S),  0 ERROR(S)
