BL51 BANKED LINKER/LOCATER V6.22                                                        04/16/2019  20:42:19  PAGE 1


BL51 BANKED LINKER/LOCATER V6.22, INVOKED BY:
C:\KEIL_V5\C51\BIN\BL51.EXE .\Objects\STARTUP.obj, .\Objects\commands.obj, .\Objects\commands_parser.obj, .\Objects\main
>> .obj, .\Objects\serializer.obj, .\Objects\motion.obj, .\Objects\distance_detector.obj, .\Objects\spi_master.obj TO .\
>> Objects\robot_V1 PRINT (.\Listings\robot_V1.m51) RAMSIZE (256) OVERLAY (* ! MOVE_TO_CMD)


MEMORY MODEL: LARGE WITH FLOATING POINT ARITHMETIC


INPUT MODULES INCLUDED:
  .\Objects\STARTUP.obj (?C_STARTUP)
  .\Objects\commands.obj (COMMANDS)
  .\Objects\commands_parser.obj (COMMANDS_PARSER)
  .\Objects\main.obj (MAIN)
  .\Objects\serializer.obj (SERIALIZER)
  .\Objects\motion.obj (MOTION)
  .\Objects\distance_detector.obj (DISTANCE_DETECTOR)
  .\Objects\spi_master.obj (SPI_MASTER)
  C:\KEIL_V5\C51\LIB\C51FPL.LIB (?C?FPADD)
  C:\KEIL_V5\C51\LIB\C51FPL.LIB (?C?FPMUL)
  C:\KEIL_V5\C51\LIB\C51FPL.LIB (?C?FPDIV)
  C:\KEIL_V5\C51\LIB\C51FPL.LIB (?C?FCAST)
  C:\KEIL_V5\C51\LIB\C51FPL.LIB (?C?CASTF)
  C:\KEIL_V5\C51\LIB\C51FPL.LIB (PRINTF)
  C:\KEIL_V5\C51\LIB\C51FPL.LIB (SCANF)
  C:\KEIL_V5\C51\LIB\C51FPL.LIB (SQRT)
  C:\KEIL_V5\C51\LIB\C51FPL.LIB (ATAN)
  C:\KEIL_V5\C51\LIB\C51FPL.LIB (?C?FPGETOPN)
  C:\KEIL_V5\C51\LIB\C51FPL.LIB (?C?FPROUND)
  C:\KEIL_V5\C51\LIB\C51FPL.LIB (?C?FPCONVERT)
  C:\KEIL_V5\C51\LIB\C51FPL.LIB (?C?ATOF)
  C:\KEIL_V5\C51\LIB\C51FPL.LIB (?C?FPSERIES)
  C:\KEIL_V5\C51\LIB\C51FPL.LIB (?C?FPNEG)
  C:\KEIL_V5\C51\LIB\C51FPL.LIB (?C?FTNPWR)
  C:\KEIL_V5\C51\LIB\C51L.LIB (?C_INIT)
  C:\KEIL_V5\C51\LIB\C51L.LIB (?C?COPY)
  C:\KEIL_V5\C51\LIB\C51L.LIB (?C?CLDPTR)
  C:\KEIL_V5\C51\LIB\C51L.LIB (?C?CLDOPTR)
  C:\KEIL_V5\C51\LIB\C51L.LIB (?C?CSTPTR)
  C:\KEIL_V5\C51\LIB\C51L.LIB (?C?CSTOPTR)
  C:\KEIL_V5\C51\LIB\C51L.LIB (?C?IMUL)
  C:\KEIL_V5\C51\LIB\C51L.LIB (?C?ILDPTR)
  C:\KEIL_V5\C51\LIB\C51L.LIB (?C?ILDOPTR)
  C:\KEIL_V5\C51\LIB\C51L.LIB (?C?ISTPTR)
  C:\KEIL_V5\C51\LIB\C51L.LIB (?C?ISTOPTR)
  C:\KEIL_V5\C51\LIB\C51L.LIB (?C?LNEG)
  C:\KEIL_V5\C51\LIB\C51L.LIB (?C?LSTPTR)
  C:\KEIL_V5\C51\LIB\C51L.LIB (?C?LLDXDATA)
  C:\KEIL_V5\C51\LIB\C51L.LIB (?C?LLDCODE)
  C:\KEIL_V5\C51\LIB\C51L.LIB (?C?LLDXDATA0)
  C:\KEIL_V5\C51\LIB\C51L.LIB (?C?LLDCODE0)
  C:\KEIL_V5\C51\LIB\C51L.LIB (?C?LSTXDATA)
  C:\KEIL_V5\C51\LIB\C51L.LIB (?C?LSTKXDATA)
  C:\KEIL_V5\C51\LIB\C51L.LIB (?C?OFFXADD)
  C:\KEIL_V5\C51\LIB\C51L.LIB (?C?PLDXDATA)
  C:\KEIL_V5\C51\LIB\C51L.LIB (?C?PLDIXDATA)
  C:\KEIL_V5\C51\LIB\C51L.LIB (?C?PILDXDATA)
  C:\KEIL_V5\C51\LIB\C51L.LIB (?C?PSTXDATA)
BL51 BANKED LINKER/LOCATER V6.22                                                      04/16/2019  20:42:19  PAGE 2


  C:\KEIL_V5\C51\LIB\C51L.LIB (?C?PLDPTR)
  C:\KEIL_V5\C51\LIB\C51L.LIB (?C?PSTPTR)
  C:\KEIL_V5\C51\LIB\C51L.LIB (?C?PLDOPTR)
  C:\KEIL_V5\C51\LIB\C51L.LIB (?C?CCASE)
  C:\KEIL_V5\C51\LIB\C51L.LIB (?C?ICALL)
  C:\KEIL_V5\C51\LIB\C51L.LIB (PUTCHAR)
  C:\KEIL_V5\C51\LIB\C51L.LIB (GETCHAR)
  C:\KEIL_V5\C51\LIB\C51L.LIB (UNGETC)
  C:\KEIL_V5\C51\LIB\C51L.LIB (ISSPACE)
  C:\KEIL_V5\C51\LIB\C51L.LIB (?C?STRCMP)
  C:\KEIL_V5\C51\LIB\C51L.LIB (STRLEN)
  C:\KEIL_V5\C51\LIB\C51L.LIB (?C?MEMSET)
  C:\KEIL_V5\C51\LIB\C51L.LIB (?C?LSTIDATA)
  C:\KEIL_V5\C51\LIB\C51L.LIB (?C?LSTPDATA)
  C:\KEIL_V5\C51\LIB\C51L.LIB (?C?PLDIDATA)
  C:\KEIL_V5\C51\LIB\C51L.LIB (?C?PSTIDATA)
  C:\KEIL_V5\C51\LIB\C51L.LIB (?C?PLDPDATA)
  C:\KEIL_V5\C51\LIB\C51L.LIB (?C?PSTPDATA)
  C:\KEIL_V5\C51\LIB\C51L.LIB (?C?PLDCODE)
  C:\KEIL_V5\C51\LIB\C51L.LIB (_GETKEY)


LINK MAP OF MODULE:  .\Objects\robot_V1 (?C_STARTUP)


            TYPE    BASE      LENGTH    RELOCATION   SEGMENT NAME
            -----------------------------------------------------

            * * * * * * *   D A T A   M E M O R Y   * * * * * * *
            REG     0000H     0008H     ABSOLUTE     "REG BANK 0"
            DATA    0008H     0016H     UNIT         _DATA_GROUP_
                    001EH     0002H                  *** GAP ***
            BIT     0020H.0   0002H.6   UNIT         _BIT_GROUP_
            BIT     0022H.6   0000H.1   UNIT         ?BI?GETCHAR
                    0022H.7   0000H.1                *** GAP ***
            IDATA   0023H     0001H     UNIT         ?STACK

            * * * * * * *  X D A T A   M E M O R Y  * * * * * * *
            XDATA   0000H     0146H     UNIT         _XDATA_GROUP_
            XDATA   0146H     0114H     UNIT         ?XD?COMMANDS_PARSER
            XDATA   025AH     0055H     UNIT         ?XD?MAIN
            XDATA   02AFH     0025H     UNIT         ?XD?SERIALIZER
            XDATA   02D4H     0021H     UNIT         ?XD?DISTANCE_DETECTOR
            XDATA   02F5H     000BH     UNIT         ?XD?SPI_MASTER
            XDATA   0300H     0001H     UNIT         ?XD?SERIALIZER_INIT_SERIAL?SERIALIZER
            XDATA   0301H     0001H     UNIT         ?XD?GETCHAR

            * * * * * * *   C O D E   M E M O R Y   * * * * * * *
            CODE    0000H     0003H     ABSOLUTE     
            CODE    0003H     0008H     UNIT         ?PR?GETCHAR?UNGETCHAR
            CODE    000BH     0003H     ABSOLUTE     
            CODE    000EH     0022H     UNIT         ?PR?_IDLE?SERIALIZER
            CODE    0030H     0003H     UNIT         ?PR?ENABLE_GENERAL_INT?MAIN
            CODE    0033H     0003H     ABSOLUTE     
            CODE    0036H     0B61H     UNIT         ?C?LIB_CODE
            CODE    0B97H     052AH     UNIT         ?PR?_DELTA_ANGLE?MOTION
            CODE    10C1H     0483H     UNIT         ?PR?PRINTF?PRINTF
BL51 BANKED LINKER/LOCATER V6.22                                                      04/16/2019  20:42:19  PAGE 3


            CODE    1544H     035AH     UNIT         ?PR?SCANF?SCANF
            CODE    189EH     0339H     UNIT         ?PR?_MOVE_TO_CMD?COMMANDS
            CODE    1BD7H     0319H     UNIT         ?PR?_IDLE_NEXT_STATE?SERIALIZER
            CODE    1EF0H     02A7H     UNIT         ?PR?_SERIALIZER_PROCESS?SERIALIZER
            CODE    2197H     01F5H     UNIT         ?PR?MAIN?MAIN
            CODE    238CH     01C6H     UNIT         ?PR?_PARSE?COMMANDS_PARSER
            CODE    2552H     01A8H     UNIT         ?PR?_SERVO_MOVE_CMD?COMMANDS
            CODE    26FAH     01A3H     UNIT         ?C_INITSEG
            CODE    289DH     017CH     UNIT         ?PR?_ANGLE_ROTATION_CMD?COMMANDS
            CODE    2A19H     0167H     UNIT         ?PR?_NAVIGATE?SERIALIZER
            CODE    2B80H     0154H     UNIT         ?PR?_MOVE_FORWARD_CMD?COMMANDS
            CODE    2CD4H     0154H     UNIT         ?PR?_MOVE_BACKWARD_CMD?COMMANDS
            CODE    2E28H     013AH     UNIT         ?PR?_COMPLETE_ROTATION_CMD?COMMANDS
            CODE    2F62H     0122H     UNIT         ?PR?ATAN?ATAN
            CODE    3084H     0106H     UNIT         ?PR?_EPREUVE_CMD?COMMANDS
            CODE    318AH     00FEH     UNIT         ?PR?_MOVETO?SERIALIZER
            CODE    3288H     00ECH     UNIT         ?PR?TIMER_0_INT?DISTANCE_DETECTOR
            CODE    3374H     00E6H     UNIT         ?PR??C?ATOF??C?ATOF
            CODE    345AH     00D2H     UNIT         ?PR?_SPI_PROCESS?SPI_MASTER
            CODE    352CH     00D0H     UNIT         ?PR?_SET_DEFAULT_SPEED_CMD?COMMANDS
            CODE    35FCH     00D0H     UNIT         ?PR?_SPI_TRANSMIT?SPI_MASTER
            CODE    36CCH     00BEH     UNIT         ?CO?MAIN
            CODE    378AH     00B1H     UNIT         ?PR?IS_PID_PROCESSING?SERIALIZER
            CODE    383BH     00ACH     UNIT         ?PR?SQRT?SQRT
            CODE    38E7H     00A9H     UNIT         ?PR?_SPI_CMD_SERVO?SPI_MASTER
            CODE    3990H     00A6H     UNIT         ?PR?_TRANSLATE?SERIALIZER
            CODE    3A36H     00A4H     UNIT         ?PR?_MOVEANGLE?SERIALIZER
            CODE    3ADAH     009CH     UNIT         ?PR?_WAIT?COMMANDS_PARSER
            CODE    3B76H     0097H     UNIT         ?PR?_DD_SLEW_DETECTION?DISTANCE_DETECTOR
            CODE    3C0DH     0096H     UNIT         ?PR?_ANGLE_TARGET?MOTION
            CODE    3CA3H     0094H     UNIT         ?PR?_DD_IDLE?DISTANCE_DETECTOR
            CODE    3D37H     008CH     UNIT         ?C_C51STARTUP
            CODE    3DC3H     0075H     UNIT         ?PR?SPI_VALIDATE?SPI_MASTER
            CODE    3E38H     006CH     UNIT         ?PR?_ROTATE?SERIALIZER
            CODE    3EA4H     0063H     UNIT         ?PR?_SETMOTORS?SERIALIZER
            CODE    3F07H     0062H     UNIT         ?CO?COMMANDS_PARSER
            CODE    3F69H     005BH     UNIT         ?PR?_SERIALIZER_PRINT?SERIALIZER
            CODE    3FC4H     0058H     UNIT         ?PR?DD_MESURE?DISTANCE_DETECTOR
            CODE    401CH     0056H     UNIT         ?PR?_USART_PRINT?COMMANDS_PARSER
            CODE    4072H     0050H     UNIT         ?CO?SERIALIZER
            CODE    40C2H     0050H     UNIT         ?PR?DD_START_CONVERSION?DISTANCE_DETECTOR
            CODE    4112H     004BH     UNIT         ?PR?_CMD_PARSER_PROCESS?COMMANDS_PARSER
            CODE    415DH     0048H     UNIT         ?PR?_MOVE_STOP_CMD?COMMANDS
            CODE    41A5H     0048H     UNIT         ?PR?_RIGTH_ROTATION_CMD?COMMANDS
            CODE    41EDH     0048H     UNIT         ?PR?_LEFT_ROTATION_CMD?COMMANDS
            CODE    4235H     0048H     UNIT         ?PR?_DETECTE_OBSTACLE?COMMANDS
            CODE    427DH     0045H     UNIT         ?PR?_SAFETY_BREAK_CMD?COMMANDS
            CODE    42C2H     0045H     UNIT         ?PR?_DISTANCE_DETECTOR_PROCESS?DISTANCE_DETECTOR
            CODE    4307H     0043H     UNIT         ?PR?_GET_COMMAND?COMMANDS_PARSER
            CODE    434AH     003AH     UNIT         ?PR?_DISTANCE?MOTION
            CODE    4384H     0038H     UNIT         ?PR?_DD_MOVE_SERVO_H?DISTANCE_DETECTOR
            CODE    43BCH     0035H     UNIT         ?PR?_SERIALIZER_RECEIVE?SERIALIZER
            CODE    43F1H     0032H     UNIT         ?PR?_USART_RECEIVE?COMMANDS_PARSER
            CODE    4423H     0032H     UNIT         ?PR?SPI_INT?SPI_MASTER
            CODE    4455H     002EH     UNIT         ?PR?_STOP?SERIALIZER
            CODE    4483H     0027H     UNIT         ?PR?_DEFAULT_PROCESS?COMMANDS
            CODE    44AAH     0027H     UNIT         ?PR?PUTCHAR?PUTCHAR
BL51 BANKED LINKER/LOCATER V6.22                                                      04/16/2019  20:42:19  PAGE 4


            CODE    44D1H     0026H     UNIT         ?PR?_EPREUVE_STOP?COMMANDS
            CODE    44F7H     0021H     UNIT         ?PR?INIT_PARSER?COMMANDS_PARSER
            CODE    4518H     001FH     UNIT         ?CO?COMMANDS
            CODE    4537H     001FH     UNIT         ?PR?SPI_ERROR?SPI_MASTER
            CODE    4556H     001BH     UNIT         ?PR?INIT_SPI?SPI_MASTER
            CODE    4571H     0019H     UNIT         ?PR?_DD_SET_ANGLE?DISTANCE_DETECTOR
            CODE    458AH     0018H     UNIT         ?PR?SERIALIZER_INIT_SERIAL?SERIALIZER
            CODE    45A2H     0018H     UNIT         ?PR?SERIALIZER_CLEAR_SERIAL?SERIALIZER
            CODE    45BAH     0016H     UNIT         ?PR?DD_CONFIG_DAC_ADC?DISTANCE_DETECTOR
            CODE    45D0H     0015H     UNIT         ?PR?_SERIALIZER_SEND?SERIALIZER
            CODE    45E5H     0015H     UNIT         ?PR?_STRLEN?STRLEN
            CODE    45FAH     0014H     UNIT         ?PR?_SPI_SEND_CHAR?SPI_MASTER
            CODE    460EH     0014H     UNIT         ?PR?GETCHAR?GETCHAR
            CODE    4622H     0014H     UNIT         ?PR?_ISSPACE?ISSPACE
            CODE    4636H     0012H     UNIT         ?PR?_USART_SEND?COMMANDS_PARSER
            CODE    4648H     0012H     UNIT         ?PR?INIT_SERIALIZER_UART1?SERIALIZER
            CODE    465AH     0012H     UNIT         ?PR?_UART_SEND?SERIALIZER
            CODE    466CH     0010H     UNIT         ?PR?VALID_CMD_FLAG?COMMANDS_PARSER
            CODE    467CH     0010H     UNIT         ?PR?ERROR_CMD_FLAG?COMMANDS_PARSER
            CODE    468CH     000FH     UNIT         ?PR?INIT_EXTERNAL_CLK?MAIN
            CODE    469BH     000FH     UNIT         ?PR?DD_INIT_TIMER0?DISTANCE_DETECTOR
            CODE    46AAH     000EH     UNIT         ?PR?INIT_DISTANCE_DETECTOR?DISTANCE_DETECTOR
            CODE    46B8H     000AH     UNIT         ?PR?_GETKEY?_GETKEY
            CODE    46C2H     0004H     UNIT         ?PR?ENABLE_CROSSBAR?MAIN



OVERLAY MAP OF MODULE:   .\Objects\robot_V1 (?C_STARTUP)


SEGMENT                                             BIT_GROUP          DATA_GROUP          XDATA_GROUP
  +--> CALLED SEGMENT                            START    LENGTH     START    LENGTH     START    LENGTH
--------------------------------------------------------------------------------------------------------
?C_C51STARTUP                                    -----    -----      -----    -----      -----    -----
  +--> ?PR?MAIN?MAIN
  +--> ?C_INITSEG

?PR?MAIN?MAIN                                    -----    -----      -----    -----      0000H    0012H
  +--> ?PR?INIT_EXTERNAL_CLK?MAIN
  +--> ?PR?INIT_PARSER?COMMANDS_PARSER
  +--> ?PR?INIT_SERIALIZER_UART1?SERIALIZER
  +--> ?PR?INIT_DISTANCE_DETECTOR?DISTANCE_D...
  +--> ?PR?INIT_SPI?SPI_MASTER
  +--> ?PR?ENABLE_CROSSBAR?MAIN
  +--> ?PR?ENABLE_GENERAL_INT?MAIN
  +--> ?CO?MAIN
  +--> ?PR?_USART_PRINT?COMMANDS_PARSER
  +--> ?PR?_CMD_PARSER_PROCESS?COMMANDS_PARSER
  +--> ?PR?_SERIALIZER_PROCESS?SERIALIZER
  +--> ?PR?_DISTANCE_DETECTOR_PROCESS?DISTAN...
  +--> ?PR?_SPI_PROCESS?SPI_MASTER
  +--> ?PR?_SPI_TRANSMIT?SPI_MASTER
  +--> ?PR?DD_START_CONVERSION?DISTANCE_DETE...
  +--> ?PR?PRINTF?PRINTF

?PR?INIT_DISTANCE_DETECTOR?DISTANCE_D...         -----    -----      -----    -----      -----    -----
  +--> ?PR?DD_CONFIG_DAC_ADC?DISTANCE_DETECTOR
BL51 BANKED LINKER/LOCATER V6.22                                                      04/16/2019  20:42:19  PAGE 5


  +--> ?PR?DD_INIT_TIMER0?DISTANCE_DETECTOR

?PR?_USART_PRINT?COMMANDS_PARSER                 -----    -----      -----    -----      00F1H    0004H
  +--> ?PR?_STRLEN?STRLEN
  +--> ?PR?_USART_SEND?COMMANDS_PARSER

?PR?_USART_SEND?COMMANDS_PARSER                  -----    -----      -----    -----      00F5H    0001H

?PR?_CMD_PARSER_PROCESS?COMMANDS_PARSER          -----    -----      -----    -----      0012H    0003H
  +--> ?PR?_WAIT?COMMANDS_PARSER
  +--> ?PR?_GET_COMMAND?COMMANDS_PARSER

?PR?_WAIT?COMMANDS_PARSER                        -----    -----      -----    -----      0015H    0004H
  +--> ?PR?_USART_RECEIVE?COMMANDS_PARSER
  +--> ?PR?_USART_SEND?COMMANDS_PARSER

?PR?_USART_RECEIVE?COMMANDS_PARSER               -----    -----      -----    -----      0019H    0003H

?PR?_GET_COMMAND?COMMANDS_PARSER                 -----    -----      -----    -----      0015H    0003H
  +--> ?PR?_PARSE?COMMANDS_PARSER
  +--> ?PR?ERROR_CMD_FLAG?COMMANDS_PARSER
  +--> ?PR?VALID_CMD_FLAG?COMMANDS_PARSER
  +--> ?PR?_STRLEN?STRLEN

?PR?_PARSE?COMMANDS_PARSER                       -----    -----      -----    -----      0018H    00D9H
  +--> ?CO?COMMANDS_PARSER
  +--> ?PR?_USART_PRINT?COMMANDS_PARSER

?PR?ERROR_CMD_FLAG?COMMANDS_PARSER               -----    -----      -----    -----      -----    -----
  +--> ?PR?_USART_SEND?COMMANDS_PARSER

?PR?VALID_CMD_FLAG?COMMANDS_PARSER               -----    -----      -----    -----      -----    -----
  +--> ?PR?_USART_SEND?COMMANDS_PARSER

?PR?_SERIALIZER_PROCESS?SERIALIZER               -----    -----      -----    -----      0012H    0008H
  +--> ?CO?SERIALIZER
  +--> ?PR?_IDLE_NEXT_STATE?SERIALIZER

?PR?_IDLE_NEXT_STATE?SERIALIZER                  -----    -----      -----    -----      001AH    0006H

?PR?_DISTANCE_DETECTOR_PROCESS?DISTAN...         -----    -----      -----    -----      0012H    0003H

?PR?_SPI_PROCESS?SPI_MASTER                      -----    -----      -----    -----      0012H    0006H
  +--> ?PR?_SPI_CMD_SERVO?SPI_MASTER

?PR?_SPI_CMD_SERVO?SPI_MASTER                    -----    -----      -----    -----      0018H    0006H

?PR?_SPI_TRANSMIT?SPI_MASTER                     -----    -----      -----    -----      0012H    0005H
  +--> ?PR?_SPI_SEND_CHAR?SPI_MASTER
  +--> ?PR?SPI_VALIDATE?SPI_MASTER
  +--> ?PR?SPI_ERROR?SPI_MASTER

?PR?_SPI_SEND_CHAR?SPI_MASTER                    -----    -----      -----    -----      0017H    0001H

?PR?SPI_VALIDATE?SPI_MASTER                      -----    -----      -----    -----      0017H    0004H

?PR?DD_START_CONVERSION?DISTANCE_DETE...         -----    -----      -----    -----      0012H    0006H
BL51 BANKED LINKER/LOCATER V6.22                                                      04/16/2019  20:42:19  PAGE 6


  +--> ?PR?DD_MESURE?DISTANCE_DETECTOR

?PR?DD_MESURE?DISTANCE_DETECTOR                  -----    -----      -----    -----      0018H    0008H

?PR?PRINTF?PRINTF                                0020H.0  0001H.1    0008H    0005H      003AH    0030H
  +--> ?PR?PUTCHAR?PUTCHAR

?C_INITSEG                                       -----    -----      -----    -----      -----    -----
  +--> ?CO?COMMANDS_PARSER
  +--> ?PR?_EPREUVE_CMD?COMMANDS
  +--> ?PR?_EPREUVE_STOP?COMMANDS
  +--> ?PR?_SAFETY_BREAK_CMD?COMMANDS
  +--> ?PR?_SET_DEFAULT_SPEED_CMD?COMMANDS
  +--> ?PR?_MOVE_FORWARD_CMD?COMMANDS
  +--> ?PR?_MOVE_BACKWARD_CMD?COMMANDS
  +--> ?PR?_MOVE_STOP_CMD?COMMANDS
  +--> ?PR?_RIGTH_ROTATION_CMD?COMMANDS
  +--> ?PR?_LEFT_ROTATION_CMD?COMMANDS
  +--> ?PR?_COMPLETE_ROTATION_CMD?COMMANDS
  +--> ?PR?_ANGLE_ROTATION_CMD?COMMANDS
  +--> ?PR?_DEFAULT_PROCESS?COMMANDS
  +--> ?PR?_DETECTE_OBSTACLE?COMMANDS
  +--> ?PR?_SERVO_MOVE_CMD?COMMANDS
  +--> ?PR?_WAIT?COMMANDS_PARSER
  +--> ?PR?_GET_COMMAND?COMMANDS_PARSER
  +--> ?CO?MAIN
  +--> ?PR?_IDLE?SERIALIZER
  +--> ?PR?_TRANSLATE?SERIALIZER
  +--> ?PR?_MOVETO?SERIALIZER
  +--> ?PR?_ROTATE?SERIALIZER
  +--> ?PR?_NAVIGATE?SERIALIZER
  +--> ?PR?_STOP?SERIALIZER
  +--> ?PR?_DD_IDLE?DISTANCE_DETECTOR
  +--> ?PR?_DD_MOVE_SERVO_H?DISTANCE_DETECTOR
  +--> ?PR?_DD_SLEW_DETECTION?DISTANCE_DETECTOR

?PR?_EPREUVE_CMD?COMMANDS                        -----    -----      -----    -----      0000H    0005H
  +--> ?CO?COMMANDS
  +--> ?PR?SCANF?SCANF

?PR?SCANF?SCANF                                  0021H.3  0000H.6    0013H    0009H      0114H    002EH
  +--> ?PR?GETCHAR?UNGETCHAR
  +--> ?PR?_ISSPACE?ISSPACE
  +--> ?PR?GETCHAR?GETCHAR
  +--> ?PR??C?ATOF??C?ATOF

?PR?GETCHAR?GETCHAR                              -----    -----      -----    -----      -----    -----
  +--> ?PR?_GETKEY?_GETKEY
  +--> ?PR?PUTCHAR?PUTCHAR

?PR??C?ATOF??C?ATOF                              0022H.1  0000H.5    001CH    0002H      -----    -----

?PR?_EPREUVE_STOP?COMMANDS                       -----    -----      -----    -----      0000H    0003H

?PR?_SAFETY_BREAK_CMD?COMMANDS                   -----    -----      -----    -----      0000H    0003H

?PR?_SET_DEFAULT_SPEED_CMD?COMMANDS              -----    -----      -----    -----      0000H    0005H
BL51 BANKED LINKER/LOCATER V6.22                                                      04/16/2019  20:42:19  PAGE 7


  +--> ?CO?COMMANDS
  +--> ?PR?SCANF?SCANF

?PR?_MOVE_FORWARD_CMD?COMMANDS                   -----    -----      -----    -----      0000H    0005H
  +--> ?CO?COMMANDS
  +--> ?PR?SCANF?SCANF

?PR?_MOVE_BACKWARD_CMD?COMMANDS                  -----    -----      -----    -----      0000H    0005H
  +--> ?CO?COMMANDS
  +--> ?PR?SCANF?SCANF

?PR?_MOVE_STOP_CMD?COMMANDS                      -----    -----      -----    -----      0000H    0003H

?PR?_RIGTH_ROTATION_CMD?COMMANDS                 -----    -----      -----    -----      0000H    0003H

?PR?_LEFT_ROTATION_CMD?COMMANDS                  -----    -----      -----    -----      0000H    0003H

?PR?_COMPLETE_ROTATION_CMD?COMMANDS              -----    -----      -----    -----      0000H    0003H
  +--> ?CO?COMMANDS

?PR?_ANGLE_ROTATION_CMD?COMMANDS                 -----    -----      -----    -----      0000H    0005H
  +--> ?CO?COMMANDS
  +--> ?PR?SCANF?SCANF

?PR?_DEFAULT_PROCESS?COMMANDS                    -----    -----      -----    -----      0000H    0003H

?PR?_DETECTE_OBSTACLE?COMMANDS                   -----    -----      -----    -----      0000H    0003H

?PR?_SERVO_MOVE_CMD?COMMANDS                     -----    -----      -----    -----      0000H    0005H
  +--> ?CO?COMMANDS
  +--> ?PR?SCANF?SCANF

?PR?_IDLE?SERIALIZER                             -----    -----      -----    -----      0000H    0003H

?PR?_TRANSLATE?SERIALIZER                        -----    -----      -----    -----      0000H    0004H
  +--> ?PR?_SETMOTORS?SERIALIZER

?PR?_SETMOTORS?SERIALIZER                        -----    -----      -----    -----      0004H    0018H
  +--> ?CO?SERIALIZER
  +--> ?PR?PRINTF?PRINTF
  +--> ?PR?_SERIALIZER_PRINT?SERIALIZER
  +--> ?PR?SERIALIZER_CLEAR_SERIAL?SERIALIZER

?PR?_SERIALIZER_PRINT?SERIALIZER                 -----    -----      -----    -----      004DH    0004H
  +--> ?PR?_STRLEN?STRLEN
  +--> ?PR?_SERIALIZER_SEND?SERIALIZER

?PR?_SERIALIZER_SEND?SERIALIZER                  -----    -----      -----    -----      0051H    0001H

?PR?SERIALIZER_CLEAR_SERIAL?SERIALIZER           -----    -----      -----    -----      003AH    0001H
  +--> ?PR?_SERIALIZER_RECEIVE?SERIALIZER

?PR?_SERIALIZER_RECEIVE?SERIALIZER               -----    -----      -----    -----      004DH    0003H

?PR?_MOVETO?SERIALIZER                           -----    -----      -----    -----      0008H    002DH
  +--> ?PR?_DISTANCE?MOTION
  +--> ?CO?SERIALIZER
BL51 BANKED LINKER/LOCATER V6.22                                                      04/16/2019  20:42:19  PAGE 8


  +--> ?PR?PRINTF?PRINTF
  +--> ?PR?_SERIALIZER_PRINT?SERIALIZER
  +--> ?PR?SERIALIZER_CLEAR_SERIAL?SERIALIZER
  +--> ?PR?IS_PID_PROCESSING?SERIALIZER

?PR?_DISTANCE?MOTION                             -----    -----      -----    -----      0035H    0002H
  +--> ?PR?SQRT?SQRT

?PR?SQRT?SQRT                                    -----    -----      -----    -----      0037H    0004H

?PR?IS_PID_PROCESSING?SERIALIZER                 -----    -----      -----    -----      0035H    0018H
  +--> ?CO?SERIALIZER
  +--> ?PR?_SERIALIZER_PRINT?SERIALIZER
  +--> ?PR?_SERIALIZER_RECEIVE?SERIALIZER
  +--> ?PR?_UART_SEND?SERIALIZER
  +--> ?PR?SCANF?SCANF

?PR?_UART_SEND?SERIALIZER                        -----    -----      -----    -----      004DH    0001H

?PR?_ROTATE?SERIALIZER                           -----    -----      -----    -----      0008H    0004H
  +--> ?PR?_MOVEANGLE?SERIALIZER
  +--> ?PR?IS_PID_PROCESSING?SERIALIZER

?PR?_MOVEANGLE?SERIALIZER                        -----    -----      -----    -----      000CH    002EH
  +--> ?CO?SERIALIZER
  +--> ?PR?PRINTF?PRINTF
  +--> ?PR?_SERIALIZER_PRINT?SERIALIZER
  +--> ?PR?SERIALIZER_CLEAR_SERIAL?SERIALIZER

?PR?_NAVIGATE?SERIALIZER                         -----    -----      -----    -----      0000H    0008H
  +--> ?CO?SERIALIZER
  +--> ?PR?_ANGLE_TARGET?MOTION
  +--> ?PR?_DELTA_ANGLE?MOTION
  +--> ?PR?_ROTATE?SERIALIZER
  +--> ?PR?_MOVETO?SERIALIZER

?PR?_ANGLE_TARGET?MOTION                         -----    -----      -----    -----      0008H    0008H
  +--> ?PR?ATAN?ATAN

?PR?ATAN?ATAN                                    0020H.0  0000H.2    -----    -----      0010H    0004H

?PR?_DELTA_ANGLE?MOTION                          -----    -----      -----    -----      0008H    0008H

?PR?_STOP?SERIALIZER                             -----    -----      -----    -----      0000H    0003H
  +--> ?CO?SERIALIZER
  +--> ?PR?_SERIALIZER_PRINT?SERIALIZER
  +--> ?PR?SERIALIZER_CLEAR_SERIAL?SERIALIZER

?PR?_DD_IDLE?DISTANCE_DETECTOR                   -----    -----      -----    -----      0000H    0003H

?PR?_DD_MOVE_SERVO_H?DISTANCE_DETECTOR           -----    -----      -----    -----      0000H    0003H
  +--> ?PR?_DD_SET_ANGLE?DISTANCE_DETECTOR

?PR?_DD_SET_ANGLE?DISTANCE_DETECTOR              -----    -----      -----    -----      0003H    0002H

?PR?_DD_SLEW_DETECTION?DISTANCE_DETECTOR         -----    -----      -----    -----      0000H    0003H
  +--> ?PR?_DD_SET_ANGLE?DISTANCE_DETECTOR
BL51 BANKED LINKER/LOCATER V6.22                                                      04/16/2019  20:42:19  PAGE 9



*** NEW ROOT ***************************************************

?PR?_MOVE_TO_CMD?COMMANDS                        -----    -----      -----    -----      00F6H    001EH
  +--> ?CO?COMMANDS
  +--> ?PR?SCANF?SCANF

*** NEW ROOT ***************************************************

?PR?TIMER_0_INT?DISTANCE_DETECTOR                -----    -----      -----    -----      0142H    0004H



UNRESOLVED EXTERNAL SYMBOLS:
   _DD_OBS_DETECTION
   _DD_SINGLE_MEASURE



SYMBOL TABLE OF MODULE:  .\Objects\robot_V1 (?C_STARTUP)

  VALUE           TYPE          NAME
  ----------------------------------

  -------         MODULE        ?C_STARTUP
  C:3D37H         SEGMENT       ?C_C51STARTUP
  I:0023H         SEGMENT       ?STACK
  C:0000H         PUBLIC        ?C_STARTUP
  D:00E0H         SYMBOL        ACC
  D:00F0H         SYMBOL        B
  D:0083H         SYMBOL        DPH
  D:0082H         SYMBOL        DPL
  N:0000H         SYMBOL        IBPSTACK
  N:0100H         SYMBOL        IBPSTACKTOP
  N:0080H         SYMBOL        IDATALEN
  C:3D3AH         SYMBOL        IDATALOOP
  N:0000H         SYMBOL        PBPSTACK
  N:0100H         SYMBOL        PBPSTACKTOP
  N:0000H         SYMBOL        PDATALEN
  N:0000H         SYMBOL        PDATASTART
  N:0000H         SYMBOL        PPAGE
  N:0000H         SYMBOL        PPAGEENABLE
  D:00A0H         SYMBOL        PPAGE_SFR
  D:0081H         SYMBOL        SP
  C:3D37H         SYMBOL        STARTUP1
  N:0000H         SYMBOL        XBPSTACK
  N:0000H         SYMBOL        XBPSTACKTOP
  N:0000H         SYMBOL        XDATALEN
  N:0000H         SYMBOL        XDATASTART
  C:0000H         LINE#         126
  C:3D37H         LINE#         133
  C:3D39H         LINE#         134
  C:3D3AH         LINE#         135
  C:3D3BH         LINE#         136
  C:3D3DH         LINE#         186
  C:3D40H         LINE#         197
  -------         ENDMOD        ?C_STARTUP
BL51 BANKED LINKER/LOCATER V6.22                                                      04/16/2019  20:42:19  PAGE 10



  -------         MODULE        COMMANDS
  C:0000H         SYMBOL        _ICE_DUMMY_
  C:41A5H         PUBLIC        _rigth_rotation_cmd
  C:427DH         PUBLIC        _safety_break_cmd
  C:189EH         PUBLIC        _move_to_cmd
  C:4235H         PUBLIC        _detecte_obstacle
  C:3084H         PUBLIC        _epreuve_cmd
  C:41EDH         PUBLIC        _left_rotation_cmd
  C:352CH         PUBLIC        _set_default_speed_cmd
  C:2B80H         PUBLIC        _move_forward_cmd
  C:44D1H         PUBLIC        _epreuve_stop
  C:4528H         SYMBOL        _?ix1000
  C:2E28H         PUBLIC        _complete_rotation_cmd
  C:4483H         PUBLIC        _default_process
  C:2552H         PUBLIC        _servo_move_cmd
  C:2CD4H         PUBLIC        _move_backward_cmd
  C:289DH         PUBLIC        _angle_rotation_cmd
  C:415DH         PUBLIC        _move_stop_cmd
  -------         PROC          _DEFAULT_PROCESS
  X:0000H         SYMBOL        cmd_packet
  C:4483H         LINE#         6
  C:448EH         LINE#         7
  C:448EH         LINE#         9
  C:44A7H         LINE#         11
  C:44A9H         LINE#         12
  -------         ENDPROC       _DEFAULT_PROCESS
  -------         PROC          _EPREUVE_CMD
  X:0000H         SYMBOL        cmd_packet
  -------         DO            
  X:0003H         SYMBOL        epreuve_index
  -------         ENDDO         
  C:3084H         LINE#         18
  C:308FH         LINE#         19
  C:308FH         LINE#         20
  C:3098H         LINE#         23
  C:30B3H         LINE#         24
  C:30B3H         LINE#         25
  C:30B6H         LINE#         26
  C:30B6H         LINE#         29
  C:30D3H         LINE#         30
  C:30D3H         LINE#         32
  C:3120H         LINE#         33
  C:3120H         LINE#         34
  C:3123H         LINE#         35
  C:3123H         LINE#         38
  C:3149H         LINE#         39
  C:3149H         LINE#         40
  C:314CH         LINE#         41
  C:314CH         LINE#         43
  C:316CH         LINE#         44
  C:316EH         LINE#         46
  C:316EH         LINE#         47
  C:3187H         LINE#         48
  C:3187H         LINE#         49
  C:3189H         LINE#         50
  -------         ENDPROC       _EPREUVE_CMD
BL51 BANKED LINKER/LOCATER V6.22                                                      04/16/2019  20:42:19  PAGE 11


  -------         PROC          _EPREUVE_STOP
  X:0000H         SYMBOL        cmd_packet
  C:44D1H         LINE#         52
  C:44DCH         LINE#         53
  C:44DCH         LINE#         55
  C:44F4H         LINE#         57
  C:44F6H         LINE#         58
  -------         ENDPROC       _EPREUVE_STOP
  -------         PROC          _SAFETY_BREAK_CMD
  X:0000H         SYMBOL        cmd_packet
  C:427DH         LINE#         61
  C:4288H         LINE#         62
  C:4288H         LINE#         64
  C:42A3H         LINE#         65
  C:42A3H         LINE#         66
  C:42A6H         LINE#         67
  C:42A6H         LINE#         69
  C:42BFH         LINE#         71
  C:42C1H         LINE#         72
  -------         ENDPROC       _SAFETY_BREAK_CMD
  -------         PROC          _SET_DEFAULT_SPEED_CMD
  X:0000H         SYMBOL        cmd_packet
  -------         DO            
  X:0003H         SYMBOL        motor_speed
  -------         ENDDO         
  C:352CH         LINE#         74
  C:3537H         LINE#         75
  C:3537H         LINE#         76
  C:3540H         LINE#         79
  C:355AH         LINE#         80
  C:355AH         LINE#         81
  C:355DH         LINE#         82
  C:355DH         LINE#         85
  C:35AAH         LINE#         86
  C:35AAH         LINE#         87
  C:35ADH         LINE#         88
  C:35ADH         LINE#         91
  C:35D0H         LINE#         92
  C:35D0H         LINE#         93
  C:35D3H         LINE#         94
  C:35D3H         LINE#         96
  C:35F9H         LINE#         98
  C:35FBH         LINE#         99
  -------         ENDPROC       _SET_DEFAULT_SPEED_CMD
  -------         PROC          _MOVE_FORWARD_CMD
  X:0000H         SYMBOL        cmd_packet
  -------         DO            
  X:0003H         SYMBOL        motor_speed
  -------         ENDDO         
  C:2B80H         LINE#         101
  C:2B8BH         LINE#         102
  C:2B8BH         LINE#         103
  C:2B94H         LINE#         105
  C:2BAFH         LINE#         106
  C:2BAFH         LINE#         107
  C:2BB2H         LINE#         108
  C:2BB2H         LINE#         110
BL51 BANKED LINKER/LOCATER V6.22                                                      04/16/2019  20:42:19  PAGE 12


  C:2BD1H         LINE#         112
  C:2BEEH         LINE#         113
  C:2BEEH         LINE#         115
  C:2C39H         LINE#         116
  C:2C39H         LINE#         117
  C:2C3CH         LINE#         118
  C:2C3CH         LINE#         121
  C:2C5FH         LINE#         122
  C:2C5FH         LINE#         123
  C:2C62H         LINE#         124
  C:2C62H         LINE#         126
  C:2C88H         LINE#         127
  C:2C8AH         LINE#         128
  C:2CABH         LINE#         129
  C:2CABH         LINE#         130
  C:2CD1H         LINE#         131
  C:2CD1H         LINE#         132
  C:2CD1H         LINE#         133
  C:2CD3H         LINE#         134
  -------         ENDPROC       _MOVE_FORWARD_CMD
  -------         PROC          _MOVE_BACKWARD_CMD
  X:0000H         SYMBOL        cmd_packet
  -------         DO            
  X:0003H         SYMBOL        motor_speed
  -------         ENDDO         
  C:2CD4H         LINE#         136
  C:2CDFH         LINE#         137
  C:2CDFH         LINE#         138
  C:2CE8H         LINE#         140
  C:2D03H         LINE#         141
  C:2D03H         LINE#         142
  C:2D06H         LINE#         143
  C:2D06H         LINE#         145
  C:2D25H         LINE#         147
  C:2D42H         LINE#         148
  C:2D42H         LINE#         150
  C:2D8DH         LINE#         151
  C:2D8DH         LINE#         152
  C:2D90H         LINE#         153
  C:2D90H         LINE#         156
  C:2DB3H         LINE#         157
  C:2DB3H         LINE#         158
  C:2DB6H         LINE#         159
  C:2DB6H         LINE#         161
  C:2DDCH         LINE#         162
  C:2DDEH         LINE#         163
  C:2DFFH         LINE#         164
  C:2DFFH         LINE#         165
  C:2E25H         LINE#         166
  C:2E25H         LINE#         167
  C:2E25H         LINE#         168
  C:2E27H         LINE#         169
  -------         ENDPROC       _MOVE_BACKWARD_CMD
  -------         PROC          _MOVE_STOP_CMD
  X:0000H         SYMBOL        cmd_packet
  C:415DH         LINE#         171
  C:4168H         LINE#         172
BL51 BANKED LINKER/LOCATER V6.22                                                      04/16/2019  20:42:19  PAGE 13


  C:4168H         LINE#         173
  C:4180H         LINE#         174
  C:4180H         LINE#         175
  C:4183H         LINE#         176
  C:4183H         LINE#         177
  C:41A2H         LINE#         178
  C:41A4H         LINE#         179
  -------         ENDPROC       _MOVE_STOP_CMD
  -------         PROC          _RIGTH_ROTATION_CMD
  X:0000H         SYMBOL        cmd_packet
  C:41A5H         LINE#         181
  C:41B0H         LINE#         182
  C:41B0H         LINE#         183
  C:41C8H         LINE#         184
  C:41C8H         LINE#         185
  C:41CBH         LINE#         186
  C:41CBH         LINE#         188
  C:41EAH         LINE#         189
  C:41ECH         LINE#         190
  -------         ENDPROC       _RIGTH_ROTATION_CMD
  -------         PROC          _LEFT_ROTATION_CMD
  X:0000H         SYMBOL        cmd_packet
  C:41EDH         LINE#         192
  C:41F8H         LINE#         193
  C:41F8H         LINE#         194
  C:4210H         LINE#         195
  C:4210H         LINE#         196
  C:4213H         LINE#         197
  C:4213H         LINE#         199
  C:4232H         LINE#         200
  C:4234H         LINE#         201
  -------         ENDPROC       _LEFT_ROTATION_CMD
  -------         PROC          _COMPLETE_ROTATION_CMD
  X:0000H         SYMBOL        cmd_packet
  C:2E28H         LINE#         203
  C:2E33H         LINE#         204
  C:2E33H         LINE#         205
  C:2E4EH         LINE#         206
  C:2E4EH         LINE#         207
  C:2E51H         LINE#         208
  C:2E51H         LINE#         210
  C:2E6EH         LINE#         211
  C:2E6EH         LINE#         213
  C:2ED6H         LINE#         215
  C:2ED6H         LINE#         216
  C:2EF9H         LINE#         217
  C:2EF9H         LINE#         218
  C:2EF9H         LINE#         219
  C:2F18H         LINE#         220
  C:2F1AH         LINE#         221
  C:2F1AH         LINE#         222
  C:2F39H         LINE#         223
  C:2F3BH         LINE#         224
  C:2F3BH         LINE#         225
  C:2F3DH         LINE#         226
  C:2F40H         LINE#         227
  C:2F40H         LINE#         229
BL51 BANKED LINKER/LOCATER V6.22                                                      04/16/2019  20:42:19  PAGE 14


  C:2F40H         LINE#         230
  C:2F5FH         LINE#         231
  C:2F5FH         LINE#         232
  C:2F61H         LINE#         233
  -------         ENDPROC       _COMPLETE_ROTATION_CMD
  -------         PROC          _ANGLE_ROTATION_CMD
  X:0000H         SYMBOL        cmd_packet
  -------         DO            
  X:0003H         SYMBOL        angle
  -------         ENDDO         
  C:289DH         LINE#         235
  C:28A8H         LINE#         236
  C:28A8H         LINE#         237
  C:28B0H         LINE#         239
  C:28CAH         LINE#         240
  C:28CAH         LINE#         241
  C:28CDH         LINE#         242
  C:28CDH         LINE#         244
  C:2938H         LINE#         246
  C:2938H         LINE#         247
  C:295BH         LINE#         248
  C:295BH         LINE#         249
  C:295BH         LINE#         250
  C:297AH         LINE#         251
  C:297CH         LINE#         252
  C:297CH         LINE#         253
  C:299BH         LINE#         254
  C:299BH         LINE#         255
  C:299BH         LINE#         257
  C:29E6H         LINE#         258
  C:29E6H         LINE#         259
  C:29E9H         LINE#         260
  C:29E9H         LINE#         262
  C:2A11H         LINE#         263
  C:2A13H         LINE#         264
  C:2A16H         LINE#         265
  C:2A16H         LINE#         266
  C:2A18H         LINE#         267
  -------         ENDPROC       _ANGLE_ROTATION_CMD
  -------         PROC          _MOVE_TO_CMD
  X:00F6H         SYMBOL        cmd_packet
  -------         DO            
  X:00F9H         SYMBOL        i
  X:00FAH         SYMBOL        j
  X:00FBH         SYMBOL        params
  X:010AH         SYMBOL        angle
  X:010CH         SYMBOL        x
  X:010EH         SYMBOL        y
  X:0110H         SYMBOL        param_find
  X:0111H         SYMBOL        str
  -------         ENDDO         
  C:189EH         LINE#         277
  C:18A9H         LINE#         278
  C:18A9H         LINE#         279
  C:18B3H         LINE#         280
  C:18D8H         LINE#         281
  C:18F0H         LINE#         282
BL51 BANKED LINKER/LOCATER V6.22                                                      04/16/2019  20:42:19  PAGE 15


  C:18F5H         LINE#         283
  C:1906H         LINE#         287
  C:1920H         LINE#         288
  C:1920H         LINE#         289
  C:1923H         LINE#         290
  C:1923H         LINE#         293
  C:1936H         LINE#         294
  C:1936H         LINE#         295
  C:1972H         LINE#         298
  C:1985H         LINE#         299
  C:1985H         LINE#         300
  C:19C3H         LINE#         301
  C:19C3H         LINE#         302
  C:19D9H         LINE#         303
  C:19D9H         LINE#         304
  C:19D9H         LINE#         305
  C:1A42H         LINE#         306
  C:1A42H         LINE#         307
  C:1A45H         LINE#         308
  C:1A45H         LINE#         309
  C:1A45H         LINE#         311
  C:1A45H         LINE#         312
  C:1AABH         LINE#         313
  C:1AABH         LINE#         314
  C:1AAEH         LINE#         315
  C:1AAEH         LINE#         316
  C:1AAEH         LINE#         318
  C:1AAEH         LINE#         319
  C:1B14H         LINE#         320
  C:1B14H         LINE#         321
  C:1B17H         LINE#         322
  C:1B17H         LINE#         323
  C:1B17H         LINE#         325
  C:1B17H         LINE#         326
  C:1B1DH         LINE#         327
  C:1B1FH         LINE#         328
  C:1B1FH         LINE#         329
  C:1B28H         LINE#         331
  C:1B30H         LINE#         332
  C:1B30H         LINE#         333
  C:1B33H         LINE#         334
  C:1B33H         LINE#         335
  C:1B38H         LINE#         336
  C:1B38H         LINE#         338
  C:1B41H         LINE#         340
  C:1B69H         LINE#         341
  C:1B8FH         LINE#         342
  C:1BB5H         LINE#         343
  C:1BD4H         LINE#         344
  C:1BD6H         LINE#         345
  -------         ENDPROC       _MOVE_TO_CMD
  -------         PROC          _DETECTE_OBSTACLE
  X:0000H         SYMBOL        cmd_packet
  C:4235H         LINE#         347
  C:4240H         LINE#         348
  C:4240H         LINE#         349
  C:4258H         LINE#         350
BL51 BANKED LINKER/LOCATER V6.22                                                      04/16/2019  20:42:19  PAGE 16


  C:4258H         LINE#         351
  C:425BH         LINE#         352
  C:425BH         LINE#         354
  C:427AH         LINE#         355
  C:427CH         LINE#         356
  -------         ENDPROC       _DETECTE_OBSTACLE
  -------         PROC          _SERVO_MOVE_CMD
  X:0000H         SYMBOL        cmd_packet
  -------         DO            
  X:0003H         SYMBOL        angle
  -------         ENDDO         
  C:2552H         LINE#         358
  C:255DH         LINE#         359
  C:255DH         LINE#         360
  C:2566H         LINE#         362
  C:2581H         LINE#         363
  C:2581H         LINE#         364
  C:2584H         LINE#         365
  C:2584H         LINE#         367
  C:25ECH         LINE#         369
  C:25ECH         LINE#         370
  C:260FH         LINE#         371
  C:260FH         LINE#         372
  C:260FH         LINE#         373
  C:262EH         LINE#         374
  C:2630H         LINE#         375
  C:2630H         LINE#         376
  C:264FH         LINE#         377
  C:264FH         LINE#         378
  C:264FH         LINE#         380
  C:264FH         LINE#         382
  C:2683H         LINE#         383
  C:2683H         LINE#         384
  C:26CEH         LINE#         385
  C:26CEH         LINE#         386
  C:26D1H         LINE#         387
  C:26D1H         LINE#         389
  C:26F7H         LINE#         390
  C:26F7H         LINE#         392
  C:26F9H         LINE#         393
  -------         ENDPROC       _SERVO_MOVE_CMD
  -------         ENDMOD        COMMANDS

  -------         MODULE        COMMANDS_PARSER
  C:0000H         SYMBOL        _ICE_DUMMY_
  B:0098H.7       PUBLIC        SM00
  D:0090H         PUBLIC        P1
  B:0098H.6       PUBLIC        SM10
  C:4307H         PUBLIC        _get_command
  D:00E8H         PUBLIC        ADC0CN
  C:4112H         PUBLIC        _cmd_parser_process
  D:00A4H         PUBLIC        P0MDOUT
  X:0146H         PUBLIC        current_state
  D:00A8H         PUBLIC        IE
  B:0098H.4       PUBLIC        REN0
  D:00D8H         PUBLIC        PCA0CN
  D:00B8H         PUBLIC        IP
BL51 BANKED LINKER/LOCATER V6.22                                                      04/16/2019  20:42:19  PAGE 17


  D:00E1H         PUBLIC        XBR0
  C:238CH         PUBLIC        _parse
  C:4636H         PUBLIC        _USART_send
  C:401CH         PUBLIC        _USART_print
  D:00CBH         PUBLIC        RCAP2H
  D:00C0H         PUBLIC        SMB0CN
  C:466CH         PUBLIC        valid_cmd_flag
  D:00CAH         PUBLIC        RCAP2L
  C:44F7H         PUBLIC        init_parser
  D:00F8H         PUBLIC        SPI0CN
  D:0088H         PUBLIC        TCON
  C:3ADAH         PUBLIC        _wait
  C:467CH         PUBLIC        error_cmd_flag
  X:0147H         PUBLIC        dispatch_table
  X:01E9H         PUBLIC        raw_data
  B:0098H.0       PUBLIC        RI0
  B:0098H.1       PUBLIC        TI0
  B:00C8H.2       PUBLIC        TR2
  C:43F1H         PUBLIC        _USART_receive
  B:00C8H.5       PUBLIC        RCLK0
  B:00C8H.4       PUBLIC        TCLK0
  D:0099H         PUBLIC        SBUF0
  D:0098H         PUBLIC        SCON0
  D:00C8H         PUBLIC        T2CON
  D:008EH         PUBLIC        CKCON
  X:024DH         PUBLIC        full_state_machine
  X:0259H         PUBLIC        buffer_index
  D:00D0H         PUBLIC        PSW
  -------         PROC          INIT_PARSER
  C:44F7H         LINE#         85
  C:44F7H         LINE#         86
  C:44F7H         LINE#         89
  C:44F9H         LINE#         90
  C:44FBH         LINE#         91
  C:44FDH         LINE#         94
  C:4500H         LINE#         97
  C:4503H         LINE#         101
  C:4506H         LINE#         105
  C:4509H         LINE#         106
  C:450BH         LINE#         107
  C:450DH         LINE#         108
  C:4510H         LINE#         109
  C:4513H         LINE#         110
  C:4515H         LINE#         112
  C:4517H         LINE#         113
  -------         ENDPROC       INIT_PARSER
  -------         PROC          _USART_RECEIVE
  X:0019H         SYMBOL        read_byte
  C:43F1H         LINE#         115
  C:43FCH         LINE#         116
  C:43FCH         LINE#         117
  C:43FFH         LINE#         118
  C:43FFH         LINE#         119
  C:440FH         LINE#         120
  C:4411H         LINE#         121
  C:4412H         LINE#         122
  C:4422H         LINE#         123
BL51 BANKED LINKER/LOCATER V6.22                                                      04/16/2019  20:42:19  PAGE 18


  C:4422H         LINE#         124
  -------         ENDPROC       _USART_RECEIVE
  -------         PROC          _USART_SEND
  X:00F5H         SYMBOL        ch
  C:4636H         LINE#         126
  C:463BH         LINE#         127
  C:463BH         LINE#         128
  C:4642H         LINE#         129
  C:4645H         LINE#         130
  C:4647H         LINE#         131
  -------         ENDPROC       _USART_SEND
  -------         PROC          _USART_PRINT
  X:00F1H         SYMBOL        str
  -------         DO            
  X:00F4H         SYMBOL        i
  -------         ENDDO         
  C:401CH         LINE#         141
  C:4027H         LINE#         142
  C:4027H         LINE#         143
  C:402CH         LINE#         144
  C:404DH         LINE#         145
  C:404DH         LINE#         146
  C:4069H         LINE#         147
  C:4071H         LINE#         148
  -------         ENDPROC       _USART_PRINT
  -------         PROC          _CMD_PARSER_PROCESS
  X:0012H         SYMBOL        result
  C:4112H         LINE#         152
  C:411DH         LINE#         153
  C:411DH         LINE#         167
  C:4130H         LINE#         168
  C:4130H         LINE#         169
  C:4130H         LINE#         170
  C:413EH         LINE#         171
  C:413FH         LINE#         172
  C:413FH         LINE#         173
  C:414DH         LINE#         174
  C:414EH         LINE#         175
  C:414EH         LINE#         176
  C:415CH         LINE#         177
  C:415CH         LINE#         179
  C:415CH         LINE#         181
  -------         ENDPROC       _CMD_PARSER_PROCESS
  -------         PROC          _WAIT
  X:0015H         SYMBOL        parser_result
  -------         DO            
  X:0018H         SYMBOL        read_byte
  -------         ENDDO         
  C:3ADAH         LINE#         183
  C:3AE5H         LINE#         184
  C:3AE5H         LINE#         185
  C:3AEBH         LINE#         188
  C:3AF4H         LINE#         191
  C:3B0AH         LINE#         194
  C:3B14H         LINE#         195
  C:3B1DH         LINE#         196
  C:3B1DH         LINE#         199
BL51 BANKED LINKER/LOCATER V6.22                                                      04/16/2019  20:42:19  PAGE 19


  C:3B33H         LINE#         200
  C:3B39H         LINE#         202
  C:3B4AH         LINE#         203
  C:3B50H         LINE#         204
  C:3B51H         LINE#         205
  C:3B59H         LINE#         206
  C:3B6FH         LINE#         207
  C:3B75H         LINE#         208
  C:3B75H         LINE#         209
  C:3B75H         LINE#         210
  -------         ENDPROC       _WAIT
  -------         PROC          _GET_COMMAND
  X:0015H         SYMBOL        parser_result
  C:4307H         LINE#         213
  C:4312H         LINE#         214
  C:4312H         LINE#         216
  C:4323H         LINE#         217
  C:4323H         LINE#         219
  C:4326H         LINE#         220
  C:4328H         LINE#         221
  C:432BH         LINE#         222
  C:432BH         LINE#         225
  C:433FH         LINE#         226
  C:4344H         LINE#         228
  C:4349H         LINE#         229
  -------         ENDPROC       _GET_COMMAND
  -------         PROC          _PARSE
  X:0018H         SYMBOL        parser_result
  -------         DO            
  X:001BH         SYMBOL        commands_data
  X:00E3H         SYMBOL        data_index
  X:00E4H         SYMBOL        ptr
  X:00E5H         SYMBOL        reading_ptr
  X:00E6H         SYMBOL        ret
  X:00E7H         SYMBOL        c
  X:00E8H         SYMBOL        i
  X:00E9H         SYMBOL        run
  X:00EAH         SYMBOL        cmd_packet
  -------         ENDDO         
  C:238CH         LINE#         232
  C:2397H         LINE#         233
  C:2397H         LINE#         237
  C:23A6H         LINE#         238
  C:23ABH         LINE#         239
  C:23B5H         LINE#         240
  C:23BBH         LINE#         249
  C:23C6H         LINE#         250
  C:23C6H         LINE#         251
  C:23DCH         LINE#         254
  C:23F2H         LINE#         255
  C:23F2H         LINE#         256
  C:23F2H         LINE#         259
  C:23F8H         LINE#         260
  C:23FDH         LINE#         261
  C:23FFH         LINE#         263
  C:23FFH         LINE#         266
  C:2405H         LINE#         267
BL51 BANKED LINKER/LOCATER V6.22                                                      04/16/2019  20:42:19  PAGE 20


  C:240AH         LINE#         268
  C:240CH         LINE#         271
  C:240CH         LINE#         274
  C:2411H         LINE#         275
  C:2413H         LINE#         277
  C:2413H         LINE#         278
  C:243CH         LINE#         279
  C:2442H         LINE#         280
  C:2442H         LINE#         282
  C:2448H         LINE#         283
  C:244BH         LINE#         287
  C:245CH         LINE#         288
  C:2466H         LINE#         289
  C:2485H         LINE#         293
  C:249AH         LINE#         294
  C:249AH         LINE#         295
  C:24DDH         LINE#         296
  C:24DDH         LINE#         298
  C:251EH         LINE#         299
  C:251EH         LINE#         300
  C:2524H         LINE#         301
  C:2526H         LINE#         302
  C:252FH         LINE#         303
  C:2534H         LINE#         304
  C:2534H         LINE#         311
  C:2534H         LINE#         312
  C:253DH         LINE#         315
  C:254CH         LINE#         319
  C:2551H         LINE#         320
  -------         ENDPROC       _PARSE
  -------         PROC          VALID_CMD_FLAG
  C:466CH         LINE#         322
  C:466CH         LINE#         323
  C:466CH         LINE#         324
  C:4671H         LINE#         325
  C:4676H         LINE#         326
  C:467BH         LINE#         327
  -------         ENDPROC       VALID_CMD_FLAG
  -------         PROC          ERROR_CMD_FLAG
  C:467CH         LINE#         329
  C:467CH         LINE#         330
  C:467CH         LINE#         331
  C:4681H         LINE#         332
  C:4686H         LINE#         333
  C:468BH         LINE#         334
  -------         ENDPROC       ERROR_CMD_FLAG
  -------         ENDMOD        COMMANDS_PARSER

  -------         MODULE        MAIN
  C:0000H         SYMBOL        _ICE_DUMMY_
  D:0090H         PUBLIC        P1
  B:00A8H.7       PUBLIC        EA
  D:00E8H         PUBLIC        ADC0CN
  D:00A8H         PUBLIC        IE
  X:025AH         PUBLIC        parser_result
  D:00D8H         PUBLIC        PCA0CN
  D:00B8H         PUBLIC        IP
BL51 BANKED LINKER/LOCATER V6.22                                                      04/16/2019  20:42:19  PAGE 21


  D:00FFH         PUBLIC        Reg
  D:00E3H         PUBLIC        XBR2
  X:0261H         PUBLIC        informations
  X:027BH         PUBLIC        dd_packet
  D:00C0H         PUBLIC        SMB0CN
  C:2197H         PUBLIC        main
  X:0286H         PUBLIC        spi_packet
  D:00F8H         PUBLIC        SPI0CN
  D:0088H         PUBLIC        TCON
  C:0030H         PUBLIC        enable_general_Int
  D:00B2H         PUBLIC        OSCICN
  D:00B1H         PUBLIC        OSCXCN
  X:028FH         PUBLIC        commands
  C:468CH         PUBLIC        Init_External_clk
  D:0098H         PUBLIC        SCON0
  D:00C8H         PUBLIC        T2CON
  C:46C2H         PUBLIC        Enable_Crossbar
  D:008EH         PUBLIC        CKCON
  D:00D0H         PUBLIC        PSW
  -------         PROC          INIT_EXTERNAL_CLK
  C:468CH         LINE#         99
  C:468CH         LINE#         100
  C:468CH         LINE#         102
  C:468FH         LINE#         103
  C:4694H         LINE#         106
  C:4697H         LINE#         108
  C:469AH         LINE#         109
  -------         ENDPROC       INIT_EXTERNAL_CLK
  -------         PROC          ENABLE_CROSSBAR
  C:46C2H         LINE#         111
  C:46C2H         LINE#         112
  C:46C2H         LINE#         114
  C:46C5H         LINE#         115
  -------         ENDPROC       ENABLE_CROSSBAR
  -------         PROC          ENABLE_GENERAL_INT
  C:0030H         LINE#         117
  C:0030H         LINE#         118
  C:0030H         LINE#         119
  C:0032H         LINE#         120
  -------         ENDPROC       ENABLE_GENERAL_INT
  -------         PROC          MAIN
  -------         DO            
  X:0000H         SYMBOL        mes
  X:000AH         SYMBOL        f
  X:000EH         SYMBOL        angle
  X:0010H         SYMBOL        ij
  -------         ENDDO         
  C:2197H         LINE#         123
  C:2197H         LINE#         124
  C:2197H         LINE#         126
  C:21A1H         LINE#         127
  C:21AAH         LINE#         128
  C:21B2H         LINE#         131
  C:21B5H         LINE#         132
  C:21B8H         LINE#         135
  C:21BBH         LINE#         138
  C:21BEH         LINE#         141
BL51 BANKED LINKER/LOCATER V6.22                                                      04/16/2019  20:42:19  PAGE 22


  C:21C1H         LINE#         143
  C:21C4H         LINE#         145
  C:21C7H         LINE#         147
  C:21CAH         LINE#         149
  C:21CDH         LINE#         151
  C:21D6H         LINE#         152
  C:21DFH         LINE#         158
  C:21E8H         LINE#         162
  C:21E8H         LINE#         163
  C:21E8H         LINE#         165
  C:21F1H         LINE#         167
  C:2204H         LINE#         168
  C:2204H         LINE#         169
  C:220DH         LINE#         170
  C:2210H         LINE#         171
  C:2210H         LINE#         173
  C:2227H         LINE#         174
  C:2227H         LINE#         177
  C:2230H         LINE#         180
  C:2239H         LINE#         182
  C:225FH         LINE#         184
  C:2269H         LINE#         185
  C:2269H         LINE#         186
  C:2272H         LINE#         187
  C:227BH         LINE#         188
  C:2280H         LINE#         189
  C:2289H         LINE#         190
  C:2297H         LINE#         191
  C:22A0H         LINE#         193
  C:22A0H         LINE#         197
  C:22BAH         LINE#         198
  C:22BAH         LINE#         199
  C:22C3H         LINE#         200
  C:22FDH         LINE#         201
  C:2306H         LINE#         202
  C:2315H         LINE#         203
  C:232AH         LINE#         204
  C:232AH         LINE#         206
  C:2347H         LINE#         207
  C:2347H         LINE#         208
  C:2350H         LINE#         209
  C:2365H         LINE#         210
  C:2365H         LINE#         212
  C:2368H         LINE#         213
  C:2368H         LINE#         214
  C:237DH         LINE#         215
  C:237DH         LINE#         217
  C:2380H         LINE#         219
  C:2389H         LINE#         221
  -------         ENDPROC       MAIN
  -------         ENDMOD        MAIN

  -------         MODULE        SERIALIZER
  C:0000H         SYMBOL        _ICE_DUMMY_
  X:02B2H         PUBLIC        serializer_state_machine
  D:0090H         PUBLIC        P1
  X:02CAH         PUBLIC        is_processing
BL51 BANKED LINKER/LOCATER V6.22                                                      04/16/2019  20:42:19  PAGE 23


  X:02CBH         PUBLIC        robot_position
  C:43BCH         PUBLIC        _serializer_receive
  D:00E8H         PUBLIC        ADC0CN
  D:00A8H         PUBLIC        IE
  C:45A2H         PUBLIC        serializer_clear_serial
  C:3E38H         PUBLIC        _rotate
  D:00D8H         PUBLIC        PCA0CN
  D:00B8H         PUBLIC        IP
  D:00E3H         PUBLIC        XBR2
  C:000EH         PUBLIC        _idle
  C:3A36H         PUBLIC        _moveAngle
  D:00E5H         PUBLIC        RCAP4H
  D:00C0H         PUBLIC        SMB0CN
  C:1EF0H         PUBLIC        _serializer_process
  C:4648H         PUBLIC        init_serializer_UART1
  D:00E4H         PUBLIC        RCAP4L
  D:00F8H         PUBLIC        SPI0CN
  D:0088H         PUBLIC        TCON
  X:02D0H         PUBLIC        pids_timer
  C:458AH         PUBLIC        serializer_init_serial
  C:378AH         PUBLIC        is_PID_processing
  C:40B8H         SYMBOL        _?ix1000
  C:40BDH         SYMBOL        _?ix1001
  X:02D2H         PUBLIC        serializer_state
  C:1BD7H         PUBLIC        _idle_next_state
  C:4455H         PUBLIC        _stop
  C:465AH         PUBLIC        _UART_send
  B:0098H.1       PUBLIC        TI0
  C:45D0H         PUBLIC        _serializer_send
  C:3F69H         PUBLIC        _serializer_print
  C:2A19H         PUBLIC        _navigate
  C:3990H         PUBLIC        _translate
  C:3EA4H         PUBLIC        _setMotors
  D:0099H         PUBLIC        SBUF0
  D:00F2H         PUBLIC        SBUF1
  D:0098H         PUBLIC        SCON0
  D:00F1H         PUBLIC        SCON1
  D:00C8H         PUBLIC        T2CON
  D:00C9H         PUBLIC        T4CON
  X:02D3H         PUBLIC        is_navigating
  D:00D0H         PUBLIC        PSW
  C:318AH         PUBLIC        _moveTo
  -------         PROC          INIT_SERIALIZER_UART1
  C:4648H         LINE#         37
  C:4648H         LINE#         38
  C:4648H         LINE#         41
  C:464BH         LINE#         45
  C:464EH         LINE#         48
  C:4651H         LINE#         50
  C:4654H         LINE#         51
  C:4657H         LINE#         53
  C:4659H         LINE#         54
  -------         ENDPROC       INIT_SERIALIZER_UART1
  -------         PROC          _SERIALIZER_RECEIVE
  X:004DH         SYMBOL        read_byte
  C:43BCH         LINE#         56
  C:43C7H         LINE#         57
BL51 BANKED LINKER/LOCATER V6.22                                                      04/16/2019  20:42:19  PAGE 24


  C:43C7H         LINE#         58
  C:43CCH         LINE#         59
  C:43CCH         LINE#         60
  C:43DCH         LINE#         61
  C:43DFH         LINE#         62
  C:43E0H         LINE#         63
  C:43F0H         LINE#         64
  C:43F0H         LINE#         65
  -------         ENDPROC       _SERIALIZER_RECEIVE
  -------         PROC          _SERIALIZER_SEND
  X:0051H         SYMBOL        ch
  C:45D0H         LINE#         67
  C:45D5H         LINE#         68
  C:45D5H         LINE#         69
  C:45DCH         LINE#         70
  C:45E1H         LINE#         71
  C:45E4H         LINE#         72
  -------         ENDPROC       _SERIALIZER_SEND
  -------         PROC          _UART_SEND
  X:004DH         SYMBOL        ch
  C:465AH         LINE#         74
  C:465FH         LINE#         75
  C:465FH         LINE#         76
  C:4666H         LINE#         77
  C:4669H         LINE#         78
  C:466BH         LINE#         79
  -------         ENDPROC       _UART_SEND
  -------         PROC          _SERIALIZER_PRINT
  X:004DH         SYMBOL        str
  -------         DO            
  X:0050H         SYMBOL        i
  -------         ENDDO         
  C:3F69H         LINE#         81
  C:3F74H         LINE#         82
  C:3F74H         LINE#         83
  C:3F79H         LINE#         84
  C:3F9AH         LINE#         85
  C:3F9AH         LINE#         87
  C:3FB6H         LINE#         88
  C:3FBEH         LINE#         90
  C:3FC3H         LINE#         92
  -------         ENDPROC       _SERIALIZER_PRINT
  -------         PROC          SERIALIZER_INIT_SERIAL
  -------         DO            
  X:0300H         SYMBOL        c
  -------         ENDDO         
  C:458AH         LINE#         94
  C:458AH         LINE#         95
  C:458AH         LINE#         96
  C:458FH         LINE#         98
  C:458FH         LINE#         99
  C:4598H         LINE#         101
  C:45A1H         LINE#         103
  -------         ENDPROC       SERIALIZER_INIT_SERIAL
  -------         PROC          SERIALIZER_CLEAR_SERIAL
  -------         DO            
  X:003AH         SYMBOL        c
BL51 BANKED LINKER/LOCATER V6.22                                                      04/16/2019  20:42:19  PAGE 25


  -------         ENDDO         
  C:45A2H         LINE#         105
  C:45A2H         LINE#         106
  C:45A2H         LINE#         107
  C:45A7H         LINE#         110
  C:45A7H         LINE#         111
  C:45B0H         LINE#         113
  C:45B9H         LINE#         115
  -------         ENDPROC       SERIALIZER_CLEAR_SERIAL
  -------         PROC          _SERIALIZER_PROCESS
  X:0012H         SYMBOL        parser
  -------         DO            
  X:0015H         SYMBOL        pts
  -------         ENDDO         
  C:1EF0H         LINE#         124
  C:1EFBH         LINE#         125
  C:1EFBH         LINE#         126
  C:1F20H         LINE#         129
  C:1F42H         LINE#         130
  C:1F42H         LINE#         131
  C:1F48H         LINE#         132
  C:1F4DH         LINE#         133
  C:1F6BH         LINE#         134
  C:1F6EH         LINE#         135
  C:1F92H         LINE#         136
  C:1F92H         LINE#         138
  C:1FB1H         LINE#         139
  C:1FB1H         LINE#         140
  C:1FB1H         LINE#         141
  C:1FE5H         LINE#         142
  C:1FE8H         LINE#         144
  C:1FE8H         LINE#         145
  C:1FF1H         LINE#         146
  C:1FF1H         LINE#         147
  C:1FF7H         LINE#         148
  C:1FFAH         LINE#         150
  C:1FFAH         LINE#         151
  C:2000H         LINE#         152
  C:2000H         LINE#         153
  C:2003H         LINE#         155
  C:2003H         LINE#         157
  C:200CH         LINE#         158
  C:200CH         LINE#         159
  C:2012H         LINE#         160
  C:2015H         LINE#         162
  C:2015H         LINE#         163
  C:201BH         LINE#         164
  C:201BH         LINE#         165
  C:201EH         LINE#         167
  C:201EH         LINE#         168
  C:2027H         LINE#         169
  C:2027H         LINE#         170
  C:202DH         LINE#         171
  C:2030H         LINE#         173
  C:2030H         LINE#         174
  C:204FH         LINE#         175
  C:206DH         LINE#         176
BL51 BANKED LINKER/LOCATER V6.22                                                      04/16/2019  20:42:19  PAGE 26


  C:2095H         LINE#         177
  C:20B8H         LINE#         178
  C:20DBH         LINE#         179
  C:20FEH         LINE#         180
  C:2103H         LINE#         181
  C:2103H         LINE#         182
  C:2105H         LINE#         184
  C:2105H         LINE#         185
  C:210EH         LINE#         186
  C:210EH         LINE#         187
  C:2114H         LINE#         188
  C:2116H         LINE#         190
  C:2116H         LINE#         191
  C:211CH         LINE#         192
  C:211CH         LINE#         193
  C:211EH         LINE#         195
  C:211EH         LINE#         196
  C:2126H         LINE#         197
  C:2126H         LINE#         198
  C:212BH         LINE#         199
  C:2149H         LINE#         200
  C:214BH         LINE#         201
  C:214BH         LINE#         202
  C:2151H         LINE#         203
  C:2151H         LINE#         204
  C:2153H         LINE#         206
  C:2153H         LINE#         207
  C:2159H         LINE#         208
  C:215BH         LINE#         210
  C:215BH         LINE#         212
  C:215DH         LINE#         213
  C:2162H         LINE#         214
  C:2162H         LINE#         216
  C:2196H         LINE#         217
  -------         ENDPROC       _SERIALIZER_PROCESS
  -------         PROC          _IDLE_NEXT_STATE
  X:001AH         SYMBOL        cmd
  X:001DH         SYMBOL        pts
  C:1BD7H         LINE#         219
  C:1BE2H         LINE#         220
  C:1BE2H         LINE#         221
  C:1C1DH         LINE#         222
  C:1C1DH         LINE#         223
  C:1C1DH         LINE#         224
  C:1C23H         LINE#         225
  C:1C33H         LINE#         226
  C:1C5DH         LINE#         227
  C:1C5EH         LINE#         229
  C:1C5EH         LINE#         230
  C:1C64H         LINE#         231
  C:1C74H         LINE#         232
  C:1C9EH         LINE#         233
  C:1C9FH         LINE#         235
  C:1C9FH         LINE#         236
  C:1CA5H         LINE#         237
  C:1CB4H         LINE#         238
  C:1CC9H         LINE#         240
BL51 BANKED LINKER/LOCATER V6.22                                                      04/16/2019  20:42:19  PAGE 27


  C:1CCAH         LINE#         242
  C:1CCAH         LINE#         243
  C:1CD0H         LINE#         244
  C:1CE9H         LINE#         245
  C:1CFFH         LINE#         246
  C:1D00H         LINE#         248
  C:1D00H         LINE#         249
  C:1D06H         LINE#         250
  C:1D1EH         LINE#         251
  C:1D34H         LINE#         252
  C:1D35H         LINE#         254
  C:1D35H         LINE#         255
  C:1D3BH         LINE#         256
  C:1D54H         LINE#         257
  C:1D6AH         LINE#         258
  C:1D6BH         LINE#         260
  C:1D6BH         LINE#         261
  C:1D71H         LINE#         262
  C:1D89H         LINE#         263
  C:1D9FH         LINE#         264
  C:1DA0H         LINE#         266
  C:1DA0H         LINE#         267
  C:1DA6H         LINE#         268
  C:1DDBH         LINE#         269
  C:1DF1H         LINE#         270
  C:1DF2H         LINE#         272
  C:1DF2H         LINE#         273
  C:1DF8H         LINE#         274
  C:1E26H         LINE#         275
  C:1E3CH         LINE#         276
  C:1E3DH         LINE#         278
  C:1E3DH         LINE#         279
  C:1E43H         LINE#         280
  C:1E71H         LINE#         281
  C:1E95H         LINE#         282
  C:1EBFH         LINE#         283
  C:1EE9H         LINE#         284
  C:1EEAH         LINE#         286
  C:1EEAH         LINE#         287
  C:1EEFH         LINE#         288
  C:1EEFH         LINE#         289
  C:1EEFH         LINE#         291
  -------         ENDPROC       _IDLE_NEXT_STATE
  -------         PROC          _IDLE
  X:0000H         SYMBOL        pts
  C:000EH         LINE#         293
  C:0019H         LINE#         294
  C:0019H         LINE#         296
  C:002FH         LINE#         299
  -------         ENDPROC       _IDLE
  -------         PROC          _TRANSLATE
  X:0000H         SYMBOL        pts
  -------         DO            
  X:0003H         SYMBOL        speed
  -------         ENDDO         
  C:3990H         LINE#         302
  C:399BH         LINE#         303
BL51 BANKED LINKER/LOCATER V6.22                                                      04/16/2019  20:42:19  PAGE 28


  C:399BH         LINE#         304
  C:39A1H         LINE#         306
  C:39ACH         LINE#         307
  C:39ACH         LINE#         308
  C:39C4H         LINE#         309
  C:39C4H         LINE#         310
  C:39DEH         LINE#         311
  C:39DEH         LINE#         313
  C:3A2FH         LINE#         314
  C:3A35H         LINE#         315
  C:3A35H         LINE#         317
  -------         ENDPROC       _TRANSLATE
  -------         PROC          _ROTATE
  X:0008H         SYMBOL        pts
  -------         DO            
  X:000BH         SYMBOL        sens
  -------         ENDDO         
  C:3E38H         LINE#         319
  C:3E43H         LINE#         320
  C:3E43H         LINE#         321
  C:3E48H         LINE#         323
  C:3E50H         LINE#         324
  C:3E50H         LINE#         327
  C:3E6AH         LINE#         328
  C:3E70H         LINE#         329
  C:3E71H         LINE#         330
  C:3E71H         LINE#         332
  C:3E84H         LINE#         333
  C:3E84H         LINE#         334
  C:3E8CH         LINE#         335
  C:3E94H         LINE#         336
  C:3E95H         LINE#         337
  C:3E95H         LINE#         338
  C:3EA3H         LINE#         339
  C:3EA3H         LINE#         340
  C:3EA3H         LINE#         341
  -------         ENDPROC       _ROTATE
  -------         PROC          _NAVIGATE
  X:0000H         SYMBOL        pts
  -------         DO            
  X:02AFH         SYMBOL        navigation_step
  X:02B0H         SYMBOL        target_angle
  X:0003H         SYMBOL        temp_pts
  -------         ENDDO         
  C:2A19H         LINE#         343
  C:2A24H         LINE#         344
  C:2A24H         LINE#         347
  C:2A49H         LINE#         349
  C:2A62H         LINE#         350
  C:2A62H         LINE#         351
  C:2A62H         LINE#         353
  C:2A68H         LINE#         354
  C:2A78H         LINE#         355
  C:2A8EH         LINE#         356
  C:2ABDH         LINE#         357
  C:2AEBH         LINE#         359
  C:2AF1H         LINE#         360
BL51 BANKED LINKER/LOCATER V6.22                                                      04/16/2019  20:42:19  PAGE 29


  C:2AF7H         LINE#         361
  C:2B00H         LINE#         362
  C:2B01H         LINE#         364
  C:2B01H         LINE#         370
  C:2B07H         LINE#         371
  C:2B0DH         LINE#         372
  C:2B13H         LINE#         373
  C:2B19H         LINE#         374
  C:2B1FH         LINE#         375
  C:2B28H         LINE#         376
  C:2B29H         LINE#         378
  C:2B29H         LINE#         379
  C:2B57H         LINE#         380
  C:2B5DH         LINE#         381
  C:2B63H         LINE#         382
  C:2B6CH         LINE#         383
  C:2B6DH         LINE#         385
  C:2B6DH         LINE#         386
  C:2B72H         LINE#         387
  C:2B77H         LINE#         388
  C:2B7FH         LINE#         389
  C:2B7FH         LINE#         391
  C:2B7FH         LINE#         394
  -------         ENDPROC       _NAVIGATE
  -------         PROC          _SETMOTORS
  X:0004H         SYMBOL        mtr_speed_1
  X:0006H         SYMBOL        mtr_speed_2
  -------         DO            
  X:0008H         SYMBOL        cmd
  -------         ENDDO         
  C:3EA4H         LINE#         396
  C:3EB4H         LINE#         397
  C:3EB4H         LINE#         400
  C:3EFAH         LINE#         402
  C:3F03H         LINE#         404
  C:3F06H         LINE#         405
  -------         ENDPROC       _SETMOTORS
  -------         PROC          _MOVETO
  X:0008H         SYMBOL        pts
  -------         DO            
  X:000BH         SYMBOL        cmd
  X:0033H         SYMBOL        distance_in_tick
  -------         ENDDO         
  C:318AH         LINE#         407
  C:3195H         LINE#         408
  C:3195H         LINE#         410
  C:319DH         LINE#         412
  C:31A8H         LINE#         413
  C:31A8H         LINE#         414
  C:31DAH         LINE#         415
  C:31FCH         LINE#         419
  C:3242H         LINE#         421
  C:324BH         LINE#         422
  C:324EH         LINE#         424
  C:3254H         LINE#         425
  C:3255H         LINE#         426
  C:3255H         LINE#         428
BL51 BANKED LINKER/LOCATER V6.22                                                      04/16/2019  20:42:19  PAGE 30


  C:3268H         LINE#         429
  C:3268H         LINE#         430
  C:3270H         LINE#         431
  C:3278H         LINE#         432
  C:3279H         LINE#         433
  C:3279H         LINE#         434
  C:3287H         LINE#         435
  C:3287H         LINE#         436
  C:3287H         LINE#         437
  -------         ENDPROC       _MOVETO
  -------         PROC          _MOVEANGLE
  X:000CH         SYMBOL        angle
  -------         DO            
  X:000EH         SYMBOL        cmd
  X:0036H         SYMBOL        distance_in_tick
  X:0038H         SYMBOL        r_dist
  -------         ENDDO         
  C:3A36H         LINE#         439
  C:3A3EH         LINE#         440
  C:3A3EH         LINE#         442
  C:3A4EH         LINE#         444
  C:3A70H         LINE#         446
  C:3A87H         LINE#         448
  C:3ACDH         LINE#         449
  C:3AD6H         LINE#         450
  C:3AD9H         LINE#         453
  -------         ENDPROC       _MOVEANGLE
  -------         PROC          _STOP
  X:0000H         SYMBOL        pts
  C:4455H         LINE#         455
  C:4460H         LINE#         456
  C:4460H         LINE#         458
  C:4476H         LINE#         460
  C:447FH         LINE#         461
  C:4482H         LINE#         463
  -------         ENDPROC       _STOP
  -------         PROC          IS_PID_PROCESSING
  -------         DO            
  X:0035H         SYMBOL        result
  X:0049H         SYMBOL        pid_state
  X:004BH         SYMBOL        ptr
  X:004CH         SYMBOL        c
  -------         ENDDO         
  C:378AH         LINE#         521
  C:378AH         LINE#         522
  C:378AH         LINE#         524
  C:3793H         LINE#         525
  C:3798H         LINE#         526
  C:379DH         LINE#         528
  C:37A6H         LINE#         531
  C:37A6H         LINE#         532
  C:37AFH         LINE#         533
  C:37B9H         LINE#         534
  C:37B9H         LINE#         535
  C:37D5H         LINE#         536
  C:37DBH         LINE#         537
  C:37E3H         LINE#         538
BL51 BANKED LINKER/LOCATER V6.22                                                      04/16/2019  20:42:19  PAGE 31


  C:37E3H         LINE#         539
  C:37ECH         LINE#         541
  C:3823H         LINE#         543
  C:3832H         LINE#         545
  C:383AH         LINE#         546
  -------         ENDPROC       IS_PID_PROCESSING
  -------         ENDMOD        SERIALIZER

  -------         MODULE        MOTION
  C:0000H         SYMBOL        _ICE_DUMMY_
  C:434AH         PUBLIC        _distance
  C:3C0DH         PUBLIC        _angle_target
  C:0B97H         PUBLIC        _delta_angle
  -------         PROC          _ANGLE_TARGET
  X:0008H         SYMBOL        x_target
  X:0009H         SYMBOL        y_target
  -------         DO            
  X:000AH         SYMBOL        f_angle
  X:000EH         SYMBOL        angle
  -------         ENDDO         
  C:3C0DH         LINE#         5
  C:3C17H         LINE#         6
  C:3C17H         LINE#         7
  C:3C21H         LINE#         8
  C:3C29H         LINE#         10
  C:3C57H         LINE#         11
  C:3C81H         LINE#         13
  C:3C9AH         LINE#         15
  C:3CA2H         LINE#         16
  -------         ENDPROC       _ANGLE_TARGET
  -------         PROC          _DELTA_ANGLE
  X:0008H         SYMBOL        alpha
  X:000BH         SYMBOL        beta
  -------         DO            
  X:000EH         SYMBOL        angle
  -------         ENDDO         
  C:0B97H         LINE#         19
  C:0BA2H         LINE#         20
  C:0BA2H         LINE#         21
  C:0BAAH         LINE#         42
  C:0BDAH         LINE#         43
  C:0BDAH         LINE#         44
  C:0C0CH         LINE#         45
  C:0C0CH         LINE#         46
  C:0C46H         LINE#         47
  C:0C46H         LINE#         48
  C:0CF0H         LINE#         49
  C:0CF3H         LINE#         50
  C:0CF3H         LINE#         51
  C:0DADH         LINE#         52
  C:0DADH         LINE#         53
  C:0DB0H         LINE#         55
  C:0DB0H         LINE#         56
  C:0DEAH         LINE#         57
  C:0DEAH         LINE#         58
  C:0E9BH         LINE#         59
  C:0E9EH         LINE#         60
BL51 BANKED LINKER/LOCATER V6.22                                                      04/16/2019  20:42:19  PAGE 32


  C:0E9EH         LINE#         61
  C:0F51H         LINE#         62
  C:0F51H         LINE#         63
  C:0F51H         LINE#         64
  C:0F54H         LINE#         65
  C:0F54H         LINE#         66
  C:0F86H         LINE#         67
  C:0F86H         LINE#         68
  C:101AH         LINE#         69
  C:101DH         LINE#         71
  C:101DH         LINE#         72
  C:10B8H         LINE#         73
  C:10B8H         LINE#         74
  C:10B8H         LINE#         76
  C:10C0H         LINE#         77
  -------         ENDPROC       _DELTA_ANGLE
  -------         PROC          _DISTANCE
  X:0035H         SYMBOL        x
  X:0036H         SYMBOL        y
  C:434AH         LINE#         79
  C:4354H         LINE#         80
  C:4354H         LINE#         82
  C:4383H         LINE#         83
  -------         ENDPROC       _DISTANCE
  -------         ENDMOD        MOTION

  -------         MODULE        DISTANCE_DETECTOR
  C:0000H         SYMBOL        _ICE_DUMMY_
  D:0090H         PUBLIC        P1
  D:00BCH         PUBLIC        ADC0CF
  B:00A8H.7       PUBLIC        EA
  C:46AAH         PUBLIC        Init_distance_detector
  C:40C2H         PUBLIC        dd_start_conversion
  D:00E8H         PUBLIC        ADC0CN
  D:00D4H         PUBLIC        DAC0CN
  C:3B76H         PUBLIC        _dd_slew_detection
  D:00A5H         PUBLIC        P1MDOUT
  D:00A8H         PUBLIC        IE
  B:0090H.2       PUBLIC        P1_2
  C:469BH         PUBLIC        dd_init_timer0
  D:00D8H         PUBLIC        PCA0CN
  D:00B8H         PUBLIC        IP
  X:02DDH         PUBLIC        dd_full_state_machine
  D:00D1H         PUBLIC        REF0CN
  B:00E8H.5       PUBLIC        AD0INT
  D:00C0H         PUBLIC        SMB0CN
  D:00F8H         PUBLIC        SPI0CN
  D:0089H         PUBLIC        TMOD
  D:0088H         PUBLIC        TCON
  X:02F1H         PUBLIC        dd_current_state
  D:00BBH         PUBLIC        AMX0SL
  C:4384H         PUBLIC        _dd_move_servo_h
  C:3FC4H         PUBLIC        dd_mesure
  X:02F2H         PUBLIC        servo_angle_H
  C:3CA3H         PUBLIC        _dd_idle
  B:00A8H.1       PUBLIC        ET0
  D:008CH         PUBLIC        TH0
BL51 BANKED LINKER/LOCATER V6.22                                                      04/16/2019  20:42:19  PAGE 33


  D:008AH         PUBLIC        TL0
  B:0088H.4       PUBLIC        TR0
  C:3288H         PUBLIC        timer_0_int
  C:4571H         PUBLIC        _dd_set_angle
  D:0098H         PUBLIC        SCON0
  D:00C8H         PUBLIC        T2CON
  X:02F4H         PUBLIC        pwn_over
  C:42C2H         PUBLIC        _distance_detector_process
  C:45BAH         PUBLIC        dd_config_DAC_ADC
  D:00BEH         PUBLIC        ADC0
  B:00E8H.4       PUBLIC        AD0BUSY
  D:00D0H         PUBLIC        PSW
  -------         PROC          TIMER_0_INT
  -------         DO            
  X:02D4H         SYMBOL        nbr_interrupt
  X:02D5H         SYMBOL        high
  X:0142H         SYMBOL        duree_imp
  X:0144H         SYMBOL        reload_value
  -------         ENDDO         
  C:3288H         LINE#         41
  C:329FH         LINE#         46
  C:32A7H         LINE#         47
  C:32AFH         LINE#         49
  C:32CEH         LINE#         51
  C:32D0H         LINE#         53
  C:32D8H         LINE#         54
  C:32D8H         LINE#         55
  C:32F8H         LINE#         56
  C:32FEH         LINE#         57
  C:3300H         LINE#         59
  C:3320H         LINE#         60
  C:3325H         LINE#         61
  C:3325H         LINE#         62
  C:332FH         LINE#         63
  C:333FH         LINE#         65
  C:334AH         LINE#         66
  C:334AH         LINE#         67
  C:334CH         LINE#         68
  C:3351H         LINE#         69
  C:3357H         LINE#         70
  C:3359H         LINE#         72
  C:3359H         LINE#         73
  C:335FH         LINE#         74
  C:335FH         LINE#         75
  -------         ENDPROC       TIMER_0_INT
  -------         PROC          INIT_DISTANCE_DETECTOR
  C:46AAH         LINE#         90
  C:46AAH         LINE#         91
[...]
  C:3CEFH         LINE#         156
  C:3CF5H         LINE#         157
  C:3CF6H         LINE#         159
  C:3CF6H         LINE#         161
  C:3CF6H         LINE#         163
  C:3CF6H         LINE#         164
  C:3CFBH         LINE#         165
  C:3CFBH         LINE#         166
  C:3CFCH         LINE#         168
  C:3CFCH         LINE#         169
  C:3D18H         LINE#         170
  C:3D18H         LINE#         171
  C:3D1EH         LINE#         172
  C:3D36H         LINE#         173
  C:3D36H         LINE#         174
  C:3D36H         LINE#         176
  -------         ENDPROC       _DD_IDLE
  -------         PROC          _DD_MOVE_SERVO_H
  X:0000H         SYMBOL        dd_packet
  C:4384H         LINE#         178
  C:438FH         LINE#         179
  C:438FH         LINE#         180
BL51 BANKED LINKER/LOCATER V6.22                                                      04/16/2019  20:42:19  PAGE 35


  C:43AFH         LINE#         181
  C:43B4H         LINE#         182
  C:43B6H         LINE#         183
  C:43BBH         LINE#         184
  -------         ENDPROC       _DD_MOVE_SERVO_H
  -------         PROC          _DD_SLEW_DETECTION
  X:0000H         SYMBOL        dd_packet
  -------         DO            
  X:02D6H         SYMBOL        step
  X:02D7H         SYMBOL        delta_angle
  X:02D8H         SYMBOL        smallest_measure
  X:02DCH         SYMBOL        angle_obs
  -------         ENDDO         
  C:3B76H         LINE#         186
  C:3B81H         LINE#         187
  C:3B81H         LINE#         193
  C:3B94H         LINE#         194
  C:3B94H         LINE#         195
  C:3B94H         LINE#         196
  C:3B9BH         LINE#         197
  C:3BB4H         LINE#         198
  C:3BBAH         LINE#         199
  C:3BBBH         LINE#         200
  C:3BBBH         LINE#         201
  C:3BD9H         LINE#         202
  C:3BE6H         LINE#         203
  C:3BEFH         LINE#         204
  C:3BEFH         LINE#         205
  C:3BF5H         LINE#         206
  C:3BF5H         LINE#         207
  C:3BFBH         LINE#         208
  C:3BFCH         LINE#         209
  C:3BFCH         LINE#         210
  C:3C02H         LINE#         211
  C:3C07H         LINE#         212
  C:3C0CH         LINE#         213
  C:3C0CH         LINE#         214
  C:3C0CH         LINE#         215
  -------         ENDPROC       _DD_SLEW_DETECTION
  -------         PROC          _DD_SET_ANGLE
  X:0003H         SYMBOL        angle
  C:4571H         LINE#         217
  C:4579H         LINE#         218
  C:4579H         LINE#         219
  C:4589H         LINE#         220
  -------         ENDPROC       _DD_SET_ANGLE
  -------         PROC          DD_MESURE
  -------         DO            
  X:0018H         SYMBOL        d
  X:001CH         SYMBOL        V_mes
  -------         ENDDO         
  C:3FC4H         LINE#         223
  C:3FC4H         LINE#         229
  C:3FC7H         LINE#         230
  C:3FCAH         LINE#         232
  C:3FE3H         LINE#         235
  C:400DH         LINE#         238
BL51 BANKED LINKER/LOCATER V6.22                                                      04/16/2019  20:42:19  PAGE 36


  C:401BH         LINE#         240
  -------         ENDPROC       DD_MESURE
  -------         PROC          DD_START_CONVERSION
  -------         DO            
  X:0012H         SYMBOL        conv
  X:0016H         SYMBOL        j
  -------         ENDDO         
  C:40C2H         LINE#         243
  C:40C2H         LINE#         246
  C:40C4H         LINE#         247
  C:40C6H         LINE#         248
  C:40C9H         LINE#         249
  C:40CBH         LINE#         251
  C:40F4H         LINE#         253
  C:40F6H         LINE#         254
  C:40F8H         LINE#         255
  C:4101H         LINE#         256
  C:4103H         LINE#         258
  C:4111H         LINE#         259
  -------         ENDPROC       DD_START_CONVERSION
  -------         ENDMOD        DISTANCE_DETECTOR

  -------         MODULE        SPI_MASTER
  C:0000H         SYMBOL        _ICE_DUMMY_
  D:009DH         PUBLIC        SPI0CKR
  D:0090H         PUBLIC        P1
  X:02F5H         PUBLIC        spi_data_in
  X:02FAH         PUBLIC        spi_data_out
  D:00E6H         PUBLIC        EIE1
  D:00E8H         PUBLIC        ADC0CN
  D:00A4H         PUBLIC        P0MDOUT
  D:00A5H         PUBLIC        P1MDOUT
  D:00A8H         PUBLIC        IE
  D:00D8H         PUBLIC        PCA0CN
  D:00B8H         PUBLIC        IP
  B:00F8H.3       PUBLIC        TXBSY
  D:00E1H         PUBLIC        XBR0
  D:00C0H         PUBLIC        SMB0CN
  C:35FCH         PUBLIC        _spi_transmit
  D:00F8H         PUBLIC        SPI0CN
  C:345AH         PUBLIC        _spi_process
  B:00F8H.7       PUBLIC        SPIF
  D:0088H         PUBLIC        TCON
  X:02FFH         PUBLIC        spi_data_in_ptr
  C:4537H         PUBLIC        spi_error
  C:45FAH         PUBLIC        _spi_send_char
  C:4556H         PUBLIC        Init_SPI
  D:0098H         PUBLIC        SCON0
  B:0090H.0       PUBLIC        slave_selector
  D:00C8H         PUBLIC        T2CON
  D:009AH         PUBLIC        SPI0CFG
  C:38E7H         PUBLIC        _spi_cmd_servo
  D:009BH         PUBLIC        SPI0DAT
  C:4423H         PUBLIC        spi_int
  D:00D0H         PUBLIC        PSW
  C:3DC3H         PUBLIC        spi_validate
  -------         PROC          SPI_INT
BL51 BANKED LINKER/LOCATER V6.22                                                      04/16/2019  20:42:19  PAGE 37


  C:4423H         LINE#         30
  C:4430H         LINE#         33
  C:4432H         LINE#         36
  C:4444H         LINE#         38
  C:444AH         LINE#         40
  -------         ENDPROC       SPI_INT
  -------         PROC          INIT_SPI
  C:4556H         LINE#         48
  C:4556H         LINE#         49
  C:4556H         LINE#         55
  C:4559H         LINE#         59
  C:455CH         LINE#         60
  C:455FH         LINE#         61
  C:4562H         LINE#         63
  C:4565H         LINE#         64
  C:4568H         LINE#         65
  C:456BH         LINE#         67
  C:456DH         LINE#         69
  C:4570H         LINE#         70
  -------         ENDPROC       INIT_SPI
  -------         PROC          _SPI_SEND_CHAR
  X:0017H         SYMBOL        a
  C:45FAH         LINE#         78
  C:45FFH         LINE#         79
  C:4601H         LINE#         81
  C:4608H         LINE#         83
  C:460BH         LINE#         85
  C:460DH         LINE#         86
  -------         ENDPROC       _SPI_SEND_CHAR
  -------         PROC          _SPI_TRANSMIT
  X:0012H         SYMBOL        spi_packet
  -------         DO            
  X:0015H         SYMBOL        ptr
  X:0016H         SYMBOL        _delay
  -------         ENDDO         
  C:35FCH         LINE#         88
  C:3607H         LINE#         89
  C:3607H         LINE#         90
  C:360CH         LINE#         91
  C:3611H         LINE#         94
  C:3623H         LINE#         95
  C:3628H         LINE#         98
  C:362BH         LINE#         100
  C:3636H         LINE#         101
  C:3636H         LINE#         102
  C:365DH         LINE#         103
  C:3663H         LINE#         105
  C:367BH         LINE#         106
  C:367BH         LINE#         109
  C:367EH         LINE#         112
  C:3684H         LINE#         113
  C:3684H         LINE#         114
  C:3687H         LINE#         115
  C:3689H         LINE#         116
  C:3689H         LINE#         117
  C:369FH         LINE#         118
  C:369FH         LINE#         121
BL51 BANKED LINKER/LOCATER V6.22                                                      04/16/2019  20:42:19  PAGE 38


  C:36B9H         LINE#         123
  C:36CBH         LINE#         125
  -------         ENDPROC       _SPI_TRANSMIT
  -------         PROC          _SPI_PROCESS
  X:0012H         SYMBOL        cmd
  X:0015H         SYMBOL        spi_packet
  C:345AH         LINE#         127
  C:3465H         LINE#         128
  C:3465H         LINE#         129
  C:3482H         LINE#         130
  C:3482H         LINE#         132
  C:3482H         LINE#         133
  C:349FH         LINE#         134
  C:349FH         LINE#         136
  C:349FH         LINE#         137
  C:34B7H         LINE#         138
  C:34B7H         LINE#         140
  C:34B7H         LINE#         141
  C:34D0H         LINE#         142
  C:34D0H         LINE#         143
  C:3500H         LINE#         144
  C:3515H         LINE#         145
  C:352BH         LINE#         146
  C:352BH         LINE#         147
  C:352BH         LINE#         148
  C:352BH         LINE#         150
  C:352BH         LINE#         152
  C:352BH         LINE#         154
  C:352BH         LINE#         155
  -------         ENDPROC       _SPI_PROCESS
  -------         PROC          _SPI_CMD_SERVO
  X:0018H         SYMBOL        cmd
  X:001BH         SYMBOL        spi_packet
  C:38E7H         LINE#         157
  C:38F2H         LINE#         158
  C:38F2H         LINE#         159
  C:3908H         LINE#         160
  C:3932H         LINE#         161
  C:3965H         LINE#         162
  C:397AH         LINE#         163
  C:398FH         LINE#         164
  -------         ENDPROC       _SPI_CMD_SERVO
  -------         PROC          SPI_VALIDATE
  -------         DO            
  X:0017H         SYMBOL        hash
  X:0019H         SYMBOL        i
  -------         ENDDO         
  C:3DC3H         LINE#         166
  C:3DC3H         LINE#         167
  C:3DC3H         LINE#         168
  C:3DD3H         LINE#         170
  C:3DEEH         LINE#         171
  C:3DEEH         LINE#         172
  C:3E10H         LINE#         173
  C:3E20H         LINE#         175
  C:3E32H         LINE#         176
  C:3E32H         LINE#         177
BL51 BANKED LINKER/LOCATER V6.22                                                      04/16/2019  20:42:19  PAGE 39


  C:3E35H         LINE#         178
  C:3E35H         LINE#         180
  C:3E35H         LINE#         181
  C:3E37H         LINE#         182
  C:3E37H         LINE#         183
  -------         ENDPROC       SPI_VALIDATE
  -------         PROC          SPI_ERROR
  C:4537H         LINE#         185
  C:4537H         LINE#         186
  C:4537H         LINE#         187
  C:453DH         LINE#         188
  C:4543H         LINE#         189
  C:4549H         LINE#         190
  C:454FH         LINE#         191
  C:4555H         LINE#         192
  -------         ENDPROC       SPI_ERROR
  -------         ENDMOD        SPI_MASTER

  -------         MODULE        ?C?FPADD
  C:003DH         PUBLIC        ?C?FPADD
  C:0039H         PUBLIC        ?C?FPSUB
  -------         ENDMOD        ?C?FPADD

  -------         MODULE        ?C?FPMUL
  C:012EH         PUBLIC        ?C?FPMUL
  -------         ENDMOD        ?C?FPMUL

  -------         MODULE        ?C?FPDIV
  C:0237H         PUBLIC        ?C?FPDIV
  -------         ENDMOD        ?C?FPDIV

  -------         MODULE        ?C?FCAST
  C:02DEH         PUBLIC        ?C?FCASTC
  C:02D9H         PUBLIC        ?C?FCASTI
  C:02D4H         PUBLIC        ?C?FCASTL
  -------         ENDMOD        ?C?FCAST

  -------         MODULE        ?C?CASTF
  C:0312H         PUBLIC        ?C?CASTF
  -------         ENDMOD        ?C?CASTF

  -------         MODULE        PRINTF
  X:003AH         PUBLIC        ?_PRINTF?BYTE
  X:003AH         PUBLIC        ?_SPRINTF?BYTE
  C:112CH         PUBLIC        _PRINTF
  C:1126H         PUBLIC        _SPRINTF
  -------         ENDMOD        PRINTF

  -------         MODULE        SCANF
  X:0114H         PUBLIC        ?_SCANF?BYTE
  X:0114H         PUBLIC        ?_SSCANF?BYTE
  C:15D1H         PUBLIC        _SCANF
  C:15CDH         PUBLIC        _SSCANF
  -------         ENDMOD        SCANF

  -------         MODULE        SQRT
  C:383FH         PUBLIC        _SQRT
BL51 BANKED LINKER/LOCATER V6.22                                                      04/16/2019  20:42:19  PAGE 40


  -------         ENDMOD        SQRT

  -------         MODULE        ATAN
  C:2F82H         PUBLIC        _ATAN
  -------         ENDMOD        ATAN

  -------         MODULE        ?C?FPROUND
  C:0393H         PUBLIC        ?C?FPROUND
  -------         ENDMOD        ?C?FPROUND

  -------         MODULE        ?C?FPCONVERT
  C:03D0H         PUBLIC        ?C?FPCONVERT
  -------         ENDMOD        ?C?FPCONVERT

  -------         MODULE        ?C?FPNEG
  C:0522H         PUBLIC        ?C?FPNEG
  -------         ENDMOD        ?C?FPNEG

  -------         MODULE        ?C?FTNPWR
  C:0563H         PUBLIC        ?C?FTNPWR
  -------         ENDMOD        ?C?FTNPWR

  -------         MODULE        ?C?COPY
  C:0673H         PUBLIC        ?C?COPY
  -------         ENDMOD        ?C?COPY

  -------         MODULE        ?C?CLDPTR
  C:0699H         PUBLIC        ?C?CLDPTR
  -------         ENDMOD        ?C?CLDPTR

  -------         MODULE        ?C?CLDOPTR
  C:06B2H         PUBLIC        ?C?CLDOPTR
  -------         ENDMOD        ?C?CLDOPTR

  -------         MODULE        ?C?CSTPTR
  C:06DFH         PUBLIC        ?C?CSTPTR
  -------         ENDMOD        ?C?CSTPTR

  -------         MODULE        ?C?CSTOPTR
  C:06F1H         PUBLIC        ?C?CSTOPTR
  -------         ENDMOD        ?C?CSTOPTR

  -------         MODULE        ?C?IMUL
  C:0713H         PUBLIC        ?C?IMUL
  -------         ENDMOD        ?C?IMUL

  -------         MODULE        ?C?ILDPTR
  C:0725H         PUBLIC        ?C?ILDPTR
  -------         ENDMOD        ?C?ILDPTR

  -------         MODULE        ?C?ILDOPTR
  C:0750H         PUBLIC        ?C?ILDOPTR
  -------         ENDMOD        ?C?ILDOPTR

  -------         MODULE        ?C?ISTPTR
  C:0788H         PUBLIC        ?C?ISTPTR
  -------         ENDMOD        ?C?ISTPTR
BL51 BANKED LINKER/LOCATER V6.22                                                      04/16/2019  20:42:19  PAGE 41



  -------         MODULE        ?C?ISTOPTR
  C:07A7H         PUBLIC        ?C?ISTOPTR
  -------         ENDMOD        ?C?ISTOPTR

  -------         MODULE        ?C?LNEG
  C:07D4H         PUBLIC        ?C?LNEG
  -------         ENDMOD        ?C?LNEG

  -------         MODULE        ?C?LSTPTR
  C:07E2H         PUBLIC        ?C?LSTPTR
  -------         ENDMOD        ?C?LSTPTR

  -------         MODULE        ?C?LLDXDATA
  C:07FCH         PUBLIC        ?C?LLDXDATA
  -------         ENDMOD        ?C?LLDXDATA

  -------         MODULE        ?C?LLDCODE
  C:0808H         PUBLIC        ?C?LLDCODE
  -------         ENDMOD        ?C?LLDCODE

  -------         MODULE        ?C?LLDXDATA0
  C:0818H         PUBLIC        ?C?LLDXDATA0
  -------         ENDMOD        ?C?LLDXDATA0

  -------         MODULE        ?C?LLDCODE0
  C:0824H         PUBLIC        ?C?LLDCODE0
  -------         ENDMOD        ?C?LLDCODE0

  -------         MODULE        ?C?LSTXDATA
  C:0834H         PUBLIC        ?C?LSTXDATA
  -------         ENDMOD        ?C?LSTXDATA

  -------         MODULE        ?C?LSTKXDATA
  C:0840H         PUBLIC        ?C?LSTKXDATA
  -------         ENDMOD        ?C?LSTKXDATA

  -------         MODULE        ?C?OFFXADD
  C:0871H         PUBLIC        ?C?OFFXADD
  -------         ENDMOD        ?C?OFFXADD

  -------         MODULE        ?C?PLDXDATA
  C:087DH         PUBLIC        ?C?PLDXDATA
  -------         ENDMOD        ?C?PLDXDATA

  -------         MODULE        ?C?PLDIXDATA
  C:0886H         PUBLIC        ?C?PLDIXDATA
  -------         ENDMOD        ?C?PLDIXDATA

  -------         MODULE        ?C?PILDXDATA
  C:089DH         PUBLIC        ?C?PILDXDATA
  -------         ENDMOD        ?C?PILDXDATA

  -------         MODULE        ?C?PSTXDATA
  C:08B4H         PUBLIC        ?C?PSTXDATA
  -------         ENDMOD        ?C?PSTXDATA

BL51 BANKED LINKER/LOCATER V6.22                                                      04/16/2019  20:42:19  PAGE 42


  -------         MODULE        ?C?PLDPTR
  C:08BDH         PUBLIC        ?C?PLDPTR
  -------         ENDMOD        ?C?PLDPTR

  -------         MODULE        ?C?PSTPTR
  C:08DDH         PUBLIC        ?C?PSTPTR
  -------         ENDMOD        ?C?PSTPTR

  -------         MODULE        ?C?PLDOPTR
  C:092CH         PUBLIC        ?C?PLDOPTR
  -------         ENDMOD        ?C?PLDOPTR

  -------         MODULE        ?C?CCASE
  C:095CH         PUBLIC        ?C?CCASE
  -------         ENDMOD        ?C?CCASE

  -------         MODULE        ?C?ICALL
  C:0982H         PUBLIC        ?C?ICALL
  C:0986H         PUBLIC        ?C?ICALL2
  -------         ENDMOD        ?C?ICALL

  -------         MODULE        PUTCHAR
  C:44AAH         PUBLIC        _PUTCHAR
  -------         ENDMOD        PUTCHAR

  -------         MODULE        GETCHAR
  B:0022H.6       PUBLIC        ?C?CHARLOADED
  X:0301H         PUBLIC        ?_UNGETCHAR?BYTE
  C:460EH         PUBLIC        GETCHAR
  -------         ENDMOD        GETCHAR

  -------         MODULE        UNGETC
  C:0003H         PUBLIC        _UNGETCHAR
  -------         ENDMOD        UNGETC

  -------         MODULE        ISSPACE
  C:4622H         PUBLIC        _isspace
  -------         ENDMOD        ISSPACE

  -------         MODULE        ?C?STRCMP
  C:0B06H         PUBLIC        ?C?STRCMP
  -------         ENDMOD        ?C?STRCMP

  -------         MODULE        STRLEN
  C:45E5H         PUBLIC        _STRLEN
  -------         ENDMOD        STRLEN

  -------         MODULE        ?C?MEMSET
  C:0B23H         PUBLIC        ?C?MEMSET
  -------         ENDMOD        ?C?MEMSET

  -------         MODULE        ?C?LSTIDATA
  C:0B4FH         PUBLIC        ?C?LSTIDATA
  -------         ENDMOD        ?C?LSTIDATA

  -------         MODULE        ?C?LSTPDATA
  C:0B5BH         PUBLIC        ?C?LSTPDATA
BL51 BANKED LINKER/LOCATER V6.22                                                      04/16/2019  20:42:19  PAGE 43


  -------         ENDMOD        ?C?LSTPDATA

  -------         MODULE        ?C?PLDIDATA
  C:0B67H         PUBLIC        ?C?PLDIDATA
  -------         ENDMOD        ?C?PLDIDATA

  -------         MODULE        ?C?PSTIDATA
  C:0B70H         PUBLIC        ?C?PSTIDATA
  -------         ENDMOD        ?C?PSTIDATA

  -------         MODULE        ?C?PLDPDATA
  C:0B79H         PUBLIC        ?C?PLDPDATA
  -------         ENDMOD        ?C?PLDPDATA

  -------         MODULE        ?C?PSTPDATA
  C:0B82H         PUBLIC        ?C?PSTPDATA
  -------         ENDMOD        ?C?PSTPDATA

  -------         MODULE        ?C?PLDCODE
  C:0B8BH         PUBLIC        ?C?PLDCODE
  -------         ENDMOD        ?C?PLDCODE

  -------         MODULE        _GETKEY
  C:46B8H         PUBLIC        _GETKEY
  -------         ENDMOD        _GETKEY

*** WARNING L16: UNCALLED SEGMENT, IGNORED FOR OVERLAY PROCESS
    SEGMENT: ?PR?SERIALIZER_INIT_SERIAL?SERIALIZER

*** WARNING L15: MULTIPLE CALL TO SEGMENT
    SEGMENT: ?PR?SCANF?SCANF
    CALLER1: ?C_C51STARTUP
    CALLER2: ?PR?_MOVE_TO_CMD?COMMANDS

*** WARNING L15: MULTIPLE CALL TO SEGMENT
    SEGMENT: ?PR??C?ATOF??C?ATOF
    CALLER1: ?C_C51STARTUP
    CALLER2: ?PR?_MOVE_TO_CMD?COMMANDS

*** WARNING L1: UNRESOLVED EXTERNAL SYMBOL
    SYMBOL:  _DD_SINGLE_MEASURE
    MODULE:  .\Objects\distance_detector.obj (DISTANCE_DETECTOR)

*** WARNING L1: UNRESOLVED EXTERNAL SYMBOL
    SYMBOL:  _DD_OBS_DETECTION
    MODULE:  .\Objects\distance_detector.obj (DISTANCE_DETECTOR)

*** WARNING L2: REFERENCE MADE TO UNRESOLVED EXTERNAL
    SYMBOL:  _DD_SINGLE_MEASURE
    MODULE:  .\Objects\distance_detector.obj (DISTANCE_DETECTOR)
    ADDRESS: 2873H

*** WARNING L2: REFERENCE MADE TO UNRESOLVED EXTERNAL
    SYMBOL:  _DD_OBS_DETECTION
    MODULE:  .\Objects\distance_detector.obj (DISTANCE_DETECTOR)
    ADDRESS: 287BH

BL51 BANKED LINKER/LOCATER V6.22                                                      04/16/2019  20:42:19  PAGE 44


Program Size: data=33.7 xdata=770 code=18118
LINK/LOCATE RUN COMPLETE.  7 WARNING(S),  0 ERROR(S)
