BL51 BANKED LINKER/LOCATER V6.22                                                        05/23/2019  16:49:16  PAGE 1


BL51 BANKED LINKER/LOCATER V6.22, INVOKED BY:
C:\KEIL_V5\C51\BIN\BL51.EXE .\Objects\STARTUP.obj, .\Objects\commands.obj, .\Objects\commands_parser.obj, .\Objects\main
>> .obj, .\Objects\serializer.obj, .\Objects\motion.obj, .\Objects\distance_detector.obj, .\Objects\spi_master.obj, .\Ob
>> jects\power_sensor.obj, .\Objects\adc.obj TO .\Objects\robot_V1 PRINT (.\Listings\robot_V1.m51) RAMSIZE (256) OVERLAY
>>  (* ! MOVE_TO_CMD)


MEMORY MODEL: LARGE WITH FLOATING POINT ARITHMETIC


INPUT MODULES INCLUDED:
  .\Objects\STARTUP.obj (?C_STARTUP)
  .\Objects\commands.obj (COMMANDS)
  .\Objects\commands_parser.obj (COMMANDS_PARSER)
  .\Objects\main.obj (MAIN)
  .\Objects\serializer.obj (SERIALIZER)
  .\Objects\motion.obj (MOTION)
  .\Objects\distance_detector.obj (DISTANCE_DETECTOR)
  .\Objects\spi_master.obj (SPI_MASTER)
  .\Objects\power_sensor.obj (POWER_SENSOR)
  .\Objects\adc.obj (ADC)
  C:\KEIL_V5\C51\LIB\C51FPL.LIB (?C?FPADD)
  C:\KEIL_V5\C51\LIB\C51FPL.LIB (?C?FPMUL)
  C:\KEIL_V5\C51\LIB\C51FPL.LIB (?C?FPDIV)
  C:\KEIL_V5\C51\LIB\C51FPL.LIB (?C?FPCMP)
  C:\KEIL_V5\C51\LIB\C51FPL.LIB (?C?FCAST)
  C:\KEIL_V5\C51\LIB\C51FPL.LIB (?C?CASTF)
  C:\KEIL_V5\C51\LIB\C51FPL.LIB (PRINTF)
  C:\KEIL_V5\C51\LIB\C51FPL.LIB (SCANF)
  C:\KEIL_V5\C51\LIB\C51FPL.LIB (SQRT)
  C:\KEIL_V5\C51\LIB\C51FPL.LIB (ATAN)
  C:\KEIL_V5\C51\LIB\C51FPL.LIB (?C?FPGETOPN)
  C:\KEIL_V5\C51\LIB\C51FPL.LIB (?C?FPROUND)
  C:\KEIL_V5\C51\LIB\C51FPL.LIB (?C?FPCONVERT)
  C:\KEIL_V5\C51\LIB\C51FPL.LIB (?C?ATOF)
  C:\KEIL_V5\C51\LIB\C51FPL.LIB (?C?FPSERIES)
  C:\KEIL_V5\C51\LIB\C51FPL.LIB (?C?FPNEG)
  C:\KEIL_V5\C51\LIB\C51FPL.LIB (?C?FTNPWR)
  C:\KEIL_V5\C51\LIB\C51L.LIB (?C_INIT)
  C:\KEIL_V5\C51\LIB\C51L.LIB (?C?COPY)
  C:\KEIL_V5\C51\LIB\C51L.LIB (?C?CLDPTR)
  C:\KEIL_V5\C51\LIB\C51L.LIB (?C?CLDOPTR)
  C:\KEIL_V5\C51\LIB\C51L.LIB (?C?CSTPTR)
  C:\KEIL_V5\C51\LIB\C51L.LIB (?C?CSTOPTR)
  C:\KEIL_V5\C51\LIB\C51L.LIB (?C?IMUL)
  C:\KEIL_V5\C51\LIB\C51L.LIB (?C?ILDPTR)
  C:\KEIL_V5\C51\LIB\C51L.LIB (?C?ILDOPTR)
  C:\KEIL_V5\C51\LIB\C51L.LIB (?C?ISTPTR)
  C:\KEIL_V5\C51\LIB\C51L.LIB (?C?ISTOPTR)
  C:\KEIL_V5\C51\LIB\C51L.LIB (?C?LNEG)
  C:\KEIL_V5\C51\LIB\C51L.LIB (?C?LLDOPTR)
  C:\KEIL_V5\C51\LIB\C51L.LIB (?C?LSTPTR)
  C:\KEIL_V5\C51\LIB\C51L.LIB (?C?LSTOPTR)
  C:\KEIL_V5\C51\LIB\C51L.LIB (?C?LLDXDATA)
  C:\KEIL_V5\C51\LIB\C51L.LIB (?C?LLDCODE)
  C:\KEIL_V5\C51\LIB\C51L.LIB (?C?LLDXDATA0)
  C:\KEIL_V5\C51\LIB\C51L.LIB (?C?LLDCODE0)
  C:\KEIL_V5\C51\LIB\C51L.LIB (?C?LSTXDATA)
BL51 BANKED LINKER/LOCATER V6.22                                                      05/23/2019  16:49:16  PAGE 2


  C:\KEIL_V5\C51\LIB\C51L.LIB (?C?LSTKXDATA)
  C:\KEIL_V5\C51\LIB\C51L.LIB (?C?OFFXADD)
  C:\KEIL_V5\C51\LIB\C51L.LIB (?C?PLDXDATA)
  C:\KEIL_V5\C51\LIB\C51L.LIB (?C?PLDIXDATA)
  C:\KEIL_V5\C51\LIB\C51L.LIB (?C?PILDXDATA)
  C:\KEIL_V5\C51\LIB\C51L.LIB (?C?PSTXDATA)
  C:\KEIL_V5\C51\LIB\C51L.LIB (?C?PLDPTR)
  C:\KEIL_V5\C51\LIB\C51L.LIB (?C?PSTPTR)
  C:\KEIL_V5\C51\LIB\C51L.LIB (?C?PLDOPTR)
  C:\KEIL_V5\C51\LIB\C51L.LIB (?C?PSTOPTR)
  C:\KEIL_V5\C51\LIB\C51L.LIB (?C?CCASE)
  C:\KEIL_V5\C51\LIB\C51L.LIB (?C?ICALL)
  C:\KEIL_V5\C51\LIB\C51L.LIB (PUTCHAR)
  C:\KEIL_V5\C51\LIB\C51L.LIB (GETCHAR)
  C:\KEIL_V5\C51\LIB\C51L.LIB (UNGETC)
  C:\KEIL_V5\C51\LIB\C51L.LIB (ISSPACE)
  C:\KEIL_V5\C51\LIB\C51L.LIB (?C?STRCMP)
  C:\KEIL_V5\C51\LIB\C51L.LIB (STRLEN)
  C:\KEIL_V5\C51\LIB\C51L.LIB (?C?MEMSET)
  C:\KEIL_V5\C51\LIB\C51L.LIB (?C?LLDIDATA)
  C:\KEIL_V5\C51\LIB\C51L.LIB (?C?LLDPDATA)
  C:\KEIL_V5\C51\LIB\C51L.LIB (?C?LSTIDATA)
  C:\KEIL_V5\C51\LIB\C51L.LIB (?C?LSTPDATA)
  C:\KEIL_V5\C51\LIB\C51L.LIB (?C?PLDIDATA)
  C:\KEIL_V5\C51\LIB\C51L.LIB (?C?PSTIDATA)
  C:\KEIL_V5\C51\LIB\C51L.LIB (?C?PLDPDATA)
  C:\KEIL_V5\C51\LIB\C51L.LIB (?C?PSTPDATA)
  C:\KEIL_V5\C51\LIB\C51L.LIB (?C?PLDCODE)
  C:\KEIL_V5\C51\LIB\C51L.LIB (_GETKEY)


LINK MAP OF MODULE:  .\Objects\robot_V1 (?C_STARTUP)


            TYPE    BASE      LENGTH    RELOCATION   SEGMENT NAME
            -----------------------------------------------------

            * * * * * * *   D A T A   M E M O R Y   * * * * * * *
            REG     0000H     0008H     ABSOLUTE     "REG BANK 0"
            DATA    0008H     0016H     UNIT         _DATA_GROUP_
                    001EH     0002H                  *** GAP ***
            BIT     0020H.0   0002H.6   UNIT         _BIT_GROUP_
            BIT     0022H.6   0000H.1   UNIT         ?BI?GETCHAR
                    0022H.7   0000H.1                *** GAP ***
            IDATA   0023H     0001H     UNIT         ?STACK

            * * * * * * *  X D A T A   M E M O R Y  * * * * * * *
            XDATA   0000H     012CH     UNIT         ?XD?COMMANDS_PARSER
            XDATA   012CH     00D9H     UNIT         ?XD?_PARSE?COMMANDS_PARSER
            XDATA   0205H     006EH     UNIT         ?XD?SERIALIZER
            XDATA   0273H     005EH     UNIT         _XDATA_GROUP_
            XDATA   02D1H     0059H     UNIT         ?XD?MAIN
            XDATA   032AH     0037H     UNIT         ?XD?DISTANCE_DETECTOR
            XDATA   0361H     002EH     UNIT         ?XD?_MOVEANGLE?SERIALIZER
            XDATA   038FH     002DH     UNIT         ?XD?_MOVETO?SERIALIZER
            XDATA   03BCH     0029H     UNIT         ?XD?_ANGLE_CALIBRATION_PROCESS?SERIALIZER
            XDATA   03E5H     0025H     UNIT         ?XD?_LIGHT_BEAM_ON_CMD?COMMANDS
BL51 BANKED LINKER/LOCATER V6.22                                                      05/23/2019  16:49:16  PAGE 3


            XDATA   040AH     0025H     UNIT         ?XD?_GENERATE_SOUND_CMD?COMMANDS
            XDATA   042FH     001EH     UNIT         ?XD?_MOVE_TO_CMD?COMMANDS
            XDATA   044DH     001EH     UNIT         ?XD?_PHOTO_CMD?COMMANDS
            XDATA   046BH     0018H     UNIT         ?XD?_SETMOTORS?SERIALIZER
            XDATA   0483H     0018H     UNIT         ?XD?IS_PID_PROCESSING?SERIALIZER
            XDATA   049BH     0014H     UNIT         ?XD?_AUX_CMD?COMMANDS
            XDATA   04AFH     000CH     UNIT         ?XD?POWER_SENSOR
            XDATA   04BBH     000BH     UNIT         ?XD?_SEND_KOB_MOU?COMMANDS_PARSER
            XDATA   04C6H     000BH     UNIT         ?XD?SPI_MASTER
            XDATA   04D1H     0008H     UNIT         ?XD?_SERIALIZER_PROCESS?SERIALIZER
            XDATA   04D9H     0008H     UNIT         ?XD?_NAVIGATE?SERIALIZER
            XDATA   04E1H     0008H     UNIT         ?XD?_ANGLE_TARGET?MOTION
            XDATA   04E9H     0008H     UNIT         ?XD?_DELTA_ANGLE?MOTION
            XDATA   04F1H     0008H     UNIT         ?XD?DD_MESURE?DISTANCE_DETECTOR
            XDATA   04F9H     0006H     UNIT         ?XD?_IDLE_NEXT_STATE?SERIALIZER
            XDATA   04FFH     0006H     UNIT         ?XD?DD_START_CONVERSION?DISTANCE_DETECTOR
            XDATA   0505H     0006H     UNIT         ?XD?_SPI_PROCESS?SPI_MASTER
            XDATA   050BH     0006H     UNIT         ?XD?_SPI_CMD_SERVO?SPI_MASTER
            XDATA   0511H     0006H     UNIT         ?XD?_SPI_CMD_LIGHT_ON?SPI_MASTER
            XDATA   0517H     0006H     UNIT         ?XD?_SPI_CMD_LIGHT_OFF?SPI_MASTER
            XDATA   051DH     0006H     UNIT         ?XD?_SPI_CMD_GENERATE_SOUND?SPI_MASTER
            XDATA   0523H     0006H     UNIT         ?XD?_SPI_CMD_ACQ_SOUND?SPI_MASTER
            XDATA   0529H     0006H     UNIT         ?XD?_SPI_CMD_PHOTO_ON?SPI_MASTER
            XDATA   052FH     0006H     UNIT         ?XD?_SPI_CMD_PHOTO_OFF?SPI_MASTER
            XDATA   0535H     0006H     UNIT         ?XD?_POWER_SENSOR_PROCESS?POWER_SENSOR
            XDATA   053BH     0005H     UNIT         ?XD?_EPREUVE_CMD?COMMANDS
            XDATA   0540H     0005H     UNIT         ?XD?_SET_DEFAULT_SPEED_CMD?COMMANDS
            XDATA   0545H     0005H     UNIT         ?XD?_MOVE_FORWARD_CMD?COMMANDS
            XDATA   054AH     0005H     UNIT         ?XD?_MOVE_BACKWARD_CMD?COMMANDS
            XDATA   054FH     0005H     UNIT         ?XD?_ANGLE_ROTATION_CMD?COMMANDS
            XDATA   0554H     0005H     UNIT         ?XD?_SERVO_MOVE_CMD?COMMANDS
            XDATA   0559H     0005H     UNIT         ?XD?_SPI_TRANSMIT?SPI_MASTER
            XDATA   055EH     0004H     UNIT         ?XD?_USART_PRINT?COMMANDS_PARSER
            XDATA   0562H     0004H     UNIT         ?XD?_WAIT?COMMANDS_PARSER
            XDATA   0566H     0004H     UNIT         ?XD?_SERIALIZER_PRINT?SERIALIZER
            XDATA   056AH     0004H     UNIT         ?XD?_TRANSLATE?SERIALIZER
            XDATA   056EH     0004H     UNIT         ?XD?_ROTATE?SERIALIZER
            XDATA   0572H     0004H     UNIT         ?XD?__PRINT?SERIALIZER
            XDATA   0576H     0004H     UNIT         ?XD?TIMER_0_INT?DISTANCE_DETECTOR
            XDATA   057AH     0004H     UNIT         ?XD?SPI_VALIDATE?SPI_MASTER
            XDATA   057EH     0004H     UNIT         ?XD?SHUNT_MEASURE?POWER_SENSOR
            XDATA   0582H     0003H     UNIT         ?XD?_DEFAULT_PROCESS?COMMANDS
            XDATA   0585H     0003H     UNIT         ?XD?_EPREUVE_STOP?COMMANDS
            XDATA   0588H     0003H     UNIT         ?XD?_SAFETY_BREAK_CMD?COMMANDS
            XDATA   058BH     0003H     UNIT         ?XD?_MOVE_STOP_CMD?COMMANDS
            XDATA   058EH     0003H     UNIT         ?XD?_RIGTH_ROTATION_CMD?COMMANDS
            XDATA   0591H     0003H     UNIT         ?XD?_LEFT_ROTATION_CMD?COMMANDS
            XDATA   0594H     0003H     UNIT         ?XD?_COMPLETE_ROTATION_CMD?COMMANDS
            XDATA   0597H     0003H     UNIT         ?XD?_CURRENT_MEASURE?COMMANDS
            XDATA   059AH     0003H     UNIT         ?XD?_ENERGY_MEASURE?COMMANDS
            XDATA   059DH     0003H     UNIT         ?XD?_DETECTE_OBSTACLE?COMMANDS
            XDATA   05A0H     0003H     UNIT         ?XD?_LIGHT_BEAM_OFF_CMD?COMMANDS
            XDATA   05A3H     0003H     UNIT         ?XD?_ACQUIRE_SOUND_CMD?COMMANDS
            XDATA   05A6H     0003H     UNIT         ?XD?_PHOTO_OFF_CMD?COMMANDS
            XDATA   05A9H     0003H     UNIT         ?XD?_INIT_PARSER?COMMANDS_PARSER
            XDATA   05ACH     0003H     UNIT         ?XD?_USART_RECEIVE?COMMANDS_PARSER
            XDATA   05AFH     0003H     UNIT         ?XD?_CMD_PARSER_PROCESS?COMMANDS_PARSER
BL51 BANKED LINKER/LOCATER V6.22                                                      05/23/2019  16:49:16  PAGE 4


            XDATA   05B2H     0003H     UNIT         ?XD?_GET_COMMAND?COMMANDS_PARSER
            XDATA   05B5H     0003H     UNIT         ?XD?_SEND_INFORMATIONS?COMMANDS_PARSER
            XDATA   05B8H     0003H     UNIT         ?XD?_SEND_MI_RESULT?COMMANDS_PARSER
            XDATA   05BBH     0003H     UNIT         ?XD?_SEND_ME_RESULT?COMMANDS_PARSER
            XDATA   05BEH     0003H     UNIT         ?XD?_SERIALIZER_RECEIVE?SERIALIZER
            XDATA   05C1H     0003H     UNIT         ?XD?_IDLE?SERIALIZER
            XDATA   05C4H     0003H     UNIT         ?XD?_STOP?SERIALIZER
            XDATA   05C7H     0003H     UNIT         ?XD?_DISTANCE_DETECTOR_PROCESS?DISTANCE_DETECTOR
            XDATA   05CAH     0003H     UNIT         ?XD?_DD_IDLE?DISTANCE_DETECTOR
            XDATA   05CDH     0003H     UNIT         ?XD?_DD_MOVE_SERVO_H?DISTANCE_DETECTOR
            XDATA   05D0H     0003H     UNIT         ?XD?_DD_SLEW_DETECTION?DISTANCE_DETECTOR
            XDATA   05D3H     0003H     UNIT         ?XD?_DD_SINGLE_MEASURE?DISTANCE_DETECTOR
            XDATA   05D6H     0002H     UNIT         ?XD?_DISTANCE?MOTION
            XDATA   05D8H     0002H     UNIT         ?XD?_DD_SET_ANGLE?DISTANCE_DETECTOR
            XDATA   05DAH     0001H     UNIT         ?XD?_USART_SEND?COMMANDS_PARSER
            XDATA   05DBH     0001H     UNIT         ?XD?_SERIALIZER_SEND?SERIALIZER
            XDATA   05DCH     0001H     UNIT         ?XD?_UART_SEND?SERIALIZER
            XDATA   05DDH     0001H     UNIT         ?XD?SERIALIZER_INIT_SERIAL?SERIALIZER
            XDATA   05DEH     0001H     UNIT         ?XD?SERIALIZER_CLEAR_SERIAL?SERIALIZER
            XDATA   05DFH     0001H     UNIT         ?XD?CLEAR_VAL_OBS_BUFFER?DISTANCE_DETECTOR
            XDATA   05E0H     0001H     UNIT         ?XD?_SPI_SEND_CHAR?SPI_MASTER
            XDATA   05E1H     0001H     UNIT         ?XD?READ_ADC0?ADC
            XDATA   05E2H     0001H     UNIT         ?XD?_CHOOSE_ADC_INPUT?ADC
            XDATA   05E3H     0001H     UNIT         ?XD?GETCHAR

            * * * * * * *   C O D E   M E M O R Y   * * * * * * *
            CODE    0000H     0003H     ABSOLUTE     
            CODE    0003H     0008H     UNIT         ?PR?GETCHAR?UNGETCHAR
            CODE    000BH     0003H     ABSOLUTE     
            CODE    000EH     000DH     UNIT         ?PR?PS_INIT_TIMER1?POWER_SENSOR
            CODE    001BH     0003H     ABSOLUTE     
            CODE    001EH     0015H     UNIT         ?PR?_SERIALIZER_SEND?SERIALIZER
            CODE    0033H     0003H     ABSOLUTE     
            CODE    0036H     0C9FH     UNIT         ?C?LIB_CODE
            CODE    0CD5H     052AH     UNIT         ?PR?_DELTA_ANGLE?MOTION
            CODE    11FFH     04B1H     UNIT         ?PR?_GENERATE_SOUND_CMD?COMMANDS
            CODE    16B0H     04ADH     UNIT         ?PR?_LIGHT_BEAM_ON_CMD?COMMANDS
            CODE    1B5DH     0483H     UNIT         ?PR?PRINTF?PRINTF
            CODE    1FE0H     038AH     UNIT         ?PR?_SPI_PROCESS?SPI_MASTER
            CODE    236AH     035AH     UNIT         ?PR?SCANF?SCANF
            CODE    26C4H     0339H     UNIT         ?PR?_MOVE_TO_CMD?COMMANDS
            CODE    29FDH     032FH     UNIT         ?PR?_ANGLE_CALIBRATION_PROCESS?SERIALIZER
            CODE    2D2CH     0319H     UNIT         ?PR?_IDLE_NEXT_STATE?SERIALIZER
            CODE    3045H     0305H     UNIT         ?PR?_PHOTO_CMD?COMMANDS
            CODE    334AH     02A7H     UNIT         ?PR?_SERIALIZER_PROCESS?SERIALIZER
            CODE    35F1H     0254H     UNIT         ?PR?_SEND_KOB_MOU?COMMANDS_PARSER
            CODE    3845H     0247H     UNIT         ?PR?_PARSE?COMMANDS_PARSER
            CODE    3A8CH     0220H     UNIT         ?PR?_SEND_INFORMATIONS?COMMANDS_PARSER
            CODE    3CACH     0212H     UNIT         ?PR?_AUX_CMD?COMMANDS
            CODE    3EBEH     0202H     UNIT         ?C_INITSEG
            CODE    40C0H     01F8H     UNIT         ?PR?_DD_SINGLE_MEASURE?DISTANCE_DETECTOR
            CODE    42B8H     01A8H     UNIT         ?PR?_SERVO_MOVE_CMD?COMMANDS
            CODE    4460H     017CH     UNIT         ?PR?_ANGLE_ROTATION_CMD?COMMANDS
            CODE    45DCH     0167H     UNIT         ?PR?_NAVIGATE?SERIALIZER
            CODE    4743H     0154H     UNIT         ?PR?_MOVE_FORWARD_CMD?COMMANDS
            CODE    4897H     0154H     UNIT         ?PR?_MOVE_BACKWARD_CMD?COMMANDS
            CODE    49EBH     013AH     UNIT         ?PR?_COMPLETE_ROTATION_CMD?COMMANDS
BL51 BANKED LINKER/LOCATER V6.22                                                      05/23/2019  16:49:16  PAGE 5


            CODE    4B25H     0122H     UNIT         ?PR?ATAN?ATAN
            CODE    4C47H     0106H     UNIT         ?PR?_EPREUVE_CMD?COMMANDS
            CODE    4D4DH     0106H     UNIT         ?PR?MAIN?MAIN
            CODE    4E53H     0100H     UNIT         ?PR?TIMER_0_INT?DISTANCE_DETECTOR
            CODE    4F53H     00FEH     UNIT         ?PR?_MOVETO?SERIALIZER
            CODE    5051H     00E6H     UNIT         ?PR??C?ATOF??C?ATOF
            CODE    5137H     00D3H     UNIT         ?PR?_POWER_SENSOR_PROCESS?POWER_SENSOR
            CODE    520AH     00D0H     UNIT         ?PR?_SET_DEFAULT_SPEED_CMD?COMMANDS
            CODE    52DAH     00D0H     UNIT         ?PR?_SPI_TRANSMIT?SPI_MASTER
            CODE    53AAH     00CBH     UNIT         ?PR?_SPI_CMD_PHOTO_ON?SPI_MASTER
            CODE    5475H     00CAH     UNIT         ?PR?_SPI_CMD_LIGHT_ON?SPI_MASTER
            CODE    553FH     00CAH     UNIT         ?PR?_SPI_CMD_GENERATE_SOUND?SPI_MASTER
            CODE    5609H     00C5H     UNIT         ?CO?SERIALIZER
            CODE    56CEH     00B8H     UNIT         ?CO?COMMANDS_PARSER
            CODE    5786H     00B1H     UNIT         ?PR?IS_PID_PROCESSING?SERIALIZER
            CODE    5837H     00ACH     UNIT         ?PR?SQRT?SQRT
            CODE    58E3H     00A9H     UNIT         ?PR?_SPI_CMD_SERVO?SPI_MASTER
            CODE    598CH     00A6H     UNIT         ?PR?_TRANSLATE?SERIALIZER
            CODE    5A32H     00A4H     UNIT         ?PR?_MOVEANGLE?SERIALIZER
            CODE    5AD6H     009EH     UNIT         ?PR?_DD_IDLE?DISTANCE_DETECTOR
            CODE    5B74H     009CH     UNIT         ?PR?_WAIT?COMMANDS_PARSER
            CODE    5C10H     0096H     UNIT         ?PR?_ANGLE_TARGET?MOTION
            CODE    5CA6H     0092H     UNIT         ?PR?_DD_MOVE_SERVO_H?DISTANCE_DETECTOR
            CODE    5D38H     008CH     UNIT         ?C_C51STARTUP
            CODE    5DC4H     008CH     UNIT         ?PR?_SPI_CMD_LIGHT_OFF?SPI_MASTER
            CODE    5E50H     008CH     UNIT         ?PR?_SPI_CMD_PHOTO_OFF?SPI_MASTER
            CODE    5EDCH     008BH     UNIT         ?PR?_SPI_CMD_ACQ_SOUND?SPI_MASTER
            CODE    5F67H     0080H     UNIT         ?CO?MAIN
            CODE    5FE7H     0075H     UNIT         ?PR?_DD_SLEW_DETECTION?DISTANCE_DETECTOR
            CODE    605CH     0075H     UNIT         ?PR?SPI_VALIDATE?SPI_MASTER
            CODE    60D1H     0074H     UNIT         ?PR?TIMER_1_INT?POWER_SENSOR
            CODE    6145H     006CH     UNIT         ?PR?_ROTATE?SERIALIZER
            CODE    61B1H     0067H     UNIT         ?PR?_ACQUIRE_SOUND_CMD?COMMANDS
            CODE    6218H     0063H     UNIT         ?PR?_SETMOTORS?SERIALIZER
            CODE    627BH     0062H     UNIT         ?CO?COMMANDS
            CODE    62DDH     005BH     UNIT         ?PR?_SERIALIZER_PRINT?SERIALIZER
            CODE    6338H     005AH     UNIT         ?PR?_SEND_MI_RESULT?COMMANDS_PARSER
            CODE    6392H     005AH     UNIT         ?PR?_SEND_ME_RESULT?COMMANDS_PARSER
            CODE    63ECH     005AH     UNIT         ?PR?__PRINT?SERIALIZER
            CODE    6446H     0056H     UNIT         ?PR?_USART_PRINT?COMMANDS_PARSER
            CODE    649CH     0055H     UNIT         ?PR?_INIT_PARSER?COMMANDS_PARSER
            CODE    64F1H     0055H     UNIT         ?PR?DD_MESURE?DISTANCE_DETECTOR
            CODE    6546H     0050H     UNIT         ?PR?DD_START_CONVERSION?DISTANCE_DETECTOR
            CODE    6596H     004BH     UNIT         ?PR?_CMD_PARSER_PROCESS?COMMANDS_PARSER
            CODE    65E1H     0048H     UNIT         ?PR?_MOVE_STOP_CMD?COMMANDS
            CODE    6629H     0048H     UNIT         ?PR?_RIGTH_ROTATION_CMD?COMMANDS
            CODE    6671H     0048H     UNIT         ?PR?_LEFT_ROTATION_CMD?COMMANDS
            CODE    66B9H     0048H     UNIT         ?PR?_CURRENT_MEASURE?COMMANDS
            CODE    6701H     0048H     UNIT         ?PR?_ENERGY_MEASURE?COMMANDS
            CODE    6749H     0048H     UNIT         ?PR?_DETECTE_OBSTACLE?COMMANDS
            CODE    6791H     0048H     UNIT         ?PR?_LIGHT_BEAM_OFF_CMD?COMMANDS
            CODE    67D9H     0048H     UNIT         ?PR?_PHOTO_OFF_CMD?COMMANDS
            CODE    6821H     0045H     UNIT         ?PR?_SAFETY_BREAK_CMD?COMMANDS
            CODE    6866H     0045H     UNIT         ?PR?_DISTANCE_DETECTOR_PROCESS?DISTANCE_DETECTOR
            CODE    68ABH     0043H     UNIT         ?PR?_GET_COMMAND?COMMANDS_PARSER
            CODE    68EEH     0043H     UNIT         ?PR?SHUNT_MEASURE?POWER_SENSOR
            CODE    6931H     003AH     UNIT         ?PR?_DISTANCE?MOTION
BL51 BANKED LINKER/LOCATER V6.22                                                      05/23/2019  16:49:16  PAGE 6


            CODE    696BH     0039H     UNIT         ?PR?CLEAR_VAL_OBS_BUFFER?DISTANCE_DETECTOR
            CODE    69A4H     0035H     UNIT         ?PR?_SERIALIZER_RECEIVE?SERIALIZER
            CODE    69D9H     0032H     UNIT         ?PR?_USART_RECEIVE?COMMANDS_PARSER
            CODE    6A0BH     0032H     UNIT         ?PR?SPI_INT?SPI_MASTER
            CODE    6A3DH     002EH     UNIT         ?PR?_STOP?SERIALIZER
            CODE    6A6BH     0027H     UNIT         ?PR?_DEFAULT_PROCESS?COMMANDS
            CODE    6A92H     0027H     UNIT         ?PR?PUTCHAR?PUTCHAR
            CODE    6AB9H     0026H     UNIT         ?PR?_EPREUVE_STOP?COMMANDS
            CODE    6ADFH     0022H     UNIT         ?PR?_IDLE?SERIALIZER
            CODE    6B01H     0022H     UNIT         ?PR?_CHOOSE_ADC_INPUT?ADC
            CODE    6B23H     001FH     UNIT         ?PR?SPI_ERROR?SPI_MASTER
            CODE    6B42H     001DH     UNIT         ?PR?READ_ADC0?ADC
            CODE    6B5FH     001BH     UNIT         ?PR?INIT_SPI?SPI_MASTER
            CODE    6B7AH     0019H     UNIT         ?PR?_DD_SET_ANGLE?DISTANCE_DETECTOR
            CODE    6B93H     0018H     UNIT         ?PR?SERIALIZER_INIT_SERIAL?SERIALIZER
            CODE    6BABH     0018H     UNIT         ?PR?SERIALIZER_CLEAR_SERIAL?SERIALIZER
            CODE    6BC3H     0016H     UNIT         ?PR?INIT_ADC0?ADC
            CODE    6BD9H     0015H     UNIT         ?PR?_STRLEN?STRLEN
            CODE    6BEEH     0014H     UNIT         ?PR?_SPI_SEND_CHAR?SPI_MASTER
            CODE    6C02H     0014H     UNIT         ?PR?GETCHAR?GETCHAR
            CODE    6C16H     0014H     UNIT         ?PR?_ISSPACE?ISSPACE
            CODE    6C2AH     0012H     UNIT         ?PR?_USART_SEND?COMMANDS_PARSER
            CODE    6C3CH     0012H     UNIT         ?PR?INIT_SERIALIZER_UART1?SERIALIZER
            CODE    6C4EH     0012H     UNIT         ?PR?_UART_SEND?SERIALIZER
            CODE    6C60H     0010H     UNIT         ?PR?VALID_CMD_FLAG?COMMANDS_PARSER
            CODE    6C70H     0010H     UNIT         ?PR?ERROR_CMD_FLAG?COMMANDS_PARSER
            CODE    6C80H     000FH     UNIT         ?PR?INIT_EXTERNAL_CLK?MAIN
            CODE    6C8FH     000FH     UNIT         ?PR?DD_INIT_TIMER0?DISTANCE_DETECTOR
            CODE    6C9EH     000BH     UNIT         ?PR?INIT_DISTANCE_DETECTOR?DISTANCE_DETECTOR
            CODE    6CA9H     000AH     UNIT         ?PR?_GETKEY?_GETKEY
            CODE    6CB3H     0006H     UNIT         ?PR?INIT_POWER_SENSOR?POWER_SENSOR
            CODE    6CB9H     0005H     UNIT         ?PR?_READ_ADC0?ADC
            CODE    6CBEH     0004H     UNIT         ?PR?ENABLE_CROSSBAR?MAIN
            CODE    6CC2H     0003H     UNIT         ?PR?ENABLE_GENERAL_INT?MAIN



OVERLAY MAP OF MODULE:   .\Objects\robot_V1 (?C_STARTUP)


SEGMENT                                             BIT_GROUP          DATA_GROUP          XDATA_GROUP
  +--> CALLED SEGMENT                            START    LENGTH     START    LENGTH     START    LENGTH
--------------------------------------------------------------------------------------------------------
?C_C51STARTUP                                    -----    -----      -----    -----      -----    -----
  +--> ?PR?MAIN?MAIN
  +--> ?C_INITSEG

?PR?MAIN?MAIN                                    -----    -----      -----    -----      -----    -----
  +--> ?PR?INIT_EXTERNAL_CLK?MAIN
  +--> ?PR?_INIT_PARSER?COMMANDS_PARSER
  +--> ?PR?INIT_SERIALIZER_UART1?SERIALIZER
  +--> ?PR?INIT_ADC0?ADC
  +--> ?PR?INIT_DISTANCE_DETECTOR?DISTANCE_D...
  +--> ?PR?INIT_SPI?SPI_MASTER
  +--> ?PR?ENABLE_CROSSBAR?MAIN
  +--> ?PR?ENABLE_GENERAL_INT?MAIN
  +--> ?CO?MAIN
BL51 BANKED LINKER/LOCATER V6.22                                                      05/23/2019  16:49:16  PAGE 7


  +--> ?PR?_USART_PRINT?COMMANDS_PARSER
  +--> ?PR?SERIALIZER_INIT_SERIAL?SERIALIZER
  +--> ?PR?_CMD_PARSER_PROCESS?COMMANDS_PARSER
  +--> ?PR?_SERIALIZER_PROCESS?SERIALIZER
  +--> ?PR?_DISTANCE_DETECTOR_PROCESS?DISTAN...
  +--> ?PR?_SPI_PROCESS?SPI_MASTER
  +--> ?PR?_ANGLE_CALIBRATION_PROCESS?SERIAL...

?PR?INIT_DISTANCE_DETECTOR?DISTANCE_D...         -----    -----      -----    -----      -----    -----
  +--> ?PR?DD_INIT_TIMER0?DISTANCE_DETECTOR

?PR?_USART_PRINT?COMMANDS_PARSER                 -----    -----      -----    -----      -----    -----
  +--> ?PR?_STRLEN?STRLEN
  +--> ?PR?_USART_SEND?COMMANDS_PARSER

?PR?SERIALIZER_INIT_SERIAL?SERIALIZER            -----    -----      -----    -----      -----    -----
  +--> ?PR?_SERIALIZER_RECEIVE?SERIALIZER

?PR?_CMD_PARSER_PROCESS?COMMANDS_PARSER          -----    -----      -----    -----      -----    -----
  +--> ?PR?_WAIT?COMMANDS_PARSER
  +--> ?PR?_GET_COMMAND?COMMANDS_PARSER

?PR?_WAIT?COMMANDS_PARSER                        -----    -----      -----    -----      -----    -----
  +--> ?PR?_USART_RECEIVE?COMMANDS_PARSER
  +--> ?PR?_USART_SEND?COMMANDS_PARSER

?PR?_GET_COMMAND?COMMANDS_PARSER                 -----    -----      -----    -----      -----    -----
  +--> ?PR?_PARSE?COMMANDS_PARSER
  +--> ?PR?ERROR_CMD_FLAG?COMMANDS_PARSER
  +--> ?PR?VALID_CMD_FLAG?COMMANDS_PARSER
  +--> ?PR?_STRLEN?STRLEN

?PR?_PARSE?COMMANDS_PARSER                       -----    -----      -----    -----      -----    -----
  +--> ?CO?COMMANDS_PARSER
  +--> ?PR?_USART_PRINT?COMMANDS_PARSER

?PR?ERROR_CMD_FLAG?COMMANDS_PARSER               -----    -----      -----    -----      -----    -----
  +--> ?PR?_USART_SEND?COMMANDS_PARSER

?PR?VALID_CMD_FLAG?COMMANDS_PARSER               -----    -----      -----    -----      -----    -----
  +--> ?PR?_USART_SEND?COMMANDS_PARSER

?PR?_SERIALIZER_PROCESS?SERIALIZER               -----    -----      -----    -----      -----    -----
  +--> ?CO?SERIALIZER
  +--> ?PR?_IDLE_NEXT_STATE?SERIALIZER

?PR?_SPI_PROCESS?SPI_MASTER                      -----    -----      -----    -----      -----    -----
  +--> ?PR?_SPI_CMD_ACQ_SOUND?SPI_MASTER
  +--> ?PR?_SPI_CMD_GENERATE_SOUND?SPI_MASTER
  +--> ?PR?_SPI_CMD_LIGHT_ON?SPI_MASTER
  +--> ?PR?_SPI_CMD_LIGHT_OFF?SPI_MASTER
  +--> ?PR?_SPI_CMD_SERVO?SPI_MASTER
  +--> ?PR?_SPI_CMD_PHOTO_ON?SPI_MASTER
  +--> ?PR?_SPI_CMD_PHOTO_OFF?SPI_MASTER
  +--> ?PR?_SPI_TRANSMIT?SPI_MASTER

?PR?_SPI_TRANSMIT?SPI_MASTER                     -----    -----      -----    -----      -----    -----
BL51 BANKED LINKER/LOCATER V6.22                                                      05/23/2019  16:49:16  PAGE 8


  +--> ?PR?_SPI_SEND_CHAR?SPI_MASTER
  +--> ?PR?SPI_VALIDATE?SPI_MASTER
  +--> ?PR?SPI_ERROR?SPI_MASTER

?PR?_ANGLE_CALIBRATION_PROCESS?SERIAL...         -----    -----      -----    -----      -----    -----
  +--> ?CO?SERIALIZER
  +--> ?PR?PRINTF?PRINTF
  +--> ?PR?__PRINT?SERIALIZER

?PR?PRINTF?PRINTF                                0020H.0  0001H.1    0008H    0005H      0273H    0030H
  +--> ?PR?PUTCHAR?PUTCHAR

?PR?__PRINT?SERIALIZER                           -----    -----      -----    -----      -----    -----
  +--> ?PR?_STRLEN?STRLEN

?C_INITSEG                                       -----    -----      -----    -----      -----    -----
  +--> ?CO?COMMANDS_PARSER
  +--> ?PR?_EPREUVE_CMD?COMMANDS
  +--> ?PR?_EPREUVE_STOP?COMMANDS
  +--> ?PR?_SAFETY_BREAK_CMD?COMMANDS
  +--> ?PR?_SET_DEFAULT_SPEED_CMD?COMMANDS
  +--> ?PR?_MOVE_FORWARD_CMD?COMMANDS
  +--> ?PR?_MOVE_BACKWARD_CMD?COMMANDS
  +--> ?PR?_MOVE_STOP_CMD?COMMANDS
  +--> ?PR?_RIGTH_ROTATION_CMD?COMMANDS
  +--> ?PR?_LEFT_ROTATION_CMD?COMMANDS
  +--> ?PR?_COMPLETE_ROTATION_CMD?COMMANDS
  +--> ?PR?_ANGLE_ROTATION_CMD?COMMANDS
  +--> ?PR?_ACQUIRE_SOUND_CMD?COMMANDS
  +--> ?PR?_CURRENT_MEASURE?COMMANDS
  +--> ?PR?_ENERGY_MEASURE?COMMANDS
  +--> ?PR?_DEFAULT_PROCESS?COMMANDS
  +--> ?PR?_DETECTE_OBSTACLE?COMMANDS
  +--> ?PR?_GENERATE_SOUND_CMD?COMMANDS
  +--> ?PR?_LIGHT_BEAM_ON_CMD?COMMANDS
  +--> ?PR?_LIGHT_BEAM_OFF_CMD?COMMANDS
  +--> ?PR?_SERVO_MOVE_CMD?COMMANDS
  +--> ?PR?_PHOTO_CMD?COMMANDS
  +--> ?PR?_PHOTO_OFF_CMD?COMMANDS
  +--> ?PR?_AUX_CMD?COMMANDS
  +--> ?PR?_WAIT?COMMANDS_PARSER
  +--> ?PR?_GET_COMMAND?COMMANDS_PARSER
  +--> ?CO?MAIN
  +--> ?PR?_IDLE?SERIALIZER
  +--> ?PR?_TRANSLATE?SERIALIZER
  +--> ?PR?_MOVETO?SERIALIZER
  +--> ?PR?_ROTATE?SERIALIZER
  +--> ?PR?_NAVIGATE?SERIALIZER
  +--> ?PR?_STOP?SERIALIZER
  +--> ?PR?_DD_IDLE?DISTANCE_DETECTOR
  +--> ?PR?_DD_MOVE_SERVO_H?DISTANCE_DETECTOR
  +--> ?PR?_DD_SINGLE_MEASURE?DISTANCE_DETECTOR
  +--> ?PR?_DD_SLEW_DETECTION?DISTANCE_DETECTOR

?PR?_EPREUVE_CMD?COMMANDS                        -----    -----      -----    -----      -----    -----
  +--> ?CO?COMMANDS
  +--> ?PR?SCANF?SCANF
BL51 BANKED LINKER/LOCATER V6.22                                                      05/23/2019  16:49:16  PAGE 9



?PR?SCANF?SCANF                                  0021H.3  0000H.6    0013H    0009H      02A3H    002EH
  +--> ?PR?GETCHAR?UNGETCHAR
  +--> ?PR?_ISSPACE?ISSPACE
  +--> ?PR?GETCHAR?GETCHAR
  +--> ?PR??C?ATOF??C?ATOF

?PR?GETCHAR?GETCHAR                              -----    -----      -----    -----      -----    -----
  +--> ?PR?_GETKEY?_GETKEY
  +--> ?PR?PUTCHAR?PUTCHAR

?PR??C?ATOF??C?ATOF                              0022H.1  0000H.5    001CH    0002H      -----    -----

?PR?_SET_DEFAULT_SPEED_CMD?COMMANDS              -----    -----      -----    -----      -----    -----
  +--> ?CO?COMMANDS
  +--> ?PR?SCANF?SCANF

?PR?_MOVE_FORWARD_CMD?COMMANDS                   -----    -----      -----    -----      -----    -----
  +--> ?CO?COMMANDS
  +--> ?PR?SCANF?SCANF

?PR?_MOVE_BACKWARD_CMD?COMMANDS                  -----    -----      -----    -----      -----    -----
  +--> ?CO?COMMANDS
  +--> ?PR?SCANF?SCANF

?PR?_COMPLETE_ROTATION_CMD?COMMANDS              -----    -----      -----    -----      -----    -----
  +--> ?CO?COMMANDS

?PR?_ANGLE_ROTATION_CMD?COMMANDS                 -----    -----      -----    -----      -----    -----
  +--> ?CO?COMMANDS
  +--> ?PR?SCANF?SCANF

?PR?_GENERATE_SOUND_CMD?COMMANDS                 -----    -----      -----    -----      -----    -----
  +--> ?CO?COMMANDS
  +--> ?PR?SCANF?SCANF

?PR?_LIGHT_BEAM_ON_CMD?COMMANDS                  -----    -----      -----    -----      -----    -----
  +--> ?CO?COMMANDS
  +--> ?PR?SCANF?SCANF

?PR?_SERVO_MOVE_CMD?COMMANDS                     -----    -----      -----    -----      -----    -----
  +--> ?CO?COMMANDS
  +--> ?PR?SCANF?SCANF

?PR?_PHOTO_CMD?COMMANDS                          -----    -----      -----    -----      -----    -----
  +--> ?CO?COMMANDS
  +--> ?PR?SCANF?SCANF

?PR?_AUX_CMD?COMMANDS                            -----    -----      -----    -----      -----    -----
  +--> ?CO?COMMANDS
  +--> ?PR?SCANF?SCANF

?PR?_TRANSLATE?SERIALIZER                        -----    -----      -----    -----      -----    -----
  +--> ?PR?_SETMOTORS?SERIALIZER

?PR?_SETMOTORS?SERIALIZER                        -----    -----      -----    -----      -----    -----
  +--> ?CO?SERIALIZER
BL51 BANKED LINKER/LOCATER V6.22                                                      05/23/2019  16:49:16  PAGE 10


  +--> ?PR?PRINTF?PRINTF
  +--> ?PR?_SERIALIZER_PRINT?SERIALIZER
  +--> ?PR?SERIALIZER_CLEAR_SERIAL?SERIALIZER

?PR?_SERIALIZER_PRINT?SERIALIZER                 -----    -----      -----    -----      -----    -----
  +--> ?PR?_STRLEN?STRLEN
  +--> ?PR?_SERIALIZER_SEND?SERIALIZER

?PR?SERIALIZER_CLEAR_SERIAL?SERIALIZER           -----    -----      -----    -----      -----    -----
  +--> ?PR?_SERIALIZER_RECEIVE?SERIALIZER

?PR?_MOVETO?SERIALIZER                           -----    -----      -----    -----      -----    -----
  +--> ?PR?_DISTANCE?MOTION
  +--> ?CO?SERIALIZER
  +--> ?PR?PRINTF?PRINTF
  +--> ?PR?_SERIALIZER_PRINT?SERIALIZER
  +--> ?PR?SERIALIZER_CLEAR_SERIAL?SERIALIZER
  +--> ?PR?IS_PID_PROCESSING?SERIALIZER

?PR?_DISTANCE?MOTION                             -----    -----      -----    -----      -----    -----
  +--> ?PR?SQRT?SQRT

?PR?SQRT?SQRT                                    -----    -----      -----    -----      0273H    0004H

?PR?IS_PID_PROCESSING?SERIALIZER                 -----    -----      -----    -----      -----    -----
  +--> ?CO?SERIALIZER
  +--> ?PR?_SERIALIZER_PRINT?SERIALIZER
  +--> ?PR?_SERIALIZER_RECEIVE?SERIALIZER
  +--> ?PR?_UART_SEND?SERIALIZER
  +--> ?PR?SCANF?SCANF

?PR?_ROTATE?SERIALIZER                           -----    -----      -----    -----      -----    -----
  +--> ?PR?_MOVEANGLE?SERIALIZER
  +--> ?PR?IS_PID_PROCESSING?SERIALIZER

?PR?_MOVEANGLE?SERIALIZER                        -----    -----      -----    -----      -----    -----
  +--> ?CO?SERIALIZER
  +--> ?PR?PRINTF?PRINTF
  +--> ?PR?_SERIALIZER_PRINT?SERIALIZER
  +--> ?PR?SERIALIZER_CLEAR_SERIAL?SERIALIZER

?PR?_NAVIGATE?SERIALIZER                         -----    -----      -----    -----      -----    -----
  +--> ?CO?SERIALIZER
  +--> ?PR?_ANGLE_TARGET?MOTION
  +--> ?PR?_DELTA_ANGLE?MOTION
  +--> ?PR?_ROTATE?SERIALIZER
  +--> ?PR?_MOVETO?SERIALIZER

?PR?_ANGLE_TARGET?MOTION                         -----    -----      -----    -----      -----    -----
  +--> ?PR?ATAN?ATAN

?PR?ATAN?ATAN                                    0020H.0  0000H.2    -----    -----      0273H    0004H

?PR?_STOP?SERIALIZER                             -----    -----      -----    -----      -----    -----
  +--> ?CO?SERIALIZER
  +--> ?PR?_SERIALIZER_PRINT?SERIALIZER
  +--> ?PR?SERIALIZER_CLEAR_SERIAL?SERIALIZER
BL51 BANKED LINKER/LOCATER V6.22                                                      05/23/2019  16:49:16  PAGE 11



?PR?_DD_MOVE_SERVO_H?DISTANCE_DETECTOR           -----    -----      -----    -----      -----    -----
  +--> ?PR?_DD_SET_ANGLE?DISTANCE_DETECTOR

?PR?_DD_SINGLE_MEASURE?DISTANCE_DETECTOR         -----    -----      -----    -----      -----    -----
  +--> ?PR?CLEAR_VAL_OBS_BUFFER?DISTANCE_DET...
  +--> ?PR?_CHOOSE_ADC_INPUT?ADC
  +--> ?PR?DD_START_CONVERSION?DISTANCE_DETE...

?PR?DD_START_CONVERSION?DISTANCE_DETE...         -----    -----      -----    -----      -----    -----
  +--> ?PR?DD_MESURE?DISTANCE_DETECTOR

?PR?DD_MESURE?DISTANCE_DETECTOR                  -----    -----      -----    -----      -----    -----
  +--> ?PR?_READ_ADC0?ADC

?PR?_DD_SLEW_DETECTION?DISTANCE_DETECTOR         -----    -----      -----    -----      -----    -----
  +--> ?PR?_DD_SET_ANGLE?DISTANCE_DETECTOR

*** NEW ROOT ***************************************************

?PR?_MOVE_TO_CMD?COMMANDS                        -----    -----      -----    -----      -----    -----
  +--> ?CO?COMMANDS
  +--> ?PR?SCANF?SCANF

*** NEW ROOT ***************************************************

?PR?TIMER_1_INT?POWER_SENSOR                     -----    -----      -----    -----      -----    -----
  +--> ?PR?_CHOOSE_ADC_INPUT?ADC
  +--> ?PR?SHUNT_MEASURE?POWER_SENSOR

?PR?SHUNT_MEASURE?POWER_SENSOR                   -----    -----      -----    -----      -----    -----
  +--> ?PR?READ_ADC0?ADC



UNRESOLVED EXTERNAL SYMBOLS:
   _DD_OBS_DETECTION



SYMBOL TABLE OF MODULE:  .\Objects\robot_V1 (?C_STARTUP)

  VALUE           TYPE          NAME
  ----------------------------------

  -------         MODULE        ?C_STARTUP
  C:5D38H         SEGMENT       ?C_C51STARTUP
  I:0023H         SEGMENT       ?STACK
  C:0000H         PUBLIC        ?C_STARTUP
  D:00E0H         SYMBOL        ACC
  D:00F0H         SYMBOL        B
  D:0083H         SYMBOL        DPH
  D:0082H         SYMBOL        DPL
  N:0000H         SYMBOL        IBPSTACK
  N:0100H         SYMBOL        IBPSTACKTOP
  N:0080H         SYMBOL        IDATALEN
  C:5D3BH         SYMBOL        IDATALOOP
BL51 BANKED LINKER/LOCATER V6.22                                                      05/23/2019  16:49:16  PAGE 12


  N:0000H         SYMBOL        PBPSTACK
  N:0100H         SYMBOL        PBPSTACKTOP
  N:0000H         SYMBOL        PDATALEN
  N:0000H         SYMBOL        PDATASTART
  N:0000H         SYMBOL        PPAGE
  N:0000H         SYMBOL        PPAGEENABLE
  D:00A0H         SYMBOL        PPAGE_SFR
  D:0081H         SYMBOL        SP
  C:5D38H         SYMBOL        STARTUP1
  N:0000H         SYMBOL        XBPSTACK
  N:0000H         SYMBOL        XBPSTACKTOP
  N:0000H         SYMBOL        XDATALEN
  N:0000H         SYMBOL        XDATASTART
  C:0000H         LINE#         126
  C:5D38H         LINE#         133
  C:5D3AH         LINE#         134
  C:5D3BH         LINE#         135
  C:5D3CH         LINE#         136
  C:5D3EH         LINE#         186
  C:5D41H         LINE#         197
  -------         ENDMOD        ?C_STARTUP

  -------         MODULE        COMMANDS
  C:0000H         SYMBOL        _ICE_DUMMY_
  C:67D9H         PUBLIC        _photo_OFF_cmd
  C:6629H         PUBLIC        _rigth_rotation_cmd
  C:6821H         PUBLIC        _safety_break_cmd
  C:61B1H         PUBLIC        _acquire_sound_cmd
  C:26C4H         PUBLIC        _move_to_cmd
  C:6749H         PUBLIC        _detecte_obstacle
  C:4C47H         PUBLIC        _epreuve_cmd
  C:6671H         PUBLIC        _left_rotation_cmd
  C:520AH         PUBLIC        _set_default_speed_cmd
  C:16B0H         PUBLIC        _light_beam_ON_cmd
  C:4743H         PUBLIC        _move_forward_cmd
  C:6AB9H         PUBLIC        _epreuve_stop
  C:628BH         SYMBOL        _?ix1000
  C:3045H         PUBLIC        _photo_cmd
  C:629AH         SYMBOL        _?ix1001
  C:62AEH         SYMBOL        _?ix1002
  C:62C2H         SYMBOL        _?ix1003
  C:62D1H         SYMBOL        _?ix1004
  C:49EBH         PUBLIC        _complete_rotation_cmd
  C:6A6BH         PUBLIC        _default_process
  C:66B9H         PUBLIC        _current_measure
  C:42B8H         PUBLIC        _servo_move_cmd
  C:3CACH         PUBLIC        _aux_cmd
  C:6791H         PUBLIC        _light_beam_OFF_cmd
  C:6701H         PUBLIC        _energy_measure
  C:11FFH         PUBLIC        _generate_sound_cmd
  C:4897H         PUBLIC        _move_backward_cmd
  C:4460H         PUBLIC        _angle_rotation_cmd
  C:65E1H         PUBLIC        _move_stop_cmd
  -------         PROC          _DEFAULT_PROCESS
  X:0582H         SYMBOL        cmd_packet
  C:6A6BH         LINE#         6
  C:6A76H         LINE#         7
BL51 BANKED LINKER/LOCATER V6.22                                                      05/23/2019  16:49:16  PAGE 13


  C:6A76H         LINE#         9
  C:6A8FH         LINE#         11
  C:6A91H         LINE#         12
  -------         ENDPROC       _DEFAULT_PROCESS
  -------         PROC          _EPREUVE_CMD
  X:053BH         SYMBOL        cmd_packet
  -------         DO            
  X:053EH         SYMBOL        epreuve_index
  -------         ENDDO         
  C:4C47H         LINE#         18
  C:4C52H         LINE#         19
  C:4C52H         LINE#         20
  C:4C5BH         LINE#         23
  C:4C76H         LINE#         24
  C:4C76H         LINE#         25
  C:4C79H         LINE#         26
  C:4C79H         LINE#         29
  C:4C96H         LINE#         30
  C:4C96H         LINE#         32
  C:4CE3H         LINE#         33
  C:4CE3H         LINE#         34
  C:4CE6H         LINE#         35
  C:4CE6H         LINE#         38
  C:4D0CH         LINE#         39
  C:4D0CH         LINE#         40
  C:4D0FH         LINE#         41
  C:4D0FH         LINE#         43
  C:4D2FH         LINE#         44
  C:4D31H         LINE#         46
  C:4D31H         LINE#         47
  C:4D4AH         LINE#         48
  C:4D4AH         LINE#         49
  C:4D4CH         LINE#         50
  -------         ENDPROC       _EPREUVE_CMD
  -------         PROC          _EPREUVE_STOP
  X:0585H         SYMBOL        cmd_packet
  C:6AB9H         LINE#         52
  C:6AC4H         LINE#         53
  C:6AC4H         LINE#         55
  C:6ADCH         LINE#         57
  C:6ADEH         LINE#         58
  -------         ENDPROC       _EPREUVE_STOP
  -------         PROC          _SAFETY_BREAK_CMD
  X:0588H         SYMBOL        cmd_packet
  C:6821H         LINE#         61
  C:682CH         LINE#         62
  C:682CH         LINE#         64
  C:6847H         LINE#         65
  C:6847H         LINE#         66
  C:684AH         LINE#         67
  C:684AH         LINE#         69
  C:6863H         LINE#         71
  C:6865H         LINE#         72
  -------         ENDPROC       _SAFETY_BREAK_CMD
  -------         PROC          _SET_DEFAULT_SPEED_CMD
  X:0540H         SYMBOL        cmd_packet
  -------         DO            
BL51 BANKED LINKER/LOCATER V6.22                                                      05/23/2019  16:49:16  PAGE 14


  X:0543H         SYMBOL        motor_speed
  -------         ENDDO         
  C:520AH         LINE#         74
  C:5215H         LINE#         75
  C:5215H         LINE#         76
  C:521EH         LINE#         79
  C:5238H         LINE#         80
  C:5238H         LINE#         81
  C:523BH         LINE#         82
  C:523BH         LINE#         85
  C:5288H         LINE#         86
  C:5288H         LINE#         87
  C:528BH         LINE#         88
  C:528BH         LINE#         91
  C:52AEH         LINE#         92
  C:52AEH         LINE#         93
  C:52B1H         LINE#         94
  C:52B1H         LINE#         96
  C:52D7H         LINE#         98
  C:52D9H         LINE#         99
  -------         ENDPROC       _SET_DEFAULT_SPEED_CMD
  -------         PROC          _MOVE_FORWARD_CMD
  X:0545H         SYMBOL        cmd_packet
  -------         DO            
  X:0548H         SYMBOL        motor_speed
  -------         ENDDO         
  C:4743H         LINE#         101
  C:474EH         LINE#         102
  C:474EH         LINE#         103
  C:4757H         LINE#         105
  C:4772H         LINE#         106
  C:4772H         LINE#         107
  C:4775H         LINE#         108
  C:4775H         LINE#         110
  C:4794H         LINE#         112
  C:47B1H         LINE#         113
  C:47B1H         LINE#         115
  C:47FCH         LINE#         116
  C:47FCH         LINE#         117
  C:47FFH         LINE#         118
  C:47FFH         LINE#         121
  C:4822H         LINE#         122
  C:4822H         LINE#         123
  C:4825H         LINE#         124
  C:4825H         LINE#         126
  C:484BH         LINE#         127
  C:484DH         LINE#         128
  C:486EH         LINE#         129
  C:486EH         LINE#         130
  C:4894H         LINE#         131
  C:4894H         LINE#         132
  C:4894H         LINE#         133
  C:4896H         LINE#         134
  -------         ENDPROC       _MOVE_FORWARD_CMD
  -------         PROC          _MOVE_BACKWARD_CMD
  X:054AH         SYMBOL        cmd_packet
  -------         DO            
BL51 BANKED LINKER/LOCATER V6.22                                                      05/23/2019  16:49:16  PAGE 15


  X:054DH         SYMBOL        motor_speed
  -------         ENDDO         
  C:4897H         LINE#         136
  C:48A2H         LINE#         137
  C:48A2H         LINE#         138
  C:48ABH         LINE#         140
  C:48C6H         LINE#         141
  C:48C6H         LINE#         142
  C:48C9H         LINE#         143
  C:48C9H         LINE#         145
  C:48E8H         LINE#         147
  C:4905H         LINE#         148
  C:4905H         LINE#         150
  C:4950H         LINE#         151
  C:4950H         LINE#         152
  C:4953H         LINE#         153
  C:4953H         LINE#         156
  C:4976H         LINE#         157
  C:4976H         LINE#         158
  C:4979H         LINE#         159
  C:4979H         LINE#         161
  C:499FH         LINE#         162
  C:49A1H         LINE#         163
  C:49C2H         LINE#         164
  C:49C2H         LINE#         165
  C:49E8H         LINE#         166
  C:49E8H         LINE#         167
  C:49E8H         LINE#         168
  C:49EAH         LINE#         169
  -------         ENDPROC       _MOVE_BACKWARD_CMD
  -------         PROC          _MOVE_STOP_CMD
  X:058BH         SYMBOL        cmd_packet
  C:65E1H         LINE#         171
  C:65ECH         LINE#         172
  C:65ECH         LINE#         173
  C:6604H         LINE#         174
  C:6604H         LINE#         175
  C:6607H         LINE#         176
  C:6607H         LINE#         177
  C:6626H         LINE#         178
  C:6628H         LINE#         179
  -------         ENDPROC       _MOVE_STOP_CMD
  -------         PROC          _RIGTH_ROTATION_CMD
  X:058EH         SYMBOL        cmd_packet
  C:6629H         LINE#         181
  C:6634H         LINE#         182
  C:6634H         LINE#         183
  C:664CH         LINE#         184
  C:664CH         LINE#         185
  C:664FH         LINE#         186
  C:664FH         LINE#         188
  C:666EH         LINE#         189
  C:6670H         LINE#         190
  -------         ENDPROC       _RIGTH_ROTATION_CMD
  -------         PROC          _LEFT_ROTATION_CMD
  X:0591H         SYMBOL        cmd_packet
  C:6671H         LINE#         192
BL51 BANKED LINKER/LOCATER V6.22                                                      05/23/2019  16:49:16  PAGE 16


  C:667CH         LINE#         193
  C:667CH         LINE#         194
  C:6694H         LINE#         195
  C:6694H         LINE#         196
  C:6697H         LINE#         197
  C:6697H         LINE#         199
  C:66B6H         LINE#         200
  C:66B8H         LINE#         201
  -------         ENDPROC       _LEFT_ROTATION_CMD
  -------         PROC          _COMPLETE_ROTATION_CMD
  X:0594H         SYMBOL        cmd_packet
  C:49EBH         LINE#         203
  C:49F6H         LINE#         204
  C:49F6H         LINE#         205
  C:4A11H         LINE#         206
  C:4A11H         LINE#         207
  C:4A14H         LINE#         208
  C:4A14H         LINE#         210
  C:4A31H         LINE#         211
  C:4A31H         LINE#         213
  C:4A99H         LINE#         215
  C:4A99H         LINE#         216
  C:4ABCH         LINE#         217
  C:4ABCH         LINE#         218
  C:4ABCH         LINE#         219
  C:4ADBH         LINE#         220
  C:4ADDH         LINE#         221
  C:4ADDH         LINE#         222
  C:4AFCH         LINE#         223
  C:4AFEH         LINE#         224
  C:4AFEH         LINE#         225
  C:4B00H         LINE#         226
  C:4B03H         LINE#         227
  C:4B03H         LINE#         229
  C:4B03H         LINE#         230
  C:4B22H         LINE#         231
  C:4B22H         LINE#         232
  C:4B24H         LINE#         233
  -------         ENDPROC       _COMPLETE_ROTATION_CMD
  -------         PROC          _ANGLE_ROTATION_CMD
  X:054FH         SYMBOL        cmd_packet
  -------         DO            
  X:0552H         SYMBOL        angle
  -------         ENDDO         
  C:4460H         LINE#         235
  C:446BH         LINE#         236
  C:446BH         LINE#         237
  C:4473H         LINE#         239
  C:448DH         LINE#         240
  C:448DH         LINE#         241
  C:4490H         LINE#         242
  C:4490H         LINE#         244
  C:44FBH         LINE#         246
  C:44FBH         LINE#         247
  C:451EH         LINE#         248
  C:451EH         LINE#         249
  C:451EH         LINE#         250
BL51 BANKED LINKER/LOCATER V6.22                                                      05/23/2019  16:49:16  PAGE 17


  C:453DH         LINE#         251
  C:453FH         LINE#         252
  C:453FH         LINE#         253
  C:455EH         LINE#         254
  C:455EH         LINE#         255
  C:455EH         LINE#         257
  C:45A9H         LINE#         258
  C:45A9H         LINE#         259
  C:45ACH         LINE#         260
  C:45ACH         LINE#         262
  C:45D4H         LINE#         263
  C:45D6H         LINE#         264
  C:45D9H         LINE#         265
  C:45D9H         LINE#         266
  C:45DBH         LINE#         267
  -------         ENDPROC       _ANGLE_ROTATION_CMD
  -------         PROC          _MOVE_TO_CMD
  X:042FH         SYMBOL        cmd_packet
  -------         DO            
  X:0432H         SYMBOL        i
  X:0433H         SYMBOL        j
  X:0434H         SYMBOL        params
  X:0443H         SYMBOL        angle
  X:0445H         SYMBOL        x
  X:0447H         SYMBOL        y
  X:0449H         SYMBOL        param_find
  X:044AH         SYMBOL        str
  -------         ENDDO         
  C:26C4H         LINE#         277
  C:26CFH         LINE#         278
  C:26CFH         LINE#         279
  C:26D9H         LINE#         280
  C:26FEH         LINE#         281
  C:2716H         LINE#         282
  C:271BH         LINE#         283
  C:272CH         LINE#         287
  C:2746H         LINE#         288
  C:2746H         LINE#         289
  C:2749H         LINE#         290
  C:2749H         LINE#         293
  C:275CH         LINE#         294
  C:275CH         LINE#         295
  C:2798H         LINE#         298
  C:27ABH         LINE#         299
  C:27ABH         LINE#         300
  C:27E9H         LINE#         301
  C:27E9H         LINE#         302
  C:27FFH         LINE#         303
  C:27FFH         LINE#         304
  C:27FFH         LINE#         305
  C:2868H         LINE#         306
  C:2868H         LINE#         307
  C:286BH         LINE#         308
  C:286BH         LINE#         309
  C:286BH         LINE#         311
  C:286BH         LINE#         312
  C:28D1H         LINE#         313
BL51 BANKED LINKER/LOCATER V6.22                                                      05/23/2019  16:49:16  PAGE 18


  C:28D1H         LINE#         314
  C:28D4H         LINE#         315
  C:28D4H         LINE#         316
  C:28D4H         LINE#         318
  C:28D4H         LINE#         319
  C:293AH         LINE#         320
  C:293AH         LINE#         321
  C:293DH         LINE#         322
  C:293DH         LINE#         323
  C:293DH         LINE#         325
  C:293DH         LINE#         326
  C:2943H         LINE#         327
  C:2945H         LINE#         328
  C:2945H         LINE#         329
  C:294EH         LINE#         331
  C:2956H         LINE#         332
  C:2956H         LINE#         333
  C:2959H         LINE#         334
  C:2959H         LINE#         335
  C:295EH         LINE#         336
  C:295EH         LINE#         338
  C:2967H         LINE#         340
  C:298FH         LINE#         341
  C:29B5H         LINE#         342
  C:29DBH         LINE#         343
  C:29FAH         LINE#         344
  C:29FCH         LINE#         345
  -------         ENDPROC       _MOVE_TO_CMD
  -------         PROC          _CURRENT_MEASURE
  X:0597H         SYMBOL        cmd_packet
  C:66B9H         LINE#         347
  C:66C4H         LINE#         348
  C:66C4H         LINE#         349
  C:66DCH         LINE#         350
  C:66DCH         LINE#         351
  C:66DFH         LINE#         352
  C:66DFH         LINE#         354
  C:66FEH         LINE#         356
  C:6700H         LINE#         357
  -------         ENDPROC       _CURRENT_MEASURE
  -------         PROC          _ENERGY_MEASURE
  X:059AH         SYMBOL        cmd_packet
  C:6701H         LINE#         359
  C:670CH         LINE#         360
  C:670CH         LINE#         361
  C:6724H         LINE#         362
  C:6724H         LINE#         363
  C:6727H         LINE#         364
  C:6727H         LINE#         366
  C:6746H         LINE#         368
  C:6748H         LINE#         369
  -------         ENDPROC       _ENERGY_MEASURE
  -------         PROC          _DETECTE_OBSTACLE
  X:059DH         SYMBOL        cmd_packet
  C:6749H         LINE#         372
  C:6754H         LINE#         373
  C:6754H         LINE#         374
BL51 BANKED LINKER/LOCATER V6.22                                                      05/23/2019  16:49:16  PAGE 19


  C:676CH         LINE#         375
  C:676CH         LINE#         376
  C:676FH         LINE#         377
  C:676FH         LINE#         379
  C:678EH         LINE#         380
  C:6790H         LINE#         381
  -------         ENDPROC       _DETECTE_OBSTACLE
  -------         PROC          _SERVO_MOVE_CMD
  X:0554H         SYMBOL        cmd_packet
  -------         DO            
  X:0557H         SYMBOL        angle
  -------         ENDDO         
  C:42B8H         LINE#         383
  C:42C3H         LINE#         384
  C:42C3H         LINE#         385
  C:42CCH         LINE#         387
  C:42E7H         LINE#         388
  C:42E7H         LINE#         389
  C:42EAH         LINE#         390
  C:42EAH         LINE#         392
  C:4352H         LINE#         394
  C:4352H         LINE#         395
  C:4375H         LINE#         396
  C:4375H         LINE#         397
  C:4375H         LINE#         398
  C:4394H         LINE#         399
  C:4396H         LINE#         400
  C:4396H         LINE#         401
  C:43B5H         LINE#         402
  C:43B5H         LINE#         403
  C:43B5H         LINE#         405
  C:43B5H         LINE#         407
  C:43E9H         LINE#         408
  C:43E9H         LINE#         409
  C:4434H         LINE#         410
  C:4434H         LINE#         411
  C:4437H         LINE#         412
  C:4437H         LINE#         414
  C:445DH         LINE#         415
  C:445DH         LINE#         417
  C:445FH         LINE#         418
  -------         ENDPROC       _SERVO_MOVE_CMD
  -------         PROC          _LIGHT_BEAM_ON_CMD
  X:03E5H         SYMBOL        cmd_packet
  -------         DO            
  X:03E8H         SYMBOL        i
  X:03E9H         SYMBOL        j
  X:03EAH         SYMBOL        params
  X:03FEH         SYMBOL        intensity
  X:0400H         SYMBOL        delay_on
  X:0402H         SYMBOL        delay_off
  X:0404H         SYMBOL        nbr_flash
  X:0406H         SYMBOL        param_find
  X:0407H         SYMBOL        str
  -------         ENDDO         
  C:16B0H         LINE#         420
  C:16BBH         LINE#         421
BL51 BANKED LINKER/LOCATER V6.22                                                      05/23/2019  16:49:16  PAGE 20


  C:16BBH         LINE#         422
  C:16C5H         LINE#         423
  C:16EAH         LINE#         424
  C:170DH         LINE#         425
  C:1712H         LINE#         426
  C:1723H         LINE#         429
  C:1757H         LINE#         430
  C:1757H         LINE#         431
  C:175AH         LINE#         432
  C:175AH         LINE#         435
  C:1785H         LINE#         436
  C:1785H         LINE#         437
  C:17C1H         LINE#         440
  C:17D4H         LINE#         441
  C:17D4H         LINE#         442
  C:1812H         LINE#         443
  C:1812H         LINE#         444
  C:182BH         LINE#         445
  C:182BH         LINE#         446
  C:182BH         LINE#         447
  C:1891H         LINE#         448
  C:1891H         LINE#         449
  C:1894H         LINE#         450
  C:1894H         LINE#         452
  C:1894H         LINE#         454
  C:18BDH         LINE#         455
  C:18BDH         LINE#         456
  C:18C0H         LINE#         457
  C:18C0H         LINE#         458
  C:18C0H         LINE#         459
  C:18C0H         LINE#         461
  C:18C0H         LINE#         462
  C:1926H         LINE#         463
  C:1926H         LINE#         464
  C:1929H         LINE#         465
  C:1929H         LINE#         467
  C:1929H         LINE#         469
  C:1952H         LINE#         470
  C:1952H         LINE#         471
  C:1955H         LINE#         472
  C:1955H         LINE#         473
  C:1955H         LINE#         474
  C:1955H         LINE#         476
  C:1955H         LINE#         477
  C:19BBH         LINE#         478
  C:19BBH         LINE#         479
  C:19BEH         LINE#         480
  C:19BEH         LINE#         482
  C:19BEH         LINE#         484
  C:19E4H         LINE#         485
  C:19E4H         LINE#         486
  C:19E7H         LINE#         487
  C:19E7H         LINE#         488
  C:19E7H         LINE#         489
  C:19E7H         LINE#         491
  C:19E7H         LINE#         492
  C:1A4DH         LINE#         493
BL51 BANKED LINKER/LOCATER V6.22                                                      05/23/2019  16:49:16  PAGE 21


  C:1A4DH         LINE#         494
  C:1A50H         LINE#         495
  C:1A50H         LINE#         497
  C:1A50H         LINE#         499
  C:1A76H         LINE#         500
  C:1A76H         LINE#         501
  C:1A79H         LINE#         502
  C:1A79H         LINE#         503
  C:1A79H         LINE#         504
  C:1A79H         LINE#         505
  C:1A79H         LINE#         506
  C:1A7FH         LINE#         507
  C:1A81H         LINE#         508
  C:1A81H         LINE#         509
  C:1A8AH         LINE#         511
  C:1A92H         LINE#         512
  C:1A92H         LINE#         513
  C:1A95H         LINE#         514
  C:1A95H         LINE#         515
  C:1A9AH         LINE#         516
  C:1A9AH         LINE#         518
  C:1AA3H         LINE#         520
  C:1AC2H         LINE#         521
  C:1AE8H         LINE#         522
  C:1B0EH         LINE#         523
  C:1B34H         LINE#         524
  C:1B5AH         LINE#         526
  C:1B5CH         LINE#         527
  -------         ENDPROC       _LIGHT_BEAM_ON_CMD
  -------         PROC          _LIGHT_BEAM_OFF_CMD
  X:05A0H         SYMBOL        cmd_packet
  C:6791H         LINE#         529
  C:679CH         LINE#         530
  C:679CH         LINE#         532
  C:67B4H         LINE#         533
  C:67B4H         LINE#         534
  C:67B7H         LINE#         535
  C:67B7H         LINE#         537
  C:67D6H         LINE#         539
  C:67D8H         LINE#         540
  -------         ENDPROC       _LIGHT_BEAM_OFF_CMD
  -------         PROC          _GENERATE_SOUND_CMD
  X:040AH         SYMBOL        cmd_packet
  -------         DO            
  X:040DH         SYMBOL        i
  X:040EH         SYMBOL        j
  X:040FH         SYMBOL        params
  X:0423H         SYMBOL        frequency_code
  X:0425H         SYMBOL        delay_son
  X:0427H         SYMBOL        delay_silence
  X:0429H         SYMBOL        nbr_bip
  X:042BH         SYMBOL        param_find
  X:042CH         SYMBOL        str
  -------         ENDDO         
  C:11FFH         LINE#         542
  C:120AH         LINE#         543
  C:120AH         LINE#         544
BL51 BANKED LINKER/LOCATER V6.22                                                      05/23/2019  16:49:16  PAGE 22


  C:1214H         LINE#         545
  C:1239H         LINE#         546
  C:125DH         LINE#         547
  C:1262H         LINE#         548
  C:1273H         LINE#         551
  C:12A7H         LINE#         552
  C:12A7H         LINE#         553
  C:12AAH         LINE#         554
  C:12AAH         LINE#         557
  C:12D5H         LINE#         558
  C:12D5H         LINE#         559
  C:1311H         LINE#         562
  C:1324H         LINE#         563
  C:1324H         LINE#         564
  C:1362H         LINE#         565
  C:1362H         LINE#         566
  C:137BH         LINE#         567
  C:137BH         LINE#         568
  C:137BH         LINE#         569
  C:13E1H         LINE#         570
  C:13E1H         LINE#         571
  C:13E4H         LINE#         572
  C:13E4H         LINE#         574
  C:13E4H         LINE#         576
  C:140DH         LINE#         577
  C:140DH         LINE#         578
  C:1410H         LINE#         579
  C:1410H         LINE#         580
  C:1410H         LINE#         581
  C:1410H         LINE#         583
  C:1410H         LINE#         584
  C:1476H         LINE#         585
  C:1476H         LINE#         586
  C:1479H         LINE#         587
  C:1479H         LINE#         589
  C:1479H         LINE#         591
  C:14A2H         LINE#         592
  C:14A2H         LINE#         593
  C:14A5H         LINE#         594
  C:14A5H         LINE#         595
  C:14A5H         LINE#         596
  C:14A5H         LINE#         598
  C:14A5H         LINE#         599
  C:150BH         LINE#         600
  C:150BH         LINE#         601
  C:150EH         LINE#         602
  C:150EH         LINE#         604
  C:150EH         LINE#         606
  C:1537H         LINE#         607
  C:1537H         LINE#         608
  C:153AH         LINE#         609
  C:153AH         LINE#         610
  C:153AH         LINE#         611
  C:153AH         LINE#         613
  C:153AH         LINE#         614
  C:15A0H         LINE#         615
  C:15A0H         LINE#         616
BL51 BANKED LINKER/LOCATER V6.22                                                      05/23/2019  16:49:16  PAGE 23


  C:15A3H         LINE#         617
  C:15A3H         LINE#         619
  C:15A3H         LINE#         621
  C:15C9H         LINE#         622
  C:15C9H         LINE#         623
  C:15CCH         LINE#         624
  C:15CCH         LINE#         625
  C:15CCH         LINE#         626
  C:15CCH         LINE#         627
  C:15CCH         LINE#         628
  C:15D2H         LINE#         629
  C:15D4H         LINE#         630
  C:15D4H         LINE#         631
  C:15DDH         LINE#         633
  C:15E5H         LINE#         634
  C:15E5H         LINE#         635
  C:15E8H         LINE#         636
  C:15E8H         LINE#         637
  C:15EDH         LINE#         638
  C:15EDH         LINE#         640
  C:15F6H         LINE#         642
  C:1615H         LINE#         643
  C:163BH         LINE#         644
  C:1661H         LINE#         645
  C:1687H         LINE#         646
  C:16ADH         LINE#         648
  C:16AFH         LINE#         650
  -------         ENDPROC       _GENERATE_SOUND_CMD
  -------         PROC          _ACQUIRE_SOUND_CMD
  X:05A3H         SYMBOL        cmd_packet
  C:61B1H         LINE#         652
  C:61BCH         LINE#         653
  C:61BCH         LINE#         655
  C:61D4H         LINE#         656
  C:61D4H         LINE#         657
  C:61D7H         LINE#         658
  C:61D7H         LINE#         660
  C:61F6H         LINE#         661
  C:6215H         LINE#         663
  C:6217H         LINE#         664
  -------         ENDPROC       _ACQUIRE_SOUND_CMD
  -------         PROC          _PHOTO_CMD
  X:044DH         SYMBOL        cmd_packet
  -------         DO            
  X:0450H         SYMBOL        i
  X:0451H         SYMBOL        j
  X:0452H         SYMBOL        params
  X:0461H         SYMBOL        duree_photo
  X:0463H         SYMBOL        nbr_photo
  X:0465H         SYMBOL        mode
  X:0467H         SYMBOL        param_find
  X:0468H         SYMBOL        str
  -------         ENDDO         
  C:3045H         LINE#         666
  C:3050H         LINE#         667
  C:3050H         LINE#         668
  C:305BH         LINE#         669
BL51 BANKED LINKER/LOCATER V6.22                                                      05/23/2019  16:49:16  PAGE 24


  C:3080H         LINE#         670
  C:309BH         LINE#         671
  C:30A0H         LINE#         672
  C:30B1H         LINE#         676
  C:30CCH         LINE#         677
  C:30CCH         LINE#         678
  C:30CFH         LINE#         679
  C:30CFH         LINE#         683
  C:30F1H         LINE#         684
  C:30F1H         LINE#         685
  C:311EH         LINE#         688
  C:3131H         LINE#         689
  C:3131H         LINE#         690
  C:316FH         LINE#         691
  C:316FH         LINE#         692
  C:318BH         LINE#         693
  C:318BH         LINE#         694
  C:318BH         LINE#         695
  C:31EAH         LINE#         696
  C:31EAH         LINE#         697
  C:31EDH         LINE#         698
  C:31EDH         LINE#         699
  C:31F4H         LINE#         700
  C:31F7H         LINE#         702
  C:31F7H         LINE#         703
  C:3256H         LINE#         704
  C:3256H         LINE#         705
  C:3259H         LINE#         706
  C:3259H         LINE#         707
  C:3260H         LINE#         708
  C:3262H         LINE#         709
  C:3262H         LINE#         710
  C:326BH         LINE#         711
  C:3271H         LINE#         712
  C:3273H         LINE#         713
  C:3273H         LINE#         714
  C:327CH         LINE#         715
  C:3282H         LINE#         716
  C:3284H         LINE#         717
  C:3284H         LINE#         718
  C:328DH         LINE#         719
  C:3293H         LINE#         720
  C:3293H         LINE#         721
  C:3293H         LINE#         722
  C:3299H         LINE#         723
  C:329BH         LINE#         724
  C:329BH         LINE#         725
  C:32A4H         LINE#         727
  C:32ACH         LINE#         728
  C:32ACH         LINE#         729
  C:32AFH         LINE#         730
  C:32AFH         LINE#         731
  C:32B4H         LINE#         732
  C:32B4H         LINE#         734
  C:32B7H         LINE#         736
  C:32DDH         LINE#         737
  C:3303H         LINE#         738
BL51 BANKED LINKER/LOCATER V6.22                                                      05/23/2019  16:49:16  PAGE 25


  C:3347H         LINE#         739
  C:3349H         LINE#         740
  -------         ENDPROC       _PHOTO_CMD
  -------         PROC          _PHOTO_OFF_CMD
  X:05A6H         SYMBOL        cmd_packet
  C:67D9H         LINE#         742
  C:67E4H         LINE#         743
  C:67E4H         LINE#         745
  C:67FCH         LINE#         746
  C:67FCH         LINE#         747
  C:67FFH         LINE#         748
  C:67FFH         LINE#         750
  C:681EH         LINE#         752
  C:6820H         LINE#         753
  -------         ENDPROC       _PHOTO_OFF_CMD
  -------         PROC          _AUX_CMD
  X:049BH         SYMBOL        cmd_packet
  -------         DO            
  X:049EH         SYMBOL        str
  X:04A1H         SYMBOL        params
  X:04ADH         SYMBOL        ticks_value
  -------         ENDDO         
  C:3CACH         LINE#         755
  C:3CB7H         LINE#         756
  C:3CB7H         LINE#         757
  C:3CC8H         LINE#         758
  C:3CEDH         LINE#         759
  C:3CF5H         LINE#         761
  C:3D16H         LINE#         764
  C:3D42H         LINE#         765
  C:3D42H         LINE#         766
  C:3D8DH         LINE#         767
  C:3D8DH         LINE#         768
  C:3D90H         LINE#         769
  C:3D90H         LINE#         770
  C:3DAFH         LINE#         771
  C:3DD7H         LINE#         772
  C:3DDAH         LINE#         773
  C:3DDAH         LINE#         776
  C:3E03H         LINE#         777
  C:3E03H         LINE#         778
  C:3E22H         LINE#         779
  C:3E25H         LINE#         780
  C:3E25H         LINE#         783
  C:3E4EH         LINE#         784
  C:3E4EH         LINE#         785
  C:3E6DH         LINE#         786
  C:3E70H         LINE#         787
  C:3E70H         LINE#         790
  C:3E99H         LINE#         791
  C:3E99H         LINE#         792
  C:3EB8H         LINE#         793
  C:3EBBH         LINE#         794
  C:3EBBH         LINE#         796
  C:3EBDH         LINE#         797
  -------         ENDPROC       _AUX_CMD
  -------         ENDMOD        COMMANDS
BL51 BANKED LINKER/LOCATER V6.22                                                      05/23/2019  16:49:16  PAGE 26



  -------         MODULE        COMMANDS_PARSER
  C:0000H         SYMBOL        _ICE_DUMMY_
  B:0098H.7       PUBLIC        SM00
  D:0090H         PUBLIC        P1
  B:0098H.6       PUBLIC        SM10
  C:6392H         PUBLIC        _send_ME_Result
  C:68ABH         PUBLIC        _get_command
  C:6338H         PUBLIC        _send_MI_Result
  C:649CH         PUBLIC        _Init_parser
  D:00E8H         PUBLIC        ADC0CN
  C:6596H         PUBLIC        _cmd_parser_process
  D:00A4H         PUBLIC        P0MDOUT
  X:0040H         PUBLIC        current_state
  D:00A8H         PUBLIC        IE
  B:0098H.4       PUBLIC        REN0
  D:00D8H         PUBLIC        PCA0CN
  D:00B8H         PUBLIC        IP
  D:00E1H         PUBLIC        XBR0
  C:3845H         PUBLIC        _parse
  C:6C2AH         PUBLIC        _USART_send
  C:6446H         PUBLIC        _USART_print
  D:00CBH         PUBLIC        RCAP2H
  D:00C0H         PUBLIC        SMB0CN
  C:6C60H         PUBLIC        valid_cmd_flag
  D:00CAH         PUBLIC        RCAP2L
  C:3A8CH         PUBLIC        _send_informations
  D:00F8H         PUBLIC        SPI0CN
  D:0088H         PUBLIC        TCON
  C:5B74H         PUBLIC        _wait
  C:35F1H         PUBLIC        _send_KOB_MOU
  C:6C70H         PUBLIC        error_cmd_flag
  X:0041H         PUBLIC        dispatch_table
  X:00E3H         PUBLIC        MSG_buffer
  X:0103H         PUBLIC        raw_data
  B:0098H.0       PUBLIC        RI0
  B:0098H.1       PUBLIC        TI0
  B:00C8H.2       PUBLIC        TR2
  C:69D9H         PUBLIC        _USART_receive
  B:00C8H.5       PUBLIC        RCLK0
  B:00C8H.4       PUBLIC        TCLK0
  D:0099H         PUBLIC        SBUF0
  D:0098H         PUBLIC        SCON0
  D:00C8H         PUBLIC        T2CON
  D:008EH         PUBLIC        CKCON
  X:0123H         PUBLIC        full_state_machine
  X:012BH         PUBLIC        buffer_index
  D:00D0H         PUBLIC        PSW
  -------         PROC          _INIT_PARSER
  X:05A9H         SYMBOL        parser_result
  C:649CH         LINE#         86
  C:64A7H         LINE#         87
  C:64A7H         LINE#         90
  C:64A9H         LINE#         91
  C:64ABH         LINE#         92
  C:64ADH         LINE#         95
  C:64B0H         LINE#         98
BL51 BANKED LINKER/LOCATER V6.22                                                      05/23/2019  16:49:16  PAGE 27


  C:64B3H         LINE#         102
  C:64B6H         LINE#         106
  C:64B9H         LINE#         107
  C:64BBH         LINE#         108
  C:64BDH         LINE#         109
  C:64C0H         LINE#         110
  C:64C3H         LINE#         111
  C:64C5H         LINE#         114
  C:64EEH         LINE#         116
  C:64F0H         LINE#         117
  -------         ENDPROC       _INIT_PARSER
  -------         PROC          _USART_RECEIVE
  X:05ACH         SYMBOL        read_byte
  C:69D9H         LINE#         119
  C:69E4H         LINE#         120
  C:69E4H         LINE#         121
  C:69E7H         LINE#         122
  C:69E7H         LINE#         123
  C:69F7H         LINE#         124
  C:69F9H         LINE#         125
  C:69FAH         LINE#         126
  C:6A0AH         LINE#         127
  C:6A0AH         LINE#         128
  -------         ENDPROC       _USART_RECEIVE
  -------         PROC          _USART_SEND
  X:05DAH         SYMBOL        ch
  C:6C2AH         LINE#         130
  C:6C2FH         LINE#         131
  C:6C2FH         LINE#         132
  C:6C36H         LINE#         133
  C:6C39H         LINE#         134
  C:6C3BH         LINE#         135
  -------         ENDPROC       _USART_SEND
  -------         PROC          _USART_PRINT
  X:055EH         SYMBOL        str
  -------         DO            
  X:0561H         SYMBOL        i
  -------         ENDDO         
  C:6446H         LINE#         145
  C:6451H         LINE#         146
  C:6451H         LINE#         147
  C:6456H         LINE#         148
  C:6477H         LINE#         149
  C:6477H         LINE#         150
  C:6493H         LINE#         151
  C:649BH         LINE#         152
  -------         ENDPROC       _USART_PRINT
  -------         PROC          _CMD_PARSER_PROCESS
  X:05AFH         SYMBOL        result
  C:6596H         LINE#         156
  C:65A1H         LINE#         157
  C:65A1H         LINE#         171
  C:65B4H         LINE#         172
  C:65B4H         LINE#         173
  C:65B4H         LINE#         174
  C:65C2H         LINE#         175
  C:65C3H         LINE#         176
BL51 BANKED LINKER/LOCATER V6.22                                                      05/23/2019  16:49:16  PAGE 28


  C:65C3H         LINE#         177
  C:65D1H         LINE#         178
  C:65D2H         LINE#         179
  C:65D2H         LINE#         180
  C:65E0H         LINE#         181
  C:65E0H         LINE#         183
  C:65E0H         LINE#         186
  -------         ENDPROC       _CMD_PARSER_PROCESS
  -------         PROC          _WAIT
  X:0562H         SYMBOL        parser_result
  -------         DO            
  X:0565H         SYMBOL        read_byte
  -------         ENDDO         
  C:5B74H         LINE#         188
  C:5B7FH         LINE#         189
  C:5B7FH         LINE#         190
  C:5B85H         LINE#         193
  C:5B8EH         LINE#         196
  C:5BA4H         LINE#         199
  C:5BAEH         LINE#         200
  C:5BB7H         LINE#         201
  C:5BB7H         LINE#         204
  C:5BCDH         LINE#         205
  C:5BD3H         LINE#         207
  C:5BE4H         LINE#         208
  C:5BEAH         LINE#         209
  C:5BEBH         LINE#         210
  C:5BF3H         LINE#         211
  C:5C09H         LINE#         212
  C:5C0FH         LINE#         213
  C:5C0FH         LINE#         214
  C:5C0FH         LINE#         215
  -------         ENDPROC       _WAIT
  -------         PROC          _GET_COMMAND
  X:05B2H         SYMBOL        parser_result
  C:68ABH         LINE#         218
  C:68B6H         LINE#         219
  C:68B6H         LINE#         221
  C:68C7H         LINE#         222
  C:68C7H         LINE#         224
  C:68CAH         LINE#         225
  C:68CCH         LINE#         226
  C:68CFH         LINE#         227
  C:68CFH         LINE#         230
  C:68E3H         LINE#         231
  C:68E8H         LINE#         233
  C:68EDH         LINE#         234
  -------         ENDPROC       _GET_COMMAND
  -------         PROC          _PARSE
  X:012CH         SYMBOL        parser_result
  -------         DO            
  X:012FH         SYMBOL        commands_data
  X:01F7H         SYMBOL        data_index
  X:01F8H         SYMBOL        ptr
  X:01F9H         SYMBOL        reading_ptr
  X:01FAH         SYMBOL        ret
  X:01FBH         SYMBOL        c
BL51 BANKED LINKER/LOCATER V6.22                                                      05/23/2019  16:49:16  PAGE 29


  X:01FCH         SYMBOL        i
  X:01FDH         SYMBOL        run
  X:01FEH         SYMBOL        cmd_packet
  -------         ENDDO         
  C:3845H         LINE#         237
  C:3850H         LINE#         238
  C:3850H         LINE#         242
  C:385FH         LINE#         243
  C:3864H         LINE#         244
  C:386EH         LINE#         245
  C:3874H         LINE#         254
  C:387FH         LINE#         255
  C:387FH         LINE#         256
  C:3895H         LINE#         259
  C:38ABH         LINE#         260
  C:38ABH         LINE#         261
  C:38ABH         LINE#         262
  C:38CFH         LINE#         264
  C:38D5H         LINE#         265
  C:38DAH         LINE#         266
  C:38DDH         LINE#         268
  C:38DDH         LINE#         269
  C:3901H         LINE#         271
  C:3907H         LINE#         272
  C:390CH         LINE#         273
  C:390EH         LINE#         276
  C:390EH         LINE#         277
  C:3932H         LINE#         279
  C:3937H         LINE#         280
  C:3939H         LINE#         282
  C:3939H         LINE#         283
  C:3962H         LINE#         284
  C:3968H         LINE#         285
  C:3968H         LINE#         287
  C:396EH         LINE#         288
  C:3971H         LINE#         292
  C:3982H         LINE#         293
  C:398CH         LINE#         294
  C:39ABH         LINE#         298
  C:39C0H         LINE#         299
  C:39C0H         LINE#         300
  C:3A03H         LINE#         301
  C:3A03H         LINE#         303
  C:3A44H         LINE#         304
  C:3A44H         LINE#         305
  C:3A4AH         LINE#         306
  C:3A4CH         LINE#         307
  C:3A55H         LINE#         308
  C:3A5AH         LINE#         309
  C:3A5AH         LINE#         316
  C:3A5AH         LINE#         317
  C:3A63H         LINE#         320
  C:3A72H         LINE#         321
  C:3A86H         LINE#         324
  C:3A8BH         LINE#         325
  -------         ENDPROC       _PARSE
  -------         PROC          VALID_CMD_FLAG
BL51 BANKED LINKER/LOCATER V6.22                                                      05/23/2019  16:49:16  PAGE 30


  C:6C60H         LINE#         327
  C:6C60H         LINE#         328
  C:6C60H         LINE#         329
  C:6C65H         LINE#         330
  C:6C6AH         LINE#         331
  C:6C6FH         LINE#         332
  -------         ENDPROC       VALID_CMD_FLAG
  -------         PROC          ERROR_CMD_FLAG
  C:6C70H         LINE#         334
  C:6C70H         LINE#         335
  C:6C70H         LINE#         336
  C:6C75H         LINE#         337
  C:6C7AH         LINE#         338
  C:6C7FH         LINE#         339
  -------         ENDPROC       ERROR_CMD_FLAG
  -------         PROC          _SEND_INFORMATIONS
  X:05B5H         SYMBOL        parser_result
  C:3A8CH         LINE#         342
  C:3A97H         LINE#         343
  C:3A97H         LINE#         345
  C:3AB7H         LINE#         346
  C:3AB7H         LINE#         348
  C:3AD9H         LINE#         349
  C:3AD9H         LINE#         350
  C:3B02H         LINE#         351
  C:3B20H         LINE#         352
  C:3B23H         LINE#         354
  C:3B45H         LINE#         355
  C:3B45H         LINE#         356
  C:3B6EH         LINE#         357
  C:3B8CH         LINE#         358
  C:3B8FH         LINE#         360
  C:3BB1H         LINE#         361
  C:3BB1H         LINE#         362
  C:3BDAH         LINE#         363
  C:3BF8H         LINE#         364
  C:3BFAH         LINE#         367
  C:3C1CH         LINE#         368
  C:3C1CH         LINE#         369
  C:3C2AH         LINE#         370
  C:3C48H         LINE#         371
  C:3C4AH         LINE#         381
  C:3C4AH         LINE#         382
  C:3C73H         LINE#         383
  C:3C73H         LINE#         385
  C:3C8BH         LINE#         386
  C:3CABH         LINE#         388
  C:3CABH         LINE#         391
  -------         ENDPROC       _SEND_INFORMATIONS
  -------         PROC          _SEND_KOB_MOU
  X:04BBH         SYMBOL        parser_result
  -------         DO            
  X:0000H         SYMBOL        msg
  X:04BEH         SYMBOL        angle_front
  X:04C0H         SYMBOL        angle_back
  X:04C2H         SYMBOL        distance_front
  X:04C4H         SYMBOL        distance_back
BL51 BANKED LINKER/LOCATER V6.22                                                      05/23/2019  16:49:16  PAGE 31


  -------         ENDDO         
  C:35F1H         LINE#         393
  C:35FCH         LINE#         394
  C:35FCH         LINE#         397
  C:360CH         LINE#         398
  C:361CH         LINE#         400
  C:362BH         LINE#         402
  C:3652H         LINE#         403
  C:3652H         LINE#         404
  C:367DH         LINE#         405
  C:36AEH         LINE#         406
  C:36F4H         LINE#         407
  C:36F7H         LINE#         409
  C:36F7H         LINE#         410
  C:3722H         LINE#         411
  C:3753H         LINE#         412
  C:3784H         LINE#         413
  C:37B5H         LINE#         414
  C:381BH         LINE#         415
  C:381BH         LINE#         418
  C:3844H         LINE#         420
  -------         ENDPROC       _SEND_KOB_MOU
  -------         PROC          _SEND_MI_RESULT
  X:05B8H         SYMBOL        parser_result
  -------         DO            
  X:0020H         SYMBOL        msg
  -------         ENDDO         
  C:6338H         LINE#         422
  C:6343H         LINE#         423
  C:6343H         LINE#         426
  C:6391H         LINE#         427
  -------         ENDPROC       _SEND_MI_RESULT
  -------         PROC          _SEND_ME_RESULT
  X:05BBH         SYMBOL        parser_result
  -------         DO            
  X:0030H         SYMBOL        msg
  -------         ENDDO         
[...]
  -------         ENDPROC       _SPI_CMD_LIGHT_OFF
  -------         PROC          _SPI_CMD_GENERATE_SOUND
  X:051DH         SYMBOL        cmd
  X:0520H         SYMBOL        spi_packet
  C:553FH         LINE#         223
  C:554AH         LINE#         224
  C:554AH         LINE#         225
  C:5560H         LINE#         226
  C:558AH         LINE#         227
  C:55B4H         LINE#         228
  C:55DEH         LINE#         229
  C:5608H         LINE#         230
  -------         ENDPROC       _SPI_CMD_GENERATE_SOUND
  -------         PROC          _SPI_CMD_ACQ_SOUND
  X:0523H         SYMBOL        cmd
  X:0526H         SYMBOL        spi_packet
  C:5EDCH         LINE#         232
  C:5EE7H         LINE#         233
  C:5EE7H         LINE#         234
  C:5EFDH         LINE#         235
  C:5F27H         LINE#         236
  C:5F3CH         LINE#         237
  C:5F51H         LINE#         238
  C:5F66H         LINE#         239
  -------         ENDPROC       _SPI_CMD_ACQ_SOUND
  -------         PROC          _SPI_CMD_PHOTO_ON
  X:0529H         SYMBOL        cmd
  X:052CH         SYMBOL        spi_packet
  C:53AAH         LINE#         241
  C:53B5H         LINE#         242
  C:53B5H         LINE#         244
  C:53CBH         LINE#         246
  C:53E1H         LINE#         247
  C:540BH         LINE#         248
  C:5435H         LINE#         249
  C:545FH         LINE#         250
  C:5474H         LINE#         252
  -------         ENDPROC       _SPI_CMD_PHOTO_ON
  -------         PROC          _SPI_CMD_PHOTO_OFF
  X:052FH         SYMBOL        cmd
  X:0532H         SYMBOL        spi_packet
BL51 BANKED LINKER/LOCATER V6.22                                                      05/23/2019  16:49:16  PAGE 53


  C:5E50H         LINE#         254
  C:5E5BH         LINE#         255
  C:5E5BH         LINE#         257
  C:5E71H         LINE#         259
  C:5E87H         LINE#         260
  C:5E9CH         LINE#         261
  C:5EB1H         LINE#         262
  C:5EC6H         LINE#         263
  C:5EDBH         LINE#         264
  -------         ENDPROC       _SPI_CMD_PHOTO_OFF
  -------         PROC          SPI_VALIDATE
  -------         DO            
  X:057AH         SYMBOL        hash
  X:057CH         SYMBOL        i
  -------         ENDDO         
  C:605CH         LINE#         266
  C:605CH         LINE#         267
  C:605CH         LINE#         268
  C:606CH         LINE#         270
  C:6087H         LINE#         271
  C:6087H         LINE#         272
  C:60A9H         LINE#         273
  C:60B9H         LINE#         275
  C:60CBH         LINE#         276
  C:60CBH         LINE#         277
  C:60CEH         LINE#         278
  C:60CEH         LINE#         280
  C:60CEH         LINE#         281
  C:60D0H         LINE#         282
  C:60D0H         LINE#         283
  -------         ENDPROC       SPI_VALIDATE
  -------         PROC          SPI_ERROR
  C:6B23H         LINE#         285
  C:6B23H         LINE#         286
  C:6B23H         LINE#         287
  C:6B29H         LINE#         288
  C:6B2FH         LINE#         289
  C:6B35H         LINE#         290
  C:6B3BH         LINE#         291
  C:6B41H         LINE#         292
  -------         ENDPROC       SPI_ERROR
  -------         ENDMOD        SPI_MASTER

  -------         MODULE        POWER_SENSOR
  C:0000H         SYMBOL        _ICE_DUMMY_
  D:0090H         PUBLIC        P1
  X:04AFH         PUBLIC        Rshunt
  D:00E8H         PUBLIC        ADC0CN
  C:68EEH         PUBLIC        shunt_measure
  D:00A8H         PUBLIC        IE
  C:5137H         PUBLIC        _power_sensor_process
  D:00D8H         PUBLIC        PCA0CN
  D:00B8H         PUBLIC        IP
  D:00C0H         PUBLIC        SMB0CN
  C:6CB3H         PUBLIC        Init_power_sensor
  D:00F8H         PUBLIC        SPI0CN
  C:000EH         PUBLIC        ps_init_timer1
BL51 BANKED LINKER/LOCATER V6.22                                                      05/23/2019  16:49:16  PAGE 54


  D:0089H         PUBLIC        TMOD
  D:0088H         PUBLIC        TCON
  B:00A8H.3       PUBLIC        ET1
  D:008DH         PUBLIC        TH1
  D:008BH         PUBLIC        TL1
  X:04B3H         PUBLIC        intensite
  C:60D1H         PUBLIC        timer_1_int
  X:04B7H         PUBLIC        global_energy
  D:0098H         PUBLIC        SCON0
  D:00C8H         PUBLIC        T2CON
  X:04B9H         PUBLIC        last_current_measure
  D:00D0H         PUBLIC        PSW
  -------         PROC          TIMER_1_INT
  C:60D1H         LINE#         18
  C:60EEH         LINE#         21
  C:60F3H         LINE#         24
  C:60FEH         LINE#         27
  C:6124H         LINE#         30
  C:6127H         LINE#         31
  C:612AH         LINE#         32
  -------         ENDPROC       TIMER_1_INT
  -------         PROC          SHUNT_MEASURE
  -------         DO            
  X:057EH         SYMBOL        v_adc
  -------         ENDDO         
  C:68EEH         LINE#         34
  C:68EEH         LINE#         35
  C:68EEH         LINE#         36
  C:68F8H         LINE#         39
  C:6914H         LINE#         42
  C:6930H         LINE#         44
  -------         ENDPROC       SHUNT_MEASURE
  -------         PROC          INIT_POWER_SENSOR
  C:6CB3H         LINE#         46
  C:6CB3H         LINE#         47
  C:6CB3H         LINE#         48
  C:6CB6H         LINE#         50
  C:6CB8H         LINE#         51
  -------         ENDPROC       INIT_POWER_SENSOR
  -------         PROC          PS_INIT_TIMER1
  C:000EH         LINE#         53
  C:000EH         LINE#         54
  C:000EH         LINE#         56
  C:0011H         LINE#         57
  C:0014H         LINE#         60
  C:0017H         LINE#         61
  C:001AH         LINE#         64
  -------         ENDPROC       PS_INIT_TIMER1
  -------         PROC          _POWER_SENSOR_PROCESS
  X:0535H         SYMBOL        cmd
  X:0538H         SYMBOL        info
  C:5137H         LINE#         66
  C:5142H         LINE#         67
  C:5142H         LINE#         69
  C:515BH         LINE#         70
  C:515BH         LINE#         71
  C:517AH         LINE#         72
BL51 BANKED LINKER/LOCATER V6.22                                                      05/23/2019  16:49:16  PAGE 55


  C:518FH         LINE#         73
  C:51A5H         LINE#         74
  C:51A6H         LINE#         75
  C:51BFH         LINE#         76
  C:51BFH         LINE#         77
  C:51DEH         LINE#         78
  C:51F3H         LINE#         79
  C:5209H         LINE#         80
  C:5209H         LINE#         83
  -------         ENDPROC       _POWER_SENSOR_PROCESS
  -------         ENDMOD        POWER_SENSOR

  -------         MODULE        ADC
  C:0000H         SYMBOL        _ICE_DUMMY_
  D:0090H         PUBLIC        P1
  D:00BCH         PUBLIC        ADC0CF
  D:00E8H         PUBLIC        ADC0CN
  D:00D4H         PUBLIC        DAC0CN
  D:00A8H         PUBLIC        IE
  D:00D8H         PUBLIC        PCA0CN
  D:00B8H         PUBLIC        IP
  D:00D1H         PUBLIC        REF0CN
  B:00E8H.5       PUBLIC        AD0INT
  D:00C0H         PUBLIC        SMB0CN
  D:00F8H         PUBLIC        SPI0CN
  D:0088H         PUBLIC        TCON
  D:00BBH         PUBLIC        AMX0SL
  C:6B01H         PUBLIC        _choose_ADC_input
  C:6CB9H         PUBLIC        _read_ADC0
  D:0098H         PUBLIC        SCON0
  D:00C8H         PUBLIC        T2CON
  C:6BC3H         PUBLIC        Init_ADC0
  C:6B42H         PUBLIC        read_ADC0
  D:00BEH         PUBLIC        ADC0
  B:00E8H.4       PUBLIC        AD0BUSY
  D:00D0H         PUBLIC        PSW
  -------         PROC          INIT_ADC0
  C:6BC3H         LINE#         5
  C:6BC3H         LINE#         6
  C:6BC3H         LINE#         8
  C:6BC6H         LINE#         9
  C:6BC9H         LINE#         10
  C:6BCCH         LINE#         14
  C:6BCFH         LINE#         15
  C:6BD2H         LINE#         17
  C:6BD5H         LINE#         18
  C:6BD8H         LINE#         19
  -------         ENDPROC       INIT_ADC0
  -------         PROC          _READ_ADC0
  C:6CB9H         LINE#         21
  C:6CB9H         LINE#         22
  C:6CB9H         LINE#         23
  C:6CBDH         LINE#         24
  -------         ENDPROC       _READ_ADC0
  -------         PROC          READ_ADC0
  -------         DO            
  X:05E1H         SYMBOL        adc0
BL51 BANKED LINKER/LOCATER V6.22                                                      05/23/2019  16:49:16  PAGE 56


  -------         ENDDO         
  C:6B42H         LINE#         26
  C:6B42H         LINE#         27
  C:6B42H         LINE#         28
  C:6B47H         LINE#         30
  C:6B49H         LINE#         31
  C:6B4BH         LINE#         34
  C:6B4EH         LINE#         36
  C:6B55H         LINE#         38
  C:6B57H         LINE#         40
  C:6B5EH         LINE#         41
  -------         ENDPROC       READ_ADC0
  -------         PROC          _CHOOSE_ADC_INPUT
  X:05E2H         SYMBOL        adc_input
  C:6B01H         LINE#         43
  C:6B06H         LINE#         44
  C:6B06H         LINE#         45
  C:6B0EH         LINE#         46
  C:6B0EH         LINE#         47
  C:6B11H         LINE#         48
  C:6B12H         LINE#         49
  C:6B1BH         LINE#         50
  C:6B1BH         LINE#         51
  C:6B1EH         LINE#         52
  C:6B1FH         LINE#         54
  C:6B1FH         LINE#         55
  C:6B22H         LINE#         56
  C:6B22H         LINE#         57
  -------         ENDPROC       _CHOOSE_ADC_INPUT
  -------         ENDMOD        ADC

  -------         MODULE        ?C?FPADD
  C:003DH         PUBLIC        ?C?FPADD
  C:0039H         PUBLIC        ?C?FPSUB
  -------         ENDMOD        ?C?FPADD

  -------         MODULE        ?C?FPMUL
  C:012EH         PUBLIC        ?C?FPMUL
  -------         ENDMOD        ?C?FPMUL

  -------         MODULE        ?C?FPDIV
  C:0237H         PUBLIC        ?C?FPDIV
  -------         ENDMOD        ?C?FPDIV

  -------         MODULE        ?C?FPCMP
  C:02D6H         PUBLIC        ?C?FPCMP
  C:02D4H         PUBLIC        ?C?FPCMP3
  -------         ENDMOD        ?C?FPCMP

  -------         MODULE        ?C?FCAST
  C:0357H         PUBLIC        ?C?FCASTC
  C:0352H         PUBLIC        ?C?FCASTI
  C:034DH         PUBLIC        ?C?FCASTL
  -------         ENDMOD        ?C?FCAST

  -------         MODULE        ?C?CASTF
  C:038BH         PUBLIC        ?C?CASTF
BL51 BANKED LINKER/LOCATER V6.22                                                      05/23/2019  16:49:16  PAGE 57


  -------         ENDMOD        ?C?CASTF

  -------         MODULE        PRINTF
  X:0273H         PUBLIC        ?_PRINTF?BYTE
  X:0273H         PUBLIC        ?_SPRINTF?BYTE
  C:1BC8H         PUBLIC        _PRINTF
  C:1BC2H         PUBLIC        _SPRINTF
  -------         ENDMOD        PRINTF

  -------         MODULE        SCANF
  X:02A3H         PUBLIC        ?_SCANF?BYTE
  X:02A3H         PUBLIC        ?_SSCANF?BYTE
  C:23F7H         PUBLIC        _SCANF
  C:23F3H         PUBLIC        _SSCANF
  -------         ENDMOD        SCANF

  -------         MODULE        SQRT
  C:583BH         PUBLIC        _SQRT
  -------         ENDMOD        SQRT

  -------         MODULE        ATAN
  C:4B45H         PUBLIC        _ATAN
  -------         ENDMOD        ATAN

  -------         MODULE        ?C?FPROUND
  C:040CH         PUBLIC        ?C?FPROUND
  -------         ENDMOD        ?C?FPROUND

  -------         MODULE        ?C?FPCONVERT
  C:0449H         PUBLIC        ?C?FPCONVERT
  -------         ENDMOD        ?C?FPCONVERT

  -------         MODULE        ?C?FPNEG
  C:059BH         PUBLIC        ?C?FPNEG
  -------         ENDMOD        ?C?FPNEG

  -------         MODULE        ?C?FTNPWR
  C:05DCH         PUBLIC        ?C?FTNPWR
  -------         ENDMOD        ?C?FTNPWR

  -------         MODULE        ?C?COPY
  C:06ECH         PUBLIC        ?C?COPY
  -------         ENDMOD        ?C?COPY

  -------         MODULE        ?C?CLDPTR
  C:0712H         PUBLIC        ?C?CLDPTR
  -------         ENDMOD        ?C?CLDPTR

  -------         MODULE        ?C?CLDOPTR
  C:072BH         PUBLIC        ?C?CLDOPTR
  -------         ENDMOD        ?C?CLDOPTR

  -------         MODULE        ?C?CSTPTR
  C:0758H         PUBLIC        ?C?CSTPTR
  -------         ENDMOD        ?C?CSTPTR

  -------         MODULE        ?C?CSTOPTR
BL51 BANKED LINKER/LOCATER V6.22                                                      05/23/2019  16:49:16  PAGE 58


  C:076AH         PUBLIC        ?C?CSTOPTR
  -------         ENDMOD        ?C?CSTOPTR

  -------         MODULE        ?C?IMUL
  C:078CH         PUBLIC        ?C?IMUL
  -------         ENDMOD        ?C?IMUL

  -------         MODULE        ?C?ILDPTR
  C:079EH         PUBLIC        ?C?ILDPTR
  -------         ENDMOD        ?C?ILDPTR

  -------         MODULE        ?C?ILDOPTR
  C:07C9H         PUBLIC        ?C?ILDOPTR
  -------         ENDMOD        ?C?ILDOPTR

  -------         MODULE        ?C?ISTPTR
  C:0801H         PUBLIC        ?C?ISTPTR
  -------         ENDMOD        ?C?ISTPTR

  -------         MODULE        ?C?ISTOPTR
  C:0820H         PUBLIC        ?C?ISTOPTR
  -------         ENDMOD        ?C?ISTOPTR

  -------         MODULE        ?C?LNEG
  C:084DH         PUBLIC        ?C?LNEG
  -------         ENDMOD        ?C?LNEG

  -------         MODULE        ?C?LLDOPTR
  C:085BH         PUBLIC        ?C?LLDOPTR
  -------         ENDMOD        ?C?LLDOPTR

  -------         MODULE        ?C?LSTPTR
  C:088BH         PUBLIC        ?C?LSTPTR
  -------         ENDMOD        ?C?LSTPTR

  -------         MODULE        ?C?LSTOPTR
  C:08A5H         PUBLIC        ?C?LSTOPTR
  -------         ENDMOD        ?C?LSTOPTR

  -------         MODULE        ?C?LLDXDATA
  C:08C9H         PUBLIC        ?C?LLDXDATA
  -------         ENDMOD        ?C?LLDXDATA

  -------         MODULE        ?C?LLDCODE
  C:08D5H         PUBLIC        ?C?LLDCODE
  -------         ENDMOD        ?C?LLDCODE

  -------         MODULE        ?C?LLDXDATA0
  C:08E5H         PUBLIC        ?C?LLDXDATA0
  -------         ENDMOD        ?C?LLDXDATA0

  -------         MODULE        ?C?LLDCODE0
  C:08F1H         PUBLIC        ?C?LLDCODE0
  -------         ENDMOD        ?C?LLDCODE0

  -------         MODULE        ?C?LSTXDATA
  C:0901H         PUBLIC        ?C?LSTXDATA
BL51 BANKED LINKER/LOCATER V6.22                                                      05/23/2019  16:49:16  PAGE 59


  -------         ENDMOD        ?C?LSTXDATA

  -------         MODULE        ?C?LSTKXDATA
  C:090DH         PUBLIC        ?C?LSTKXDATA
  -------         ENDMOD        ?C?LSTKXDATA

  -------         MODULE        ?C?OFFXADD
  C:093EH         PUBLIC        ?C?OFFXADD
  -------         ENDMOD        ?C?OFFXADD

  -------         MODULE        ?C?PLDXDATA
  C:094AH         PUBLIC        ?C?PLDXDATA
  -------         ENDMOD        ?C?PLDXDATA

  -------         MODULE        ?C?PLDIXDATA
  C:0953H         PUBLIC        ?C?PLDIXDATA
  -------         ENDMOD        ?C?PLDIXDATA

  -------         MODULE        ?C?PILDXDATA
  C:096AH         PUBLIC        ?C?PILDXDATA
  -------         ENDMOD        ?C?PILDXDATA

  -------         MODULE        ?C?PSTXDATA
  C:0981H         PUBLIC        ?C?PSTXDATA
  -------         ENDMOD        ?C?PSTXDATA

  -------         MODULE        ?C?PLDPTR
  C:098AH         PUBLIC        ?C?PLDPTR
  -------         ENDMOD        ?C?PLDPTR

  -------         MODULE        ?C?PSTPTR
  C:09AAH         PUBLIC        ?C?PSTPTR
  -------         ENDMOD        ?C?PSTPTR

  -------         MODULE        ?C?PLDOPTR
  C:09F9H         PUBLIC        ?C?PLDOPTR
  -------         ENDMOD        ?C?PLDOPTR

  -------         MODULE        ?C?PSTOPTR
  C:0A29H         PUBLIC        ?C?PSTOPTR
  -------         ENDMOD        ?C?PSTOPTR

  -------         MODULE        ?C?CCASE
  C:0A82H         PUBLIC        ?C?CCASE
  -------         ENDMOD        ?C?CCASE

  -------         MODULE        ?C?ICALL
  C:0AA8H         PUBLIC        ?C?ICALL
  C:0AACH         PUBLIC        ?C?ICALL2
  -------         ENDMOD        ?C?ICALL

  -------         MODULE        PUTCHAR
  C:6A92H         PUBLIC        _PUTCHAR
  -------         ENDMOD        PUTCHAR

  -------         MODULE        GETCHAR
  B:0022H.6       PUBLIC        ?C?CHARLOADED
BL51 BANKED LINKER/LOCATER V6.22                                                      05/23/2019  16:49:16  PAGE 60


  X:05E3H         PUBLIC        ?_UNGETCHAR?BYTE
  C:6C02H         PUBLIC        GETCHAR
  -------         ENDMOD        GETCHAR

  -------         MODULE        UNGETC
  C:0003H         PUBLIC        _UNGETCHAR
  -------         ENDMOD        UNGETC

  -------         MODULE        ISSPACE
  C:6C16H         PUBLIC        _isspace
  -------         ENDMOD        ISSPACE

  -------         MODULE        ?C?STRCMP
  C:0C2CH         PUBLIC        ?C?STRCMP
  -------         ENDMOD        ?C?STRCMP

  -------         MODULE        STRLEN
  C:6BD9H         PUBLIC        _STRLEN
  -------         ENDMOD        STRLEN

  -------         MODULE        ?C?MEMSET
  C:0C49H         PUBLIC        ?C?MEMSET
  -------         ENDMOD        ?C?MEMSET

  -------         MODULE        ?C?LLDIDATA
  C:0C75H         PUBLIC        ?C?LLDIDATA
  -------         ENDMOD        ?C?LLDIDATA

  -------         MODULE        ?C?LLDPDATA
  C:0C81H         PUBLIC        ?C?LLDPDATA
  -------         ENDMOD        ?C?LLDPDATA

  -------         MODULE        ?C?LSTIDATA
  C:0C8DH         PUBLIC        ?C?LSTIDATA
  -------         ENDMOD        ?C?LSTIDATA

  -------         MODULE        ?C?LSTPDATA
  C:0C99H         PUBLIC        ?C?LSTPDATA
  -------         ENDMOD        ?C?LSTPDATA

  -------         MODULE        ?C?PLDIDATA
  C:0CA5H         PUBLIC        ?C?PLDIDATA
  -------         ENDMOD        ?C?PLDIDATA

  -------         MODULE        ?C?PSTIDATA
  C:0CAEH         PUBLIC        ?C?PSTIDATA
  -------         ENDMOD        ?C?PSTIDATA

  -------         MODULE        ?C?PLDPDATA
  C:0CB7H         PUBLIC        ?C?PLDPDATA
  -------         ENDMOD        ?C?PLDPDATA

  -------         MODULE        ?C?PSTPDATA
  C:0CC0H         PUBLIC        ?C?PSTPDATA
  -------         ENDMOD        ?C?PSTPDATA

  -------         MODULE        ?C?PLDCODE
BL51 BANKED LINKER/LOCATER V6.22                                                      05/23/2019  16:49:16  PAGE 61


  C:0CC9H         PUBLIC        ?C?PLDCODE
  -------         ENDMOD        ?C?PLDCODE

  -------         MODULE        _GETKEY
  C:6CA9H         PUBLIC        _GETKEY
  -------         ENDMOD        _GETKEY

*** WARNING L16: UNCALLED SEGMENT, IGNORED FOR OVERLAY PROCESS
    SEGMENT: ?PR?_SEND_INFORMATIONS?COMMANDS_PARSER

*** WARNING L16: UNCALLED SEGMENT, IGNORED FOR OVERLAY PROCESS
    SEGMENT: ?PR?_SEND_MI_RESULT?COMMANDS_PARSER

*** WARNING L16: UNCALLED SEGMENT, IGNORED FOR OVERLAY PROCESS
    SEGMENT: ?PR?_SEND_ME_RESULT?COMMANDS_PARSER

*** WARNING L16: UNCALLED SEGMENT, IGNORED FOR OVERLAY PROCESS
    SEGMENT: ?PR?INIT_POWER_SENSOR?POWER_SENSOR

*** WARNING L16: UNCALLED SEGMENT, IGNORED FOR OVERLAY PROCESS
    SEGMENT: ?PR?_POWER_SENSOR_PROCESS?POWER_SENSOR

*** WARNING L15: MULTIPLE CALL TO SEGMENT
    SEGMENT: ?PR?SCANF?SCANF
    CALLER1: ?C_C51STARTUP
    CALLER2: ?PR?_MOVE_TO_CMD?COMMANDS

*** WARNING L15: MULTIPLE CALL TO SEGMENT
    SEGMENT: ?PR??C?ATOF??C?ATOF
    CALLER1: ?C_C51STARTUP
    CALLER2: ?PR?_MOVE_TO_CMD?COMMANDS

*** WARNING L1: UNRESOLVED EXTERNAL SYMBOL
    SYMBOL:  _DD_OBS_DETECTION
    MODULE:  .\Objects\distance_detector.obj (DISTANCE_DETECTOR)

*** WARNING L2: REFERENCE MADE TO UNRESOLVED EXTERNAL
    SYMBOL:  _DD_OBS_DETECTION
    MODULE:  .\Objects\distance_detector.obj (DISTANCE_DETECTOR)
    ADDRESS: 408AH

Program Size: data=33.7 xdata=1508 code=27845
LINK/LOCATE RUN COMPLETE.  9 WARNING(S),  0 ERROR(S)
