BL51 BANKED LINKER/LOCATER V6.22                                                        04/10/2019  12:14:28  PAGE 1


BL51 BANKED LINKER/LOCATER V6.22, INVOKED BY:
C:\KEIL_V5\C51\BIN\BL51.EXE .\Objects\STARTUP.obj, .\Objects\commands.obj, .\Objects\commands_parser.obj, .\Objects\main
>> .obj, .\Objects\serializer.obj, .\Objects\motion.obj, .\Objects\distance_detector.obj, .\Objects\spi_master.obj TO .\
>> Objects\robot_V1 PRINT (.\Listings\robot_V1.m51) RAMSIZE (256) OVERLAY (* ! MOVE_TO_CMD)


MEMORY MODEL: LARGE WITH FLOATING POINT ARITHMETIC


INPUT MODULES INCLUDED:
  .\Objects\STARTUP.obj (?C_STARTUP)
  .\Objects\commands.obj (COMMANDS)
  .\Objects\commands_parser.obj (COMMANDS_PARSER)
  .\Objects\main.obj (MAIN)
  .\Objects\serializer.obj (SERIALIZER)
  .\Objects\motion.obj (MOTION)
  .\Objects\distance_detector.obj (DISTANCE_DETECTOR)
  .\Objects\spi_master.obj (SPI_MASTER)
  C:\KEIL_V5\C51\LIB\C51FPL.LIB (?C?FPADD)
  C:\KEIL_V5\C51\LIB\C51FPL.LIB (?C?FPMUL)
  C:\KEIL_V5\C51\LIB\C51FPL.LIB (?C?FPDIV)
  C:\KEIL_V5\C51\LIB\C51FPL.LIB (?C?FCAST)
  C:\KEIL_V5\C51\LIB\C51FPL.LIB (?C?CASTF)
  C:\KEIL_V5\C51\LIB\C51FPL.LIB (PRINTF)
  C:\KEIL_V5\C51\LIB\C51FPL.LIB (SCANF)
  C:\KEIL_V5\C51\LIB\C51FPL.LIB (SQRT)
  C:\KEIL_V5\C51\LIB\C51FPL.LIB (ATAN)
  C:\KEIL_V5\C51\LIB\C51FPL.LIB (?C?FPGETOPN)
  C:\KEIL_V5\C51\LIB\C51FPL.LIB (?C?FPROUND)
  C:\KEIL_V5\C51\LIB\C51FPL.LIB (?C?FPCONVERT)
  C:\KEIL_V5\C51\LIB\C51FPL.LIB (?C?ATOF)
  C:\KEIL_V5\C51\LIB\C51FPL.LIB (?C?FPSERIES)
  C:\KEIL_V5\C51\LIB\C51FPL.LIB (?C?FPNEG)
  C:\KEIL_V5\C51\LIB\C51FPL.LIB (?C?FTNPWR)
  C:\KEIL_V5\C51\LIB\C51L.LIB (?C_INIT)
  C:\KEIL_V5\C51\LIB\C51L.LIB (?C?COPY)
  C:\KEIL_V5\C51\LIB\C51L.LIB (?C?CLDPTR)
  C:\KEIL_V5\C51\LIB\C51L.LIB (?C?CLDOPTR)
  C:\KEIL_V5\C51\LIB\C51L.LIB (?C?CSTPTR)
  C:\KEIL_V5\C51\LIB\C51L.LIB (?C?CSTOPTR)
  C:\KEIL_V5\C51\LIB\C51L.LIB (?C?IMUL)
  C:\KEIL_V5\C51\LIB\C51L.LIB (?C?ILDPTR)
  C:\KEIL_V5\C51\LIB\C51L.LIB (?C?ILDOPTR)
  C:\KEIL_V5\C51\LIB\C51L.LIB (?C?ISTPTR)
  C:\KEIL_V5\C51\LIB\C51L.LIB (?C?ISTOPTR)
  C:\KEIL_V5\C51\LIB\C51L.LIB (?C?LNEG)
  C:\KEIL_V5\C51\LIB\C51L.LIB (?C?LSTPTR)
  C:\KEIL_V5\C51\LIB\C51L.LIB (?C?LLDXDATA)
  C:\KEIL_V5\C51\LIB\C51L.LIB (?C?LLDCODE)
  C:\KEIL_V5\C51\LIB\C51L.LIB (?C?LLDXDATA0)
  C:\KEIL_V5\C51\LIB\C51L.LIB (?C?LLDCODE0)
  C:\KEIL_V5\C51\LIB\C51L.LIB (?C?LSTXDATA)
  C:\KEIL_V5\C51\LIB\C51L.LIB (?C?LSTKXDATA)
  C:\KEIL_V5\C51\LIB\C51L.LIB (?C?OFFXADD)
  C:\KEIL_V5\C51\LIB\C51L.LIB (?C?PLDXDATA)
  C:\KEIL_V5\C51\LIB\C51L.LIB (?C?PLDIXDATA)
  C:\KEIL_V5\C51\LIB\C51L.LIB (?C?PILDXDATA)
  C:\KEIL_V5\C51\LIB\C51L.LIB (?C?PSTXDATA)
BL51 BANKED LINKER/LOCATER V6.22                                                      04/10/2019  12:14:28  PAGE 2


  C:\KEIL_V5\C51\LIB\C51L.LIB (?C?PLDPTR)
  C:\KEIL_V5\C51\LIB\C51L.LIB (?C?PLDOPTR)
  C:\KEIL_V5\C51\LIB\C51L.LIB (?C?CCASE)
  C:\KEIL_V5\C51\LIB\C51L.LIB (?C?ICALL)
  C:\KEIL_V5\C51\LIB\C51L.LIB (PUTCHAR)
  C:\KEIL_V5\C51\LIB\C51L.LIB (GETCHAR)
  C:\KEIL_V5\C51\LIB\C51L.LIB (UNGETC)
  C:\KEIL_V5\C51\LIB\C51L.LIB (ISSPACE)
  C:\KEIL_V5\C51\LIB\C51L.LIB (?C?STRCMP)
  C:\KEIL_V5\C51\LIB\C51L.LIB (STRLEN)
  C:\KEIL_V5\C51\LIB\C51L.LIB (?C?MEMSET)
  C:\KEIL_V5\C51\LIB\C51L.LIB (?C?LSTIDATA)
  C:\KEIL_V5\C51\LIB\C51L.LIB (?C?LSTPDATA)
  C:\KEIL_V5\C51\LIB\C51L.LIB (?C?PLDIDATA)
  C:\KEIL_V5\C51\LIB\C51L.LIB (?C?PLDPDATA)
  C:\KEIL_V5\C51\LIB\C51L.LIB (?C?PLDCODE)
  C:\KEIL_V5\C51\LIB\C51L.LIB (_GETKEY)


LINK MAP OF MODULE:  .\Objects\robot_V1 (?C_STARTUP)


            TYPE    BASE      LENGTH    RELOCATION   SEGMENT NAME
            -----------------------------------------------------

            * * * * * * *   D A T A   M E M O R Y   * * * * * * *
            REG     0000H     0008H     ABSOLUTE     "REG BANK 0"
            DATA    0008H     0016H     UNIT         _DATA_GROUP_
                    001EH     0002H                  *** GAP ***
            BIT     0020H.0   0002H.6   UNIT         _BIT_GROUP_
            BIT     0022H.6   0000H.1   UNIT         ?BI?GETCHAR
                    0022H.7   0000H.1                *** GAP ***
            IDATA   0023H     0001H     UNIT         ?STACK

            * * * * * * *  X D A T A   M E M O R Y  * * * * * * *
            XDATA   0000H     0114H     UNIT         ?XD?COMMANDS_PARSER
            XDATA   0114H     00D9H     UNIT         ?XD?_PARSE?COMMANDS_PARSER
            XDATA   01EDH     005EH     UNIT         _XDATA_GROUP_
            XDATA   024BH     0058H     UNIT         ?XD?MAIN
            XDATA   02A3H     002EH     UNIT         ?XD?_MOVEANGLE?SERIALIZER
            XDATA   02D1H     002DH     UNIT         ?XD?_MOVETO?SERIALIZER
            XDATA   02FEH     0027H     UNIT         ?XD?SPI_MASTER
            XDATA   0325H     0025H     UNIT         ?XD?SERIALIZER
            XDATA   034AH     0021H     UNIT         ?XD?DISTANCE_DETECTOR
            XDATA   036BH     001EH     UNIT         ?XD?_MOVE_TO_CMD?COMMANDS
            XDATA   0389H     0018H     UNIT         ?XD?_SETMOTORS?SERIALIZER
            XDATA   03A1H     0018H     UNIT         ?XD?IS_PID_PROCESSING?SERIALIZER
            XDATA   03B9H     0012H     UNIT         ?XD?MAIN?MAIN
            XDATA   03CBH     0008H     UNIT         ?XD?_SERIALIZER_PROCESS?SERIALIZER
            XDATA   03D3H     0008H     UNIT         ?XD?_NAVIGATE?SERIALIZER
            XDATA   03DBH     0008H     UNIT         ?XD?_ANGLE_TARGET?MOTION
            XDATA   03E3H     0008H     UNIT         ?XD?_DELTA_ANGLE?MOTION
            XDATA   03EBH     0008H     UNIT         ?XD?DD_MESURE?DISTANCE_DETECTOR
            XDATA   03F3H     0006H     UNIT         ?XD?_IDLE_NEXT_STATE?SERIALIZER
            XDATA   03F9H     0006H     UNIT         ?XD?DD_START_CONVERSION?DISTANCE_DETECTOR
            XDATA   03FFH     0005H     UNIT         ?XD?_EPREUVE_CMD?COMMANDS
            XDATA   0404H     0005H     UNIT         ?XD?_SET_DEFAULT_SPEED_CMD?COMMANDS
BL51 BANKED LINKER/LOCATER V6.22                                                      04/10/2019  12:14:28  PAGE 3


            XDATA   0409H     0005H     UNIT         ?XD?_MOVE_FORWARD_CMD?COMMANDS
            XDATA   040EH     0005H     UNIT         ?XD?_MOVE_BACKWARD_CMD?COMMANDS
            XDATA   0413H     0005H     UNIT         ?XD?_ANGLE_ROTATION_CMD?COMMANDS
            XDATA   0418H     0005H     UNIT         ?XD?_SERVO_MOVE_CMD?COMMANDS
            XDATA   041DH     0004H     UNIT         ?XD?_USART_PRINT?COMMANDS_PARSER
            XDATA   0421H     0004H     UNIT         ?XD?_WAIT?COMMANDS_PARSER
            XDATA   0425H     0004H     UNIT         ?XD?_SERIALIZER_PRINT?SERIALIZER
            XDATA   0429H     0004H     UNIT         ?XD?_TRANSLATE?SERIALIZER
            XDATA   042DH     0004H     UNIT         ?XD?_ROTATE?SERIALIZER
            XDATA   0431H     0004H     UNIT         ?XD?TIMER_0_INT?DISTANCE_DETECTOR
            XDATA   0435H     0003H     UNIT         ?XD?_DEFAULT_PROCESS?COMMANDS
            XDATA   0438H     0003H     UNIT         ?XD?_EPREUVE_STOP?COMMANDS
            XDATA   043BH     0003H     UNIT         ?XD?_SAFETY_BREAK_CMD?COMMANDS
            XDATA   043EH     0003H     UNIT         ?XD?_MOVE_STOP_CMD?COMMANDS
            XDATA   0441H     0003H     UNIT         ?XD?_RIGTH_ROTATION_CMD?COMMANDS
            XDATA   0444H     0003H     UNIT         ?XD?_LEFT_ROTATION_CMD?COMMANDS
            XDATA   0447H     0003H     UNIT         ?XD?_COMPLETE_ROTATION_CMD?COMMANDS
            XDATA   044AH     0003H     UNIT         ?XD?_DETECTE_OBSTACLE?COMMANDS
            XDATA   044DH     0003H     UNIT         ?XD?_USART_RECEIVE?COMMANDS_PARSER
            XDATA   0450H     0003H     UNIT         ?XD?_CMD_PARSER_PROCESS?COMMANDS_PARSER
            XDATA   0453H     0003H     UNIT         ?XD?_GET_COMMAND?COMMANDS_PARSER
            XDATA   0456H     0003H     UNIT         ?XD?_SERIALIZER_RECEIVE?SERIALIZER
            XDATA   0459H     0003H     UNIT         ?XD?_IDLE?SERIALIZER
            XDATA   045CH     0003H     UNIT         ?XD?_STOP?SERIALIZER
            XDATA   045FH     0003H     UNIT         ?XD?_DISTANCE_DETECTOR_PROCESS?DISTANCE_DETECTOR
            XDATA   0462H     0003H     UNIT         ?XD?_DD_IDLE?DISTANCE_DETECTOR
            XDATA   0465H     0003H     UNIT         ?XD?_DD_MOVE_SERVO_H?DISTANCE_DETECTOR
            XDATA   0468H     0003H     UNIT         ?XD?_DD_SLEW_DETECTION?DISTANCE_DETECTOR
            XDATA   046BH     0003H     UNIT         ?XD?_SPI_RECEIVE_CHAR?SPI_MASTER
            XDATA   046EH     0003H     UNIT         ?XD?_SPI_PROCESS?SPI_MASTER
            XDATA   0471H     0003H     UNIT         ?XD?_SPI_IDLE?SPI_MASTER
            XDATA   0474H     0003H     UNIT         ?XD?_SPI_TXRX?SPI_MASTER
            XDATA   0477H     0003H     UNIT         ?XD?_SPI_GET_DATA?SPI_MASTER
            XDATA   047AH     0003H     UNIT         ?XD?_SPI_SET_DATA?SPI_MASTER
            XDATA   047DH     0002H     UNIT         ?XD?_DISTANCE?MOTION
            XDATA   047FH     0002H     UNIT         ?XD?_DD_SET_ANGLE?DISTANCE_DETECTOR
            XDATA   0481H     0001H     UNIT         ?XD?_USART_SEND?COMMANDS_PARSER
            XDATA   0482H     0001H     UNIT         ?XD?_SERIALIZER_SEND?SERIALIZER
            XDATA   0483H     0001H     UNIT         ?XD?_UART_SEND?SERIALIZER
            XDATA   0484H     0001H     UNIT         ?XD?SERIALIZER_INIT_SERIAL?SERIALIZER
            XDATA   0485H     0001H     UNIT         ?XD?SERIALIZER_CLEAR_SERIAL?SERIALIZER
            XDATA   0486H     0001H     UNIT         ?XD?_SPI_SEND_CHAR?SPI_MASTER
            XDATA   0487H     0001H     UNIT         ?XD?GETCHAR

            * * * * * * *   C O D E   M E M O R Y   * * * * * * *
            CODE    0000H     0003H     ABSOLUTE     
            CODE    0003H     0008H     UNIT         ?PR?GETCHAR?UNGETCHAR
            CODE    000BH     0003H     ABSOLUTE     
            CODE    000EH     0022H     UNIT         ?PR?_IDLE?SERIALIZER
            CODE    0030H     0003H     UNIT         ?PR?ENABLE_GENERAL_INT?MAIN
            CODE    0033H     0003H     ABSOLUTE     
            CODE    0036H     0B00H     UNIT         ?C?LIB_CODE
            CODE    0B36H     052AH     UNIT         ?PR?_DELTA_ANGLE?MOTION
            CODE    1060H     0483H     UNIT         ?PR?PRINTF?PRINTF
            CODE    14E3H     035AH     UNIT         ?PR?SCANF?SCANF
            CODE    183DH     0339H     UNIT         ?PR?_MOVE_TO_CMD?COMMANDS
            CODE    1B76H     0319H     UNIT         ?PR?_IDLE_NEXT_STATE?SERIALIZER
BL51 BANKED LINKER/LOCATER V6.22                                                      04/10/2019  12:14:28  PAGE 4


            CODE    1E8FH     02A7H     UNIT         ?PR?_SERIALIZER_PROCESS?SERIALIZER
            CODE    2136H     01C6H     UNIT         ?PR?_PARSE?COMMANDS_PARSER
            CODE    22FCH     01C0H     UNIT         ?C_INITSEG
            CODE    24BCH     01A8H     UNIT         ?PR?_SERVO_MOVE_CMD?COMMANDS
            CODE    2664H     017CH     UNIT         ?PR?_ANGLE_ROTATION_CMD?COMMANDS
            CODE    27E0H     0167H     UNIT         ?PR?_NAVIGATE?SERIALIZER
            CODE    2947H     0154H     UNIT         ?PR?_MOVE_FORWARD_CMD?COMMANDS
            CODE    2A9BH     0154H     UNIT         ?PR?_MOVE_BACKWARD_CMD?COMMANDS
            CODE    2BEFH     013AH     UNIT         ?PR?_COMPLETE_ROTATION_CMD?COMMANDS
            CODE    2D29H     0122H     UNIT         ?PR?ATAN?ATAN
            CODE    2E4BH     0106H     UNIT         ?PR?_EPREUVE_CMD?COMMANDS
            CODE    2F51H     00FEH     UNIT         ?PR?_MOVETO?SERIALIZER
            CODE    304FH     00ECH     UNIT         ?PR?TIMER_0_INT?DISTANCE_DETECTOR
            CODE    313BH     00E6H     UNIT         ?PR??C?ATOF??C?ATOF
            CODE    3221H     00D0H     UNIT         ?PR?_SET_DEFAULT_SPEED_CMD?COMMANDS
            CODE    32F1H     00B1H     UNIT         ?PR?IS_PID_PROCESSING?SERIALIZER
            CODE    33A2H     00ACH     UNIT         ?PR?SQRT?SQRT
            CODE    344EH     00A6H     UNIT         ?PR?_TRANSLATE?SERIALIZER
            CODE    34F4H     00A4H     UNIT         ?PR?_MOVEANGLE?SERIALIZER
            CODE    3598H     009CH     UNIT         ?PR?_WAIT?COMMANDS_PARSER
            CODE    3634H     0097H     UNIT         ?PR?_DD_SLEW_DETECTION?DISTANCE_DETECTOR
            CODE    36CBH     0096H     UNIT         ?PR?_ANGLE_TARGET?MOTION
            CODE    3761H     0094H     UNIT         ?PR?_DD_IDLE?DISTANCE_DETECTOR
            CODE    37F5H     008CH     UNIT         ?C_C51STARTUP
            CODE    3881H     0087H     UNIT         ?PR?_SPI_IDLE?SPI_MASTER
            CODE    3908H     006CH     UNIT         ?PR?_ROTATE?SERIALIZER
            CODE    3974H     0063H     UNIT         ?PR?_SETMOTORS?SERIALIZER
            CODE    39D7H     0062H     UNIT         ?CO?COMMANDS_PARSER
            CODE    3A39H     005BH     UNIT         ?PR?_SERIALIZER_PRINT?SERIALIZER
            CODE    3A94H     0058H     UNIT         ?PR?DD_MESURE?DISTANCE_DETECTOR
            CODE    3AECH     0056H     UNIT         ?PR?_USART_PRINT?COMMANDS_PARSER
            CODE    3B42H     0055H     UNIT         ?PR?_SPI_GET_DATA?SPI_MASTER
            CODE    3B97H     0051H     UNIT         ?PR?_SPI_SET_DATA?SPI_MASTER
            CODE    3BE8H     0050H     UNIT         ?CO?SERIALIZER
            CODE    3C38H     0050H     UNIT         ?PR?DD_START_CONVERSION?DISTANCE_DETECTOR
            CODE    3C88H     004BH     UNIT         ?PR?_CMD_PARSER_PROCESS?COMMANDS_PARSER
            CODE    3CD3H     004BH     UNIT         ?PR?MAIN?MAIN
            CODE    3D1EH     0048H     UNIT         ?PR?_MOVE_STOP_CMD?COMMANDS
            CODE    3D66H     0048H     UNIT         ?PR?_RIGTH_ROTATION_CMD?COMMANDS
            CODE    3DAEH     0048H     UNIT         ?PR?_LEFT_ROTATION_CMD?COMMANDS
            CODE    3DF6H     0048H     UNIT         ?PR?_DETECTE_OBSTACLE?COMMANDS
            CODE    3E3EH     0045H     UNIT         ?PR?_SAFETY_BREAK_CMD?COMMANDS
            CODE    3E83H     0045H     UNIT         ?PR?_DISTANCE_DETECTOR_PROCESS?DISTANCE_DETECTOR
            CODE    3EC8H     0045H     UNIT         ?PR?_SPI_PROCESS?SPI_MASTER
            CODE    3F0DH     0043H     UNIT         ?PR?_GET_COMMAND?COMMANDS_PARSER
            CODE    3F50H     003AH     UNIT         ?PR?_DISTANCE?MOTION
            CODE    3F8AH     0038H     UNIT         ?PR?_DD_MOVE_SERVO_H?DISTANCE_DETECTOR
            CODE    3FC2H     0035H     UNIT         ?PR?_SERIALIZER_RECEIVE?SERIALIZER
            CODE    3FF7H     0032H     UNIT         ?PR?_USART_RECEIVE?COMMANDS_PARSER
            CODE    4029H     0032H     UNIT         ?PR?SPI_INT?SPI_MASTER
            CODE    405BH     0031H     UNIT         ?PR?_SPI_RECEIVE_CHAR?SPI_MASTER
            CODE    408CH     002EH     UNIT         ?PR?_STOP?SERIALIZER
            CODE    40BAH     0029H     UNIT         ?CO?MAIN
            CODE    40E3H     0027H     UNIT         ?PR?_DEFAULT_PROCESS?COMMANDS
            CODE    410AH     0027H     UNIT         ?PR?PUTCHAR?PUTCHAR
            CODE    4131H     0026H     UNIT         ?PR?_EPREUVE_STOP?COMMANDS
            CODE    4157H     0021H     UNIT         ?PR?INIT_PARSER?COMMANDS_PARSER
BL51 BANKED LINKER/LOCATER V6.22                                                      04/10/2019  12:14:28  PAGE 5


            CODE    4178H     001FH     UNIT         ?CO?COMMANDS
            CODE    4197H     001BH     UNIT         ?PR?INIT_SPI?SPI_MASTER
            CODE    41B2H     0019H     UNIT         ?PR?_DD_SET_ANGLE?DISTANCE_DETECTOR
            CODE    41CBH     0018H     UNIT         ?PR?SERIALIZER_INIT_SERIAL?SERIALIZER
            CODE    41E3H     0018H     UNIT         ?PR?SERIALIZER_CLEAR_SERIAL?SERIALIZER
            CODE    41FBH     0016H     UNIT         ?PR?DD_CONFIG_DAC_ADC?DISTANCE_DETECTOR
            CODE    4211H     0015H     UNIT         ?PR?_SERIALIZER_SEND?SERIALIZER
            CODE    4226H     0015H     UNIT         ?PR?_STRLEN?STRLEN
            CODE    423BH     0014H     UNIT         ?PR?_SPI_SEND_CHAR?SPI_MASTER
            CODE    424FH     0014H     UNIT         ?PR?GETCHAR?GETCHAR
            CODE    4263H     0014H     UNIT         ?PR?_ISSPACE?ISSPACE
            CODE    4277H     0012H     UNIT         ?PR?_USART_SEND?COMMANDS_PARSER
            CODE    4289H     0012H     UNIT         ?PR?INIT_SERIALIZER_UART1?SERIALIZER
            CODE    429BH     0012H     UNIT         ?PR?_UART_SEND?SERIALIZER
            CODE    42ADH     0011H     UNIT         ?PR?_SPI_TXRX?SPI_MASTER
            CODE    42BEH     0010H     UNIT         ?PR?VALID_CMD_FLAG?COMMANDS_PARSER
            CODE    42CEH     0010H     UNIT         ?PR?ERROR_CMD_FLAG?COMMANDS_PARSER
            CODE    42DEH     000FH     UNIT         ?PR?INIT_EXTERNAL_CLK?MAIN
            CODE    42EDH     000FH     UNIT         ?PR?DD_INIT_TIMER0?DISTANCE_DETECTOR
            CODE    42FCH     000EH     UNIT         ?PR?INIT_DISTANCE_DETECTOR?DISTANCE_DETECTOR
            CODE    430AH     000AH     UNIT         ?PR?_GETKEY?_GETKEY
            CODE    4314H     0004H     UNIT         ?PR?ENABLE_CROSSBAR?MAIN



OVERLAY MAP OF MODULE:   .\Objects\robot_V1 (?C_STARTUP)


SEGMENT                                             BIT_GROUP          DATA_GROUP          XDATA_GROUP
  +--> CALLED SEGMENT                            START    LENGTH     START    LENGTH     START    LENGTH
--------------------------------------------------------------------------------------------------------
?C_C51STARTUP                                    -----    -----      -----    -----      -----    -----
  +--> ?PR?MAIN?MAIN
  +--> ?C_INITSEG

?PR?MAIN?MAIN                                    -----    -----      -----    -----      -----    -----
  +--> ?PR?INIT_EXTERNAL_CLK?MAIN
  +--> ?PR?INIT_PARSER?COMMANDS_PARSER
  +--> ?PR?INIT_SERIALIZER_UART1?SERIALIZER
  +--> ?PR?INIT_DISTANCE_DETECTOR?DISTANCE_D...
  +--> ?PR?INIT_SPI?SPI_MASTER
  +--> ?PR?ENABLE_CROSSBAR?MAIN
  +--> ?PR?ENABLE_GENERAL_INT?MAIN
  +--> ?CO?MAIN
  +--> ?PR?_USART_PRINT?COMMANDS_PARSER
  +--> ?PR?_SPI_PROCESS?SPI_MASTER

?PR?INIT_DISTANCE_DETECTOR?DISTANCE_D...         -----    -----      -----    -----      -----    -----
  +--> ?PR?DD_CONFIG_DAC_ADC?DISTANCE_DETECTOR
  +--> ?PR?DD_INIT_TIMER0?DISTANCE_DETECTOR

?PR?_USART_PRINT?COMMANDS_PARSER                 -----    -----      -----    -----      -----    -----
  +--> ?PR?_STRLEN?STRLEN
  +--> ?PR?_USART_SEND?COMMANDS_PARSER

?C_INITSEG                                       -----    -----      -----    -----      -----    -----
  +--> ?CO?COMMANDS_PARSER
BL51 BANKED LINKER/LOCATER V6.22                                                      04/10/2019  12:14:28  PAGE 6


  +--> ?PR?_EPREUVE_CMD?COMMANDS
  +--> ?PR?_EPREUVE_STOP?COMMANDS
  +--> ?PR?_SAFETY_BREAK_CMD?COMMANDS
  +--> ?PR?_SET_DEFAULT_SPEED_CMD?COMMANDS
  +--> ?PR?_MOVE_FORWARD_CMD?COMMANDS
  +--> ?PR?_MOVE_BACKWARD_CMD?COMMANDS
  +--> ?PR?_MOVE_STOP_CMD?COMMANDS
  +--> ?PR?_RIGTH_ROTATION_CMD?COMMANDS
  +--> ?PR?_LEFT_ROTATION_CMD?COMMANDS
  +--> ?PR?_COMPLETE_ROTATION_CMD?COMMANDS
  +--> ?PR?_ANGLE_ROTATION_CMD?COMMANDS
  +--> ?PR?_DEFAULT_PROCESS?COMMANDS
  +--> ?PR?_DETECTE_OBSTACLE?COMMANDS
  +--> ?PR?_SERVO_MOVE_CMD?COMMANDS
  +--> ?PR?_WAIT?COMMANDS_PARSER
  +--> ?PR?_GET_COMMAND?COMMANDS_PARSER
  +--> ?CO?MAIN
  +--> ?PR?_IDLE?SERIALIZER
  +--> ?PR?_TRANSLATE?SERIALIZER
  +--> ?PR?_MOVETO?SERIALIZER
  +--> ?PR?_ROTATE?SERIALIZER
  +--> ?PR?_NAVIGATE?SERIALIZER
  +--> ?PR?_STOP?SERIALIZER
  +--> ?PR?_DD_IDLE?DISTANCE_DETECTOR
  +--> ?PR?_DD_MOVE_SERVO_H?DISTANCE_DETECTOR
  +--> ?PR?_DD_SLEW_DETECTION?DISTANCE_DETECTOR
  +--> ?PR?_SPI_IDLE?SPI_MASTER
  +--> ?PR?_SPI_TXRX?SPI_MASTER
  +--> ?PR?_SPI_GET_DATA?SPI_MASTER
  +--> ?PR?_SPI_SET_DATA?SPI_MASTER

?PR?_EPREUVE_CMD?COMMANDS                        -----    -----      -----    -----      -----    -----
  +--> ?CO?COMMANDS
  +--> ?PR?SCANF?SCANF

?PR?SCANF?SCANF                                  0021H.3  0000H.6    0013H    0009H      021DH    002EH
  +--> ?PR?GETCHAR?UNGETCHAR
  +--> ?PR?_ISSPACE?ISSPACE
  +--> ?PR?GETCHAR?GETCHAR
  +--> ?PR??C?ATOF??C?ATOF

?PR?GETCHAR?GETCHAR                              -----    -----      -----    -----      -----    -----
  +--> ?PR?_GETKEY?_GETKEY
  +--> ?PR?PUTCHAR?PUTCHAR

?PR??C?ATOF??C?ATOF                              0022H.1  0000H.5    001CH    0002H      -----    -----

?PR?_SET_DEFAULT_SPEED_CMD?COMMANDS              -----    -----      -----    -----      -----    -----
  +--> ?CO?COMMANDS
  +--> ?PR?SCANF?SCANF

?PR?_MOVE_FORWARD_CMD?COMMANDS                   -----    -----      -----    -----      -----    -----
  +--> ?CO?COMMANDS
  +--> ?PR?SCANF?SCANF

?PR?_MOVE_BACKWARD_CMD?COMMANDS                  -----    -----      -----    -----      -----    -----
  +--> ?CO?COMMANDS
BL51 BANKED LINKER/LOCATER V6.22                                                      04/10/2019  12:14:28  PAGE 7


  +--> ?PR?SCANF?SCANF

?PR?_COMPLETE_ROTATION_CMD?COMMANDS              -----    -----      -----    -----      -----    -----
  +--> ?CO?COMMANDS

?PR?_ANGLE_ROTATION_CMD?COMMANDS                 -----    -----      -----    -----      -----    -----
  +--> ?CO?COMMANDS
  +--> ?PR?SCANF?SCANF

?PR?_SERVO_MOVE_CMD?COMMANDS                     -----    -----      -----    -----      -----    -----
  +--> ?CO?COMMANDS
  +--> ?PR?SCANF?SCANF

?PR?_WAIT?COMMANDS_PARSER                        -----    -----      -----    -----      -----    -----
  +--> ?PR?_USART_RECEIVE?COMMANDS_PARSER
  +--> ?PR?_USART_SEND?COMMANDS_PARSER

?PR?_GET_COMMAND?COMMANDS_PARSER                 -----    -----      -----    -----      -----    -----
  +--> ?PR?_PARSE?COMMANDS_PARSER
  +--> ?PR?ERROR_CMD_FLAG?COMMANDS_PARSER
  +--> ?PR?VALID_CMD_FLAG?COMMANDS_PARSER
  +--> ?PR?_STRLEN?STRLEN

?PR?_PARSE?COMMANDS_PARSER                       -----    -----      -----    -----      -----    -----
  +--> ?CO?COMMANDS_PARSER
  +--> ?PR?_USART_PRINT?COMMANDS_PARSER

?PR?ERROR_CMD_FLAG?COMMANDS_PARSER               -----    -----      -----    -----      -----    -----
  +--> ?PR?_USART_SEND?COMMANDS_PARSER

?PR?VALID_CMD_FLAG?COMMANDS_PARSER               -----    -----      -----    -----      -----    -----
  +--> ?PR?_USART_SEND?COMMANDS_PARSER

?PR?_TRANSLATE?SERIALIZER                        -----    -----      -----    -----      -----    -----
  +--> ?PR?_SETMOTORS?SERIALIZER

?PR?_SETMOTORS?SERIALIZER                        -----    -----      -----    -----      -----    -----
  +--> ?CO?SERIALIZER
  +--> ?PR?PRINTF?PRINTF
  +--> ?PR?_SERIALIZER_PRINT?SERIALIZER
  +--> ?PR?SERIALIZER_CLEAR_SERIAL?SERIALIZER

?PR?PRINTF?PRINTF                                0020H.0  0001H.1    0008H    0005H      01EDH    0030H
  +--> ?PR?PUTCHAR?PUTCHAR

?PR?_SERIALIZER_PRINT?SERIALIZER                 -----    -----      -----    -----      -----    -----
  +--> ?PR?_STRLEN?STRLEN
  +--> ?PR?_SERIALIZER_SEND?SERIALIZER

?PR?SERIALIZER_CLEAR_SERIAL?SERIALIZER           -----    -----      -----    -----      -----    -----
  +--> ?PR?_SERIALIZER_RECEIVE?SERIALIZER

?PR?_MOVETO?SERIALIZER                           -----    -----      -----    -----      -----    -----
  +--> ?PR?_DISTANCE?MOTION
  +--> ?CO?SERIALIZER
  +--> ?PR?PRINTF?PRINTF
  +--> ?PR?_SERIALIZER_PRINT?SERIALIZER
BL51 BANKED LINKER/LOCATER V6.22                                                      04/10/2019  12:14:28  PAGE 8


  +--> ?PR?SERIALIZER_CLEAR_SERIAL?SERIALIZER
  +--> ?PR?IS_PID_PROCESSING?SERIALIZER

?PR?_DISTANCE?MOTION                             -----    -----      -----    -----      -----    -----
  +--> ?PR?SQRT?SQRT

?PR?SQRT?SQRT                                    -----    -----      -----    -----      01EDH    0004H

?PR?IS_PID_PROCESSING?SERIALIZER                 -----    -----      -----    -----      -----    -----
  +--> ?CO?SERIALIZER
  +--> ?PR?_SERIALIZER_PRINT?SERIALIZER
  +--> ?PR?_SERIALIZER_RECEIVE?SERIALIZER
  +--> ?PR?_UART_SEND?SERIALIZER
  +--> ?PR?SCANF?SCANF

?PR?_ROTATE?SERIALIZER                           -----    -----      -----    -----      -----    -----
  +--> ?PR?_MOVEANGLE?SERIALIZER
  +--> ?PR?IS_PID_PROCESSING?SERIALIZER

?PR?_MOVEANGLE?SERIALIZER                        -----    -----      -----    -----      -----    -----
  +--> ?CO?SERIALIZER
  +--> ?PR?PRINTF?PRINTF
  +--> ?PR?_SERIALIZER_PRINT?SERIALIZER
  +--> ?PR?SERIALIZER_CLEAR_SERIAL?SERIALIZER

?PR?_NAVIGATE?SERIALIZER                         -----    -----      -----    -----      -----    -----
  +--> ?CO?SERIALIZER
  +--> ?PR?_ANGLE_TARGET?MOTION
  +--> ?PR?_DELTA_ANGLE?MOTION
  +--> ?PR?_ROTATE?SERIALIZER
  +--> ?PR?_MOVETO?SERIALIZER

?PR?_ANGLE_TARGET?MOTION                         -----    -----      -----    -----      -----    -----
  +--> ?PR?ATAN?ATAN

?PR?ATAN?ATAN                                    0020H.0  0000H.2    -----    -----      01EDH    0004H

?PR?_STOP?SERIALIZER                             -----    -----      -----    -----      -----    -----
  +--> ?CO?SERIALIZER
  +--> ?PR?_SERIALIZER_PRINT?SERIALIZER
  +--> ?PR?SERIALIZER_CLEAR_SERIAL?SERIALIZER

?PR?_DD_MOVE_SERVO_H?DISTANCE_DETECTOR           -----    -----      -----    -----      -----    -----
  +--> ?PR?_DD_SET_ANGLE?DISTANCE_DETECTOR

?PR?_DD_SLEW_DETECTION?DISTANCE_DETECTOR         -----    -----      -----    -----      -----    -----
  +--> ?PR?_DD_SET_ANGLE?DISTANCE_DETECTOR

?PR?_SPI_TXRX?SPI_MASTER                         -----    -----      -----    -----      -----    -----
  +--> ?PR?_SPI_SEND_CHAR?SPI_MASTER

*** NEW ROOT ***************************************************

?PR?_MOVE_TO_CMD?COMMANDS                        -----    -----      -----    -----      -----    -----
  +--> ?CO?COMMANDS
  +--> ?PR?SCANF?SCANF

BL51 BANKED LINKER/LOCATER V6.22                                                      04/10/2019  12:14:28  PAGE 9




UNRESOLVED EXTERNAL SYMBOLS:
   _DD_OBS_DETECTION
   _DD_SINGLE_MEASURE



SYMBOL TABLE OF MODULE:  .\Objects\robot_V1 (?C_STARTUP)

  VALUE           TYPE          NAME
  ----------------------------------

  -------         MODULE        ?C_STARTUP
  C:37F5H         SEGMENT       ?C_C51STARTUP
  I:0023H         SEGMENT       ?STACK
  C:0000H         PUBLIC        ?C_STARTUP
  D:00E0H         SYMBOL        ACC
  D:00F0H         SYMBOL        B
  D:0083H         SYMBOL        DPH
  D:0082H         SYMBOL        DPL
  N:0000H         SYMBOL        IBPSTACK
  N:0100H         SYMBOL        IBPSTACKTOP
  N:0080H         SYMBOL        IDATALEN
  C:37F8H         SYMBOL        IDATALOOP
  N:0000H         SYMBOL        PBPSTACK
  N:0100H         SYMBOL        PBPSTACKTOP
  N:0000H         SYMBOL        PDATALEN
  N:0000H         SYMBOL        PDATASTART
  N:0000H         SYMBOL        PPAGE
  N:0000H         SYMBOL        PPAGEENABLE
  D:00A0H         SYMBOL        PPAGE_SFR
  D:0081H         SYMBOL        SP
  C:37F5H         SYMBOL        STARTUP1
  N:0000H         SYMBOL        XBPSTACK
  N:0000H         SYMBOL        XBPSTACKTOP
  N:0000H         SYMBOL        XDATALEN
  N:0000H         SYMBOL        XDATASTART
  C:0000H         LINE#         126
  C:37F5H         LINE#         133
  C:37F7H         LINE#         134
  C:37F8H         LINE#         135
  C:37F9H         LINE#         136
  C:37FBH         LINE#         186
  C:37FEH         LINE#         197
  -------         ENDMOD        ?C_STARTUP

  -------         MODULE        COMMANDS
  C:0000H         SYMBOL        _ICE_DUMMY_
  C:3D66H         PUBLIC        _rigth_rotation_cmd
  C:3E3EH         PUBLIC        _safety_break_cmd
  C:183DH         PUBLIC        _move_to_cmd
  C:3DF6H         PUBLIC        _detecte_obstacle
  C:2E4BH         PUBLIC        _epreuve_cmd
  C:3DAEH         PUBLIC        _left_rotation_cmd
  C:3221H         PUBLIC        _set_default_speed_cmd
  C:2947H         PUBLIC        _move_forward_cmd
BL51 BANKED LINKER/LOCATER V6.22                                                      04/10/2019  12:14:28  PAGE 10


  C:4131H         PUBLIC        _epreuve_stop
  C:4188H         SYMBOL        _?ix1000
  C:2BEFH         PUBLIC        _complete_rotation_cmd
  C:40E3H         PUBLIC        _default_process
  C:24BCH         PUBLIC        _servo_move_cmd
  C:2A9BH         PUBLIC        _move_backward_cmd
  C:2664H         PUBLIC        _angle_rotation_cmd
  C:3D1EH         PUBLIC        _move_stop_cmd
  -------         PROC          _DEFAULT_PROCESS
  X:0435H         SYMBOL        cmd_packet
  C:40E3H         LINE#         6
  C:40EEH         LINE#         7
  C:40EEH         LINE#         9
  C:4107H         LINE#         11
  C:4109H         LINE#         12
  -------         ENDPROC       _DEFAULT_PROCESS
  -------         PROC          _EPREUVE_CMD
  X:03FFH         SYMBOL        cmd_packet
  -------         DO            
  X:0402H         SYMBOL        epreuve_index
  -------         ENDDO         
  C:2E4BH         LINE#         18
  C:2E56H         LINE#         19
  C:2E56H         LINE#         20
  C:2E5FH         LINE#         23
  C:2E7AH         LINE#         24
  C:2E7AH         LINE#         25
  C:2E7DH         LINE#         26
  C:2E7DH         LINE#         29
  C:2E9AH         LINE#         30
  C:2E9AH         LINE#         32
  C:2EE7H         LINE#         33
  C:2EE7H         LINE#         34
  C:2EEAH         LINE#         35
  C:2EEAH         LINE#         38
  C:2F10H         LINE#         39
  C:2F10H         LINE#         40
  C:2F13H         LINE#         41
  C:2F13H         LINE#         43
  C:2F33H         LINE#         44
  C:2F35H         LINE#         46
  C:2F35H         LINE#         47
  C:2F4EH         LINE#         48
  C:2F4EH         LINE#         49
  C:2F50H         LINE#         50
  -------         ENDPROC       _EPREUVE_CMD
  -------         PROC          _EPREUVE_STOP
  X:0438H         SYMBOL        cmd_packet
  C:4131H         LINE#         52
  C:413CH         LINE#         53
  C:413CH         LINE#         55
  C:4154H         LINE#         57
  C:4156H         LINE#         58
  -------         ENDPROC       _EPREUVE_STOP
  -------         PROC          _SAFETY_BREAK_CMD
  X:043BH         SYMBOL        cmd_packet
  C:3E3EH         LINE#         61
BL51 BANKED LINKER/LOCATER V6.22                                                      04/10/2019  12:14:28  PAGE 11


  C:3E49H         LINE#         62
  C:3E49H         LINE#         64
  C:3E64H         LINE#         65
  C:3E64H         LINE#         66
  C:3E67H         LINE#         67
  C:3E67H         LINE#         69
  C:3E80H         LINE#         71
  C:3E82H         LINE#         72
  -------         ENDPROC       _SAFETY_BREAK_CMD
  -------         PROC          _SET_DEFAULT_SPEED_CMD
  X:0404H         SYMBOL        cmd_packet
  -------         DO            
  X:0407H         SYMBOL        motor_speed
  -------         ENDDO         
  C:3221H         LINE#         74
  C:322CH         LINE#         75
  C:322CH         LINE#         76
  C:3235H         LINE#         79
  C:324FH         LINE#         80
  C:324FH         LINE#         81
  C:3252H         LINE#         82
  C:3252H         LINE#         85
  C:329FH         LINE#         86
  C:329FH         LINE#         87
  C:32A2H         LINE#         88
  C:32A2H         LINE#         91
  C:32C5H         LINE#         92
  C:32C5H         LINE#         93
  C:32C8H         LINE#         94
  C:32C8H         LINE#         96
  C:32EEH         LINE#         98
  C:32F0H         LINE#         99
  -------         ENDPROC       _SET_DEFAULT_SPEED_CMD
  -------         PROC          _MOVE_FORWARD_CMD
  X:0409H         SYMBOL        cmd_packet
  -------         DO            
  X:040CH         SYMBOL        motor_speed
  -------         ENDDO         
  C:2947H         LINE#         101
  C:2952H         LINE#         102
  C:2952H         LINE#         103
  C:295BH         LINE#         105
  C:2976H         LINE#         106
  C:2976H         LINE#         107
  C:2979H         LINE#         108
  C:2979H         LINE#         110
  C:2998H         LINE#         112
  C:29B5H         LINE#         113
  C:29B5H         LINE#         115
  C:2A00H         LINE#         116
  C:2A00H         LINE#         117
  C:2A03H         LINE#         118
  C:2A03H         LINE#         121
  C:2A26H         LINE#         122
  C:2A26H         LINE#         123
  C:2A29H         LINE#         124
  C:2A29H         LINE#         126
BL51 BANKED LINKER/LOCATER V6.22                                                      04/10/2019  12:14:28  PAGE 12


  C:2A4FH         LINE#         127
  C:2A51H         LINE#         128
  C:2A72H         LINE#         129
  C:2A72H         LINE#         130
  C:2A98H         LINE#         131
  C:2A98H         LINE#         132
  C:2A98H         LINE#         133
  C:2A9AH         LINE#         134
  -------         ENDPROC       _MOVE_FORWARD_CMD
  -------         PROC          _MOVE_BACKWARD_CMD
  X:040EH         SYMBOL        cmd_packet
  -------         DO            
  X:0411H         SYMBOL        motor_speed
  -------         ENDDO         
  C:2A9BH         LINE#         136
  C:2AA6H         LINE#         137
  C:2AA6H         LINE#         138
  C:2AAFH         LINE#         140
  C:2ACAH         LINE#         141
  C:2ACAH         LINE#         142
  C:2ACDH         LINE#         143
  C:2ACDH         LINE#         145
  C:2AECH         LINE#         147
  C:2B09H         LINE#         148
  C:2B09H         LINE#         150
  C:2B54H         LINE#         151
  C:2B54H         LINE#         152
  C:2B57H         LINE#         153
  C:2B57H         LINE#         156
  C:2B7AH         LINE#         157
  C:2B7AH         LINE#         158
  C:2B7DH         LINE#         159
  C:2B7DH         LINE#         161
  C:2BA3H         LINE#         162
  C:2BA5H         LINE#         163
  C:2BC6H         LINE#         164
  C:2BC6H         LINE#         165
  C:2BECH         LINE#         166
  C:2BECH         LINE#         167
  C:2BECH         LINE#         168
  C:2BEEH         LINE#         169
  -------         ENDPROC       _MOVE_BACKWARD_CMD
  -------         PROC          _MOVE_STOP_CMD
  X:043EH         SYMBOL        cmd_packet
  C:3D1EH         LINE#         171
  C:3D29H         LINE#         172
  C:3D29H         LINE#         173
  C:3D41H         LINE#         174
  C:3D41H         LINE#         175
  C:3D44H         LINE#         176
  C:3D44H         LINE#         177
  C:3D63H         LINE#         178
  C:3D65H         LINE#         179
  -------         ENDPROC       _MOVE_STOP_CMD
  -------         PROC          _RIGTH_ROTATION_CMD
  X:0441H         SYMBOL        cmd_packet
  C:3D66H         LINE#         181
BL51 BANKED LINKER/LOCATER V6.22                                                      04/10/2019  12:14:28  PAGE 13


  C:3D71H         LINE#         182
  C:3D71H         LINE#         183
  C:3D89H         LINE#         184
  C:3D89H         LINE#         185
  C:3D8CH         LINE#         186
  C:3D8CH         LINE#         188
  C:3DABH         LINE#         189
  C:3DADH         LINE#         190
  -------         ENDPROC       _RIGTH_ROTATION_CMD
  -------         PROC          _LEFT_ROTATION_CMD
  X:0444H         SYMBOL        cmd_packet
  C:3DAEH         LINE#         192
  C:3DB9H         LINE#         193
  C:3DB9H         LINE#         194
  C:3DD1H         LINE#         195
  C:3DD1H         LINE#         196
  C:3DD4H         LINE#         197
  C:3DD4H         LINE#         199
  C:3DF3H         LINE#         200
  C:3DF5H         LINE#         201
  -------         ENDPROC       _LEFT_ROTATION_CMD
  -------         PROC          _COMPLETE_ROTATION_CMD
  X:0447H         SYMBOL        cmd_packet
  C:2BEFH         LINE#         203
  C:2BFAH         LINE#         204
  C:2BFAH         LINE#         205
  C:2C15H         LINE#         206
  C:2C15H         LINE#         207
  C:2C18H         LINE#         208
  C:2C18H         LINE#         210
  C:2C35H         LINE#         211
  C:2C35H         LINE#         213
  C:2C9DH         LINE#         215
  C:2C9DH         LINE#         216
  C:2CC0H         LINE#         217
  C:2CC0H         LINE#         218
  C:2CC0H         LINE#         219
  C:2CDFH         LINE#         220
  C:2CE1H         LINE#         221
  C:2CE1H         LINE#         222
  C:2D00H         LINE#         223
  C:2D02H         LINE#         224
  C:2D02H         LINE#         225
  C:2D04H         LINE#         226
  C:2D07H         LINE#         227
  C:2D07H         LINE#         229
  C:2D07H         LINE#         230
  C:2D26H         LINE#         231
  C:2D26H         LINE#         232
  C:2D28H         LINE#         233
  -------         ENDPROC       _COMPLETE_ROTATION_CMD
  -------         PROC          _ANGLE_ROTATION_CMD
  X:0413H         SYMBOL        cmd_packet
  -------         DO            
  X:0416H         SYMBOL        angle
  -------         ENDDO         
  C:2664H         LINE#         235
BL51 BANKED LINKER/LOCATER V6.22                                                      04/10/2019  12:14:28  PAGE 14


  C:266FH         LINE#         236
  C:266FH         LINE#         237
  C:2677H         LINE#         239
  C:2691H         LINE#         240
  C:2691H         LINE#         241
  C:2694H         LINE#         242
  C:2694H         LINE#         244
  C:26FFH         LINE#         246
  C:26FFH         LINE#         247
  C:2722H         LINE#         248
  C:2722H         LINE#         249
  C:2722H         LINE#         250
  C:2741H         LINE#         251
  C:2743H         LINE#         252
  C:2743H         LINE#         253
  C:2762H         LINE#         254
  C:2762H         LINE#         255
  C:2762H         LINE#         257
  C:27ADH         LINE#         258
  C:27ADH         LINE#         259
  C:27B0H         LINE#         260
  C:27B0H         LINE#         262
  C:27D8H         LINE#         263
  C:27DAH         LINE#         264
  C:27DDH         LINE#         265
  C:27DDH         LINE#         266
  C:27DFH         LINE#         267
  -------         ENDPROC       _ANGLE_ROTATION_CMD
  -------         PROC          _MOVE_TO_CMD
  X:036BH         SYMBOL        cmd_packet
  -------         DO            
  X:036EH         SYMBOL        i
  X:036FH         SYMBOL        j
  X:0370H         SYMBOL        params
  X:037FH         SYMBOL        angle
  X:0381H         SYMBOL        x
  X:0383H         SYMBOL        y
  X:0385H         SYMBOL        param_find
  X:0386H         SYMBOL        str
  -------         ENDDO         
  C:183DH         LINE#         277
  C:1848H         LINE#         278
  C:1848H         LINE#         279
  C:1852H         LINE#         280
  C:1877H         LINE#         281
  C:188FH         LINE#         282
  C:1894H         LINE#         283
  C:18A5H         LINE#         287
  C:18BFH         LINE#         288
  C:18BFH         LINE#         289
  C:18C2H         LINE#         290
  C:18C2H         LINE#         293
  C:18D5H         LINE#         294
  C:18D5H         LINE#         295
  C:1911H         LINE#         298
  C:1924H         LINE#         299
  C:1924H         LINE#         300
BL51 BANKED LINKER/LOCATER V6.22                                                      04/10/2019  12:14:28  PAGE 15


  C:1962H         LINE#         301
  C:1962H         LINE#         302
  C:1978H         LINE#         303
  C:1978H         LINE#         304
  C:1978H         LINE#         305
  C:19E1H         LINE#         306
  C:19E1H         LINE#         307
  C:19E4H         LINE#         308
  C:19E4H         LINE#         309
  C:19E4H         LINE#         311
  C:19E4H         LINE#         312
  C:1A4AH         LINE#         313
  C:1A4AH         LINE#         314
  C:1A4DH         LINE#         315
  C:1A4DH         LINE#         316
  C:1A4DH         LINE#         318
  C:1A4DH         LINE#         319
  C:1AB3H         LINE#         320
  C:1AB3H         LINE#         321
  C:1AB6H         LINE#         322
  C:1AB6H         LINE#         323
  C:1AB6H         LINE#         325
  C:1AB6H         LINE#         326
  C:1ABCH         LINE#         327
  C:1ABEH         LINE#         328
  C:1ABEH         LINE#         329
  C:1AC7H         LINE#         331
  C:1ACFH         LINE#         332
  C:1ACFH         LINE#         333
  C:1AD2H         LINE#         334
  C:1AD2H         LINE#         335
  C:1AD7H         LINE#         336
  C:1AD7H         LINE#         338
  C:1AE0H         LINE#         340
  C:1B08H         LINE#         341
  C:1B2EH         LINE#         342
  C:1B54H         LINE#         343
  C:1B73H         LINE#         344
  C:1B75H         LINE#         345
  -------         ENDPROC       _MOVE_TO_CMD
  -------         PROC          _DETECTE_OBSTACLE
  X:044AH         SYMBOL        cmd_packet
  C:3DF6H         LINE#         347
  C:3E01H         LINE#         348
  C:3E01H         LINE#         349
  C:3E19H         LINE#         350
  C:3E19H         LINE#         351
  C:3E1CH         LINE#         352
  C:3E1CH         LINE#         354
  C:3E3BH         LINE#         355
  C:3E3DH         LINE#         356
  -------         ENDPROC       _DETECTE_OBSTACLE
  -------         PROC          _SERVO_MOVE_CMD
  X:0418H         SYMBOL        cmd_packet
  -------         DO            
  X:041BH         SYMBOL        angle
  -------         ENDDO         
BL51 BANKED LINKER/LOCATER V6.22                                                      04/10/2019  12:14:28  PAGE 16


  C:24BCH         LINE#         358
  C:24C7H         LINE#         359
  C:24C7H         LINE#         360
  C:24D0H         LINE#         362
  C:24EBH         LINE#         363
  C:24EBH         LINE#         364
  C:24EEH         LINE#         365
  C:24EEH         LINE#         367
  C:2556H         LINE#         369
  C:2556H         LINE#         370
  C:2579H         LINE#         371
  C:2579H         LINE#         372
  C:2579H         LINE#         373
  C:2598H         LINE#         374
  C:259AH         LINE#         375
  C:259AH         LINE#         376
  C:25B9H         LINE#         377
  C:25B9H         LINE#         378
  C:25B9H         LINE#         380
  C:25B9H         LINE#         382
  C:25EDH         LINE#         383
  C:25EDH         LINE#         384
  C:2638H         LINE#         385
  C:2638H         LINE#         386
  C:263BH         LINE#         387
  C:263BH         LINE#         389
  C:2661H         LINE#         390
  C:2661H         LINE#         392
  C:2663H         LINE#         393
  -------         ENDPROC       _SERVO_MOVE_CMD
  -------         ENDMOD        COMMANDS

  -------         MODULE        COMMANDS_PARSER
  C:0000H         SYMBOL        _ICE_DUMMY_
  B:0098H.7       PUBLIC        SM00
  D:0090H         PUBLIC        P1
  B:0098H.6       PUBLIC        SM10
  C:3F0DH         PUBLIC        _get_command
  D:00E8H         PUBLIC        ADC0CN
  C:3C88H         PUBLIC        _cmd_parser_process
  D:00A4H         PUBLIC        P0MDOUT
  X:0000H         PUBLIC        current_state
  D:00A8H         PUBLIC        IE
  B:0098H.4       PUBLIC        REN0
  D:00D8H         PUBLIC        PCA0CN
  D:00B8H         PUBLIC        IP
  D:00E1H         PUBLIC        XBR0
  C:2136H         PUBLIC        _parse
  C:4277H         PUBLIC        _USART_send
  C:3AECH         PUBLIC        _USART_print
  D:00CBH         PUBLIC        RCAP2H
  D:00C0H         PUBLIC        SMB0CN
  C:42BEH         PUBLIC        valid_cmd_flag
  D:00CAH         PUBLIC        RCAP2L
  C:4157H         PUBLIC        init_parser
  D:00F8H         PUBLIC        SPI0CN
  D:0088H         PUBLIC        TCON
BL51 BANKED LINKER/LOCATER V6.22                                                      04/10/2019  12:14:28  PAGE 17


  C:3598H         PUBLIC        _wait
  C:42CEH         PUBLIC        error_cmd_flag
  X:0001H         PUBLIC        dispatch_table
  X:00A3H         PUBLIC        raw_data
  B:0098H.0       PUBLIC        RI0
  B:0098H.1       PUBLIC        TI0
  B:00C8H.2       PUBLIC        TR2
  C:3FF7H         PUBLIC        _USART_receive
  B:00C8H.5       PUBLIC        RCLK0
  B:00C8H.4       PUBLIC        TCLK0
  D:0099H         PUBLIC        SBUF0
  D:0098H         PUBLIC        SCON0
  D:00C8H         PUBLIC        T2CON
  D:008EH         PUBLIC        CKCON
  X:0107H         PUBLIC        full_state_machine
  X:0113H         PUBLIC        buffer_index
  D:00D0H         PUBLIC        PSW
  -------         PROC          INIT_PARSER
  C:4157H         LINE#         85
  C:4157H         LINE#         86
  C:4157H         LINE#         89
  C:4159H         LINE#         90
  C:415BH         LINE#         91
  C:415DH         LINE#         94
  C:4160H         LINE#         97
  C:4163H         LINE#         101
  C:4166H         LINE#         105
  C:4169H         LINE#         106
  C:416BH         LINE#         107
  C:416DH         LINE#         108
  C:4170H         LINE#         109
  C:4173H         LINE#         110
  C:4175H         LINE#         112
  C:4177H         LINE#         113
  -------         ENDPROC       INIT_PARSER
  -------         PROC          _USART_RECEIVE
  X:044DH         SYMBOL        read_byte
  C:3FF7H         LINE#         115
  C:4002H         LINE#         116
  C:4002H         LINE#         117
  C:4005H         LINE#         118
  C:4005H         LINE#         119
  C:4015H         LINE#         120
  C:4017H         LINE#         121
  C:4018H         LINE#         122
  C:4028H         LINE#         123
  C:4028H         LINE#         124
  -------         ENDPROC       _USART_RECEIVE
  -------         PROC          _USART_SEND
  X:0481H         SYMBOL        ch
  C:4277H         LINE#         126
  C:427CH         LINE#         127
  C:427CH         LINE#         128
  C:4283H         LINE#         129
  C:4286H         LINE#         130
  C:4288H         LINE#         131
  -------         ENDPROC       _USART_SEND
BL51 BANKED LINKER/LOCATER V6.22                                                      04/10/2019  12:14:28  PAGE 18


  -------         PROC          _USART_PRINT
  X:041DH         SYMBOL        str
  -------         DO            
  X:0420H         SYMBOL        i
  -------         ENDDO         
  C:3AECH         LINE#         141
  C:3AF7H         LINE#         142
  C:3AF7H         LINE#         143
  C:3AFCH         LINE#         144
  C:3B1DH         LINE#         145
  C:3B1DH         LINE#         146
  C:3B39H         LINE#         147
  C:3B41H         LINE#         148
  -------         ENDPROC       _USART_PRINT
  -------         PROC          _CMD_PARSER_PROCESS
  X:0450H         SYMBOL        result
  C:3C88H         LINE#         152
  C:3C93H         LINE#         153
  C:3C93H         LINE#         167
  C:3CA6H         LINE#         168
  C:3CA6H         LINE#         169
  C:3CA6H         LINE#         170
  C:3CB4H         LINE#         171
  C:3CB5H         LINE#         172
  C:3CB5H         LINE#         173
  C:3CC3H         LINE#         174
  C:3CC4H         LINE#         175
  C:3CC4H         LINE#         176
  C:3CD2H         LINE#         177
  C:3CD2H         LINE#         179
  C:3CD2H         LINE#         181
  -------         ENDPROC       _CMD_PARSER_PROCESS
  -------         PROC          _WAIT
  X:0421H         SYMBOL        parser_result
  -------         DO            
  X:0424H         SYMBOL        read_byte
  -------         ENDDO         
  C:3598H         LINE#         183
  C:35A3H         LINE#         184
  C:35A3H         LINE#         185
  C:35A9H         LINE#         188
  C:35B2H         LINE#         191
  C:35C8H         LINE#         194
  C:35D2H         LINE#         195
  C:35DBH         LINE#         196
  C:35DBH         LINE#         199
  C:35F1H         LINE#         200
  C:35F7H         LINE#         202
  C:3608H         LINE#         203
  C:360EH         LINE#         204
  C:360FH         LINE#         205
  C:3617H         LINE#         206
  C:362DH         LINE#         207
  C:3633H         LINE#         208
  C:3633H         LINE#         209
  C:3633H         LINE#         210
  -------         ENDPROC       _WAIT
BL51 BANKED LINKER/LOCATER V6.22                                                      04/10/2019  12:14:28  PAGE 19


  -------         PROC          _GET_COMMAND
  X:0453H         SYMBOL        parser_result
  C:3F0DH         LINE#         213
  C:3F18H         LINE#         214
  C:3F18H         LINE#         216
  C:3F29H         LINE#         217
  C:3F29H         LINE#         219
  C:3F2CH         LINE#         220
  C:3F2EH         LINE#         221
  C:3F31H         LINE#         222
  C:3F31H         LINE#         225
  C:3F45H         LINE#         226
  C:3F4AH         LINE#         228
  C:3F4FH         LINE#         229
  -------         ENDPROC       _GET_COMMAND
  -------         PROC          _PARSE
  X:0114H         SYMBOL        parser_result
  -------         DO            
  X:0117H         SYMBOL        commands_data
  X:01DFH         SYMBOL        data_index
  X:01E0H         SYMBOL        ptr
  X:01E1H         SYMBOL        reading_ptr
  X:01E2H         SYMBOL        ret
  X:01E3H         SYMBOL        c
  X:01E4H         SYMBOL        i
  X:01E5H         SYMBOL        run
  X:01E6H         SYMBOL        cmd_packet
  -------         ENDDO         
  C:2136H         LINE#         232
  C:2141H         LINE#         233
  C:2141H         LINE#         237
  C:2150H         LINE#         238
  C:2155H         LINE#         239
  C:215FH         LINE#         240
  C:2165H         LINE#         249
  C:2170H         LINE#         250
  C:2170H         LINE#         251
  C:2186H         LINE#         254
  C:219CH         LINE#         255
  C:219CH         LINE#         256
  C:219CH         LINE#         259
  C:21A2H         LINE#         260
  C:21A7H         LINE#         261
  C:21A9H         LINE#         263
  C:21A9H         LINE#         266
  C:21AFH         LINE#         267
  C:21B4H         LINE#         268
  C:21B6H         LINE#         271
  C:21B6H         LINE#         274
  C:21BBH         LINE#         275
  C:21BDH         LINE#         277
  C:21BDH         LINE#         278
  C:21E6H         LINE#         279
  C:21ECH         LINE#         280
  C:21ECH         LINE#         282
  C:21F2H         LINE#         283
  C:21F5H         LINE#         287
BL51 BANKED LINKER/LOCATER V6.22                                                      04/10/2019  12:14:28  PAGE 20


  C:2206H         LINE#         288
  C:2210H         LINE#         289
  C:222FH         LINE#         293
  C:2244H         LINE#         294
  C:2244H         LINE#         295
  C:2287H         LINE#         296
  C:2287H         LINE#         298
  C:22C8H         LINE#         299
  C:22C8H         LINE#         300
  C:22CEH         LINE#         301
  C:22D0H         LINE#         302
  C:22D9H         LINE#         303
  C:22DEH         LINE#         304
  C:22DEH         LINE#         311
  C:22DEH         LINE#         312
  C:22E7H         LINE#         315
  C:22F6H         LINE#         319
  C:22FBH         LINE#         320
  -------         ENDPROC       _PARSE
  -------         PROC          VALID_CMD_FLAG
  C:42BEH         LINE#         322
  C:42BEH         LINE#         323
  C:42BEH         LINE#         324
  C:42C3H         LINE#         325
  C:42C8H         LINE#         326
  C:42CDH         LINE#         327
  -------         ENDPROC       VALID_CMD_FLAG
  -------         PROC          ERROR_CMD_FLAG
  C:42CEH         LINE#         329
  C:42CEH         LINE#         330
  C:42CEH         LINE#         331
  C:42D3H         LINE#         332
  C:42D8H         LINE#         333
  C:42DDH         LINE#         334
  -------         ENDPROC       ERROR_CMD_FLAG
  -------         ENDMOD        COMMANDS_PARSER

  -------         MODULE        MAIN
  C:0000H         SYMBOL        _ICE_DUMMY_
  D:0090H         PUBLIC        P1
  B:00A8H.7       PUBLIC        EA
  D:00E8H         PUBLIC        ADC0CN
  D:00A8H         PUBLIC        IE
  X:024BH         PUBLIC        parser_result
  D:00D8H         PUBLIC        PCA0CN
  D:00B8H         PUBLIC        IP
  D:00FFH         PUBLIC        Reg
  D:00E3H         PUBLIC        XBR2
  X:0252H         PUBLIC        informations
  X:026CH         PUBLIC        dd_packet
  D:00C0H         PUBLIC        SMB0CN
  C:3CD3H         PUBLIC        main
  X:0277H         PUBLIC        spi_packet
  D:00F8H         PUBLIC        SPI0CN
  D:0088H         PUBLIC        TCON
  C:0030H         PUBLIC        enable_general_Int
  D:00B2H         PUBLIC        OSCICN
BL51 BANKED LINKER/LOCATER V6.22                                                      04/10/2019  12:14:28  PAGE 21


  D:00B1H         PUBLIC        OSCXCN
  X:0288H         PUBLIC        commands
  C:42DEH         PUBLIC        Init_External_clk
  D:0098H         PUBLIC        SCON0
  D:00C8H         PUBLIC        T2CON
  C:4314H         PUBLIC        Enable_Crossbar
  D:008EH         PUBLIC        CKCON
  D:00D0H         PUBLIC        PSW
  -------         PROC          INIT_EXTERNAL_CLK
  C:42DEH         LINE#         97
  C:42DEH         LINE#         98
  C:42DEH         LINE#         100
  C:42E1H         LINE#         101
  C:42E6H         LINE#         104
  C:42E9H         LINE#         106
  C:42ECH         LINE#         107
  -------         ENDPROC       INIT_EXTERNAL_CLK
  -------         PROC          ENABLE_CROSSBAR
  C:4314H         LINE#         109
  C:4314H         LINE#         110
  C:4314H         LINE#         112
  C:4317H         LINE#         113
  -------         ENDPROC       ENABLE_CROSSBAR
  -------         PROC          ENABLE_GENERAL_INT
  C:0030H         LINE#         115
  C:0030H         LINE#         116
  C:0030H         LINE#         117
  C:0032H         LINE#         118
  -------         ENDPROC       ENABLE_GENERAL_INT
  -------         PROC          MAIN
  -------         DO            
  X:03B9H         SYMBOL        mes
  X:03C3H         SYMBOL        f
  X:03C7H         SYMBOL        angle
  X:03C9H         SYMBOL        ij
  -------         ENDDO         
  C:3CD3H         LINE#         122
  C:3CD3H         LINE#         123
  C:3CD3H         LINE#         125
  C:3CDDH         LINE#         126
  C:3CE6H         LINE#         127
  C:3CEEH         LINE#         130
  C:3CF1H         LINE#         131
  C:3CF4H         LINE#         134
  C:3CF7H         LINE#         137
  C:3CFAH         LINE#         140
  C:3CFDH         LINE#         142
  C:3D00H         LINE#         144
  C:3D03H         LINE#         146
  C:3D06H         LINE#         148
  C:3D09H         LINE#         213
  C:3D12H         LINE#         214
  C:3D12H         LINE#         215
  C:3D12H         LINE#         216
  C:3D1BH         LINE#         225
  -------         ENDPROC       MAIN
  -------         ENDMOD        MAIN
BL51 BANKED LINKER/LOCATER V6.22                                                      04/10/2019  12:14:28  PAGE 22



  -------         MODULE        SERIALIZER
  C:0000H         SYMBOL        _ICE_DUMMY_
  X:0328H         PUBLIC        serializer_state_machine
  D:0090H         PUBLIC        P1
  X:0340H         PUBLIC        is_processing
  X:0341H         PUBLIC        robot_position
  C:3FC2H         PUBLIC        _serializer_receive
  D:00E8H         PUBLIC        ADC0CN
  D:00A8H         PUBLIC        IE
  C:41E3H         PUBLIC        serializer_clear_serial
  C:3908H         PUBLIC        _rotate
  D:00D8H         PUBLIC        PCA0CN
  D:00B8H         PUBLIC        IP
  D:00E3H         PUBLIC        XBR2
  C:000EH         PUBLIC        _idle
  C:34F4H         PUBLIC        _moveAngle
  D:00E5H         PUBLIC        RCAP4H
  D:00C0H         PUBLIC        SMB0CN
  C:1E8FH         PUBLIC        _serializer_process
  C:4289H         PUBLIC        init_serializer_UART1
  D:00E4H         PUBLIC        RCAP4L
  D:00F8H         PUBLIC        SPI0CN
  D:0088H         PUBLIC        TCON
  X:0346H         PUBLIC        pids_timer
  C:41CBH         PUBLIC        serializer_init_serial
  C:32F1H         PUBLIC        is_PID_processing
  C:3C2EH         SYMBOL        _?ix1000
  C:3C33H         SYMBOL        _?ix1001
  X:0348H         PUBLIC        serializer_state
  C:1B76H         PUBLIC        _idle_next_state
  C:408CH         PUBLIC        _stop
  C:429BH         PUBLIC        _UART_send
  B:0098H.1       PUBLIC        TI0
  C:4211H         PUBLIC        _serializer_send
  C:3A39H         PUBLIC        _serializer_print
  C:27E0H         PUBLIC        _navigate
  C:344EH         PUBLIC        _translate
  C:3974H         PUBLIC        _setMotors
  D:0099H         PUBLIC        SBUF0
  D:00F2H         PUBLIC        SBUF1
  D:0098H         PUBLIC        SCON0
  D:00F1H         PUBLIC        SCON1
  D:00C8H         PUBLIC        T2CON
  D:00C9H         PUBLIC        T4CON
  X:0349H         PUBLIC        is_navigating
  D:00D0H         PUBLIC        PSW
  C:2F51H         PUBLIC        _moveTo
  -------         PROC          INIT_SERIALIZER_UART1
  C:4289H         LINE#         37
  C:4289H         LINE#         38
  C:4289H         LINE#         41
  C:428CH         LINE#         45
  C:428FH         LINE#         48
  C:4292H         LINE#         50
  C:4295H         LINE#         51
  C:4298H         LINE#         53
BL51 BANKED LINKER/LOCATER V6.22                                                      04/10/2019  12:14:28  PAGE 23


  C:429AH         LINE#         54
  -------         ENDPROC       INIT_SERIALIZER_UART1
  -------         PROC          _SERIALIZER_RECEIVE
  X:0456H         SYMBOL        read_byte
  C:3FC2H         LINE#         56
  C:3FCDH         LINE#         57
  C:3FCDH         LINE#         58
  C:3FD2H         LINE#         59
  C:3FD2H         LINE#         60
  C:3FE2H         LINE#         61
  C:3FE5H         LINE#         62
  C:3FE6H         LINE#         63
  C:3FF6H         LINE#         64
  C:3FF6H         LINE#         65
  -------         ENDPROC       _SERIALIZER_RECEIVE
  -------         PROC          _SERIALIZER_SEND
  X:0482H         SYMBOL        ch
  C:4211H         LINE#         67
  C:4216H         LINE#         68
  C:4216H         LINE#         69
  C:421DH         LINE#         70
  C:4222H         LINE#         71
  C:4225H         LINE#         72
  -------         ENDPROC       _SERIALIZER_SEND
  -------         PROC          _UART_SEND
  X:0483H         SYMBOL        ch
  C:429BH         LINE#         74
  C:42A0H         LINE#         75
  C:42A0H         LINE#         76
  C:42A7H         LINE#         77
  C:42AAH         LINE#         78
  C:42ACH         LINE#         79
  -------         ENDPROC       _UART_SEND
  -------         PROC          _SERIALIZER_PRINT
  X:0425H         SYMBOL        str
  -------         DO            
  X:0428H         SYMBOL        i
  -------         ENDDO         
  C:3A39H         LINE#         81
  C:3A44H         LINE#         82
  C:3A44H         LINE#         83
  C:3A49H         LINE#         84
  C:3A6AH         LINE#         85
  C:3A6AH         LINE#         87
  C:3A86H         LINE#         88
  C:3A8EH         LINE#         90
  C:3A93H         LINE#         92
  -------         ENDPROC       _SERIALIZER_PRINT
  -------         PROC          SERIALIZER_INIT_SERIAL
  -------         DO            
  X:0484H         SYMBOL        c
  -------         ENDDO         
  C:41CBH         LINE#         94
  C:41CBH         LINE#         95
  C:41CBH         LINE#         96
  C:41D0H         LINE#         98
  C:41D0H         LINE#         99
BL51 BANKED LINKER/LOCATER V6.22                                                      04/10/2019  12:14:28  PAGE 24


  C:41D9H         LINE#         101
  C:41E2H         LINE#         103
  -------         ENDPROC       SERIALIZER_INIT_SERIAL
  -------         PROC          SERIALIZER_CLEAR_SERIAL
  -------         DO            
  X:0485H         SYMBOL        c
  -------         ENDDO         
  C:41E3H         LINE#         105
  C:41E3H         LINE#         106
  C:41E3H         LINE#         107
  C:41E8H         LINE#         110
  C:41E8H         LINE#         111
  C:41F1H         LINE#         113
  C:41FAH         LINE#         115
  -------         ENDPROC       SERIALIZER_CLEAR_SERIAL
  -------         PROC          _SERIALIZER_PROCESS
  X:03CBH         SYMBOL        parser
  -------         DO            
  X:03CEH         SYMBOL        pts
  -------         ENDDO         
  C:1E8FH         LINE#         124
  C:1E9AH         LINE#         125
  C:1E9AH         LINE#         126
  C:1EBFH         LINE#         129
  C:1EE1H         LINE#         130
  C:1EE1H         LINE#         131
  C:1EE7H         LINE#         132
  C:1EECH         LINE#         133
  C:1F0AH         LINE#         134
  C:1F0DH         LINE#         135
  C:1F31H         LINE#         136
  C:1F31H         LINE#         138
  C:1F50H         LINE#         139
  C:1F50H         LINE#         140
  C:1F50H         LINE#         141
  C:1F84H         LINE#         142
  C:1F87H         LINE#         144
  C:1F87H         LINE#         145
  C:1F90H         LINE#         146
  C:1F90H         LINE#         147
  C:1F96H         LINE#         148
  C:1F99H         LINE#         150
  C:1F99H         LINE#         151
  C:1F9FH         LINE#         152
  C:1F9FH         LINE#         153
  C:1FA2H         LINE#         155
  C:1FA2H         LINE#         157
  C:1FABH         LINE#         158
  C:1FABH         LINE#         159
  C:1FB1H         LINE#         160
  C:1FB4H         LINE#         162
  C:1FB4H         LINE#         163
  C:1FBAH         LINE#         164
  C:1FBAH         LINE#         165
  C:1FBDH         LINE#         167
  C:1FBDH         LINE#         168
  C:1FC6H         LINE#         169
BL51 BANKED LINKER/LOCATER V6.22                                                      04/10/2019  12:14:28  PAGE 25


  C:1FC6H         LINE#         170
  C:1FCCH         LINE#         171
  C:1FCFH         LINE#         173
  C:1FCFH         LINE#         174
  C:1FEEH         LINE#         175
  C:200CH         LINE#         176
  C:2034H         LINE#         177
  C:2057H         LINE#         178
  C:207AH         LINE#         179
  C:209DH         LINE#         180
  C:20A2H         LINE#         181
  C:20A2H         LINE#         182
  C:20A4H         LINE#         184
  C:20A4H         LINE#         185
  C:20ADH         LINE#         186
  C:20ADH         LINE#         187
  C:20B3H         LINE#         188
  C:20B5H         LINE#         190
  C:20B5H         LINE#         191
  C:20BBH         LINE#         192
  C:20BBH         LINE#         193
  C:20BDH         LINE#         195
  C:20BDH         LINE#         196
  C:20C5H         LINE#         197
  C:20C5H         LINE#         198
  C:20CAH         LINE#         199
  C:20E8H         LINE#         200
  C:20EAH         LINE#         201
  C:20EAH         LINE#         202
  C:20F0H         LINE#         203
  C:20F0H         LINE#         204
  C:20F2H         LINE#         206
  C:20F2H         LINE#         207
  C:20F8H         LINE#         208
  C:20FAH         LINE#         210
  C:20FAH         LINE#         212
  C:20FCH         LINE#         213
  C:2101H         LINE#         214
  C:2101H         LINE#         216
  C:2135H         LINE#         217
  -------         ENDPROC       _SERIALIZER_PROCESS
  -------         PROC          _IDLE_NEXT_STATE
  X:03F3H         SYMBOL        cmd
  X:03F6H         SYMBOL        pts
  C:1B76H         LINE#         219
  C:1B81H         LINE#         220
  C:1B81H         LINE#         221
  C:1BBCH         LINE#         222
  C:1BBCH         LINE#         223
  C:1BBCH         LINE#         224
  C:1BC2H         LINE#         225
  C:1BD2H         LINE#         226
  C:1BFCH         LINE#         227
  C:1BFDH         LINE#         229
  C:1BFDH         LINE#         230
  C:1C03H         LINE#         231
  C:1C13H         LINE#         232
BL51 BANKED LINKER/LOCATER V6.22                                                      04/10/2019  12:14:28  PAGE 26


  C:1C3DH         LINE#         233
  C:1C3EH         LINE#         235
  C:1C3EH         LINE#         236
  C:1C44H         LINE#         237
  C:1C53H         LINE#         238
  C:1C68H         LINE#         240
  C:1C69H         LINE#         242
  C:1C69H         LINE#         243
  C:1C6FH         LINE#         244
  C:1C88H         LINE#         245
  C:1C9EH         LINE#         246
  C:1C9FH         LINE#         248
  C:1C9FH         LINE#         249
  C:1CA5H         LINE#         250
  C:1CBDH         LINE#         251
  C:1CD3H         LINE#         252
  C:1CD4H         LINE#         254
  C:1CD4H         LINE#         255
  C:1CDAH         LINE#         256
  C:1CF3H         LINE#         257
  C:1D09H         LINE#         258
  C:1D0AH         LINE#         260
  C:1D0AH         LINE#         261
  C:1D10H         LINE#         262
  C:1D28H         LINE#         263
  C:1D3EH         LINE#         264
  C:1D3FH         LINE#         266
  C:1D3FH         LINE#         267
  C:1D45H         LINE#         268
  C:1D7AH         LINE#         269
  C:1D90H         LINE#         270
  C:1D91H         LINE#         272
  C:1D91H         LINE#         273
  C:1D97H         LINE#         274
  C:1DC5H         LINE#         275
  C:1DDBH         LINE#         276
  C:1DDCH         LINE#         278
  C:1DDCH         LINE#         279
  C:1DE2H         LINE#         280
  C:1E10H         LINE#         281
  C:1E34H         LINE#         282
  C:1E5EH         LINE#         283
  C:1E88H         LINE#         284
  C:1E89H         LINE#         286
  C:1E89H         LINE#         287
  C:1E8EH         LINE#         288
  C:1E8EH         LINE#         289
  C:1E8EH         LINE#         291
  -------         ENDPROC       _IDLE_NEXT_STATE
  -------         PROC          _IDLE
  X:0459H         SYMBOL        pts
  C:000EH         LINE#         293
  C:0019H         LINE#         294
  C:0019H         LINE#         296
  C:002FH         LINE#         299
  -------         ENDPROC       _IDLE
  -------         PROC          _TRANSLATE
BL51 BANKED LINKER/LOCATER V6.22                                                      04/10/2019  12:14:28  PAGE 27


  X:0429H         SYMBOL        pts
  -------         DO            
  X:042CH         SYMBOL        speed
  -------         ENDDO         
  C:344EH         LINE#         302
  C:3459H         LINE#         303
  C:3459H         LINE#         304
  C:345FH         LINE#         306
  C:346AH         LINE#         307
  C:346AH         LINE#         308
  C:3482H         LINE#         309
  C:3482H         LINE#         310
  C:349CH         LINE#         311
  C:349CH         LINE#         313
  C:34EDH         LINE#         314
  C:34F3H         LINE#         315
  C:34F3H         LINE#         317
  -------         ENDPROC       _TRANSLATE
  -------         PROC          _ROTATE
  X:042DH         SYMBOL        pts
  -------         DO            
  X:0430H         SYMBOL        sens
  -------         ENDDO         
  C:3908H         LINE#         319
  C:3913H         LINE#         320
  C:3913H         LINE#         321
  C:3918H         LINE#         323
  C:3920H         LINE#         324
  C:3920H         LINE#         327
  C:393AH         LINE#         328
  C:3940H         LINE#         329
  C:3941H         LINE#         330
  C:3941H         LINE#         332
  C:3954H         LINE#         333
  C:3954H         LINE#         334
  C:395CH         LINE#         335
  C:3964H         LINE#         336
  C:3965H         LINE#         337
  C:3965H         LINE#         338
  C:3973H         LINE#         339
  C:3973H         LINE#         340
  C:3973H         LINE#         341
  -------         ENDPROC       _ROTATE
  -------         PROC          _NAVIGATE
  X:03D3H         SYMBOL        pts
  -------         DO            
  X:0325H         SYMBOL        navigation_step
  X:0326H         SYMBOL        target_angle
  X:03D6H         SYMBOL        temp_pts
  -------         ENDDO         
  C:27E0H         LINE#         343
  C:27EBH         LINE#         344
  C:27EBH         LINE#         347
  C:2810H         LINE#         349
  C:2829H         LINE#         350
  C:2829H         LINE#         351
  C:2829H         LINE#         353
BL51 BANKED LINKER/LOCATER V6.22                                                      04/10/2019  12:14:28  PAGE 28


  C:282FH         LINE#         354
  C:283FH         LINE#         355
  C:2855H         LINE#         356
  C:2884H         LINE#         357
  C:28B2H         LINE#         359
  C:28B8H         LINE#         360
  C:28BEH         LINE#         361
  C:28C7H         LINE#         362
  C:28C8H         LINE#         364
  C:28C8H         LINE#         370
  C:28CEH         LINE#         371
  C:28D4H         LINE#         372
  C:28DAH         LINE#         373
  C:28E0H         LINE#         374
  C:28E6H         LINE#         375
  C:28EFH         LINE#         376
  C:28F0H         LINE#         378
  C:28F0H         LINE#         379
  C:291EH         LINE#         380
  C:2924H         LINE#         381
  C:292AH         LINE#         382
  C:2933H         LINE#         383
  C:2934H         LINE#         385
  C:2934H         LINE#         386
  C:2939H         LINE#         387
  C:293EH         LINE#         388
  C:2946H         LINE#         389
  C:2946H         LINE#         391
  C:2946H         LINE#         394
  -------         ENDPROC       _NAVIGATE
  -------         PROC          _SETMOTORS
  X:0389H         SYMBOL        mtr_speed_1
  X:038BH         SYMBOL        mtr_speed_2
  -------         DO            
  X:038DH         SYMBOL        cmd
  -------         ENDDO         
  C:3974H         LINE#         396
  C:3984H         LINE#         397
  C:3984H         LINE#         400
  C:39CAH         LINE#         402
  C:39D3H         LINE#         404
  C:39D6H         LINE#         405
  -------         ENDPROC       _SETMOTORS
  -------         PROC          _MOVETO
  X:02D1H         SYMBOL        pts
  -------         DO            
  X:02D4H         SYMBOL        cmd
  X:02FCH         SYMBOL        distance_in_tick
  -------         ENDDO         
  C:2F51H         LINE#         407
  C:2F5CH         LINE#         408
  C:2F5CH         LINE#         410
  C:2F64H         LINE#         412
  C:2F6FH         LINE#         413
  C:2F6FH         LINE#         414
  C:2FA1H         LINE#         415
  C:2FC3H         LINE#         419
BL51 BANKED LINKER/LOCATER V6.22                                                      04/10/2019  12:14:28  PAGE 29


  C:3009H         LINE#         421
  C:3012H         LINE#         422
  C:3015H         LINE#         424
  C:301BH         LINE#         425
  C:301CH         LINE#         426
  C:301CH         LINE#         428
  C:302FH         LINE#         429
  C:302FH         LINE#         430
  C:3037H         LINE#         431
  C:303FH         LINE#         432
  C:3040H         LINE#         433
  C:3040H         LINE#         434
  C:304EH         LINE#         435
  C:304EH         LINE#         436
  C:304EH         LINE#         437
  -------         ENDPROC       _MOVETO
  -------         PROC          _MOVEANGLE
  X:02A3H         SYMBOL        angle
  -------         DO            
  X:02A5H         SYMBOL        cmd
  X:02CDH         SYMBOL        distance_in_tick
  X:02CFH         SYMBOL        r_dist
  -------         ENDDO         
  C:34F4H         LINE#         439
  C:34FCH         LINE#         440
  C:34FCH         LINE#         442
  C:350CH         LINE#         444
  C:352EH         LINE#         446
  C:3545H         LINE#         448
  C:358BH         LINE#         449
  C:3594H         LINE#         450
  C:3597H         LINE#         453
  -------         ENDPROC       _MOVEANGLE
  -------         PROC          _STOP
  X:045CH         SYMBOL        pts
  C:408CH         LINE#         455
  C:4097H         LINE#         456
  C:4097H         LINE#         458
  C:40ADH         LINE#         460
  C:40B6H         LINE#         461
  C:40B9H         LINE#         463
  -------         ENDPROC       _STOP
  -------         PROC          IS_PID_PROCESSING
  -------         DO            
  X:03A1H         SYMBOL        result
  X:03B5H         SYMBOL        pid_state
  X:03B7H         SYMBOL        ptr
  X:03B8H         SYMBOL        c
  -------         ENDDO         
  C:32F1H         LINE#         521
  C:32F1H         LINE#         522
  C:32F1H         LINE#         524
  C:32FAH         LINE#         525
  C:32FFH         LINE#         526
  C:3304H         LINE#         528
  C:330DH         LINE#         531
  C:330DH         LINE#         532
BL51 BANKED LINKER/LOCATER V6.22                                                      04/10/2019  12:14:28  PAGE 30


  C:3316H         LINE#         533
  C:3320H         LINE#         534
  C:3320H         LINE#         535
  C:333CH         LINE#         536
  C:3342H         LINE#         537
  C:334AH         LINE#         538
  C:334AH         LINE#         539
  C:3353H         LINE#         541
  C:338AH         LINE#         543
  C:3399H         LINE#         545
  C:33A1H         LINE#         546
  -------         ENDPROC       IS_PID_PROCESSING
  -------         ENDMOD        SERIALIZER

  -------         MODULE        MOTION
  C:0000H         SYMBOL        _ICE_DUMMY_
  C:3F50H         PUBLIC        _distance
  C:36CBH         PUBLIC        _angle_target
  C:0B36H         PUBLIC        _delta_angle
  -------         PROC          _ANGLE_TARGET
  X:03DBH         SYMBOL        x_target
  X:03DCH         SYMBOL        y_target
  -------         DO            
  X:03DDH         SYMBOL        f_angle
  X:03E1H         SYMBOL        angle
  -------         ENDDO         
  C:36CBH         LINE#         5
  C:36D5H         LINE#         6
  C:36D5H         LINE#         7
  C:36DFH         LINE#         8
  C:36E7H         LINE#         10
  C:3715H         LINE#         11
  C:373FH         LINE#         13
  C:3758H         LINE#         15
  C:3760H         LINE#         16
  -------         ENDPROC       _ANGLE_TARGET
  -------         PROC          _DELTA_ANGLE
  X:03E3H         SYMBOL        alpha
  X:03E6H         SYMBOL        beta
  -------         DO            
  X:03E9H         SYMBOL        angle
  -------         ENDDO         
  C:0B36H         LINE#         19
  C:0B41H         LINE#         20
  C:0B41H         LINE#         21
  C:0B49H         LINE#         42
  C:0B79H         LINE#         43
  C:0B79H         LINE#         44
  C:0BABH         LINE#         45
  C:0BABH         LINE#         46
  C:0BE5H         LINE#         47
  C:0BE5H         LINE#         48
  C:0C8FH         LINE#         49
  C:0C92H         LINE#         50
  C:0C92H         LINE#         51
  C:0D4CH         LINE#         52
  C:0D4CH         LINE#         53
BL51 BANKED LINKER/LOCATER V6.22                                                      04/10/2019  12:14:28  PAGE 31


  C:0D4FH         LINE#         55
  C:0D4FH         LINE#         56
  C:0D89H         LINE#         57
  C:0D89H         LINE#         58
  C:0E3AH         LINE#         59
  C:0E3DH         LINE#         60
  C:0E3DH         LINE#         61
  C:0EF0H         LINE#         62
  C:0EF0H         LINE#         63
  C:0EF0H         LINE#         64
  C:0EF3H         LINE#         65
  C:0EF3H         LINE#         66
  C:0F25H         LINE#         67
  C:0F25H         LINE#         68
  C:0FB9H         LINE#         69
  C:0FBCH         LINE#         71
  C:0FBCH         LINE#         72
  C:1057H         LINE#         73
  C:1057H         LINE#         74
  C:1057H         LINE#         76
  C:105FH         LINE#         77
  -------         ENDPROC       _DELTA_ANGLE
  -------         PROC          _DISTANCE
  X:047DH         SYMBOL        x
  X:047EH         SYMBOL        y
  C:3F50H         LINE#         79
  C:3F5AH         LINE#         80
  C:3F5AH         LINE#         82
  C:3F89H         LINE#         83
  -------         ENDPROC       _DISTANCE
  -------         ENDMOD        MOTION

  -------         MODULE        DISTANCE_DETECTOR
  C:0000H         SYMBOL        _ICE_DUMMY_
  D:0090H         PUBLIC        P1
  D:00BCH         PUBLIC        ADC0CF
  B:00A8H.7       PUBLIC        EA
  C:42FCH         PUBLIC        Init_distance_detector
  C:3C38H         PUBLIC        dd_start_conversion
  D:00E8H         PUBLIC        ADC0CN
  D:00D4H         PUBLIC        DAC0CN
  C:3634H         PUBLIC        _dd_slew_detection
  D:00A5H         PUBLIC        P1MDOUT
  D:00A8H         PUBLIC        IE
  B:0090H.2       PUBLIC        P1_2
  C:42EDH         PUBLIC        dd_init_timer0
  D:00D8H         PUBLIC        PCA0CN
  D:00B8H         PUBLIC        IP
  X:0353H         PUBLIC        dd_full_state_machine
  D:00D1H         PUBLIC        REF0CN
  B:00E8H.5       PUBLIC        AD0INT
  D:00C0H         PUBLIC        SMB0CN
  D:00F8H         PUBLIC        SPI0CN
  D:0089H         PUBLIC        TMOD
  D:0088H         PUBLIC        TCON
  X:0367H         PUBLIC        dd_current_state
  D:00BBH         PUBLIC        AMX0SL
BL51 BANKED LINKER/LOCATER V6.22                                                      04/10/2019  12:14:28  PAGE 32


  C:3F8AH         PUBLIC        _dd_move_servo_h
  C:3A94H         PUBLIC        dd_mesure
  X:0368H         PUBLIC        servo_angle_H
  C:3761H         PUBLIC        _dd_idle
  B:00A8H.1       PUBLIC        ET0
  D:008CH         PUBLIC        TH0
  D:008AH         PUBLIC        TL0
  B:0088H.4       PUBLIC        TR0
  C:304FH         PUBLIC        timer_0_int
  C:41B2H         PUBLIC        _dd_set_angle
  D:0098H         PUBLIC        SCON0
  D:00C8H         PUBLIC        T2CON
  X:036AH         PUBLIC        pwn_over
  C:3E83H         PUBLIC        _distance_detector_process
  C:41FBH         PUBLIC        dd_config_DAC_ADC
  D:00BEH         PUBLIC        ADC0
  B:00E8H.4       PUBLIC        AD0BUSY
  D:00D0H         PUBLIC        PSW
  -------         PROC          TIMER_0_INT
  -------         DO            
  X:034AH         SYMBOL        nbr_interrupt
  X:034BH         SYMBOL        high
  X:0431H         SYMBOL        duree_imp
  X:0433H         SYMBOL        reload_value
  -------         ENDDO         
  C:304FH         LINE#         41
  C:3066H         LINE#         46
  C:306EH         LINE#         47
  C:3076H         LINE#         49
  C:3095H         LINE#         51
  C:3097H         LINE#         53
  C:309FH         LINE#         54
  C:309FH         LINE#         55
  C:30BFH         LINE#         56
  C:30C5H         LINE#         57
  C:30C7H         LINE#         59
  C:30E7H         LINE#         60
  C:30ECH         LINE#         61
  C:30ECH         LINE#         62
  C:30F6H         LINE#         63
  C:3106H         LINE#         65
  C:3111H         LINE#         66
  C:3111H         LINE#         67
  C:3113H         LINE#         68
  C:3118H         LINE#         69
  C:311EH         LINE#         70
  C:3120H         LINE#         72
  C:3120H         LINE#         73
  C:3126H         LINE#         74
  C:3126H         LINE#         75
  -------         ENDPROC       TIMER_0_INT
  -------         PROC          INIT_DISTANCE_DETECTOR
  C:42FCH         LINE#         90
  C:42FCH         LINE#         91
  C:42FCH         LINE#         92
  C:42FFH         LINE#         102
  C:4302H         LINE#         104
[...]
  C:420DH         LINE#         133
  C:4210H         LINE#         134
  -------         ENDPROC       DD_CONFIG_DAC_ADC
  -------         PROC          _DISTANCE_DETECTOR_PROCESS
  X:045FH         SYMBOL        dd_packet
  C:3E83H         LINE#         143
  C:3E8EH         LINE#         144
  C:3E8EH         LINE#         145
  C:3EC7H         LINE#         146
  -------         ENDPROC       _DISTANCE_DETECTOR_PROCESS
  -------         PROC          _DD_IDLE
  X:0462H         SYMBOL        dd_packet
  C:3761H         LINE#         149
  C:376CH         LINE#         150
  C:376CH         LINE#         151
  C:3787H         LINE#         152
  C:3787H         LINE#         153
  C:37ADH         LINE#         154
  C:37ADH         LINE#         155
  C:37ADH         LINE#         156
  C:37B3H         LINE#         157
  C:37B4H         LINE#         159
  C:37B4H         LINE#         161
  C:37B4H         LINE#         163
  C:37B4H         LINE#         164
  C:37B9H         LINE#         165
  C:37B9H         LINE#         166
  C:37BAH         LINE#         168
  C:37BAH         LINE#         169
  C:37D6H         LINE#         170
  C:37D6H         LINE#         171
  C:37DCH         LINE#         172
  C:37F4H         LINE#         173
  C:37F4H         LINE#         174
  C:37F4H         LINE#         176
BL51 BANKED LINKER/LOCATER V6.22                                                      04/10/2019  12:14:28  PAGE 34


  -------         ENDPROC       _DD_IDLE
  -------         PROC          _DD_MOVE_SERVO_H
  X:0465H         SYMBOL        dd_packet
  C:3F8AH         LINE#         178
  C:3F95H         LINE#         179
  C:3F95H         LINE#         180
  C:3FB5H         LINE#         181
  C:3FBAH         LINE#         182
  C:3FBCH         LINE#         183
  C:3FC1H         LINE#         184
  -------         ENDPROC       _DD_MOVE_SERVO_H
  -------         PROC          _DD_SLEW_DETECTION
  X:0468H         SYMBOL        dd_packet
  -------         DO            
  X:034CH         SYMBOL        step
  X:034DH         SYMBOL        delta_angle
  X:034EH         SYMBOL        smallest_measure
  X:0352H         SYMBOL        angle_obs
  -------         ENDDO         
  C:3634H         LINE#         186
  C:363FH         LINE#         187
  C:363FH         LINE#         193
  C:3652H         LINE#         194
  C:3652H         LINE#         195
  C:3652H         LINE#         196
  C:3659H         LINE#         197
  C:3672H         LINE#         198
  C:3678H         LINE#         199
  C:3679H         LINE#         200
  C:3679H         LINE#         201
  C:3697H         LINE#         202
  C:36A4H         LINE#         203
  C:36ADH         LINE#         204
  C:36ADH         LINE#         205
  C:36B3H         LINE#         206
  C:36B3H         LINE#         207
  C:36B9H         LINE#         208
  C:36BAH         LINE#         209
  C:36BAH         LINE#         210
  C:36C0H         LINE#         211
  C:36C5H         LINE#         212
  C:36CAH         LINE#         213
  C:36CAH         LINE#         214
  C:36CAH         LINE#         215
  -------         ENDPROC       _DD_SLEW_DETECTION
  -------         PROC          _DD_SET_ANGLE
  X:047FH         SYMBOL        angle
  C:41B2H         LINE#         217
  C:41BAH         LINE#         218
  C:41BAH         LINE#         219
  C:41CAH         LINE#         220
  -------         ENDPROC       _DD_SET_ANGLE
  -------         PROC          DD_MESURE
  -------         DO            
  X:03EBH         SYMBOL        d
  X:03EFH         SYMBOL        V_mes
  -------         ENDDO         
BL51 BANKED LINKER/LOCATER V6.22                                                      04/10/2019  12:14:28  PAGE 35


  C:3A94H         LINE#         223
  C:3A94H         LINE#         229
  C:3A97H         LINE#         230
  C:3A9AH         LINE#         232
  C:3AB3H         LINE#         235
  C:3ADDH         LINE#         238
  C:3AEBH         LINE#         240
  -------         ENDPROC       DD_MESURE
  -------         PROC          DD_START_CONVERSION
  -------         DO            
  X:03F9H         SYMBOL        conv
  X:03FDH         SYMBOL        j
  -------         ENDDO         
  C:3C38H         LINE#         243
  C:3C38H         LINE#         246
  C:3C3AH         LINE#         247
  C:3C3CH         LINE#         248
  C:3C3FH         LINE#         249
  C:3C41H         LINE#         251
  C:3C6AH         LINE#         253
  C:3C6CH         LINE#         254
  C:3C6EH         LINE#         255
  C:3C77H         LINE#         256
  C:3C79H         LINE#         258
  C:3C87H         LINE#         259
  -------         ENDPROC       DD_START_CONVERSION
  -------         ENDMOD        DISTANCE_DETECTOR

  -------         MODULE        SPI_MASTER
  C:0000H         SYMBOL        _ICE_DUMMY_
  D:009DH         PUBLIC        SPI0CKR
  D:0090H         PUBLIC        P1
  X:02FEH         PUBLIC        spi_data_in
  X:0308H         PUBLIC        spi_data_out
  D:00E6H         PUBLIC        EIE1
  C:42ADH         PUBLIC        _spi_txrx
  D:00E8H         PUBLIC        ADC0CN
  D:00A4H         PUBLIC        P0MDOUT
  X:0312H         PUBLIC        spi_state_machine
  D:00A5H         PUBLIC        P1MDOUT
  D:00A8H         PUBLIC        IE
  C:405BH         PUBLIC        _spi_receive_char
  D:00D8H         PUBLIC        PCA0CN
  D:00B8H         PUBLIC        IP
  B:00F8H.3       PUBLIC        TXBSY
  D:00E1H         PUBLIC        XBR0
  D:00C0H         PUBLIC        SMB0CN
  D:00F8H         PUBLIC        SPI0CN
  C:3EC8H         PUBLIC        _spi_process
  B:00F8H.7       PUBLIC        SPIF
  D:0088H         PUBLIC        TCON
  B:00F8H.6       PUBLIC        WCOL
  X:0322H         PUBLIC        spi_data_in_ptr
  X:0323H         PUBLIC        spi_data_out_ptr
  C:3881H         PUBLIC        _spi_idle
  X:0324H         PUBLIC        spi_state
  C:423BH         PUBLIC        _spi_send_char
BL51 BANKED LINKER/LOCATER V6.22                                                      04/10/2019  12:14:28  PAGE 36


  C:4197H         PUBLIC        Init_SPI
  D:0098H         PUBLIC        SCON0
  B:0090H.0       PUBLIC        slave_selector
  D:00C8H         PUBLIC        T2CON
  C:3B42H         PUBLIC        _spi_get_data
  D:009AH         PUBLIC        SPI0CFG
  D:009BH         PUBLIC        SPI0DAT
  C:3B97H         PUBLIC        _spi_set_data
  C:4029H         PUBLIC        spi_int
  D:00D0H         PUBLIC        PSW
  -------         PROC          SPI_INT
  C:4029H         LINE#         45
  C:4036H         LINE#         48
  C:4038H         LINE#         51
  C:404AH         LINE#         53
  C:4050H         LINE#         55
  -------         ENDPROC       SPI_INT
  -------         PROC          INIT_SPI
  C:4197H         LINE#         63
  C:4197H         LINE#         64
  C:4197H         LINE#         70
  C:419AH         LINE#         74
  C:419DH         LINE#         75
  C:41A0H         LINE#         76
  C:41A3H         LINE#         78
  C:41A6H         LINE#         79
  C:41A9H         LINE#         80
  C:41ACH         LINE#         82
  C:41AEH         LINE#         84
  C:41B1H         LINE#         85
  -------         ENDPROC       INIT_SPI
  -------         PROC          _SPI_SEND_CHAR
  X:0486H         SYMBOL        a
  C:423BH         LINE#         93
  C:4240H         LINE#         94
  C:4242H         LINE#         96
  C:4249H         LINE#         98
  C:424CH         LINE#         101
  C:424EH         LINE#         102
  -------         ENDPROC       _SPI_SEND_CHAR
  -------         PROC          _SPI_RECEIVE_CHAR
  X:046BH         SYMBOL        read_byte
  C:405BH         LINE#         104
  C:4066H         LINE#         105
  C:4066H         LINE#         106
  C:4069H         LINE#         107
  C:4069H         LINE#         108
  C:4079H         LINE#         109
  C:407BH         LINE#         110
  C:407CH         LINE#         111
  C:408BH         LINE#         112
  C:408BH         LINE#         113
  -------         ENDPROC       _SPI_RECEIVE_CHAR
  -------         PROC          _SPI_PROCESS
  X:046EH         SYMBOL        spi_packet
  C:3EC8H         LINE#         116
  C:3ED3H         LINE#         117
BL51 BANKED LINKER/LOCATER V6.22                                                      04/10/2019  12:14:28  PAGE 37


  C:3ED3H         LINE#         118
  C:3F0CH         LINE#         119
  -------         ENDPROC       _SPI_PROCESS
  -------         PROC          _SPI_IDLE
  X:0471H         SYMBOL        spi_packet
  C:3881H         LINE#         121
  C:388CH         LINE#         122
  C:388CH         LINE#         124
  C:3891H         LINE#         125
  C:3891H         LINE#         126
  C:3901H         LINE#         130
  C:3901H         LINE#         131
  C:3907H         LINE#         132
  C:3907H         LINE#         133
  C:3907H         LINE#         134
  -------         ENDPROC       _SPI_IDLE
  -------         PROC          _SPI_TXRX
  X:0474H         SYMBOL        spi_packet
  C:42ADH         LINE#         136
  C:42B8H         LINE#         137
  C:42B8H         LINE#         138
  C:42BDH         LINE#         152
  -------         ENDPROC       _SPI_TXRX
  -------         PROC          _SPI_GET_DATA
  X:0477H         SYMBOL        spi_packet
  C:3B42H         LINE#         155
  C:3B4DH         LINE#         156
  C:3B4DH         LINE#         158
  C:3B63H         LINE#         160
  C:3B75H         LINE#         161
  C:3B87H         LINE#         162
  C:3B8CH         LINE#         163
  C:3B91H         LINE#         165
  C:3B96H         LINE#         166
  -------         ENDPROC       _SPI_GET_DATA
  -------         PROC          _SPI_SET_DATA
  X:047AH         SYMBOL        spi_packet
  C:3B97H         LINE#         168
  C:3BA2H         LINE#         169
  C:3BA2H         LINE#         171
  C:3BA8H         LINE#         172
  C:3BAEH         LINE#         173
  C:3BB4H         LINE#         174
  C:3BBAH         LINE#         175
  C:3BC0H         LINE#         176
  C:3BC6H         LINE#         177
  C:3BCCH         LINE#         178
  C:3BD2H         LINE#         179
  C:3BD8H         LINE#         180
  C:3BDEH         LINE#         183
  C:3BE1H         LINE#         184
  C:3BE7H         LINE#         186
  -------         ENDPROC       _SPI_SET_DATA
  -------         ENDMOD        SPI_MASTER

  -------         MODULE        ?C?FPADD
  C:003DH         PUBLIC        ?C?FPADD
BL51 BANKED LINKER/LOCATER V6.22                                                      04/10/2019  12:14:28  PAGE 38


  C:0039H         PUBLIC        ?C?FPSUB
  -------         ENDMOD        ?C?FPADD

  -------         MODULE        ?C?FPMUL
  C:012EH         PUBLIC        ?C?FPMUL
  -------         ENDMOD        ?C?FPMUL

  -------         MODULE        ?C?FPDIV
  C:0237H         PUBLIC        ?C?FPDIV
  -------         ENDMOD        ?C?FPDIV

  -------         MODULE        ?C?FCAST
  C:02DEH         PUBLIC        ?C?FCASTC
  C:02D9H         PUBLIC        ?C?FCASTI
  C:02D4H         PUBLIC        ?C?FCASTL
  -------         ENDMOD        ?C?FCAST

  -------         MODULE        ?C?CASTF
  C:0312H         PUBLIC        ?C?CASTF
  -------         ENDMOD        ?C?CASTF

  -------         MODULE        PRINTF
  X:01EDH         PUBLIC        ?_PRINTF?BYTE
  X:01EDH         PUBLIC        ?_SPRINTF?BYTE
  C:10CBH         PUBLIC        _PRINTF
  C:10C5H         PUBLIC        _SPRINTF
  -------         ENDMOD        PRINTF

  -------         MODULE        SCANF
  X:021DH         PUBLIC        ?_SCANF?BYTE
  X:021DH         PUBLIC        ?_SSCANF?BYTE
  C:1570H         PUBLIC        _SCANF
  C:156CH         PUBLIC        _SSCANF
  -------         ENDMOD        SCANF

  -------         MODULE        SQRT
  C:33A6H         PUBLIC        _SQRT
  -------         ENDMOD        SQRT

  -------         MODULE        ATAN
  C:2D49H         PUBLIC        _ATAN
  -------         ENDMOD        ATAN

  -------         MODULE        ?C?FPROUND
  C:0393H         PUBLIC        ?C?FPROUND
  -------         ENDMOD        ?C?FPROUND

  -------         MODULE        ?C?FPCONVERT
  C:03D0H         PUBLIC        ?C?FPCONVERT
  -------         ENDMOD        ?C?FPCONVERT

  -------         MODULE        ?C?FPNEG
  C:0522H         PUBLIC        ?C?FPNEG
  -------         ENDMOD        ?C?FPNEG

  -------         MODULE        ?C?FTNPWR
  C:0563H         PUBLIC        ?C?FTNPWR
BL51 BANKED LINKER/LOCATER V6.22                                                      04/10/2019  12:14:28  PAGE 39


  -------         ENDMOD        ?C?FTNPWR

  -------         MODULE        ?C?COPY
  C:0673H         PUBLIC        ?C?COPY
  -------         ENDMOD        ?C?COPY

  -------         MODULE        ?C?CLDPTR
  C:0699H         PUBLIC        ?C?CLDPTR
  -------         ENDMOD        ?C?CLDPTR

  -------         MODULE        ?C?CLDOPTR
  C:06B2H         PUBLIC        ?C?CLDOPTR
  -------         ENDMOD        ?C?CLDOPTR

  -------         MODULE        ?C?CSTPTR
  C:06DFH         PUBLIC        ?C?CSTPTR
  -------         ENDMOD        ?C?CSTPTR

  -------         MODULE        ?C?CSTOPTR
  C:06F1H         PUBLIC        ?C?CSTOPTR
  -------         ENDMOD        ?C?CSTOPTR

  -------         MODULE        ?C?IMUL
  C:0713H         PUBLIC        ?C?IMUL
  -------         ENDMOD        ?C?IMUL

  -------         MODULE        ?C?ILDPTR
  C:0725H         PUBLIC        ?C?ILDPTR
  -------         ENDMOD        ?C?ILDPTR

  -------         MODULE        ?C?ILDOPTR
  C:0750H         PUBLIC        ?C?ILDOPTR
  -------         ENDMOD        ?C?ILDOPTR

  -------         MODULE        ?C?ISTPTR
  C:0788H         PUBLIC        ?C?ISTPTR
  -------         ENDMOD        ?C?ISTPTR

  -------         MODULE        ?C?ISTOPTR
  C:07A7H         PUBLIC        ?C?ISTOPTR
  -------         ENDMOD        ?C?ISTOPTR

  -------         MODULE        ?C?LNEG
  C:07D4H         PUBLIC        ?C?LNEG
  -------         ENDMOD        ?C?LNEG

  -------         MODULE        ?C?LSTPTR
  C:07E2H         PUBLIC        ?C?LSTPTR
  -------         ENDMOD        ?C?LSTPTR

  -------         MODULE        ?C?LLDXDATA
  C:07FCH         PUBLIC        ?C?LLDXDATA
  -------         ENDMOD        ?C?LLDXDATA

  -------         MODULE        ?C?LLDCODE
  C:0808H         PUBLIC        ?C?LLDCODE
  -------         ENDMOD        ?C?LLDCODE
BL51 BANKED LINKER/LOCATER V6.22                                                      04/10/2019  12:14:28  PAGE 40



  -------         MODULE        ?C?LLDXDATA0
  C:0818H         PUBLIC        ?C?LLDXDATA0
  -------         ENDMOD        ?C?LLDXDATA0

  -------         MODULE        ?C?LLDCODE0
  C:0824H         PUBLIC        ?C?LLDCODE0
  -------         ENDMOD        ?C?LLDCODE0

  -------         MODULE        ?C?LSTXDATA
  C:0834H         PUBLIC        ?C?LSTXDATA
  -------         ENDMOD        ?C?LSTXDATA

  -------         MODULE        ?C?LSTKXDATA
  C:0840H         PUBLIC        ?C?LSTKXDATA
  -------         ENDMOD        ?C?LSTKXDATA

  -------         MODULE        ?C?OFFXADD
  C:0871H         PUBLIC        ?C?OFFXADD
  -------         ENDMOD        ?C?OFFXADD

  -------         MODULE        ?C?PLDXDATA
  C:087DH         PUBLIC        ?C?PLDXDATA
  -------         ENDMOD        ?C?PLDXDATA

  -------         MODULE        ?C?PLDIXDATA
  C:0886H         PUBLIC        ?C?PLDIXDATA
  -------         ENDMOD        ?C?PLDIXDATA

  -------         MODULE        ?C?PILDXDATA
  C:089DH         PUBLIC        ?C?PILDXDATA
  -------         ENDMOD        ?C?PILDXDATA

  -------         MODULE        ?C?PSTXDATA
  C:08B4H         PUBLIC        ?C?PSTXDATA
  -------         ENDMOD        ?C?PSTXDATA

  -------         MODULE        ?C?PLDPTR
  C:08BDH         PUBLIC        ?C?PLDPTR
  -------         ENDMOD        ?C?PLDPTR

  -------         MODULE        ?C?PLDOPTR
  C:08DDH         PUBLIC        ?C?PLDOPTR
  -------         ENDMOD        ?C?PLDOPTR

  -------         MODULE        ?C?CCASE
  C:090DH         PUBLIC        ?C?CCASE
  -------         ENDMOD        ?C?CCASE

  -------         MODULE        ?C?ICALL
  C:0933H         PUBLIC        ?C?ICALL
  C:0937H         PUBLIC        ?C?ICALL2
  -------         ENDMOD        ?C?ICALL

  -------         MODULE        PUTCHAR
  C:410AH         PUBLIC        _PUTCHAR
  -------         ENDMOD        PUTCHAR
BL51 BANKED LINKER/LOCATER V6.22                                                      04/10/2019  12:14:28  PAGE 41



  -------         MODULE        GETCHAR
  B:0022H.6       PUBLIC        ?C?CHARLOADED
  X:0487H         PUBLIC        ?_UNGETCHAR?BYTE
  C:424FH         PUBLIC        GETCHAR
  -------         ENDMOD        GETCHAR

  -------         MODULE        UNGETC
  C:0003H         PUBLIC        _UNGETCHAR
  -------         ENDMOD        UNGETC

  -------         MODULE        ISSPACE
  C:4263H         PUBLIC        _isspace
  -------         ENDMOD        ISSPACE

  -------         MODULE        ?C?STRCMP
  C:0AB7H         PUBLIC        ?C?STRCMP
  -------         ENDMOD        ?C?STRCMP

  -------         MODULE        STRLEN
  C:4226H         PUBLIC        _STRLEN
  -------         ENDMOD        STRLEN

  -------         MODULE        ?C?MEMSET
  C:0AD4H         PUBLIC        ?C?MEMSET
  -------         ENDMOD        ?C?MEMSET

  -------         MODULE        ?C?LSTIDATA
  C:0B00H         PUBLIC        ?C?LSTIDATA
  -------         ENDMOD        ?C?LSTIDATA

  -------         MODULE        ?C?LSTPDATA
  C:0B0CH         PUBLIC        ?C?LSTPDATA
  -------         ENDMOD        ?C?LSTPDATA

  -------         MODULE        ?C?PLDIDATA
  C:0B18H         PUBLIC        ?C?PLDIDATA
  -------         ENDMOD        ?C?PLDIDATA

  -------         MODULE        ?C?PLDPDATA
  C:0B21H         PUBLIC        ?C?PLDPDATA
  -------         ENDMOD        ?C?PLDPDATA

  -------         MODULE        ?C?PLDCODE
  C:0B2AH         PUBLIC        ?C?PLDCODE
  -------         ENDMOD        ?C?PLDCODE

  -------         MODULE        _GETKEY
  C:430AH         PUBLIC        _GETKEY
  -------         ENDMOD        _GETKEY

*** WARNING L16: UNCALLED SEGMENT, IGNORED FOR OVERLAY PROCESS
    SEGMENT: ?PR?_CMD_PARSER_PROCESS?COMMANDS_PARSER

*** WARNING L16: UNCALLED SEGMENT, IGNORED FOR OVERLAY PROCESS
    SEGMENT: ?PR?SERIALIZER_INIT_SERIAL?SERIALIZER

BL51 BANKED LINKER/LOCATER V6.22                                                      04/10/2019  12:14:28  PAGE 42


*** WARNING L16: UNCALLED SEGMENT, IGNORED FOR OVERLAY PROCESS
    SEGMENT: ?PR?_SERIALIZER_PROCESS?SERIALIZER

*** WARNING L16: UNCALLED SEGMENT, IGNORED FOR OVERLAY PROCESS
    SEGMENT: ?PR?_DISTANCE_DETECTOR_PROCESS?DISTANCE_DETECTOR

*** WARNING L16: UNCALLED SEGMENT, IGNORED FOR OVERLAY PROCESS
    SEGMENT: ?PR?DD_START_CONVERSION?DISTANCE_DETECTOR

*** WARNING L16: UNCALLED SEGMENT, IGNORED FOR OVERLAY PROCESS
    SEGMENT: ?PR?_SPI_RECEIVE_CHAR?SPI_MASTER

*** WARNING L15: MULTIPLE CALL TO SEGMENT
    SEGMENT: ?PR?SCANF?SCANF
    CALLER1: ?C_C51STARTUP
    CALLER2: ?PR?_MOVE_TO_CMD?COMMANDS

*** WARNING L15: MULTIPLE CALL TO SEGMENT
    SEGMENT: ?PR??C?ATOF??C?ATOF
    CALLER1: ?C_C51STARTUP
    CALLER2: ?PR?_MOVE_TO_CMD?COMMANDS

*** WARNING L1: UNRESOLVED EXTERNAL SYMBOL
    SYMBOL:  _DD_SINGLE_MEASURE
    MODULE:  .\Objects\distance_detector.obj (DISTANCE_DETECTOR)

*** WARNING L1: UNRESOLVED EXTERNAL SYMBOL
    SYMBOL:  _DD_OBS_DETECTION
    MODULE:  .\Objects\distance_detector.obj (DISTANCE_DETECTOR)

*** WARNING L2: REFERENCE MADE TO UNRESOLVED EXTERNAL
    SYMBOL:  _DD_SINGLE_MEASURE
    MODULE:  .\Objects\distance_detector.obj (DISTANCE_DETECTOR)
    ADDRESS: 2477H

*** WARNING L2: REFERENCE MADE TO UNRESOLVED EXTERNAL
    SYMBOL:  _DD_OBS_DETECTION
    MODULE:  .\Objects\distance_detector.obj (DISTANCE_DETECTOR)
    ADDRESS: 247FH

Program Size: data=33.7 xdata=1160 code=17176
LINK/LOCATE RUN COMPLETE.  12 WARNING(S),  0 ERROR(S)
