BL51 BANKED LINKER/LOCATER V6.22                                                        05/07/2019  08:31:29  PAGE 1


BL51 BANKED LINKER/LOCATER V6.22, INVOKED BY:
C:\KEIL_V5\C51\BIN\BL51.EXE .\Objects\STARTUP.obj, .\Objects\commands.obj, .\Objects\commands_parser.obj, .\Objects\main
>> .obj, .\Objects\serializer.obj, .\Objects\motion.obj, .\Objects\distance_detector.obj, .\Objects\spi_master.obj, .\Ob
>> jects\power_sensor.obj, .\Objects\adc.obj TO .\Objects\robot_V1 PRINT (.\Listings\robot_V1.m51) RAMSIZE (256) OVERLAY
>>  (* ! MOVE_TO_CMD)


MEMORY MODEL: LARGE WITH FLOATING POINT ARITHMETIC


INPUT MODULES INCLUDED:
  .\Objects\STARTUP.obj (?C_STARTUP)
  .\Objects\commands.obj (COMMANDS)
  .\Objects\commands_parser.obj (COMMANDS_PARSER)
  .\Objects\main.obj (MAIN)
  .\Objects\serializer.obj (SERIALIZER)
  .\Objects\motion.obj (MOTION)
  .\Objects\distance_detector.obj (DISTANCE_DETECTOR)
  .\Objects\spi_master.obj (SPI_MASTER)
  .\Objects\power_sensor.obj (POWER_SENSOR)
  .\Objects\adc.obj (ADC)
  C:\KEIL_V5\C51\LIB\C51FPL.LIB (?C?FPADD)
  C:\KEIL_V5\C51\LIB\C51FPL.LIB (?C?FPMUL)
  C:\KEIL_V5\C51\LIB\C51FPL.LIB (?C?FPDIV)
  C:\KEIL_V5\C51\LIB\C51FPL.LIB (?C?FPCMP)
  C:\KEIL_V5\C51\LIB\C51FPL.LIB (?C?FCAST)
  C:\KEIL_V5\C51\LIB\C51FPL.LIB (?C?CASTF)
  C:\KEIL_V5\C51\LIB\C51FPL.LIB (PRINTF)
  C:\KEIL_V5\C51\LIB\C51FPL.LIB (SCANF)
  C:\KEIL_V5\C51\LIB\C51FPL.LIB (SQRT)
  C:\KEIL_V5\C51\LIB\C51FPL.LIB (ATAN)
  C:\KEIL_V5\C51\LIB\C51FPL.LIB (?C?FPGETOPN)
  C:\KEIL_V5\C51\LIB\C51FPL.LIB (?C?FPROUND)
  C:\KEIL_V5\C51\LIB\C51FPL.LIB (?C?FPCONVERT)
  C:\KEIL_V5\C51\LIB\C51FPL.LIB (?C?ATOF)
  C:\KEIL_V5\C51\LIB\C51FPL.LIB (?C?FPSERIES)
  C:\KEIL_V5\C51\LIB\C51FPL.LIB (?C?FPNEG)
  C:\KEIL_V5\C51\LIB\C51FPL.LIB (?C?FTNPWR)
  C:\KEIL_V5\C51\LIB\C51L.LIB (?C_INIT)
  C:\KEIL_V5\C51\LIB\C51L.LIB (?C?COPY)
  C:\KEIL_V5\C51\LIB\C51L.LIB (?C?CLDPTR)
  C:\KEIL_V5\C51\LIB\C51L.LIB (?C?CLDOPTR)
  C:\KEIL_V5\C51\LIB\C51L.LIB (?C?CSTPTR)
  C:\KEIL_V5\C51\LIB\C51L.LIB (?C?CSTOPTR)
  C:\KEIL_V5\C51\LIB\C51L.LIB (?C?IMUL)
  C:\KEIL_V5\C51\LIB\C51L.LIB (?C?ILDPTR)
  C:\KEIL_V5\C51\LIB\C51L.LIB (?C?ILDOPTR)
  C:\KEIL_V5\C51\LIB\C51L.LIB (?C?ISTPTR)
  C:\KEIL_V5\C51\LIB\C51L.LIB (?C?ISTOPTR)
  C:\KEIL_V5\C51\LIB\C51L.LIB (?C?LNEG)
  C:\KEIL_V5\C51\LIB\C51L.LIB (?C?LLDOPTR)
  C:\KEIL_V5\C51\LIB\C51L.LIB (?C?LSTPTR)
  C:\KEIL_V5\C51\LIB\C51L.LIB (?C?LSTOPTR)
  C:\KEIL_V5\C51\LIB\C51L.LIB (?C?LLDXDATA)
  C:\KEIL_V5\C51\LIB\C51L.LIB (?C?LLDCODE)
  C:\KEIL_V5\C51\LIB\C51L.LIB (?C?LLDXDATA0)
  C:\KEIL_V5\C51\LIB\C51L.LIB (?C?LLDCODE0)
  C:\KEIL_V5\C51\LIB\C51L.LIB (?C?LSTXDATA)
BL51 BANKED LINKER/LOCATER V6.22                                                      05/07/2019  08:31:29  PAGE 2


  C:\KEIL_V5\C51\LIB\C51L.LIB (?C?LSTKXDATA)
  C:\KEIL_V5\C51\LIB\C51L.LIB (?C?OFFXADD)
  C:\KEIL_V5\C51\LIB\C51L.LIB (?C?PLDXDATA)
  C:\KEIL_V5\C51\LIB\C51L.LIB (?C?PLDIXDATA)
  C:\KEIL_V5\C51\LIB\C51L.LIB (?C?PILDXDATA)
  C:\KEIL_V5\C51\LIB\C51L.LIB (?C?PSTXDATA)
  C:\KEIL_V5\C51\LIB\C51L.LIB (?C?PLDPTR)
  C:\KEIL_V5\C51\LIB\C51L.LIB (?C?PSTPTR)
  C:\KEIL_V5\C51\LIB\C51L.LIB (?C?PLDOPTR)
  C:\KEIL_V5\C51\LIB\C51L.LIB (?C?PSTOPTR)
  C:\KEIL_V5\C51\LIB\C51L.LIB (?C?CCASE)
  C:\KEIL_V5\C51\LIB\C51L.LIB (?C?ICALL)
  C:\KEIL_V5\C51\LIB\C51L.LIB (PUTCHAR)
  C:\KEIL_V5\C51\LIB\C51L.LIB (GETCHAR)
  C:\KEIL_V5\C51\LIB\C51L.LIB (UNGETC)
  C:\KEIL_V5\C51\LIB\C51L.LIB (ISSPACE)
  C:\KEIL_V5\C51\LIB\C51L.LIB (?C?STRCMP)
  C:\KEIL_V5\C51\LIB\C51L.LIB (STRLEN)
  C:\KEIL_V5\C51\LIB\C51L.LIB (?C?MEMSET)
  C:\KEIL_V5\C51\LIB\C51L.LIB (?C?LLDIDATA)
  C:\KEIL_V5\C51\LIB\C51L.LIB (?C?LLDPDATA)
  C:\KEIL_V5\C51\LIB\C51L.LIB (?C?LSTIDATA)
  C:\KEIL_V5\C51\LIB\C51L.LIB (?C?LSTPDATA)
  C:\KEIL_V5\C51\LIB\C51L.LIB (?C?PLDIDATA)
  C:\KEIL_V5\C51\LIB\C51L.LIB (?C?PSTIDATA)
  C:\KEIL_V5\C51\LIB\C51L.LIB (?C?PLDPDATA)
  C:\KEIL_V5\C51\LIB\C51L.LIB (?C?PSTPDATA)
  C:\KEIL_V5\C51\LIB\C51L.LIB (?C?PLDCODE)
  C:\KEIL_V5\C51\LIB\C51L.LIB (_GETKEY)


LINK MAP OF MODULE:  .\Objects\robot_V1 (?C_STARTUP)


            TYPE    BASE      LENGTH    RELOCATION   SEGMENT NAME
            -----------------------------------------------------

            * * * * * * *   D A T A   M E M O R Y   * * * * * * *
            REG     0000H     0008H     ABSOLUTE     "REG BANK 0"
            DATA    0008H     0016H     UNIT         _DATA_GROUP_
                    001EH     0002H                  *** GAP ***
            BIT     0020H.0   0002H.6   UNIT         _BIT_GROUP_
            BIT     0022H.6   0000H.1   UNIT         ?BI?GETCHAR
                    0022H.7   0000H.1                *** GAP ***
            IDATA   0023H     0001H     UNIT         ?STACK

            * * * * * * *  X D A T A   M E M O R Y  * * * * * * *
            XDATA   0000H     0146H     UNIT         _XDATA_GROUP_
            XDATA   0146H     010CH     UNIT         ?XD?COMMANDS_PARSER
            XDATA   0252H     006EH     UNIT         ?XD?SERIALIZER
            XDATA   02C0H     0059H     UNIT         ?XD?MAIN
            XDATA   0319H     0037H     UNIT         ?XD?DISTANCE_DETECTOR
            XDATA   0350H     0010H     UNIT         ?XD?POWER_SENSOR
            XDATA   0360H     000BH     UNIT         ?XD?SPI_MASTER
            XDATA   036BH     0003H     UNIT         ?XD?_POWER_SENSOR_PROCESS?POWER_SENSOR
            XDATA   036EH     0001H     UNIT         ?XD?GETCHAR

BL51 BANKED LINKER/LOCATER V6.22                                                      05/07/2019  08:31:29  PAGE 3


            * * * * * * *   C O D E   M E M O R Y   * * * * * * *
            CODE    0000H     0003H     ABSOLUTE     
            CODE    0003H     0008H     UNIT         ?PR?GETCHAR?UNGETCHAR
            CODE    000BH     0003H     ABSOLUTE     
            CODE    000EH     0022H     UNIT         ?PR?_IDLE?SERIALIZER
            CODE    0030H     0003H     UNIT         ?PR?ENABLE_GENERAL_INT?MAIN
            CODE    0033H     0003H     ABSOLUTE     
            CODE    0036H     0C9FH     UNIT         ?C?LIB_CODE
            CODE    0CD5H     052AH     UNIT         ?PR?_DELTA_ANGLE?MOTION
            CODE    11FFH     04B1H     UNIT         ?PR?_GENERATE_SOUND_CMD?COMMANDS
            CODE    16B0H     04ADH     UNIT         ?PR?_LIGHT_BEAM_ON_CMD?COMMANDS
            CODE    1B5DH     0483H     UNIT         ?PR?PRINTF?PRINTF
            CODE    1FE0H     035AH     UNIT         ?PR?SCANF?SCANF
            CODE    233AH     0339H     UNIT         ?PR?_MOVE_TO_CMD?COMMANDS
            CODE    2673H     0330H     UNIT         ?PR?_SPI_PROCESS?SPI_MASTER
            CODE    29A3H     032FH     UNIT         ?PR?_ANGLE_CALIBRATION_PROCESS?SERIALIZER
            CODE    2CD2H     0319H     UNIT         ?PR?_IDLE_NEXT_STATE?SERIALIZER
            CODE    2FEBH     0305H     UNIT         ?PR?_PHOTO_CMD?COMMANDS
            CODE    32F0H     02A7H     UNIT         ?PR?_SERIALIZER_PROCESS?SERIALIZER
            CODE    3597H     0254H     UNIT         ?PR?_SEND_KOB_MOU?COMMANDS_PARSER
            CODE    37EBH     0247H     UNIT         ?PR?_PARSE?COMMANDS_PARSER
            CODE    3A32H     0220H     UNIT         ?PR?_SEND_INFORMATIONS?COMMANDS_PARSER
            CODE    3C52H     0212H     UNIT         ?PR?_AUX_CMD?COMMANDS
            CODE    3E64H     0206H     UNIT         ?C_INITSEG
            CODE    406AH     01F8H     UNIT         ?PR?_DD_SINGLE_MEASURE?DISTANCE_DETECTOR
            CODE    4262H     01A8H     UNIT         ?PR?_SERVO_MOVE_CMD?COMMANDS
            CODE    440AH     017CH     UNIT         ?PR?_ANGLE_ROTATION_CMD?COMMANDS
            CODE    4586H     0167H     UNIT         ?PR?_NAVIGATE?SERIALIZER
            CODE    46EDH     0154H     UNIT         ?PR?_MOVE_FORWARD_CMD?COMMANDS
            CODE    4841H     0154H     UNIT         ?PR?_MOVE_BACKWARD_CMD?COMMANDS
            CODE    4995H     013AH     UNIT         ?PR?_COMPLETE_ROTATION_CMD?COMMANDS
            CODE    4ACFH     0122H     UNIT         ?PR?ATAN?ATAN
            CODE    4BF1H     0121H     UNIT         ?PR?MAIN?MAIN
            CODE    4D12H     0106H     UNIT         ?PR?_EPREUVE_CMD?COMMANDS
            CODE    4E18H     0100H     UNIT         ?PR?TIMER_0_INT?DISTANCE_DETECTOR
            CODE    4F18H     00FEH     UNIT         ?PR?_MOVETO?SERIALIZER
            CODE    5016H     00E6H     UNIT         ?PR??C?ATOF??C?ATOF
            CODE    50FCH     00D0H     UNIT         ?PR?_SET_DEFAULT_SPEED_CMD?COMMANDS
            CODE    51CCH     00D0H     UNIT         ?PR?_SPI_TRANSMIT?SPI_MASTER
            CODE    529CH     00CAH     UNIT         ?PR?_SPI_CMD_LIGHT_ON?SPI_MASTER
            CODE    5366H     00CAH     UNIT         ?PR?_SPI_CMD_GENERATE_SOUND?SPI_MASTER
            CODE    5430H     00C5H     UNIT         ?CO?SERIALIZER
            CODE    54F5H     00B5H     UNIT         ?PR?_SPI_CMD_PHOTO_ON?SPI_MASTER
            CODE    55AAH     00B1H     UNIT         ?PR?IS_PID_PROCESSING?SERIALIZER
            CODE    565BH     00ACH     UNIT         ?PR?SQRT?SQRT
            CODE    5707H     00A9H     UNIT         ?PR?_SPI_CMD_SERVO?SPI_MASTER
            CODE    57B0H     00A7H     UNIT         ?CO?COMMANDS_PARSER
            CODE    5857H     00A6H     UNIT         ?PR?_TRANSLATE?SERIALIZER
            CODE    58FDH     00A4H     UNIT         ?PR?_MOVEANGLE?SERIALIZER
            CODE    59A1H     009EH     UNIT         ?PR?_DD_IDLE?DISTANCE_DETECTOR
            CODE    5A3FH     009CH     UNIT         ?PR?_WAIT?COMMANDS_PARSER
            CODE    5ADBH     0096H     UNIT         ?PR?_ANGLE_TARGET?MOTION
            CODE    5B71H     0092H     UNIT         ?PR?_DD_MOVE_SERVO_H?DISTANCE_DETECTOR
            CODE    5C03H     008CH     UNIT         ?C_C51STARTUP
            CODE    5C8FH     0080H     UNIT         ?CO?MAIN
            CODE    5D0FH     0076H     UNIT         ?PR?_SPI_CMD_LIGHT_OFF?SPI_MASTER
            CODE    5D85H     0076H     UNIT         ?PR?_SPI_CMD_PHOTO_OFF?SPI_MASTER
BL51 BANKED LINKER/LOCATER V6.22                                                      05/07/2019  08:31:29  PAGE 4


            CODE    5DFBH     0075H     UNIT         ?PR?_DD_SLEW_DETECTION?DISTANCE_DETECTOR
            CODE    5E70H     0075H     UNIT         ?PR?SPI_VALIDATE?SPI_MASTER
            CODE    5EE5H     006CH     UNIT         ?PR?_ROTATE?SERIALIZER
            CODE    5F51H     0063H     UNIT         ?PR?_SETMOTORS?SERIALIZER
            CODE    5FB4H     0062H     UNIT         ?CO?COMMANDS
            CODE    6016H     005BH     UNIT         ?PR?_CMD_PARSER_PROCESS?COMMANDS_PARSER
            CODE    6071H     005BH     UNIT         ?PR?_SERIALIZER_PRINT?SERIALIZER
            CODE    60CCH     005AH     UNIT         ?PR?__PRINT?SERIALIZER
            CODE    6126H     0056H     UNIT         ?PR?_USART_PRINT?COMMANDS_PARSER
            CODE    617CH     0055H     UNIT         ?PR?_INIT_PARSER?COMMANDS_PARSER
            CODE    61D1H     0055H     UNIT         ?PR?DD_MESURE?DISTANCE_DETECTOR
            CODE    6226H     0050H     UNIT         ?PR?DD_START_CONVERSION?DISTANCE_DETECTOR
            CODE    6276H     0048H     UNIT         ?PR?_MOVE_STOP_CMD?COMMANDS
            CODE    62BEH     0048H     UNIT         ?PR?_RIGTH_ROTATION_CMD?COMMANDS
            CODE    6306H     0048H     UNIT         ?PR?_LEFT_ROTATION_CMD?COMMANDS
            CODE    634EH     0048H     UNIT         ?PR?_DETECTE_OBSTACLE?COMMANDS
            CODE    6396H     0048H     UNIT         ?PR?_LIGHT_BEAM_OFF_CMD?COMMANDS
            CODE    63DEH     0048H     UNIT         ?PR?_PHOTO_OFF_CMD?COMMANDS
            CODE    6426H     0045H     UNIT         ?PR?_SAFETY_BREAK_CMD?COMMANDS
            CODE    646BH     0045H     UNIT         ?PR?_DISTANCE_DETECTOR_PROCESS?DISTANCE_DETECTOR
            CODE    64B0H     0043H     UNIT         ?PR?_GET_COMMAND?COMMANDS_PARSER
            CODE    64F3H     003AH     UNIT         ?PR?_DISTANCE?MOTION
            CODE    652DH     0039H     UNIT         ?PR?CLEAR_VAL_OBS_BUFFER?DISTANCE_DETECTOR
            CODE    6566H     0035H     UNIT         ?PR?_SERIALIZER_RECEIVE?SERIALIZER
            CODE    659BH     0032H     UNIT         ?PR?_USART_RECEIVE?COMMANDS_PARSER
            CODE    65CDH     0032H     UNIT         ?PR?SPI_INT?SPI_MASTER
            CODE    65FFH     002EH     UNIT         ?PR?_STOP?SERIALIZER
            CODE    662DH     0027H     UNIT         ?PR?_DEFAULT_PROCESS?COMMANDS
            CODE    6654H     0027H     UNIT         ?PR?PUTCHAR?PUTCHAR
            CODE    667BH     0026H     UNIT         ?PR?_EPREUVE_STOP?COMMANDS
            CODE    66A1H     0022H     UNIT         ?PR?_CHOOSE_ADC_INPUT?ADC
            CODE    66C3H     001FH     UNIT         ?PR?SPI_ERROR?SPI_MASTER
            CODE    66E2H     001BH     UNIT         ?PR?INIT_SPI?SPI_MASTER
            CODE    66FDH     0019H     UNIT         ?PR?_DD_SET_ANGLE?DISTANCE_DETECTOR
            CODE    6716H     0018H     UNIT         ?PR?SERIALIZER_INIT_SERIAL?SERIALIZER
            CODE    672EH     0018H     UNIT         ?PR?SERIALIZER_CLEAR_SERIAL?SERIALIZER
            CODE    6746H     0016H     UNIT         ?PR?INIT_ADC0?ADC
            CODE    675CH     0015H     UNIT         ?PR?_SERIALIZER_SEND?SERIALIZER
            CODE    6771H     0015H     UNIT         ?PR?_STRLEN?STRLEN
            CODE    6786H     0014H     UNIT         ?PR?_SPI_SEND_CHAR?SPI_MASTER
            CODE    679AH     0014H     UNIT         ?PR?GETCHAR?GETCHAR
            CODE    67AEH     0014H     UNIT         ?PR?_ISSPACE?ISSPACE
            CODE    67C2H     0012H     UNIT         ?PR?_USART_SEND?COMMANDS_PARSER
            CODE    67D4H     0012H     UNIT         ?PR?INIT_SERIALIZER_UART1?SERIALIZER
            CODE    67E6H     0012H     UNIT         ?PR?_UART_SEND?SERIALIZER
            CODE    67F8H     0010H     UNIT         ?PR?VALID_CMD_FLAG?COMMANDS_PARSER
            CODE    6808H     0010H     UNIT         ?PR?ERROR_CMD_FLAG?COMMANDS_PARSER
            CODE    6818H     000FH     UNIT         ?PR?INIT_EXTERNAL_CLK?MAIN
            CODE    6827H     000FH     UNIT         ?PR?DD_INIT_TIMER0?DISTANCE_DETECTOR
            CODE    6836H     000CH     UNIT         ?PR?_POWER_SENSOR_PROCESS?POWER_SENSOR
            CODE    6842H     000BH     UNIT         ?PR?INIT_DISTANCE_DETECTOR?DISTANCE_DETECTOR
            CODE    684DH     000AH     UNIT         ?PR?_GETKEY?_GETKEY
            CODE    6857H     0005H     UNIT         ?PR?READ_ADC0?ADC
            CODE    685CH     0004H     UNIT         ?PR?ENABLE_CROSSBAR?MAIN



BL51 BANKED LINKER/LOCATER V6.22                                                      05/07/2019  08:31:29  PAGE 5


OVERLAY MAP OF MODULE:   .\Objects\robot_V1 (?C_STARTUP)


SEGMENT                                             BIT_GROUP          DATA_GROUP          XDATA_GROUP
  +--> CALLED SEGMENT                            START    LENGTH     START    LENGTH     START    LENGTH
--------------------------------------------------------------------------------------------------------
?C_C51STARTUP                                    -----    -----      -----    -----      -----    -----
  +--> ?PR?MAIN?MAIN
  +--> ?C_INITSEG

?PR?MAIN?MAIN                                    -----    -----      -----    -----      0000H    0012H
  +--> ?PR?INIT_EXTERNAL_CLK?MAIN
  +--> ?PR?_INIT_PARSER?COMMANDS_PARSER
  +--> ?PR?INIT_SERIALIZER_UART1?SERIALIZER
  +--> ?PR?INIT_ADC0?ADC
  +--> ?PR?INIT_DISTANCE_DETECTOR?DISTANCE_D...
  +--> ?PR?INIT_SPI?SPI_MASTER
  +--> ?PR?ENABLE_CROSSBAR?MAIN
  +--> ?PR?ENABLE_GENERAL_INT?MAIN
  +--> ?CO?MAIN
  +--> ?PR?_USART_PRINT?COMMANDS_PARSER
  +--> ?PR?SERIALIZER_INIT_SERIAL?SERIALIZER
  +--> ?PR?_CMD_PARSER_PROCESS?COMMANDS_PARSER
  +--> ?PR?_SERIALIZER_PROCESS?SERIALIZER
  +--> ?PR?_DISTANCE_DETECTOR_PROCESS?DISTAN...
  +--> ?PR?_SPI_PROCESS?SPI_MASTER
  +--> ?PR?_ANGLE_CALIBRATION_PROCESS?SERIAL...

?PR?_INIT_PARSER?COMMANDS_PARSER                 -----    -----      -----    -----      0012H    0003H

?PR?INIT_DISTANCE_DETECTOR?DISTANCE_D...         -----    -----      -----    -----      -----    -----
  +--> ?PR?DD_INIT_TIMER0?DISTANCE_DETECTOR

?PR?_USART_PRINT?COMMANDS_PARSER                 -----    -----      -----    -----      00F1H    0004H
  +--> ?PR?_STRLEN?STRLEN
  +--> ?PR?_USART_SEND?COMMANDS_PARSER

?PR?_USART_SEND?COMMANDS_PARSER                  -----    -----      -----    -----      00F5H    0001H

?PR?SERIALIZER_INIT_SERIAL?SERIALIZER            -----    -----      -----    -----      0012H    0001H
  +--> ?PR?_SERIALIZER_RECEIVE?SERIALIZER

?PR?_SERIALIZER_RECEIVE?SERIALIZER               -----    -----      -----    -----      004DH    0003H

?PR?_CMD_PARSER_PROCESS?COMMANDS_PARSER          -----    -----      -----    -----      0012H    0003H
  +--> ?PR?_WAIT?COMMANDS_PARSER
  +--> ?PR?_GET_COMMAND?COMMANDS_PARSER
  +--> ?PR?_SEND_INFORMATIONS?COMMANDS_PARSER

?PR?_WAIT?COMMANDS_PARSER                        -----    -----      -----    -----      0015H    0004H
  +--> ?PR?_USART_RECEIVE?COMMANDS_PARSER
  +--> ?PR?_USART_SEND?COMMANDS_PARSER

?PR?_USART_RECEIVE?COMMANDS_PARSER               -----    -----      -----    -----      0019H    0003H

?PR?_GET_COMMAND?COMMANDS_PARSER                 -----    -----      -----    -----      0015H    0003H
  +--> ?PR?_PARSE?COMMANDS_PARSER
BL51 BANKED LINKER/LOCATER V6.22                                                      05/07/2019  08:31:29  PAGE 6


  +--> ?PR?ERROR_CMD_FLAG?COMMANDS_PARSER
  +--> ?PR?VALID_CMD_FLAG?COMMANDS_PARSER
  +--> ?PR?_STRLEN?STRLEN

?PR?_PARSE?COMMANDS_PARSER                       -----    -----      -----    -----      0018H    00D9H
  +--> ?CO?COMMANDS_PARSER
  +--> ?PR?_USART_PRINT?COMMANDS_PARSER

?PR?ERROR_CMD_FLAG?COMMANDS_PARSER               -----    -----      -----    -----      -----    -----
  +--> ?PR?_USART_SEND?COMMANDS_PARSER

?PR?VALID_CMD_FLAG?COMMANDS_PARSER               -----    -----      -----    -----      -----    -----
  +--> ?PR?_USART_SEND?COMMANDS_PARSER

?PR?_SEND_INFORMATIONS?COMMANDS_PARSER           -----    -----      -----    -----      0015H    0003H
  +--> ?CO?COMMANDS_PARSER
  +--> ?PR?_SEND_KOB_MOU?COMMANDS_PARSER
  +--> ?PR?_USART_PRINT?COMMANDS_PARSER

?PR?_SEND_KOB_MOU?COMMANDS_PARSER                -----    -----      -----    -----      0018H    000BH
  +--> ?CO?COMMANDS_PARSER
  +--> ?PR?PRINTF?PRINTF

?PR?PRINTF?PRINTF                                0020H.0  0001H.1    0008H    0005H      003BH    0030H
  +--> ?PR?PUTCHAR?PUTCHAR

?PR?_SERIALIZER_PROCESS?SERIALIZER               -----    -----      -----    -----      0012H    0008H
  +--> ?CO?SERIALIZER
  +--> ?PR?_IDLE_NEXT_STATE?SERIALIZER

?PR?_IDLE_NEXT_STATE?SERIALIZER                  -----    -----      -----    -----      001AH    0006H

?PR?_DISTANCE_DETECTOR_PROCESS?DISTAN...         -----    -----      -----    -----      0012H    0003H

?PR?_SPI_PROCESS?SPI_MASTER                      -----    -----      -----    -----      0012H    0006H
  +--> ?PR?_SPI_CMD_GENERATE_SOUND?SPI_MASTER
  +--> ?PR?_SPI_CMD_LIGHT_ON?SPI_MASTER
  +--> ?PR?_SPI_CMD_LIGHT_OFF?SPI_MASTER
  +--> ?PR?_SPI_CMD_SERVO?SPI_MASTER
  +--> ?PR?_SPI_CMD_PHOTO_ON?SPI_MASTER
  +--> ?PR?_SPI_CMD_PHOTO_OFF?SPI_MASTER
  +--> ?PR?_SPI_TRANSMIT?SPI_MASTER

?PR?_SPI_CMD_GENERATE_SOUND?SPI_MASTER           -----    -----      -----    -----      0018H    0006H

?PR?_SPI_CMD_LIGHT_ON?SPI_MASTER                 -----    -----      -----    -----      0018H    0006H

?PR?_SPI_CMD_LIGHT_OFF?SPI_MASTER                -----    -----      -----    -----      0018H    0006H

?PR?_SPI_CMD_SERVO?SPI_MASTER                    -----    -----      -----    -----      0018H    0006H

?PR?_SPI_CMD_PHOTO_ON?SPI_MASTER                 -----    -----      -----    -----      0018H    0006H

?PR?_SPI_CMD_PHOTO_OFF?SPI_MASTER                -----    -----      -----    -----      0018H    0006H

?PR?_SPI_TRANSMIT?SPI_MASTER                     -----    -----      -----    -----      0018H    0005H
  +--> ?PR?_SPI_SEND_CHAR?SPI_MASTER
BL51 BANKED LINKER/LOCATER V6.22                                                      05/07/2019  08:31:29  PAGE 7


  +--> ?PR?SPI_VALIDATE?SPI_MASTER
  +--> ?PR?SPI_ERROR?SPI_MASTER

?PR?_SPI_SEND_CHAR?SPI_MASTER                    -----    -----      -----    -----      001DH    0001H

?PR?SPI_VALIDATE?SPI_MASTER                      -----    -----      -----    -----      001DH    0004H

?PR?_ANGLE_CALIBRATION_PROCESS?SERIAL...         -----    -----      -----    -----      0012H    0029H
  +--> ?CO?SERIALIZER
  +--> ?PR?PRINTF?PRINTF
  +--> ?PR?__PRINT?SERIALIZER

?PR?__PRINT?SERIALIZER                           -----    -----      -----    -----      003BH    0004H
  +--> ?PR?_STRLEN?STRLEN

?C_INITSEG                                       -----    -----      -----    -----      -----    -----
  +--> ?CO?COMMANDS_PARSER
  +--> ?PR?_EPREUVE_CMD?COMMANDS
  +--> ?PR?_EPREUVE_STOP?COMMANDS
  +--> ?PR?_SAFETY_BREAK_CMD?COMMANDS
  +--> ?PR?_SET_DEFAULT_SPEED_CMD?COMMANDS
  +--> ?PR?_MOVE_FORWARD_CMD?COMMANDS
  +--> ?PR?_MOVE_BACKWARD_CMD?COMMANDS
  +--> ?PR?_MOVE_STOP_CMD?COMMANDS
  +--> ?PR?_RIGTH_ROTATION_CMD?COMMANDS
  +--> ?PR?_LEFT_ROTATION_CMD?COMMANDS
  +--> ?PR?_COMPLETE_ROTATION_CMD?COMMANDS
  +--> ?PR?_ANGLE_ROTATION_CMD?COMMANDS
  +--> ?PR?_DEFAULT_PROCESS?COMMANDS
  +--> ?PR?_DETECTE_OBSTACLE?COMMANDS
  +--> ?PR?_GENERATE_SOUND_CMD?COMMANDS
  +--> ?PR?_LIGHT_BEAM_ON_CMD?COMMANDS
  +--> ?PR?_LIGHT_BEAM_OFF_CMD?COMMANDS
  +--> ?PR?_SERVO_MOVE_CMD?COMMANDS
  +--> ?PR?_PHOTO_CMD?COMMANDS
  +--> ?PR?_PHOTO_OFF_CMD?COMMANDS
  +--> ?PR?_AUX_CMD?COMMANDS
  +--> ?PR?_WAIT?COMMANDS_PARSER
  +--> ?PR?_GET_COMMAND?COMMANDS_PARSER
  +--> ?CO?MAIN
  +--> ?PR?_IDLE?SERIALIZER
  +--> ?PR?_TRANSLATE?SERIALIZER
  +--> ?PR?_MOVETO?SERIALIZER
  +--> ?PR?_ROTATE?SERIALIZER
  +--> ?PR?_NAVIGATE?SERIALIZER
  +--> ?PR?_STOP?SERIALIZER
  +--> ?PR?_DD_IDLE?DISTANCE_DETECTOR
  +--> ?PR?_DD_MOVE_SERVO_H?DISTANCE_DETECTOR
  +--> ?PR?_DD_SINGLE_MEASURE?DISTANCE_DETECTOR
  +--> ?PR?_DD_SLEW_DETECTION?DISTANCE_DETECTOR

?PR?_EPREUVE_CMD?COMMANDS                        -----    -----      -----    -----      0000H    0005H
  +--> ?CO?COMMANDS
  +--> ?PR?SCANF?SCANF

?PR?SCANF?SCANF                                  0021H.3  0000H.6    0013H    0009H      0114H    002EH
  +--> ?PR?GETCHAR?UNGETCHAR
BL51 BANKED LINKER/LOCATER V6.22                                                      05/07/2019  08:31:29  PAGE 8


  +--> ?PR?_ISSPACE?ISSPACE
  +--> ?PR?GETCHAR?GETCHAR
  +--> ?PR??C?ATOF??C?ATOF

?PR?GETCHAR?GETCHAR                              -----    -----      -----    -----      -----    -----
  +--> ?PR?_GETKEY?_GETKEY
  +--> ?PR?PUTCHAR?PUTCHAR

?PR??C?ATOF??C?ATOF                              0022H.1  0000H.5    001CH    0002H      -----    -----

?PR?_EPREUVE_STOP?COMMANDS                       -----    -----      -----    -----      0000H    0003H

?PR?_SAFETY_BREAK_CMD?COMMANDS                   -----    -----      -----    -----      0000H    0003H

?PR?_SET_DEFAULT_SPEED_CMD?COMMANDS              -----    -----      -----    -----      0000H    0005H
  +--> ?CO?COMMANDS
  +--> ?PR?SCANF?SCANF

?PR?_MOVE_FORWARD_CMD?COMMANDS                   -----    -----      -----    -----      0000H    0005H
  +--> ?CO?COMMANDS
  +--> ?PR?SCANF?SCANF

?PR?_MOVE_BACKWARD_CMD?COMMANDS                  -----    -----      -----    -----      0000H    0005H
  +--> ?CO?COMMANDS
  +--> ?PR?SCANF?SCANF

?PR?_MOVE_STOP_CMD?COMMANDS                      -----    -----      -----    -----      0000H    0003H

?PR?_RIGTH_ROTATION_CMD?COMMANDS                 -----    -----      -----    -----      0000H    0003H

?PR?_LEFT_ROTATION_CMD?COMMANDS                  -----    -----      -----    -----      0000H    0003H

?PR?_COMPLETE_ROTATION_CMD?COMMANDS              -----    -----      -----    -----      0000H    0003H
  +--> ?CO?COMMANDS

?PR?_ANGLE_ROTATION_CMD?COMMANDS                 -----    -----      -----    -----      0000H    0005H
  +--> ?CO?COMMANDS
  +--> ?PR?SCANF?SCANF

?PR?_DEFAULT_PROCESS?COMMANDS                    -----    -----      -----    -----      0000H    0003H

?PR?_DETECTE_OBSTACLE?COMMANDS                   -----    -----      -----    -----      0000H    0003H

?PR?_GENERATE_SOUND_CMD?COMMANDS                 -----    -----      -----    -----      0000H    0025H
  +--> ?CO?COMMANDS
  +--> ?PR?SCANF?SCANF

?PR?_LIGHT_BEAM_ON_CMD?COMMANDS                  -----    -----      -----    -----      0000H    0025H
  +--> ?CO?COMMANDS
  +--> ?PR?SCANF?SCANF

?PR?_LIGHT_BEAM_OFF_CMD?COMMANDS                 -----    -----      -----    -----      0000H    0003H

?PR?_SERVO_MOVE_CMD?COMMANDS                     -----    -----      -----    -----      0000H    0005H
  +--> ?CO?COMMANDS
  +--> ?PR?SCANF?SCANF

BL51 BANKED LINKER/LOCATER V6.22                                                      05/07/2019  08:31:29  PAGE 9


?PR?_PHOTO_CMD?COMMANDS                          -----    -----      -----    -----      0000H    001EH
  +--> ?CO?COMMANDS
  +--> ?PR?SCANF?SCANF

?PR?_PHOTO_OFF_CMD?COMMANDS                      -----    -----      -----    -----      0000H    0003H

?PR?_AUX_CMD?COMMANDS                            -----    -----      -----    -----      0000H    0014H
  +--> ?CO?COMMANDS
  +--> ?PR?SCANF?SCANF

?PR?_IDLE?SERIALIZER                             -----    -----      -----    -----      0000H    0003H

?PR?_TRANSLATE?SERIALIZER                        -----    -----      -----    -----      0000H    0004H
  +--> ?PR?_SETMOTORS?SERIALIZER

?PR?_SETMOTORS?SERIALIZER                        -----    -----      -----    -----      0004H    0018H
  +--> ?CO?SERIALIZER
  +--> ?PR?PRINTF?PRINTF
  +--> ?PR?_SERIALIZER_PRINT?SERIALIZER
  +--> ?PR?SERIALIZER_CLEAR_SERIAL?SERIALIZER

?PR?_SERIALIZER_PRINT?SERIALIZER                 -----    -----      -----    -----      004DH    0004H
  +--> ?PR?_STRLEN?STRLEN
  +--> ?PR?_SERIALIZER_SEND?SERIALIZER

?PR?_SERIALIZER_SEND?SERIALIZER                  -----    -----      -----    -----      0051H    0001H

?PR?SERIALIZER_CLEAR_SERIAL?SERIALIZER           -----    -----      -----    -----      003AH    0001H
  +--> ?PR?_SERIALIZER_RECEIVE?SERIALIZER

?PR?_MOVETO?SERIALIZER                           -----    -----      -----    -----      0008H    002DH
  +--> ?PR?_DISTANCE?MOTION
  +--> ?CO?SERIALIZER
  +--> ?PR?PRINTF?PRINTF
  +--> ?PR?_SERIALIZER_PRINT?SERIALIZER
  +--> ?PR?SERIALIZER_CLEAR_SERIAL?SERIALIZER
  +--> ?PR?IS_PID_PROCESSING?SERIALIZER

?PR?_DISTANCE?MOTION                             -----    -----      -----    -----      0035H    0002H
  +--> ?PR?SQRT?SQRT

?PR?SQRT?SQRT                                    -----    -----      -----    -----      0037H    0004H

?PR?IS_PID_PROCESSING?SERIALIZER                 -----    -----      -----    -----      0035H    0018H
  +--> ?CO?SERIALIZER
  +--> ?PR?_SERIALIZER_PRINT?SERIALIZER
  +--> ?PR?_SERIALIZER_RECEIVE?SERIALIZER
  +--> ?PR?_UART_SEND?SERIALIZER
  +--> ?PR?SCANF?SCANF

?PR?_UART_SEND?SERIALIZER                        -----    -----      -----    -----      004DH    0001H

?PR?_ROTATE?SERIALIZER                           -----    -----      -----    -----      0008H    0004H
  +--> ?PR?_MOVEANGLE?SERIALIZER
  +--> ?PR?IS_PID_PROCESSING?SERIALIZER

?PR?_MOVEANGLE?SERIALIZER                        -----    -----      -----    -----      000CH    002EH
BL51 BANKED LINKER/LOCATER V6.22                                                      05/07/2019  08:31:29  PAGE 10


  +--> ?CO?SERIALIZER
  +--> ?PR?PRINTF?PRINTF
  +--> ?PR?_SERIALIZER_PRINT?SERIALIZER
  +--> ?PR?SERIALIZER_CLEAR_SERIAL?SERIALIZER

?PR?_NAVIGATE?SERIALIZER                         -----    -----      -----    -----      0000H    0008H
  +--> ?CO?SERIALIZER
  +--> ?PR?_ANGLE_TARGET?MOTION
  +--> ?PR?_DELTA_ANGLE?MOTION
  +--> ?PR?_ROTATE?SERIALIZER
  +--> ?PR?_MOVETO?SERIALIZER

?PR?_ANGLE_TARGET?MOTION                         -----    -----      -----    -----      0008H    0008H
  +--> ?PR?ATAN?ATAN

?PR?ATAN?ATAN                                    0020H.0  0000H.2    -----    -----      0010H    0004H

?PR?_DELTA_ANGLE?MOTION                          -----    -----      -----    -----      0008H    0008H

?PR?_STOP?SERIALIZER                             -----    -----      -----    -----      0000H    0003H
  +--> ?CO?SERIALIZER
  +--> ?PR?_SERIALIZER_PRINT?SERIALIZER
  +--> ?PR?SERIALIZER_CLEAR_SERIAL?SERIALIZER

?PR?_DD_IDLE?DISTANCE_DETECTOR                   -----    -----      -----    -----      0000H    0003H

?PR?_DD_MOVE_SERVO_H?DISTANCE_DETECTOR           -----    -----      -----    -----      0000H    0003H
  +--> ?PR?_DD_SET_ANGLE?DISTANCE_DETECTOR

?PR?_DD_SET_ANGLE?DISTANCE_DETECTOR              -----    -----      -----    -----      0003H    0002H

?PR?_DD_SINGLE_MEASURE?DISTANCE_DETECTOR         -----    -----      -----    -----      0000H    0003H
  +--> ?PR?CLEAR_VAL_OBS_BUFFER?DISTANCE_DET...
  +--> ?PR?_CHOOSE_ADC_INPUT?ADC
  +--> ?PR?DD_START_CONVERSION?DISTANCE_DETE...

?PR?CLEAR_VAL_OBS_BUFFER?DISTANCE_DET...         -----    -----      -----    -----      0003H    0001H

?PR?_CHOOSE_ADC_INPUT?ADC                        -----    -----      -----    -----      0003H    0001H

?PR?DD_START_CONVERSION?DISTANCE_DETE...         -----    -----      -----    -----      0003H    0006H
  +--> ?PR?DD_MESURE?DISTANCE_DETECTOR

?PR?DD_MESURE?DISTANCE_DETECTOR                  -----    -----      -----    -----      0009H    0008H
  +--> ?PR?READ_ADC0?ADC

?PR?_DD_SLEW_DETECTION?DISTANCE_DETECTOR         -----    -----      -----    -----      0000H    0003H
  +--> ?PR?_DD_SET_ANGLE?DISTANCE_DETECTOR

*** NEW ROOT ***************************************************

?PR?_MOVE_TO_CMD?COMMANDS                        -----    -----      -----    -----      00F6H    001EH
  +--> ?CO?COMMANDS
  +--> ?PR?SCANF?SCANF

*** NEW ROOT ***************************************************

BL51 BANKED LINKER/LOCATER V6.22                                                      05/07/2019  08:31:29  PAGE 11


?PR?TIMER_0_INT?DISTANCE_DETECTOR                -----    -----      -----    -----      0142H    0004H



UNRESOLVED EXTERNAL SYMBOLS:
   _DD_OBS_DETECTION



SYMBOL TABLE OF MODULE:  .\Objects\robot_V1 (?C_STARTUP)

  VALUE           TYPE          NAME
  ----------------------------------

  -------         MODULE        ?C_STARTUP
  C:5C03H         SEGMENT       ?C_C51STARTUP
  I:0023H         SEGMENT       ?STACK
  C:0000H         PUBLIC        ?C_STARTUP
  D:00E0H         SYMBOL        ACC
  D:00F0H         SYMBOL        B
  D:0083H         SYMBOL        DPH
  D:0082H         SYMBOL        DPL
  N:0000H         SYMBOL        IBPSTACK
  N:0100H         SYMBOL        IBPSTACKTOP
  N:0080H         SYMBOL        IDATALEN
  C:5C06H         SYMBOL        IDATALOOP
  N:0000H         SYMBOL        PBPSTACK
  N:0100H         SYMBOL        PBPSTACKTOP
  N:0000H         SYMBOL        PDATALEN
  N:0000H         SYMBOL        PDATASTART
  N:0000H         SYMBOL        PPAGE
  N:0000H         SYMBOL        PPAGEENABLE
  D:00A0H         SYMBOL        PPAGE_SFR
  D:0081H         SYMBOL        SP
  C:5C03H         SYMBOL        STARTUP1
  N:0000H         SYMBOL        XBPSTACK
  N:0000H         SYMBOL        XBPSTACKTOP
  N:0000H         SYMBOL        XDATALEN
  N:0000H         SYMBOL        XDATASTART
  C:0000H         LINE#         126
  C:5C03H         LINE#         133
  C:5C05H         LINE#         134
  C:5C06H         LINE#         135
  C:5C07H         LINE#         136
  C:5C09H         LINE#         186
  C:5C0CH         LINE#         197
  -------         ENDMOD        ?C_STARTUP

  -------         MODULE        COMMANDS
  C:0000H         SYMBOL        _ICE_DUMMY_
  C:63DEH         PUBLIC        _photo_OFF_cmd
  C:62BEH         PUBLIC        _rigth_rotation_cmd
  C:6426H         PUBLIC        _safety_break_cmd
  C:233AH         PUBLIC        _move_to_cmd
  C:634EH         PUBLIC        _detecte_obstacle
  C:4D12H         PUBLIC        _epreuve_cmd
  C:6306H         PUBLIC        _left_rotation_cmd
BL51 BANKED LINKER/LOCATER V6.22                                                      05/07/2019  08:31:29  PAGE 12


  C:50FCH         PUBLIC        _set_default_speed_cmd
  C:16B0H         PUBLIC        _light_beam_ON_cmd
  C:46EDH         PUBLIC        _move_forward_cmd
  C:667BH         PUBLIC        _epreuve_stop
  C:5FC4H         SYMBOL        _?ix1000
  C:2FEBH         PUBLIC        _photo_cmd
  C:5FD3H         SYMBOL        _?ix1001
  C:5FE7H         SYMBOL        _?ix1002
  C:5FFBH         SYMBOL        _?ix1003
  C:600AH         SYMBOL        _?ix1004
  C:4995H         PUBLIC        _complete_rotation_cmd
  C:662DH         PUBLIC        _default_process
  C:4262H         PUBLIC        _servo_move_cmd
  C:3C52H         PUBLIC        _aux_cmd
  C:6396H         PUBLIC        _light_beam_OFF_cmd
  C:11FFH         PUBLIC        _generate_sound_cmd
  C:4841H         PUBLIC        _move_backward_cmd
  C:440AH         PUBLIC        _angle_rotation_cmd
  C:6276H         PUBLIC        _move_stop_cmd
  -------         PROC          _DEFAULT_PROCESS
  X:0000H         SYMBOL        cmd_packet
  C:662DH         LINE#         6
  C:6638H         LINE#         7
  C:6638H         LINE#         9
  C:6651H         LINE#         11
  C:6653H         LINE#         12
  -------         ENDPROC       _DEFAULT_PROCESS
  -------         PROC          _EPREUVE_CMD
  X:0000H         SYMBOL        cmd_packet
  -------         DO            
  X:0003H         SYMBOL        epreuve_index
  -------         ENDDO         
  C:4D12H         LINE#         18
  C:4D1DH         LINE#         19
  C:4D1DH         LINE#         20
  C:4D26H         LINE#         23
  C:4D41H         LINE#         24
  C:4D41H         LINE#         25
  C:4D44H         LINE#         26
  C:4D44H         LINE#         29
  C:4D61H         LINE#         30
  C:4D61H         LINE#         32
  C:4DAEH         LINE#         33
  C:4DAEH         LINE#         34
  C:4DB1H         LINE#         35
  C:4DB1H         LINE#         38
  C:4DD7H         LINE#         39
  C:4DD7H         LINE#         40
  C:4DDAH         LINE#         41
  C:4DDAH         LINE#         43
  C:4DFAH         LINE#         44
  C:4DFCH         LINE#         46
  C:4DFCH         LINE#         47
  C:4E15H         LINE#         48
  C:4E15H         LINE#         49
  C:4E17H         LINE#         50
  -------         ENDPROC       _EPREUVE_CMD
BL51 BANKED LINKER/LOCATER V6.22                                                      05/07/2019  08:31:29  PAGE 13


  -------         PROC          _EPREUVE_STOP
  X:0000H         SYMBOL        cmd_packet
  C:667BH         LINE#         52
  C:6686H         LINE#         53
  C:6686H         LINE#         55
  C:669EH         LINE#         57
  C:66A0H         LINE#         58
  -------         ENDPROC       _EPREUVE_STOP
  -------         PROC          _SAFETY_BREAK_CMD
  X:0000H         SYMBOL        cmd_packet
  C:6426H         LINE#         61
  C:6431H         LINE#         62
  C:6431H         LINE#         64
  C:644CH         LINE#         65
  C:644CH         LINE#         66
  C:644FH         LINE#         67
  C:644FH         LINE#         69
  C:6468H         LINE#         71
  C:646AH         LINE#         72
  -------         ENDPROC       _SAFETY_BREAK_CMD
  -------         PROC          _SET_DEFAULT_SPEED_CMD
  X:0000H         SYMBOL        cmd_packet
  -------         DO            
  X:0003H         SYMBOL        motor_speed
  -------         ENDDO         
  C:50FCH         LINE#         74
  C:5107H         LINE#         75
  C:5107H         LINE#         76
  C:5110H         LINE#         79
  C:512AH         LINE#         80
  C:512AH         LINE#         81
  C:512DH         LINE#         82
  C:512DH         LINE#         85
  C:517AH         LINE#         86
  C:517AH         LINE#         87
  C:517DH         LINE#         88
  C:517DH         LINE#         91
  C:51A0H         LINE#         92
  C:51A0H         LINE#         93
  C:51A3H         LINE#         94
  C:51A3H         LINE#         96
  C:51C9H         LINE#         98
  C:51CBH         LINE#         99
  -------         ENDPROC       _SET_DEFAULT_SPEED_CMD
  -------         PROC          _MOVE_FORWARD_CMD
  X:0000H         SYMBOL        cmd_packet
  -------         DO            
  X:0003H         SYMBOL        motor_speed
  -------         ENDDO         
  C:46EDH         LINE#         101
  C:46F8H         LINE#         102
  C:46F8H         LINE#         103
  C:4701H         LINE#         105
  C:471CH         LINE#         106
  C:471CH         LINE#         107
  C:471FH         LINE#         108
  C:471FH         LINE#         110
BL51 BANKED LINKER/LOCATER V6.22                                                      05/07/2019  08:31:29  PAGE 14


  C:473EH         LINE#         112
  C:475BH         LINE#         113
  C:475BH         LINE#         115
  C:47A6H         LINE#         116
  C:47A6H         LINE#         117
  C:47A9H         LINE#         118
  C:47A9H         LINE#         121
  C:47CCH         LINE#         122
  C:47CCH         LINE#         123
  C:47CFH         LINE#         124
  C:47CFH         LINE#         126
  C:47F5H         LINE#         127
  C:47F7H         LINE#         128
  C:4818H         LINE#         129
  C:4818H         LINE#         130
  C:483EH         LINE#         131
  C:483EH         LINE#         132
  C:483EH         LINE#         133
  C:4840H         LINE#         134
  -------         ENDPROC       _MOVE_FORWARD_CMD
  -------         PROC          _MOVE_BACKWARD_CMD
  X:0000H         SYMBOL        cmd_packet
  -------         DO            
  X:0003H         SYMBOL        motor_speed
  -------         ENDDO         
  C:4841H         LINE#         136
  C:484CH         LINE#         137
  C:484CH         LINE#         138
  C:4855H         LINE#         140
  C:4870H         LINE#         141
  C:4870H         LINE#         142
  C:4873H         LINE#         143
  C:4873H         LINE#         145
  C:4892H         LINE#         147
  C:48AFH         LINE#         148
  C:48AFH         LINE#         150
  C:48FAH         LINE#         151
  C:48FAH         LINE#         152
  C:48FDH         LINE#         153
  C:48FDH         LINE#         156
  C:4920H         LINE#         157
  C:4920H         LINE#         158
  C:4923H         LINE#         159
  C:4923H         LINE#         161
  C:4949H         LINE#         162
  C:494BH         LINE#         163
  C:496CH         LINE#         164
  C:496CH         LINE#         165
  C:4992H         LINE#         166
  C:4992H         LINE#         167
  C:4992H         LINE#         168
  C:4994H         LINE#         169
  -------         ENDPROC       _MOVE_BACKWARD_CMD
  -------         PROC          _MOVE_STOP_CMD
  X:0000H         SYMBOL        cmd_packet
  C:6276H         LINE#         171
  C:6281H         LINE#         172
BL51 BANKED LINKER/LOCATER V6.22                                                      05/07/2019  08:31:29  PAGE 15


  C:6281H         LINE#         173
  C:6299H         LINE#         174
  C:6299H         LINE#         175
  C:629CH         LINE#         176
  C:629CH         LINE#         177
  C:62BBH         LINE#         178
  C:62BDH         LINE#         179
  -------         ENDPROC       _MOVE_STOP_CMD
  -------         PROC          _RIGTH_ROTATION_CMD
  X:0000H         SYMBOL        cmd_packet
  C:62BEH         LINE#         181
  C:62C9H         LINE#         182
  C:62C9H         LINE#         183
  C:62E1H         LINE#         184
  C:62E1H         LINE#         185
  C:62E4H         LINE#         186
  C:62E4H         LINE#         188
  C:6303H         LINE#         189
  C:6305H         LINE#         190
  -------         ENDPROC       _RIGTH_ROTATION_CMD
  -------         PROC          _LEFT_ROTATION_CMD
  X:0000H         SYMBOL        cmd_packet
  C:6306H         LINE#         192
  C:6311H         LINE#         193
  C:6311H         LINE#         194
  C:6329H         LINE#         195
  C:6329H         LINE#         196
  C:632CH         LINE#         197
  C:632CH         LINE#         199
  C:634BH         LINE#         200
  C:634DH         LINE#         201
  -------         ENDPROC       _LEFT_ROTATION_CMD
  -------         PROC          _COMPLETE_ROTATION_CMD
  X:0000H         SYMBOL        cmd_packet
  C:4995H         LINE#         203
  C:49A0H         LINE#         204
  C:49A0H         LINE#         205
  C:49BBH         LINE#         206
  C:49BBH         LINE#         207
  C:49BEH         LINE#         208
  C:49BEH         LINE#         210
  C:49DBH         LINE#         211
  C:49DBH         LINE#         213
  C:4A43H         LINE#         215
  C:4A43H         LINE#         216
  C:4A66H         LINE#         217
  C:4A66H         LINE#         218
  C:4A66H         LINE#         219
  C:4A85H         LINE#         220
  C:4A87H         LINE#         221
  C:4A87H         LINE#         222
  C:4AA6H         LINE#         223
  C:4AA8H         LINE#         224
  C:4AA8H         LINE#         225
  C:4AAAH         LINE#         226
  C:4AADH         LINE#         227
  C:4AADH         LINE#         229
BL51 BANKED LINKER/LOCATER V6.22                                                      05/07/2019  08:31:29  PAGE 16


  C:4AADH         LINE#         230
  C:4ACCH         LINE#         231
  C:4ACCH         LINE#         232
  C:4ACEH         LINE#         233
  -------         ENDPROC       _COMPLETE_ROTATION_CMD
  -------         PROC          _ANGLE_ROTATION_CMD
  X:0000H         SYMBOL        cmd_packet
  -------         DO            
  X:0003H         SYMBOL        angle
  -------         ENDDO         
  C:440AH         LINE#         235
  C:4415H         LINE#         236
  C:4415H         LINE#         237
  C:441DH         LINE#         239
  C:4437H         LINE#         240
  C:4437H         LINE#         241
  C:443AH         LINE#         242
  C:443AH         LINE#         244
  C:44A5H         LINE#         246
  C:44A5H         LINE#         247
  C:44C8H         LINE#         248
  C:44C8H         LINE#         249
  C:44C8H         LINE#         250
  C:44E7H         LINE#         251
  C:44E9H         LINE#         252
  C:44E9H         LINE#         253
  C:4508H         LINE#         254
  C:4508H         LINE#         255
  C:4508H         LINE#         257
  C:4553H         LINE#         258
  C:4553H         LINE#         259
  C:4556H         LINE#         260
  C:4556H         LINE#         262
  C:457EH         LINE#         263
  C:4580H         LINE#         264
  C:4583H         LINE#         265
  C:4583H         LINE#         266
  C:4585H         LINE#         267
  -------         ENDPROC       _ANGLE_ROTATION_CMD
  -------         PROC          _MOVE_TO_CMD
  X:00F6H         SYMBOL        cmd_packet
  -------         DO            
  X:00F9H         SYMBOL        i
  X:00FAH         SYMBOL        j
  X:00FBH         SYMBOL        params
  X:010AH         SYMBOL        angle
  X:010CH         SYMBOL        x
  X:010EH         SYMBOL        y
  X:0110H         SYMBOL        param_find
  X:0111H         SYMBOL        str
  -------         ENDDO         
  C:233AH         LINE#         277
  C:2345H         LINE#         278
  C:2345H         LINE#         279
  C:234FH         LINE#         280
  C:2374H         LINE#         281
  C:238CH         LINE#         282
BL51 BANKED LINKER/LOCATER V6.22                                                      05/07/2019  08:31:29  PAGE 17


  C:2391H         LINE#         283
  C:23A2H         LINE#         287
  C:23BCH         LINE#         288
  C:23BCH         LINE#         289
  C:23BFH         LINE#         290
  C:23BFH         LINE#         293
  C:23D2H         LINE#         294
  C:23D2H         LINE#         295
  C:240EH         LINE#         298
  C:2421H         LINE#         299
  C:2421H         LINE#         300
  C:245FH         LINE#         301
  C:245FH         LINE#         302
  C:2475H         LINE#         303
  C:2475H         LINE#         304
  C:2475H         LINE#         305
  C:24DEH         LINE#         306
  C:24DEH         LINE#         307
  C:24E1H         LINE#         308
  C:24E1H         LINE#         309
  C:24E1H         LINE#         311
  C:24E1H         LINE#         312
  C:2547H         LINE#         313
  C:2547H         LINE#         314
  C:254AH         LINE#         315
  C:254AH         LINE#         316
  C:254AH         LINE#         318
  C:254AH         LINE#         319
  C:25B0H         LINE#         320
  C:25B0H         LINE#         321
  C:25B3H         LINE#         322
  C:25B3H         LINE#         323
  C:25B3H         LINE#         325
  C:25B3H         LINE#         326
  C:25B9H         LINE#         327
  C:25BBH         LINE#         328
  C:25BBH         LINE#         329
  C:25C4H         LINE#         331
  C:25CCH         LINE#         332
  C:25CCH         LINE#         333
  C:25CFH         LINE#         334
  C:25CFH         LINE#         335
  C:25D4H         LINE#         336
  C:25D4H         LINE#         338
  C:25DDH         LINE#         340
  C:2605H         LINE#         341
  C:262BH         LINE#         342
  C:2651H         LINE#         343
  C:2670H         LINE#         344
  C:2672H         LINE#         345
  -------         ENDPROC       _MOVE_TO_CMD
  -------         PROC          _DETECTE_OBSTACLE
  X:0000H         SYMBOL        cmd_packet
  C:634EH         LINE#         347
  C:6359H         LINE#         348
  C:6359H         LINE#         349
  C:6371H         LINE#         350
BL51 BANKED LINKER/LOCATER V6.22                                                      05/07/2019  08:31:29  PAGE 18


  C:6371H         LINE#         351
  C:6374H         LINE#         352
  C:6374H         LINE#         354
  C:6393H         LINE#         355
  C:6395H         LINE#         356
  -------         ENDPROC       _DETECTE_OBSTACLE
  -------         PROC          _SERVO_MOVE_CMD
  X:0000H         SYMBOL        cmd_packet
  -------         DO            
  X:0003H         SYMBOL        angle
  -------         ENDDO         
  C:4262H         LINE#         358
  C:426DH         LINE#         359
  C:426DH         LINE#         360
  C:4276H         LINE#         362
  C:4291H         LINE#         363
  C:4291H         LINE#         364
  C:4294H         LINE#         365
  C:4294H         LINE#         367
  C:42FCH         LINE#         369
  C:42FCH         LINE#         370
  C:431FH         LINE#         371
  C:431FH         LINE#         372
  C:431FH         LINE#         373
  C:433EH         LINE#         374
  C:4340H         LINE#         375
  C:4340H         LINE#         376
  C:435FH         LINE#         377
  C:435FH         LINE#         378
  C:435FH         LINE#         380
  C:435FH         LINE#         382
  C:4393H         LINE#         383
  C:4393H         LINE#         384
  C:43DEH         LINE#         385
  C:43DEH         LINE#         386
  C:43E1H         LINE#         387
  C:43E1H         LINE#         389
  C:4407H         LINE#         390
  C:4407H         LINE#         392
  C:4409H         LINE#         393
  -------         ENDPROC       _SERVO_MOVE_CMD
  -------         PROC          _LIGHT_BEAM_ON_CMD
  X:0000H         SYMBOL        cmd_packet
  -------         DO            
  X:0003H         SYMBOL        i
  X:0004H         SYMBOL        j
  X:0005H         SYMBOL        params
  X:0019H         SYMBOL        intensity
  X:001BH         SYMBOL        delay_on
  X:001DH         SYMBOL        delay_off
  X:001FH         SYMBOL        nbr_flash
  X:0021H         SYMBOL        param_find
  X:0022H         SYMBOL        str
  -------         ENDDO         
  C:16B0H         LINE#         395
  C:16BBH         LINE#         396
  C:16BBH         LINE#         397
BL51 BANKED LINKER/LOCATER V6.22                                                      05/07/2019  08:31:29  PAGE 19


  C:16C5H         LINE#         398
  C:16EAH         LINE#         399
  C:170DH         LINE#         400
  C:1712H         LINE#         401
  C:1723H         LINE#         404
  C:1757H         LINE#         405
  C:1757H         LINE#         406
  C:175AH         LINE#         407
  C:175AH         LINE#         410
  C:1785H         LINE#         411
  C:1785H         LINE#         412
  C:17C1H         LINE#         415
  C:17D4H         LINE#         416
  C:17D4H         LINE#         417
  C:1812H         LINE#         418
  C:1812H         LINE#         419
  C:182BH         LINE#         420
  C:182BH         LINE#         421
  C:182BH         LINE#         422
  C:1891H         LINE#         423
  C:1891H         LINE#         424
  C:1894H         LINE#         425
  C:1894H         LINE#         427
  C:1894H         LINE#         429
  C:18BDH         LINE#         430
  C:18BDH         LINE#         431
  C:18C0H         LINE#         432
  C:18C0H         LINE#         433
  C:18C0H         LINE#         434
  C:18C0H         LINE#         436
  C:18C0H         LINE#         437
  C:1926H         LINE#         438
  C:1926H         LINE#         439
  C:1929H         LINE#         440
  C:1929H         LINE#         442
  C:1929H         LINE#         444
  C:1952H         LINE#         445
  C:1952H         LINE#         446
  C:1955H         LINE#         447
  C:1955H         LINE#         448
  C:1955H         LINE#         449
  C:1955H         LINE#         451
  C:1955H         LINE#         452
  C:19BBH         LINE#         453
  C:19BBH         LINE#         454
  C:19BEH         LINE#         455
  C:19BEH         LINE#         457
  C:19BEH         LINE#         459
  C:19E4H         LINE#         460
  C:19E4H         LINE#         461
  C:19E7H         LINE#         462
  C:19E7H         LINE#         463
  C:19E7H         LINE#         464
  C:19E7H         LINE#         466
  C:19E7H         LINE#         467
  C:1A4DH         LINE#         468
  C:1A4DH         LINE#         469
BL51 BANKED LINKER/LOCATER V6.22                                                      05/07/2019  08:31:29  PAGE 20


  C:1A50H         LINE#         470
  C:1A50H         LINE#         472
  C:1A50H         LINE#         474
  C:1A76H         LINE#         475
  C:1A76H         LINE#         476
  C:1A79H         LINE#         477
  C:1A79H         LINE#         478
  C:1A79H         LINE#         479
  C:1A79H         LINE#         480
  C:1A79H         LINE#         481
  C:1A7FH         LINE#         482
  C:1A81H         LINE#         483
  C:1A81H         LINE#         484
  C:1A8AH         LINE#         486
  C:1A92H         LINE#         487
  C:1A92H         LINE#         488
  C:1A95H         LINE#         489
  C:1A95H         LINE#         490
  C:1A9AH         LINE#         491
  C:1A9AH         LINE#         493
  C:1AA3H         LINE#         495
  C:1AC2H         LINE#         496
  C:1AE8H         LINE#         497
  C:1B0EH         LINE#         498
  C:1B34H         LINE#         499
  C:1B5AH         LINE#         501
  C:1B5CH         LINE#         502
  -------         ENDPROC       _LIGHT_BEAM_ON_CMD
  -------         PROC          _LIGHT_BEAM_OFF_CMD
  X:0000H         SYMBOL        cmd_packet
  C:6396H         LINE#         504
  C:63A1H         LINE#         505
  C:63A1H         LINE#         507
  C:63B9H         LINE#         508
  C:63B9H         LINE#         509
  C:63BCH         LINE#         510
  C:63BCH         LINE#         512
  C:63DBH         LINE#         514
  C:63DDH         LINE#         515
  -------         ENDPROC       _LIGHT_BEAM_OFF_CMD
  -------         PROC          _GENERATE_SOUND_CMD
  X:0000H         SYMBOL        cmd_packet
  -------         DO            
  X:0003H         SYMBOL        i
  X:0004H         SYMBOL        j
  X:0005H         SYMBOL        params
  X:0019H         SYMBOL        frequency_code
  X:001BH         SYMBOL        delay_son
  X:001DH         SYMBOL        delay_silence
  X:001FH         SYMBOL        nbr_bip
  X:0021H         SYMBOL        param_find
  X:0022H         SYMBOL        str
  -------         ENDDO         
  C:11FFH         LINE#         517
  C:120AH         LINE#         518
  C:120AH         LINE#         519
  C:1214H         LINE#         520
BL51 BANKED LINKER/LOCATER V6.22                                                      05/07/2019  08:31:29  PAGE 21


  C:1239H         LINE#         521
  C:125DH         LINE#         522
  C:1262H         LINE#         523
  C:1273H         LINE#         526
  C:12A7H         LINE#         527
  C:12A7H         LINE#         528
  C:12AAH         LINE#         529
  C:12AAH         LINE#         532
  C:12D5H         LINE#         533
  C:12D5H         LINE#         534
  C:1311H         LINE#         537
  C:1324H         LINE#         538
  C:1324H         LINE#         539
  C:1362H         LINE#         540
  C:1362H         LINE#         541
  C:137BH         LINE#         542
  C:137BH         LINE#         543
  C:137BH         LINE#         544
  C:13E1H         LINE#         545
  C:13E1H         LINE#         546
  C:13E4H         LINE#         547
  C:13E4H         LINE#         549
  C:13E4H         LINE#         551
  C:140DH         LINE#         552
  C:140DH         LINE#         553
  C:1410H         LINE#         554
  C:1410H         LINE#         555
  C:1410H         LINE#         556
  C:1410H         LINE#         558
  C:1410H         LINE#         559
  C:1476H         LINE#         560
  C:1476H         LINE#         561
  C:1479H         LINE#         562
  C:1479H         LINE#         564
  C:1479H         LINE#         566
  C:14A2H         LINE#         567
  C:14A2H         LINE#         568
  C:14A5H         LINE#         569
  C:14A5H         LINE#         570
  C:14A5H         LINE#         571
  C:14A5H         LINE#         573
  C:14A5H         LINE#         574
  C:150BH         LINE#         575
  C:150BH         LINE#         576
  C:150EH         LINE#         577
  C:150EH         LINE#         579
  C:150EH         LINE#         581
  C:1537H         LINE#         582
  C:1537H         LINE#         583
  C:153AH         LINE#         584
  C:153AH         LINE#         585
  C:153AH         LINE#         586
  C:153AH         LINE#         588
  C:153AH         LINE#         589
  C:15A0H         LINE#         590
  C:15A0H         LINE#         591
  C:15A3H         LINE#         592
BL51 BANKED LINKER/LOCATER V6.22                                                      05/07/2019  08:31:29  PAGE 22


  C:15A3H         LINE#         594
  C:15A3H         LINE#         596
  C:15C9H         LINE#         597
  C:15C9H         LINE#         598
  C:15CCH         LINE#         599
  C:15CCH         LINE#         600
  C:15CCH         LINE#         601
  C:15CCH         LINE#         602
  C:15CCH         LINE#         603
  C:15D2H         LINE#         604
  C:15D4H         LINE#         605
  C:15D4H         LINE#         606
  C:15DDH         LINE#         608
  C:15E5H         LINE#         609
  C:15E5H         LINE#         610
  C:15E8H         LINE#         611
  C:15E8H         LINE#         612
  C:15EDH         LINE#         613
  C:15EDH         LINE#         615
  C:15F6H         LINE#         617
  C:1615H         LINE#         618
  C:163BH         LINE#         619
  C:1661H         LINE#         620
  C:1687H         LINE#         621
  C:16ADH         LINE#         623
  C:16AFH         LINE#         625
  -------         ENDPROC       _GENERATE_SOUND_CMD
  -------         PROC          _PHOTO_CMD
  X:0000H         SYMBOL        cmd_packet
  -------         DO            
  X:0003H         SYMBOL        i
  X:0004H         SYMBOL        j
  X:0005H         SYMBOL        params
  X:0014H         SYMBOL        duree_photo
  X:0016H         SYMBOL        nbr_photo
  X:0018H         SYMBOL        mode
  X:001AH         SYMBOL        param_find
  X:001BH         SYMBOL        str
  -------         ENDDO         
  C:2FEBH         LINE#         627
  C:2FF6H         LINE#         628
  C:2FF6H         LINE#         629
  C:3001H         LINE#         630
  C:3026H         LINE#         631
  C:3041H         LINE#         632
  C:3046H         LINE#         633
  C:3057H         LINE#         637
  C:3072H         LINE#         638
  C:3072H         LINE#         639
  C:3075H         LINE#         640
  C:3075H         LINE#         644
  C:3097H         LINE#         645
  C:3097H         LINE#         646
  C:30C4H         LINE#         649
  C:30D7H         LINE#         650
  C:30D7H         LINE#         651
  C:3115H         LINE#         652
BL51 BANKED LINKER/LOCATER V6.22                                                      05/07/2019  08:31:29  PAGE 23


  C:3115H         LINE#         653
  C:3131H         LINE#         654
  C:3131H         LINE#         655
  C:3131H         LINE#         656
  C:3190H         LINE#         657
  C:3190H         LINE#         658
  C:3193H         LINE#         659
  C:3193H         LINE#         660
  C:319AH         LINE#         661
  C:319DH         LINE#         663
  C:319DH         LINE#         664
  C:31FCH         LINE#         665
  C:31FCH         LINE#         666
  C:31FFH         LINE#         667
  C:31FFH         LINE#         668
  C:3206H         LINE#         669
  C:3208H         LINE#         670
  C:3208H         LINE#         671
  C:3211H         LINE#         672
  C:3217H         LINE#         673
  C:3219H         LINE#         674
  C:3219H         LINE#         675
  C:3222H         LINE#         676
  C:3228H         LINE#         677
  C:322AH         LINE#         678
  C:322AH         LINE#         679
  C:3233H         LINE#         680
  C:3239H         LINE#         681
  C:3239H         LINE#         682
  C:3239H         LINE#         683
  C:323FH         LINE#         684
  C:3241H         LINE#         685
  C:3241H         LINE#         686
  C:324AH         LINE#         688
  C:3252H         LINE#         689
  C:3252H         LINE#         690
  C:3255H         LINE#         691
  C:3255H         LINE#         692
  C:325AH         LINE#         693
  C:325AH         LINE#         695
  C:325DH         LINE#         697
  C:3283H         LINE#         698
  C:32A9H         LINE#         699
  C:32EDH         LINE#         700
  C:32EFH         LINE#         701
  -------         ENDPROC       _PHOTO_CMD
  -------         PROC          _PHOTO_OFF_CMD
  X:0000H         SYMBOL        cmd_packet
  C:63DEH         LINE#         703
  C:63E9H         LINE#         704
  C:63E9H         LINE#         706
  C:6401H         LINE#         707
  C:6401H         LINE#         708
  C:6404H         LINE#         709
  C:6404H         LINE#         711
  C:6423H         LINE#         713
  C:6425H         LINE#         714
BL51 BANKED LINKER/LOCATER V6.22                                                      05/07/2019  08:31:29  PAGE 24


  -------         ENDPROC       _PHOTO_OFF_CMD
  -------         PROC          _AUX_CMD
  X:0000H         SYMBOL        cmd_packet
  -------         DO            
  X:0003H         SYMBOL        str
  X:0006H         SYMBOL        params
  X:0012H         SYMBOL        ticks_value
  -------         ENDDO         
  C:3C52H         LINE#         716
  C:3C5DH         LINE#         717
  C:3C5DH         LINE#         718
  C:3C6EH         LINE#         719
  C:3C93H         LINE#         720
  C:3C9BH         LINE#         722
  C:3CBCH         LINE#         725
  C:3CE8H         LINE#         726
  C:3CE8H         LINE#         727
  C:3D33H         LINE#         728
  C:3D33H         LINE#         729
  C:3D36H         LINE#         730
  C:3D36H         LINE#         731
  C:3D55H         LINE#         732
  C:3D7DH         LINE#         733
  C:3D80H         LINE#         734
  C:3D80H         LINE#         737
  C:3DA9H         LINE#         738
  C:3DA9H         LINE#         739
  C:3DC8H         LINE#         740
  C:3DCBH         LINE#         741
  C:3DCBH         LINE#         744
  C:3DF4H         LINE#         745
  C:3DF4H         LINE#         746
  C:3E13H         LINE#         747
  C:3E16H         LINE#         748
  C:3E16H         LINE#         751
  C:3E3FH         LINE#         752
  C:3E3FH         LINE#         753
  C:3E5EH         LINE#         754
  C:3E61H         LINE#         755
  C:3E61H         LINE#         757
  C:3E63H         LINE#         758
  -------         ENDPROC       _AUX_CMD
  -------         ENDMOD        COMMANDS

  -------         MODULE        COMMANDS_PARSER
  C:0000H         SYMBOL        _ICE_DUMMY_
  B:0098H.7       PUBLIC        SM00
  D:0090H         PUBLIC        P1
  B:0098H.6       PUBLIC        SM10
  C:64B0H         PUBLIC        _get_command
  C:617CH         PUBLIC        _Init_parser
  D:00E8H         PUBLIC        ADC0CN
  C:6016H         PUBLIC        _cmd_parser_process
  D:00A4H         PUBLIC        P0MDOUT
  X:0166H         PUBLIC        current_state
  D:00A8H         PUBLIC        IE
  B:0098H.4       PUBLIC        REN0
BL51 BANKED LINKER/LOCATER V6.22                                                      05/07/2019  08:31:29  PAGE 25


  D:00D8H         PUBLIC        PCA0CN
  D:00B8H         PUBLIC        IP
  D:00E1H         PUBLIC        XBR0
  C:37EBH         PUBLIC        _parse
  C:67C2H         PUBLIC        _USART_send
  C:6126H         PUBLIC        _USART_print
  D:00CBH         PUBLIC        RCAP2H
  D:00C0H         PUBLIC        SMB0CN
  C:67F8H         PUBLIC        valid_cmd_flag
  D:00CAH         PUBLIC        RCAP2L
  C:3A32H         PUBLIC        _send_informations
  D:00F8H         PUBLIC        SPI0CN
  D:0088H         PUBLIC        TCON
  C:5A3FH         PUBLIC        _wait
  C:3597H         PUBLIC        _send_KOB_MOU
  C:6808H         PUBLIC        error_cmd_flag
  X:0167H         PUBLIC        dispatch_table
  X:0209H         PUBLIC        MSG_buffer
  X:0229H         PUBLIC        raw_data
  B:0098H.0       PUBLIC        RI0
  B:0098H.1       PUBLIC        TI0
  B:00C8H.2       PUBLIC        TR2
  C:659BH         PUBLIC        _USART_receive
  B:00C8H.5       PUBLIC        RCLK0
  B:00C8H.4       PUBLIC        TCLK0
  D:0099H         PUBLIC        SBUF0
  D:0098H         PUBLIC        SCON0
  D:00C8H         PUBLIC        T2CON
  D:008EH         PUBLIC        CKCON
  X:0249H         PUBLIC        full_state_machine
  X:0251H         PUBLIC        buffer_index
  D:00D0H         PUBLIC        PSW
  -------         PROC          _INIT_PARSER
  X:0012H         SYMBOL        parser_result
  C:617CH         LINE#         86
  C:6187H         LINE#         87
  C:6187H         LINE#         90
  C:6189H         LINE#         91
  C:618BH         LINE#         92
  C:618DH         LINE#         95
  C:6190H         LINE#         98
  C:6193H         LINE#         102
  C:6196H         LINE#         106
  C:6199H         LINE#         107
  C:619BH         LINE#         108
  C:619DH         LINE#         109
  C:61A0H         LINE#         110
  C:61A3H         LINE#         111
  C:61A5H         LINE#         114
  C:61CEH         LINE#         116
  C:61D0H         LINE#         117
  -------         ENDPROC       _INIT_PARSER
  -------         PROC          _USART_RECEIVE
  X:0019H         SYMBOL        read_byte
  C:659BH         LINE#         119
  C:65A6H         LINE#         120
  C:65A6H         LINE#         121
BL51 BANKED LINKER/LOCATER V6.22                                                      05/07/2019  08:31:29  PAGE 26


  C:65A9H         LINE#         122
  C:65A9H         LINE#         123
  C:65B9H         LINE#         124
  C:65BBH         LINE#         125
  C:65BCH         LINE#         126
  C:65CCH         LINE#         127
  C:65CCH         LINE#         128
  -------         ENDPROC       _USART_RECEIVE
  -------         PROC          _USART_SEND
  X:00F5H         SYMBOL        ch
  C:67C2H         LINE#         130
  C:67C7H         LINE#         131
  C:67C7H         LINE#         132
  C:67CEH         LINE#         133
  C:67D1H         LINE#         134
  C:67D3H         LINE#         135
  -------         ENDPROC       _USART_SEND
  -------         PROC          _USART_PRINT
  X:00F1H         SYMBOL        str
  -------         DO            
  X:00F4H         SYMBOL        i
  -------         ENDDO         
  C:6126H         LINE#         145
  C:6131H         LINE#         146
  C:6131H         LINE#         147
  C:6136H         LINE#         148
  C:6157H         LINE#         149
  C:6157H         LINE#         150
  C:6173H         LINE#         151
  C:617BH         LINE#         152
  -------         ENDPROC       _USART_PRINT
  -------         PROC          _CMD_PARSER_PROCESS
  X:0012H         SYMBOL        result
  C:6016H         LINE#         156
  C:6021H         LINE#         157
  C:6021H         LINE#         171
  C:6034H         LINE#         172
  C:6034H         LINE#         173
  C:6034H         LINE#         174
  C:6042H         LINE#         175
  C:6044H         LINE#         176
  C:6044H         LINE#         177
  C:6052H         LINE#         178
  C:6054H         LINE#         179
  C:6054H         LINE#         180
  C:6062H         LINE#         181
  C:6062H         LINE#         183
  C:6062H         LINE#         185
  C:6070H         LINE#         186
  -------         ENDPROC       _CMD_PARSER_PROCESS
  -------         PROC          _WAIT
  X:0015H         SYMBOL        parser_result
  -------         DO            
  X:0018H         SYMBOL        read_byte
  -------         ENDDO         
  C:5A3FH         LINE#         188
  C:5A4AH         LINE#         189
BL51 BANKED LINKER/LOCATER V6.22                                                      05/07/2019  08:31:29  PAGE 27


  C:5A4AH         LINE#         190
  C:5A50H         LINE#         193
  C:5A59H         LINE#         196
  C:5A6FH         LINE#         199
  C:5A79H         LINE#         200
  C:5A82H         LINE#         201
  C:5A82H         LINE#         204
  C:5A98H         LINE#         205
  C:5A9EH         LINE#         207
  C:5AAFH         LINE#         208
  C:5AB5H         LINE#         209
  C:5AB6H         LINE#         210
  C:5ABEH         LINE#         211
  C:5AD4H         LINE#         212
  C:5ADAH         LINE#         213
  C:5ADAH         LINE#         214
  C:5ADAH         LINE#         215
  -------         ENDPROC       _WAIT
  -------         PROC          _GET_COMMAND
  X:0015H         SYMBOL        parser_result
  C:64B0H         LINE#         218
  C:64BBH         LINE#         219
  C:64BBH         LINE#         221
  C:64CCH         LINE#         222
  C:64CCH         LINE#         224
  C:64CFH         LINE#         225
  C:64D1H         LINE#         226
  C:64D4H         LINE#         227
  C:64D4H         LINE#         230
  C:64E8H         LINE#         231
  C:64EDH         LINE#         233
  C:64F2H         LINE#         234
  -------         ENDPROC       _GET_COMMAND
  -------         PROC          _PARSE
  X:0018H         SYMBOL        parser_result
  -------         DO            
  X:001BH         SYMBOL        commands_data
  X:00E3H         SYMBOL        data_index
  X:00E4H         SYMBOL        ptr
  X:00E5H         SYMBOL        reading_ptr
  X:00E6H         SYMBOL        ret
  X:00E7H         SYMBOL        c
  X:00E8H         SYMBOL        i
  X:00E9H         SYMBOL        run
  X:00EAH         SYMBOL        cmd_packet
  -------         ENDDO         
  C:37EBH         LINE#         237
  C:37F6H         LINE#         238
  C:37F6H         LINE#         242
  C:3805H         LINE#         243
  C:380AH         LINE#         244
  C:3814H         LINE#         245
  C:381AH         LINE#         254
  C:3825H         LINE#         255
  C:3825H         LINE#         256
  C:383BH         LINE#         259
  C:3851H         LINE#         260
BL51 BANKED LINKER/LOCATER V6.22                                                      05/07/2019  08:31:29  PAGE 28


  C:3851H         LINE#         261
  C:3851H         LINE#         262
  C:3875H         LINE#         264
  C:387BH         LINE#         265
  C:3880H         LINE#         266
  C:3883H         LINE#         268
  C:3883H         LINE#         269
  C:38A7H         LINE#         271
  C:38ADH         LINE#         272
  C:38B2H         LINE#         273
  C:38B4H         LINE#         276
  C:38B4H         LINE#         277
  C:38D8H         LINE#         279
  C:38DDH         LINE#         280
  C:38DFH         LINE#         282
  C:38DFH         LINE#         283
  C:3908H         LINE#         284
  C:390EH         LINE#         285
  C:390EH         LINE#         287
  C:3914H         LINE#         288
  C:3917H         LINE#         292
  C:3928H         LINE#         293
  C:3932H         LINE#         294
  C:3951H         LINE#         298
  C:3966H         LINE#         299
  C:3966H         LINE#         300
  C:39A9H         LINE#         301
  C:39A9H         LINE#         303
  C:39EAH         LINE#         304
  C:39EAH         LINE#         305
  C:39F0H         LINE#         306
  C:39F2H         LINE#         307
  C:39FBH         LINE#         308
  C:3A00H         LINE#         309
  C:3A00H         LINE#         316
  C:3A00H         LINE#         317
  C:3A09H         LINE#         320
  C:3A18H         LINE#         321
  C:3A2CH         LINE#         324
  C:3A31H         LINE#         325
  -------         ENDPROC       _PARSE
  -------         PROC          VALID_CMD_FLAG
  C:67F8H         LINE#         327
  C:67F8H         LINE#         328
  C:67F8H         LINE#         329
  C:67FDH         LINE#         330
  C:6802H         LINE#         331
  C:6807H         LINE#         332
  -------         ENDPROC       VALID_CMD_FLAG
  -------         PROC          ERROR_CMD_FLAG
  C:6808H         LINE#         334
  C:6808H         LINE#         335
  C:6808H         LINE#         336
  C:680DH         LINE#         337
  C:6812H         LINE#         338
  C:6817H         LINE#         339
  -------         ENDPROC       ERROR_CMD_FLAG
BL51 BANKED LINKER/LOCATER V6.22                                                      05/07/2019  08:31:29  PAGE 29


  -------         PROC          _SEND_INFORMATIONS
  X:0015H         SYMBOL        parser_result
  C:3A32H         LINE#         342
  C:3A3DH         LINE#         343
  C:3A3DH         LINE#         345
  C:3A5DH         LINE#         346
  C:3A5DH         LINE#         348
  C:3A7FH         LINE#         349
  C:3A7FH         LINE#         350
  C:3AA8H         LINE#         351
  C:3AC6H         LINE#         352
  C:3AC9H         LINE#         354
  C:3AEBH         LINE#         355
  C:3AEBH         LINE#         356
  C:3B14H         LINE#         357
  C:3B32H         LINE#         358
  C:3B35H         LINE#         360
  C:3B57H         LINE#         361
  C:3B57H         LINE#         362
  C:3B80H         LINE#         363
  C:3B9EH         LINE#         364
  C:3BA0H         LINE#         367
  C:3BC2H         LINE#         368
  C:3BC2H         LINE#         369
  C:3BD0H         LINE#         370
  C:3BEEH         LINE#         371
  C:3BF0H         LINE#         374
  C:3BF0H         LINE#         375
  C:3C19H         LINE#         376
  C:3C19H         LINE#         378
  C:3C31H         LINE#         379
  C:3C51H         LINE#         381
  C:3C51H         LINE#         384
  -------         ENDPROC       _SEND_INFORMATIONS
  -------         PROC          _SEND_KOB_MOU
  X:0018H         SYMBOL        parser_result
  -------         DO            
  X:0146H         SYMBOL        msg
  X:001BH         SYMBOL        angle_front
  X:001DH         SYMBOL        angle_back
  X:001FH         SYMBOL        distance_front
  X:0021H         SYMBOL        distance_back
  -------         ENDDO         
  C:3597H         LINE#         386
  C:35A2H         LINE#         387
  C:35A2H         LINE#         390
  C:35B2H         LINE#         391
  C:35C2H         LINE#         393
  C:35D1H         LINE#         395
  C:35F8H         LINE#         396
  C:35F8H         LINE#         397
  C:3623H         LINE#         398
  C:3654H         LINE#         399
  C:369AH         LINE#         400
  C:369DH         LINE#         402
  C:369DH         LINE#         403
  C:36C8H         LINE#         404
BL51 BANKED LINKER/LOCATER V6.22                                                      05/07/2019  08:31:29  PAGE 30


  C:36F9H         LINE#         405
  C:372AH         LINE#         406
  C:375BH         LINE#         407
  C:37C1H         LINE#         408
  C:37C1H         LINE#         411
  C:37EAH         LINE#         413
  -------         ENDPROC       _SEND_KOB_MOU
  -------         ENDMOD        COMMANDS_PARSER

  -------         MODULE        MAIN
  C:0000H         SYMBOL        _ICE_DUMMY_
  D:0090H         PUBLIC        P1
  B:00A8H.7       PUBLIC        EA
  D:00E8H         PUBLIC        ADC0CN
  D:00A8H         PUBLIC        IE
  X:02C0H         PUBLIC        epreuve_start
  X:02C1H         PUBLIC        parser_result
  D:00D8H         PUBLIC        PCA0CN
  D:00B8H         PUBLIC        IP
  D:00FFH         PUBLIC        Reg
  D:00E3H         PUBLIC        XBR2
  X:02C8H         PUBLIC        informations
  X:02E2H         PUBLIC        dd_packet
  D:00C0H         PUBLIC        SMB0CN
  C:4BF1H         PUBLIC        main
  X:02F0H         PUBLIC        spi_packet
  D:00F8H         PUBLIC        SPI0CN
  D:0088H         PUBLIC        TCON
  C:0030H         PUBLIC        enable_general_Int
  D:00B2H         PUBLIC        OSCICN
  D:00B1H         PUBLIC        OSCXCN
  X:02F9H         PUBLIC        commands
  C:6818H         PUBLIC        Init_External_clk
  D:0098H         PUBLIC        SCON0
  D:00C8H         PUBLIC        T2CON
  C:685CH         PUBLIC        Enable_Crossbar
  D:008EH         PUBLIC        CKCON
  D:00D0H         PUBLIC        PSW
  -------         PROC          INIT_EXTERNAL_CLK
  C:6818H         LINE#         105
  C:6818H         LINE#         106
  C:6818H         LINE#         108
  C:681BH         LINE#         109
  C:6820H         LINE#         112
  C:6823H         LINE#         114
  C:6826H         LINE#         115
  -------         ENDPROC       INIT_EXTERNAL_CLK
  -------         PROC          ENABLE_CROSSBAR
  C:685CH         LINE#         117
  C:685CH         LINE#         118
  C:685CH         LINE#         120
  C:685FH         LINE#         121
  -------         ENDPROC       ENABLE_CROSSBAR
  -------         PROC          ENABLE_GENERAL_INT
  C:0030H         LINE#         123
  C:0030H         LINE#         124
  C:0030H         LINE#         125
BL51 BANKED LINKER/LOCATER V6.22                                                      05/07/2019  08:31:29  PAGE 31


  C:0032H         LINE#         126
  -------         ENDPROC       ENABLE_GENERAL_INT
  -------         PROC          MAIN
  -------         DO            
  X:0000H         SYMBOL        mes
  X:000AH         SYMBOL        f
  X:000EH         SYMBOL        angle
  X:0010H         SYMBOL        ij
  -------         ENDDO         
  C:4BF1H         LINE#         129
  C:4BF1H         LINE#         130
  C:4BF1H         LINE#         132
  C:4BFBH         LINE#         133
  C:4C04H         LINE#         134
  C:4C0CH         LINE#         137
  C:4C0FH         LINE#         138
  C:4C12H         LINE#         141
  C:4C15H         LINE#         144
  C:4C1EH         LINE#         148
  C:4C21H         LINE#         150
  C:4C24H         LINE#         152
  C:4C27H         LINE#         154
  C:4C2AH         LINE#         156
  C:4C2DH         LINE#         158
  C:4C30H         LINE#         160
  C:4C39H         LINE#         161
  C:4C42H         LINE#         165
  C:4C45H         LINE#         167
  C:4C4EH         LINE#         171
  C:4C4EH         LINE#         172
  C:4C4EH         LINE#         174
  C:4C57H         LINE#         176
  C:4C6AH         LINE#         177
  C:4C6AH         LINE#         178
  C:4C73H         LINE#         179
  C:4C76H         LINE#         180
  C:4C76H         LINE#         182
  C:4C8AH         LINE#         183
  C:4C8AH         LINE#         185
  C:4C92H         LINE#         186
  C:4C92H         LINE#         187
  C:4CA2H         LINE#         188
  C:4CA8H         LINE#         189
  C:4CA8H         LINE#         192
  C:4CB1H         LINE#         195
  C:4CBAH         LINE#         198
  C:4CE0H         LINE#         200
  C:4CE3H         LINE#         202
  C:4CFAH         LINE#         203
  C:4CFAH         LINE#         204
  C:4D03H         LINE#         206
  C:4D03H         LINE#         208
  C:4D06H         LINE#         210
  C:4D0FH         LINE#         212
  -------         ENDPROC       MAIN
  -------         ENDMOD        MAIN

BL51 BANKED LINKER/LOCATER V6.22                                                      05/07/2019  08:31:29  PAGE 32


  -------         MODULE        SERIALIZER
  C:0000H         SYMBOL        _ICE_DUMMY_
  X:029EH         PUBLIC        serializer_state_machine
  D:0090H         PUBLIC        P1
  X:02B6H         PUBLIC        is_processing
  X:02B7H         PUBLIC        robot_position
  C:6566H         PUBLIC        _serializer_receive
  D:00E8H         PUBLIC        ADC0CN
  D:00A8H         PUBLIC        IE
  C:60CCH         PUBLIC        __print
  C:672EH         PUBLIC        serializer_clear_serial
  C:5EE5H         PUBLIC        _rotate
  D:00D8H         PUBLIC        PCA0CN
  D:00B8H         PUBLIC        IP
  D:00E3H         PUBLIC        XBR2
  C:000EH         PUBLIC        _idle
  C:58FDH         PUBLIC        _moveAngle
  D:00E5H         PUBLIC        RCAP4H
  D:00C0H         PUBLIC        SMB0CN
  C:32F0H         PUBLIC        _serializer_process
  C:67D4H         PUBLIC        init_serializer_UART1
  D:00E4H         PUBLIC        RCAP4L
  D:00F8H         PUBLIC        SPI0CN
  D:0088H         PUBLIC        TCON
  X:02BCH         PUBLIC        pids_timer
  C:6716H         PUBLIC        serializer_init_serial
  C:55AAH         PUBLIC        is_PID_processing
  C:54EBH         SYMBOL        _?ix1000
  C:54F0H         SYMBOL        _?ix1001
  X:02BEH         PUBLIC        serializer_state
  C:2CD2H         PUBLIC        _idle_next_state
  C:65FFH         PUBLIC        _stop
  C:67E6H         PUBLIC        _UART_send
  B:0098H.1       PUBLIC        TI0
  C:675CH         PUBLIC        _serializer_send
  C:6071H         PUBLIC        _serializer_print
  C:4586H         PUBLIC        _navigate
  C:5857H         PUBLIC        _translate
  C:5F51H         PUBLIC        _setMotors
  C:29A3H         PUBLIC        _angle_calibration_process
  D:0099H         PUBLIC        SBUF0
  D:00F2H         PUBLIC        SBUF1
  D:0098H         PUBLIC        SCON0
  D:00F1H         PUBLIC        SCON1
  D:00C8H         PUBLIC        T2CON
  D:00C9H         PUBLIC        T4CON
  X:02BFH         PUBLIC        is_navigating
  D:00D0H         PUBLIC        PSW
  C:4F18H         PUBLIC        _moveTo
  -------         PROC          INIT_SERIALIZER_UART1
  C:67D4H         LINE#         37
  C:67D4H         LINE#         38
  C:67D4H         LINE#         41
  C:67D7H         LINE#         45
  C:67DAH         LINE#         48
  C:67DDH         LINE#         50
  C:67E0H         LINE#         51
BL51 BANKED LINKER/LOCATER V6.22                                                      05/07/2019  08:31:29  PAGE 33


  C:67E3H         LINE#         53
  C:67E5H         LINE#         54
  -------         ENDPROC       INIT_SERIALIZER_UART1
  -------         PROC          _SERIALIZER_RECEIVE
[...]
  C:5257H         LINE#         115
BL51 BANKED LINKER/LOCATER V6.22                                                      05/07/2019  08:31:29  PAGE 49


  C:5259H         LINE#         116
  C:5259H         LINE#         117
  C:526FH         LINE#         118
  C:526FH         LINE#         121
  C:5289H         LINE#         123
  C:529BH         LINE#         125
  -------         ENDPROC       _SPI_TRANSMIT
  -------         PROC          _SPI_PROCESS
  X:0012H         SYMBOL        cmd
  X:0015H         SYMBOL        spi_packet
  C:2673H         LINE#         127
  C:267EH         LINE#         128
  C:267EH         LINE#         129
  C:269BH         LINE#         130
  C:269BH         LINE#         132
  C:269BH         LINE#         133
  C:26B4H         LINE#         134
  C:26B4H         LINE#         135
  C:26E4H         LINE#         136
  C:26F9H         LINE#         137
  C:270FH         LINE#         138
  C:2712H         LINE#         139
  C:272DH         LINE#         140
  C:272DH         LINE#         141
  C:2746H         LINE#         142
  C:2746H         LINE#         143
  C:2776H         LINE#         144
  C:278BH         LINE#         145
  C:27A1H         LINE#         146
  C:27A4H         LINE#         148
  C:27A4H         LINE#         149
  C:27D4H         LINE#         150
  C:27E9H         LINE#         151
  C:27FFH         LINE#         152
  C:27FFH         LINE#         153
  C:2802H         LINE#         154
  C:281BH         LINE#         155
  C:281BH         LINE#         156
  C:284BH         LINE#         157
  C:2860H         LINE#         158
  C:2876H         LINE#         159
  C:2879H         LINE#         160
  C:2894H         LINE#         161
  C:2894H         LINE#         162
  C:28AEH         LINE#         163
  C:28AEH         LINE#         164
  C:28DEH         LINE#         165
  C:28F3H         LINE#         166
  C:2909H         LINE#         167
  C:290BH         LINE#         169
  C:290BH         LINE#         170
  C:293BH         LINE#         171
  C:2950H         LINE#         172
  C:2966H         LINE#         173
  C:2966H         LINE#         174
  C:2966H         LINE#         176
  C:2966H         LINE#         178
BL51 BANKED LINKER/LOCATER V6.22                                                      05/07/2019  08:31:29  PAGE 50


  C:2966H         LINE#         181
  C:297FH         LINE#         182
  C:297FH         LINE#         183
  C:298DH         LINE#         184
  C:29A2H         LINE#         185
  C:29A2H         LINE#         187
  -------         ENDPROC       _SPI_PROCESS
  -------         PROC          _SPI_CMD_SERVO
  X:0018H         SYMBOL        cmd
  X:001BH         SYMBOL        spi_packet
  C:5707H         LINE#         189
  C:5712H         LINE#         190
  C:5712H         LINE#         191
  C:5728H         LINE#         192
  C:5752H         LINE#         193
  C:5785H         LINE#         194
  C:579AH         LINE#         195
  C:57AFH         LINE#         196
  -------         ENDPROC       _SPI_CMD_SERVO
  -------         PROC          _SPI_CMD_LIGHT_ON
  X:0018H         SYMBOL        cmd
  X:001BH         SYMBOL        spi_packet
  C:529CH         LINE#         198
  C:52A7H         LINE#         199
  C:52A7H         LINE#         200
  C:52BDH         LINE#         201
  C:52E7H         LINE#         202
  C:5311H         LINE#         203
  C:533BH         LINE#         204
  C:5365H         LINE#         206
  -------         ENDPROC       _SPI_CMD_LIGHT_ON
  -------         PROC          _SPI_CMD_LIGHT_OFF
  X:0018H         SYMBOL        cmd
  X:001BH         SYMBOL        spi_packet
  C:5D0FH         LINE#         208
  C:5D1AH         LINE#         209
  C:5D1AH         LINE#         210
  C:5D30H         LINE#         211
  C:5D45H         LINE#         212
  C:5D5AH         LINE#         213
  C:5D6FH         LINE#         214
  C:5D84H         LINE#         216
  -------         ENDPROC       _SPI_CMD_LIGHT_OFF
  -------         PROC          _SPI_CMD_GENERATE_SOUND
  X:0018H         SYMBOL        cmd
  X:001BH         SYMBOL        spi_packet
  C:5366H         LINE#         218
  C:5371H         LINE#         219
  C:5371H         LINE#         220
  C:5387H         LINE#         221
  C:53B1H         LINE#         222
  C:53DBH         LINE#         223
  C:5405H         LINE#         224
  C:542FH         LINE#         225
  -------         ENDPROC       _SPI_CMD_GENERATE_SOUND
  -------         PROC          _SPI_CMD_PHOTO_ON
  X:0018H         SYMBOL        cmd
BL51 BANKED LINKER/LOCATER V6.22                                                      05/07/2019  08:31:29  PAGE 51


  X:001BH         SYMBOL        spi_packet
  C:54F5H         LINE#         227
  C:5500H         LINE#         228
  C:5500H         LINE#         230
  C:5516H         LINE#         231
  C:5540H         LINE#         232
  C:556AH         LINE#         233
  C:5594H         LINE#         234
  C:55A9H         LINE#         236
  -------         ENDPROC       _SPI_CMD_PHOTO_ON
  -------         PROC          _SPI_CMD_PHOTO_OFF
  X:0018H         SYMBOL        cmd
  X:001BH         SYMBOL        spi_packet
  C:5D85H         LINE#         238
  C:5D90H         LINE#         239
  C:5D90H         LINE#         240
  C:5DA6H         LINE#         241
  C:5DBBH         LINE#         242
  C:5DD0H         LINE#         243
  C:5DE5H         LINE#         244
  C:5DFAH         LINE#         245
  -------         ENDPROC       _SPI_CMD_PHOTO_OFF
  -------         PROC          SPI_VALIDATE
  -------         DO            
  X:001DH         SYMBOL        hash
  X:001FH         SYMBOL        i
  -------         ENDDO         
  C:5E70H         LINE#         247
  C:5E70H         LINE#         248
  C:5E70H         LINE#         249
  C:5E80H         LINE#         251
  C:5E9BH         LINE#         252
  C:5E9BH         LINE#         253
  C:5EBDH         LINE#         254
  C:5ECDH         LINE#         256
  C:5EDFH         LINE#         257
  C:5EDFH         LINE#         258
  C:5EE2H         LINE#         259
  C:5EE2H         LINE#         261
  C:5EE2H         LINE#         262
  C:5EE4H         LINE#         263
  C:5EE4H         LINE#         264
  -------         ENDPROC       SPI_VALIDATE
  -------         PROC          SPI_ERROR
  C:66C3H         LINE#         266
  C:66C3H         LINE#         267
  C:66C3H         LINE#         268
  C:66C9H         LINE#         269
  C:66CFH         LINE#         270
  C:66D5H         LINE#         271
  C:66DBH         LINE#         272
  C:66E1H         LINE#         273
  -------         ENDPROC       SPI_ERROR
  -------         ENDMOD        SPI_MASTER

  -------         MODULE        POWER_SENSOR
  C:0000H         SYMBOL        _ICE_DUMMY_
BL51 BANKED LINKER/LOCATER V6.22                                                      05/07/2019  08:31:29  PAGE 52


  D:0090H         PUBLIC        P1
  X:0350H         PUBLIC        tension
  X:0354H         PUBLIC        Rshunt
  D:00E8H         PUBLIC        ADC0CN
  D:00A8H         PUBLIC        IE
  C:6836H         PUBLIC        _power_sensor_process
  X:0358H         PUBLIC        Vref
  D:00D8H         PUBLIC        PCA0CN
  D:00B8H         PUBLIC        IP
  D:00C0H         PUBLIC        SMB0CN
  D:00F8H         PUBLIC        SPI0CN
  D:0088H         PUBLIC        TCON
  X:035CH         PUBLIC        intensite
  D:0098H         PUBLIC        SCON0
  D:00C8H         PUBLIC        T2CON
  D:00D0H         PUBLIC        PSW
  -------         PROC          _POWER_SENSOR_PROCESS
  X:036BH         SYMBOL        cmd
  C:6836H         LINE#         47
  C:6841H         LINE#         48
  C:6841H         LINE#         51
  -------         ENDPROC       _POWER_SENSOR_PROCESS
  -------         ENDMOD        POWER_SENSOR

  -------         MODULE        ADC
  C:0000H         SYMBOL        _ICE_DUMMY_
  D:0090H         PUBLIC        P1
  D:00BCH         PUBLIC        ADC0CF
  D:00E8H         PUBLIC        ADC0CN
  D:00D4H         PUBLIC        DAC0CN
  D:00A8H         PUBLIC        IE
  D:00D8H         PUBLIC        PCA0CN
  D:00B8H         PUBLIC        IP
  D:00D1H         PUBLIC        REF0CN
  D:00C0H         PUBLIC        SMB0CN
  D:00F8H         PUBLIC        SPI0CN
  D:0088H         PUBLIC        TCON
  D:00BBH         PUBLIC        AMX0SL
  C:66A1H         PUBLIC        _choose_ADC_input
  D:0098H         PUBLIC        SCON0
  D:00C8H         PUBLIC        T2CON
  C:6746H         PUBLIC        Init_ADC0
  C:6857H         PUBLIC        read_ADC0
  D:00BEH         PUBLIC        ADC0
  D:00D0H         PUBLIC        PSW
  -------         PROC          INIT_ADC0
  C:6746H         LINE#         5
  C:6746H         LINE#         6
  C:6746H         LINE#         8
  C:6749H         LINE#         9
  C:674CH         LINE#         10
  C:674FH         LINE#         14
  C:6752H         LINE#         15
  C:6755H         LINE#         17
  C:6758H         LINE#         18
  C:675BH         LINE#         19
  -------         ENDPROC       INIT_ADC0
BL51 BANKED LINKER/LOCATER V6.22                                                      05/07/2019  08:31:29  PAGE 53


  -------         PROC          READ_ADC0
  C:6857H         LINE#         21
  C:6857H         LINE#         22
  C:6857H         LINE#         23
  C:685BH         LINE#         24
  -------         ENDPROC       READ_ADC0
  -------         PROC          _CHOOSE_ADC_INPUT
  X:0003H         SYMBOL        adc_input
  C:66A1H         LINE#         26
  C:66A6H         LINE#         27
  C:66A6H         LINE#         28
  C:66AEH         LINE#         29
  C:66AEH         LINE#         30
  C:66B1H         LINE#         31
  C:66B2H         LINE#         32
  C:66BBH         LINE#         33
  C:66BBH         LINE#         34
  C:66BEH         LINE#         35
  C:66BFH         LINE#         37
  C:66BFH         LINE#         38
  C:66C2H         LINE#         39
  C:66C2H         LINE#         40
  -------         ENDPROC       _CHOOSE_ADC_INPUT
  -------         ENDMOD        ADC

  -------         MODULE        ?C?FPADD
  C:003DH         PUBLIC        ?C?FPADD
  C:0039H         PUBLIC        ?C?FPSUB
  -------         ENDMOD        ?C?FPADD

  -------         MODULE        ?C?FPMUL
  C:012EH         PUBLIC        ?C?FPMUL
  -------         ENDMOD        ?C?FPMUL

  -------         MODULE        ?C?FPDIV
  C:0237H         PUBLIC        ?C?FPDIV
  -------         ENDMOD        ?C?FPDIV

  -------         MODULE        ?C?FPCMP
  C:02D6H         PUBLIC        ?C?FPCMP
  C:02D4H         PUBLIC        ?C?FPCMP3
  -------         ENDMOD        ?C?FPCMP

  -------         MODULE        ?C?FCAST
  C:0357H         PUBLIC        ?C?FCASTC
  C:0352H         PUBLIC        ?C?FCASTI
  C:034DH         PUBLIC        ?C?FCASTL
  -------         ENDMOD        ?C?FCAST

  -------         MODULE        ?C?CASTF
  C:038BH         PUBLIC        ?C?CASTF
  -------         ENDMOD        ?C?CASTF

  -------         MODULE        PRINTF
  X:003BH         PUBLIC        ?_PRINTF?BYTE
  X:003BH         PUBLIC        ?_SPRINTF?BYTE
  C:1BC8H         PUBLIC        _PRINTF
BL51 BANKED LINKER/LOCATER V6.22                                                      05/07/2019  08:31:29  PAGE 54


  C:1BC2H         PUBLIC        _SPRINTF
  -------         ENDMOD        PRINTF

  -------         MODULE        SCANF
  X:0114H         PUBLIC        ?_SCANF?BYTE
  X:0114H         PUBLIC        ?_SSCANF?BYTE
  C:206DH         PUBLIC        _SCANF
  C:2069H         PUBLIC        _SSCANF
  -------         ENDMOD        SCANF

  -------         MODULE        SQRT
  C:565FH         PUBLIC        _SQRT
  -------         ENDMOD        SQRT

  -------         MODULE        ATAN
  C:4AEFH         PUBLIC        _ATAN
  -------         ENDMOD        ATAN

  -------         MODULE        ?C?FPROUND
  C:040CH         PUBLIC        ?C?FPROUND
  -------         ENDMOD        ?C?FPROUND

  -------         MODULE        ?C?FPCONVERT
  C:0449H         PUBLIC        ?C?FPCONVERT
  -------         ENDMOD        ?C?FPCONVERT

  -------         MODULE        ?C?FPNEG
  C:059BH         PUBLIC        ?C?FPNEG
  -------         ENDMOD        ?C?FPNEG

  -------         MODULE        ?C?FTNPWR
  C:05DCH         PUBLIC        ?C?FTNPWR
  -------         ENDMOD        ?C?FTNPWR

  -------         MODULE        ?C?COPY
  C:06ECH         PUBLIC        ?C?COPY
  -------         ENDMOD        ?C?COPY

  -------         MODULE        ?C?CLDPTR
  C:0712H         PUBLIC        ?C?CLDPTR
  -------         ENDMOD        ?C?CLDPTR

  -------         MODULE        ?C?CLDOPTR
  C:072BH         PUBLIC        ?C?CLDOPTR
  -------         ENDMOD        ?C?CLDOPTR

  -------         MODULE        ?C?CSTPTR
  C:0758H         PUBLIC        ?C?CSTPTR
  -------         ENDMOD        ?C?CSTPTR

  -------         MODULE        ?C?CSTOPTR
  C:076AH         PUBLIC        ?C?CSTOPTR
  -------         ENDMOD        ?C?CSTOPTR

  -------         MODULE        ?C?IMUL
  C:078CH         PUBLIC        ?C?IMUL
  -------         ENDMOD        ?C?IMUL
BL51 BANKED LINKER/LOCATER V6.22                                                      05/07/2019  08:31:29  PAGE 55



  -------         MODULE        ?C?ILDPTR
  C:079EH         PUBLIC        ?C?ILDPTR
  -------         ENDMOD        ?C?ILDPTR

  -------         MODULE        ?C?ILDOPTR
  C:07C9H         PUBLIC        ?C?ILDOPTR
  -------         ENDMOD        ?C?ILDOPTR

  -------         MODULE        ?C?ISTPTR
  C:0801H         PUBLIC        ?C?ISTPTR
  -------         ENDMOD        ?C?ISTPTR

  -------         MODULE        ?C?ISTOPTR
  C:0820H         PUBLIC        ?C?ISTOPTR
  -------         ENDMOD        ?C?ISTOPTR

  -------         MODULE        ?C?LNEG
  C:084DH         PUBLIC        ?C?LNEG
  -------         ENDMOD        ?C?LNEG

  -------         MODULE        ?C?LLDOPTR
  C:085BH         PUBLIC        ?C?LLDOPTR
  -------         ENDMOD        ?C?LLDOPTR

  -------         MODULE        ?C?LSTPTR
  C:088BH         PUBLIC        ?C?LSTPTR
  -------         ENDMOD        ?C?LSTPTR

  -------         MODULE        ?C?LSTOPTR
  C:08A5H         PUBLIC        ?C?LSTOPTR
  -------         ENDMOD        ?C?LSTOPTR

  -------         MODULE        ?C?LLDXDATA
  C:08C9H         PUBLIC        ?C?LLDXDATA
  -------         ENDMOD        ?C?LLDXDATA

  -------         MODULE        ?C?LLDCODE
  C:08D5H         PUBLIC        ?C?LLDCODE
  -------         ENDMOD        ?C?LLDCODE

  -------         MODULE        ?C?LLDXDATA0
  C:08E5H         PUBLIC        ?C?LLDXDATA0
  -------         ENDMOD        ?C?LLDXDATA0

  -------         MODULE        ?C?LLDCODE0
  C:08F1H         PUBLIC        ?C?LLDCODE0
  -------         ENDMOD        ?C?LLDCODE0

  -------         MODULE        ?C?LSTXDATA
  C:0901H         PUBLIC        ?C?LSTXDATA
  -------         ENDMOD        ?C?LSTXDATA

  -------         MODULE        ?C?LSTKXDATA
  C:090DH         PUBLIC        ?C?LSTKXDATA
  -------         ENDMOD        ?C?LSTKXDATA

BL51 BANKED LINKER/LOCATER V6.22                                                      05/07/2019  08:31:29  PAGE 56


  -------         MODULE        ?C?OFFXADD
  C:093EH         PUBLIC        ?C?OFFXADD
  -------         ENDMOD        ?C?OFFXADD

  -------         MODULE        ?C?PLDXDATA
  C:094AH         PUBLIC        ?C?PLDXDATA
  -------         ENDMOD        ?C?PLDXDATA

  -------         MODULE        ?C?PLDIXDATA
  C:0953H         PUBLIC        ?C?PLDIXDATA
  -------         ENDMOD        ?C?PLDIXDATA

  -------         MODULE        ?C?PILDXDATA
  C:096AH         PUBLIC        ?C?PILDXDATA
  -------         ENDMOD        ?C?PILDXDATA

  -------         MODULE        ?C?PSTXDATA
  C:0981H         PUBLIC        ?C?PSTXDATA
  -------         ENDMOD        ?C?PSTXDATA

  -------         MODULE        ?C?PLDPTR
  C:098AH         PUBLIC        ?C?PLDPTR
  -------         ENDMOD        ?C?PLDPTR

  -------         MODULE        ?C?PSTPTR
  C:09AAH         PUBLIC        ?C?PSTPTR
  -------         ENDMOD        ?C?PSTPTR

  -------         MODULE        ?C?PLDOPTR
  C:09F9H         PUBLIC        ?C?PLDOPTR
  -------         ENDMOD        ?C?PLDOPTR

  -------         MODULE        ?C?PSTOPTR
  C:0A29H         PUBLIC        ?C?PSTOPTR
  -------         ENDMOD        ?C?PSTOPTR

  -------         MODULE        ?C?CCASE
  C:0A82H         PUBLIC        ?C?CCASE
  -------         ENDMOD        ?C?CCASE

  -------         MODULE        ?C?ICALL
  C:0AA8H         PUBLIC        ?C?ICALL
  C:0AACH         PUBLIC        ?C?ICALL2
  -------         ENDMOD        ?C?ICALL

  -------         MODULE        PUTCHAR
  C:6654H         PUBLIC        _PUTCHAR
  -------         ENDMOD        PUTCHAR

  -------         MODULE        GETCHAR
  B:0022H.6       PUBLIC        ?C?CHARLOADED
  X:036EH         PUBLIC        ?_UNGETCHAR?BYTE
  C:679AH         PUBLIC        GETCHAR
  -------         ENDMOD        GETCHAR

  -------         MODULE        UNGETC
  C:0003H         PUBLIC        _UNGETCHAR
BL51 BANKED LINKER/LOCATER V6.22                                                      05/07/2019  08:31:29  PAGE 57


  -------         ENDMOD        UNGETC

  -------         MODULE        ISSPACE
  C:67AEH         PUBLIC        _isspace
  -------         ENDMOD        ISSPACE

  -------         MODULE        ?C?STRCMP
  C:0C2CH         PUBLIC        ?C?STRCMP
  -------         ENDMOD        ?C?STRCMP

  -------         MODULE        STRLEN
  C:6771H         PUBLIC        _STRLEN
  -------         ENDMOD        STRLEN

  -------         MODULE        ?C?MEMSET
  C:0C49H         PUBLIC        ?C?MEMSET
  -------         ENDMOD        ?C?MEMSET

  -------         MODULE        ?C?LLDIDATA
  C:0C75H         PUBLIC        ?C?LLDIDATA
  -------         ENDMOD        ?C?LLDIDATA

  -------         MODULE        ?C?LLDPDATA
  C:0C81H         PUBLIC        ?C?LLDPDATA
  -------         ENDMOD        ?C?LLDPDATA

  -------         MODULE        ?C?LSTIDATA
  C:0C8DH         PUBLIC        ?C?LSTIDATA
  -------         ENDMOD        ?C?LSTIDATA

  -------         MODULE        ?C?LSTPDATA
  C:0C99H         PUBLIC        ?C?LSTPDATA
  -------         ENDMOD        ?C?LSTPDATA

  -------         MODULE        ?C?PLDIDATA
  C:0CA5H         PUBLIC        ?C?PLDIDATA
  -------         ENDMOD        ?C?PLDIDATA

  -------         MODULE        ?C?PSTIDATA
  C:0CAEH         PUBLIC        ?C?PSTIDATA
  -------         ENDMOD        ?C?PSTIDATA

  -------         MODULE        ?C?PLDPDATA
  C:0CB7H         PUBLIC        ?C?PLDPDATA
  -------         ENDMOD        ?C?PLDPDATA

  -------         MODULE        ?C?PSTPDATA
  C:0CC0H         PUBLIC        ?C?PSTPDATA
  -------         ENDMOD        ?C?PSTPDATA

  -------         MODULE        ?C?PLDCODE
  C:0CC9H         PUBLIC        ?C?PLDCODE
  -------         ENDMOD        ?C?PLDCODE

  -------         MODULE        _GETKEY
  C:684DH         PUBLIC        _GETKEY
  -------         ENDMOD        _GETKEY
BL51 BANKED LINKER/LOCATER V6.22                                                      05/07/2019  08:31:29  PAGE 58



*** WARNING L16: UNCALLED SEGMENT, IGNORED FOR OVERLAY PROCESS
    SEGMENT: ?PR?_POWER_SENSOR_PROCESS?POWER_SENSOR

*** WARNING L15: MULTIPLE CALL TO SEGMENT
    SEGMENT: ?PR?SCANF?SCANF
    CALLER1: ?C_C51STARTUP
    CALLER2: ?PR?_MOVE_TO_CMD?COMMANDS

*** WARNING L15: MULTIPLE CALL TO SEGMENT
    SEGMENT: ?PR??C?ATOF??C?ATOF
    CALLER1: ?C_C51STARTUP
    CALLER2: ?PR?_MOVE_TO_CMD?COMMANDS

*** WARNING L1: UNRESOLVED EXTERNAL SYMBOL
    SYMBOL:  _DD_OBS_DETECTION
    MODULE:  .\Objects\distance_detector.obj (DISTANCE_DETECTOR)

*** WARNING L2: REFERENCE MADE TO UNRESOLVED EXTERNAL
    SYMBOL:  _DD_OBS_DETECTION
    MODULE:  .\Objects\distance_detector.obj (DISTANCE_DETECTOR)
    ADDRESS: 4030H

Program Size: data=33.7 xdata=879 code=26720
LINK/LOCATE RUN COMPLETE.  5 WARNING(S),  0 ERROR(S)
