BL51 BANKED LINKER/LOCATER V6.22                                                        04/18/2019  18:35:49  PAGE 1


BL51 BANKED LINKER/LOCATER V6.22, INVOKED BY:
C:\KEIL_V5\C51\BIN\BL51.EXE .\Objects\STARTUP.obj, .\Objects\commands.obj, .\Objects\commands_parser.obj, .\Objects\main
>> .obj, .\Objects\serializer.obj, .\Objects\motion.obj, .\Objects\distance_detector.obj, .\Objects\spi_master.obj TO .\
>> Objects\robot_V1 PRINT (.\Listings\robot_V1.m51) RAMSIZE (256) OVERLAY (* ! MOVE_TO_CMD)


MEMORY MODEL: LARGE WITH FLOATING POINT ARITHMETIC


INPUT MODULES INCLUDED:
  .\Objects\STARTUP.obj (?C_STARTUP)
  .\Objects\commands.obj (COMMANDS)
  .\Objects\commands_parser.obj (COMMANDS_PARSER)
  .\Objects\main.obj (MAIN)
  .\Objects\serializer.obj (SERIALIZER)
  .\Objects\motion.obj (MOTION)
  .\Objects\distance_detector.obj (DISTANCE_DETECTOR)
  .\Objects\spi_master.obj (SPI_MASTER)
  C:\KEIL_V5\C51\LIB\C51FPL.LIB (?C?FPADD)
  C:\KEIL_V5\C51\LIB\C51FPL.LIB (?C?FPMUL)
  C:\KEIL_V5\C51\LIB\C51FPL.LIB (?C?FPDIV)
  C:\KEIL_V5\C51\LIB\C51FPL.LIB (?C?FCAST)
  C:\KEIL_V5\C51\LIB\C51FPL.LIB (?C?CASTF)
  C:\KEIL_V5\C51\LIB\C51FPL.LIB (PRINTF)
  C:\KEIL_V5\C51\LIB\C51FPL.LIB (SCANF)
  C:\KEIL_V5\C51\LIB\C51FPL.LIB (SQRT)
  C:\KEIL_V5\C51\LIB\C51FPL.LIB (ATAN)
  C:\KEIL_V5\C51\LIB\C51FPL.LIB (?C?FPGETOPN)
  C:\KEIL_V5\C51\LIB\C51FPL.LIB (?C?FPROUND)
  C:\KEIL_V5\C51\LIB\C51FPL.LIB (?C?FPCONVERT)
  C:\KEIL_V5\C51\LIB\C51FPL.LIB (?C?ATOF)
  C:\KEIL_V5\C51\LIB\C51FPL.LIB (?C?FPSERIES)
  C:\KEIL_V5\C51\LIB\C51FPL.LIB (?C?FPNEG)
  C:\KEIL_V5\C51\LIB\C51FPL.LIB (?C?FTNPWR)
  C:\KEIL_V5\C51\LIB\C51L.LIB (?C_INIT)
  C:\KEIL_V5\C51\LIB\C51L.LIB (?C?COPY)
  C:\KEIL_V5\C51\LIB\C51L.LIB (?C?CLDPTR)
  C:\KEIL_V5\C51\LIB\C51L.LIB (?C?CLDOPTR)
  C:\KEIL_V5\C51\LIB\C51L.LIB (?C?CSTPTR)
  C:\KEIL_V5\C51\LIB\C51L.LIB (?C?CSTOPTR)
  C:\KEIL_V5\C51\LIB\C51L.LIB (?C?IMUL)
  C:\KEIL_V5\C51\LIB\C51L.LIB (?C?ILDPTR)
  C:\KEIL_V5\C51\LIB\C51L.LIB (?C?ILDOPTR)
  C:\KEIL_V5\C51\LIB\C51L.LIB (?C?ISTPTR)
  C:\KEIL_V5\C51\LIB\C51L.LIB (?C?ISTOPTR)
  C:\KEIL_V5\C51\LIB\C51L.LIB (?C?LNEG)
  C:\KEIL_V5\C51\LIB\C51L.LIB (?C?LSTPTR)
  C:\KEIL_V5\C51\LIB\C51L.LIB (?C?LLDXDATA)
  C:\KEIL_V5\C51\LIB\C51L.LIB (?C?LLDCODE)
  C:\KEIL_V5\C51\LIB\C51L.LIB (?C?LLDXDATA0)
  C:\KEIL_V5\C51\LIB\C51L.LIB (?C?LLDCODE0)
  C:\KEIL_V5\C51\LIB\C51L.LIB (?C?LSTXDATA)
  C:\KEIL_V5\C51\LIB\C51L.LIB (?C?LSTKXDATA)
  C:\KEIL_V5\C51\LIB\C51L.LIB (?C?OFFXADD)
  C:\KEIL_V5\C51\LIB\C51L.LIB (?C?PLDXDATA)
  C:\KEIL_V5\C51\LIB\C51L.LIB (?C?PLDIXDATA)
  C:\KEIL_V5\C51\LIB\C51L.LIB (?C?PILDXDATA)
  C:\KEIL_V5\C51\LIB\C51L.LIB (?C?PSTXDATA)
BL51 BANKED LINKER/LOCATER V6.22                                                      04/18/2019  18:35:49  PAGE 2


  C:\KEIL_V5\C51\LIB\C51L.LIB (?C?PLDPTR)
  C:\KEIL_V5\C51\LIB\C51L.LIB (?C?PSTPTR)
  C:\KEIL_V5\C51\LIB\C51L.LIB (?C?PLDOPTR)
  C:\KEIL_V5\C51\LIB\C51L.LIB (?C?CCASE)
  C:\KEIL_V5\C51\LIB\C51L.LIB (?C?ICALL)
  C:\KEIL_V5\C51\LIB\C51L.LIB (PUTCHAR)
  C:\KEIL_V5\C51\LIB\C51L.LIB (GETCHAR)
  C:\KEIL_V5\C51\LIB\C51L.LIB (UNGETC)
  C:\KEIL_V5\C51\LIB\C51L.LIB (ISSPACE)
  C:\KEIL_V5\C51\LIB\C51L.LIB (?C?STRCMP)
  C:\KEIL_V5\C51\LIB\C51L.LIB (STRLEN)
  C:\KEIL_V5\C51\LIB\C51L.LIB (?C?MEMSET)
  C:\KEIL_V5\C51\LIB\C51L.LIB (?C?LSTIDATA)
  C:\KEIL_V5\C51\LIB\C51L.LIB (?C?LSTPDATA)
  C:\KEIL_V5\C51\LIB\C51L.LIB (?C?PLDIDATA)
  C:\KEIL_V5\C51\LIB\C51L.LIB (?C?PSTIDATA)
  C:\KEIL_V5\C51\LIB\C51L.LIB (?C?PLDPDATA)
  C:\KEIL_V5\C51\LIB\C51L.LIB (?C?PSTPDATA)
  C:\KEIL_V5\C51\LIB\C51L.LIB (?C?PLDCODE)
  C:\KEIL_V5\C51\LIB\C51L.LIB (_GETKEY)


LINK MAP OF MODULE:  .\Objects\robot_V1 (?C_STARTUP)


            TYPE    BASE      LENGTH    RELOCATION   SEGMENT NAME
            -----------------------------------------------------

            * * * * * * *   D A T A   M E M O R Y   * * * * * * *
            REG     0000H     0008H     ABSOLUTE     "REG BANK 0"
            DATA    0008H     0016H     UNIT         _DATA_GROUP_
                    001EH     0002H                  *** GAP ***
            BIT     0020H.0   0002H.6   UNIT         _BIT_GROUP_
            BIT     0022H.6   0000H.1   UNIT         ?BI?GETCHAR
                    0022H.7   0000H.1                *** GAP ***
            IDATA   0023H     0001H     UNIT         ?STACK

            * * * * * * *  X D A T A   M E M O R Y  * * * * * * *
            XDATA   0000H     0146H     UNIT         _XDATA_GROUP_
            XDATA   0146H     0114H     UNIT         ?XD?COMMANDS_PARSER
            XDATA   025AH     0055H     UNIT         ?XD?MAIN
            XDATA   02AFH     0025H     UNIT         ?XD?SERIALIZER
            XDATA   02D4H     0021H     UNIT         ?XD?DISTANCE_DETECTOR
            XDATA   02F5H     000BH     UNIT         ?XD?SPI_MASTER
            XDATA   0300H     0001H     UNIT         ?XD?SERIALIZER_INIT_SERIAL?SERIALIZER
            XDATA   0301H     0001H     UNIT         ?XD?GETCHAR

            * * * * * * *   C O D E   M E M O R Y   * * * * * * *
            CODE    0000H     0003H     ABSOLUTE     
            CODE    0003H     0008H     UNIT         ?PR?GETCHAR?UNGETCHAR
            CODE    000BH     0003H     ABSOLUTE     
            CODE    000EH     0022H     UNIT         ?PR?_IDLE?SERIALIZER
            CODE    0030H     0003H     UNIT         ?PR?ENABLE_GENERAL_INT?MAIN
            CODE    0033H     0003H     ABSOLUTE     
            CODE    0036H     0B61H     UNIT         ?C?LIB_CODE
            CODE    0B97H     052AH     UNIT         ?PR?_DELTA_ANGLE?MOTION
            CODE    10C1H     04ADH     UNIT         ?PR?_LIGHT_BEAM_ON_CMD?COMMANDS
BL51 BANKED LINKER/LOCATER V6.22                                                      04/18/2019  18:35:49  PAGE 3


            CODE    156EH     0483H     UNIT         ?PR?PRINTF?PRINTF
            CODE    19F1H     035AH     UNIT         ?PR?SCANF?SCANF
            CODE    1D4BH     0339H     UNIT         ?PR?_MOVE_TO_CMD?COMMANDS
            CODE    2084H     0319H     UNIT         ?PR?_IDLE_NEXT_STATE?SERIALIZER
            CODE    239DH     02A7H     UNIT         ?PR?_SERIALIZER_PROCESS?SERIALIZER
            CODE    2644H     0247H     UNIT         ?PR?_PARSE?COMMANDS_PARSER
            CODE    288BH     01E5H     UNIT         ?PR?_SPI_PROCESS?SPI_MASTER
            CODE    2A70H     01B4H     UNIT         ?PR?MAIN?MAIN
            CODE    2C24H     01A8H     UNIT         ?PR?_SERVO_MOVE_CMD?COMMANDS
            CODE    2DCCH     01A3H     UNIT         ?C_INITSEG
            CODE    2F6FH     017CH     UNIT         ?PR?_ANGLE_ROTATION_CMD?COMMANDS
            CODE    30EBH     0167H     UNIT         ?PR?_NAVIGATE?SERIALIZER
            CODE    3252H     0154H     UNIT         ?PR?_MOVE_FORWARD_CMD?COMMANDS
            CODE    33A6H     0154H     UNIT         ?PR?_MOVE_BACKWARD_CMD?COMMANDS
            CODE    34FAH     013AH     UNIT         ?PR?_COMPLETE_ROTATION_CMD?COMMANDS
            CODE    3634H     0122H     UNIT         ?PR?ATAN?ATAN
            CODE    3756H     0106H     UNIT         ?PR?_EPREUVE_CMD?COMMANDS
            CODE    385CH     00FEH     UNIT         ?PR?_MOVETO?SERIALIZER
            CODE    395AH     00ECH     UNIT         ?PR?TIMER_0_INT?DISTANCE_DETECTOR
            CODE    3A46H     00E6H     UNIT         ?PR??C?ATOF??C?ATOF
            CODE    3B2CH     00D0H     UNIT         ?PR?_SET_DEFAULT_SPEED_CMD?COMMANDS
            CODE    3BFCH     00D0H     UNIT         ?PR?_SPI_TRANSMIT?SPI_MASTER
            CODE    3CCCH     00CAH     UNIT         ?PR?_SPI_CMD_LIGHT_ON?SPI_MASTER
            CODE    3D96H     00B1H     UNIT         ?PR?IS_PID_PROCESSING?SERIALIZER
            CODE    3E47H     00ACH     UNIT         ?PR?SQRT?SQRT
            CODE    3EF3H     00A9H     UNIT         ?PR?_SPI_CMD_SERVO?SPI_MASTER
            CODE    3F9CH     00A6H     UNIT         ?PR?_TRANSLATE?SERIALIZER
            CODE    4042H     00A4H     UNIT         ?PR?_MOVEANGLE?SERIALIZER
            CODE    40E6H     00A0H     UNIT         ?CO?MAIN
            CODE    4186H     009CH     UNIT         ?PR?_WAIT?COMMANDS_PARSER
            CODE    4222H     0097H     UNIT         ?PR?_DD_SLEW_DETECTION?DISTANCE_DETECTOR
            CODE    42B9H     0096H     UNIT         ?PR?_ANGLE_TARGET?MOTION
            CODE    434FH     0094H     UNIT         ?PR?_DD_IDLE?DISTANCE_DETECTOR
            CODE    43E3H     008CH     UNIT         ?C_C51STARTUP
            CODE    446FH     0076H     UNIT         ?PR?_SPI_CMD_LIGHT_OFF?SPI_MASTER
            CODE    44E5H     0075H     UNIT         ?PR?SPI_VALIDATE?SPI_MASTER
            CODE    455AH     006CH     UNIT         ?PR?_ROTATE?SERIALIZER
            CODE    45C6H     0063H     UNIT         ?PR?_SETMOTORS?SERIALIZER
            CODE    4629H     0062H     UNIT         ?CO?COMMANDS_PARSER
            CODE    468BH     005BH     UNIT         ?PR?_SERIALIZER_PRINT?SERIALIZER
            CODE    46E6H     0058H     UNIT         ?PR?DD_MESURE?DISTANCE_DETECTOR
            CODE    473EH     0056H     UNIT         ?PR?_USART_PRINT?COMMANDS_PARSER
            CODE    4794H     0050H     UNIT         ?CO?SERIALIZER
            CODE    47E4H     0050H     UNIT         ?PR?DD_START_CONVERSION?DISTANCE_DETECTOR
            CODE    4834H     004BH     UNIT         ?PR?_CMD_PARSER_PROCESS?COMMANDS_PARSER
            CODE    487FH     0048H     UNIT         ?PR?_MOVE_STOP_CMD?COMMANDS
            CODE    48C7H     0048H     UNIT         ?PR?_RIGTH_ROTATION_CMD?COMMANDS
            CODE    490FH     0048H     UNIT         ?PR?_LEFT_ROTATION_CMD?COMMANDS
            CODE    4957H     0048H     UNIT         ?PR?_DETECTE_OBSTACLE?COMMANDS
            CODE    499FH     0048H     UNIT         ?PR?_LIGHT_BEAM_OFF_CMD?COMMANDS
            CODE    49E7H     0045H     UNIT         ?PR?_SAFETY_BREAK_CMD?COMMANDS
            CODE    4A2CH     0045H     UNIT         ?PR?_DISTANCE_DETECTOR_PROCESS?DISTANCE_DETECTOR
            CODE    4A71H     0043H     UNIT         ?PR?_GET_COMMAND?COMMANDS_PARSER
            CODE    4AB4H     003AH     UNIT         ?PR?_DISTANCE?MOTION
            CODE    4AEEH     0038H     UNIT         ?PR?_DD_MOVE_SERVO_H?DISTANCE_DETECTOR
            CODE    4B26H     0035H     UNIT         ?PR?_SERIALIZER_RECEIVE?SERIALIZER
            CODE    4B5BH     0033H     UNIT         ?CO?COMMANDS
BL51 BANKED LINKER/LOCATER V6.22                                                      04/18/2019  18:35:49  PAGE 4


            CODE    4B8EH     0032H     UNIT         ?PR?_USART_RECEIVE?COMMANDS_PARSER
            CODE    4BC0H     0032H     UNIT         ?PR?SPI_INT?SPI_MASTER
            CODE    4BF2H     002EH     UNIT         ?PR?_STOP?SERIALIZER
            CODE    4C20H     0027H     UNIT         ?PR?_DEFAULT_PROCESS?COMMANDS
            CODE    4C47H     0027H     UNIT         ?PR?PUTCHAR?PUTCHAR
            CODE    4C6EH     0026H     UNIT         ?PR?_EPREUVE_STOP?COMMANDS
            CODE    4C94H     0021H     UNIT         ?PR?INIT_PARSER?COMMANDS_PARSER
            CODE    4CB5H     001FH     UNIT         ?PR?SPI_ERROR?SPI_MASTER
            CODE    4CD4H     001BH     UNIT         ?PR?INIT_SPI?SPI_MASTER
            CODE    4CEFH     0019H     UNIT         ?PR?_DD_SET_ANGLE?DISTANCE_DETECTOR
            CODE    4D08H     0018H     UNIT         ?PR?SERIALIZER_INIT_SERIAL?SERIALIZER
            CODE    4D20H     0018H     UNIT         ?PR?SERIALIZER_CLEAR_SERIAL?SERIALIZER
            CODE    4D38H     0016H     UNIT         ?PR?DD_CONFIG_DAC_ADC?DISTANCE_DETECTOR
            CODE    4D4EH     0015H     UNIT         ?PR?_SERIALIZER_SEND?SERIALIZER
            CODE    4D63H     0015H     UNIT         ?PR?_STRLEN?STRLEN
            CODE    4D78H     0014H     UNIT         ?PR?_SPI_SEND_CHAR?SPI_MASTER
            CODE    4D8CH     0014H     UNIT         ?PR?GETCHAR?GETCHAR
            CODE    4DA0H     0014H     UNIT         ?PR?_ISSPACE?ISSPACE
            CODE    4DB4H     0012H     UNIT         ?PR?_USART_SEND?COMMANDS_PARSER
            CODE    4DC6H     0012H     UNIT         ?PR?INIT_SERIALIZER_UART1?SERIALIZER
            CODE    4DD8H     0012H     UNIT         ?PR?_UART_SEND?SERIALIZER
            CODE    4DEAH     0010H     UNIT         ?PR?VALID_CMD_FLAG?COMMANDS_PARSER
            CODE    4DFAH     0010H     UNIT         ?PR?ERROR_CMD_FLAG?COMMANDS_PARSER
            CODE    4E0AH     000FH     UNIT         ?PR?INIT_EXTERNAL_CLK?MAIN
            CODE    4E19H     000FH     UNIT         ?PR?DD_INIT_TIMER0?DISTANCE_DETECTOR
            CODE    4E28H     000EH     UNIT         ?PR?INIT_DISTANCE_DETECTOR?DISTANCE_DETECTOR
            CODE    4E36H     000AH     UNIT         ?PR?_GETKEY?_GETKEY
            CODE    4E40H     0004H     UNIT         ?PR?ENABLE_CROSSBAR?MAIN



OVERLAY MAP OF MODULE:   .\Objects\robot_V1 (?C_STARTUP)


SEGMENT                                             BIT_GROUP          DATA_GROUP          XDATA_GROUP
  +--> CALLED SEGMENT                            START    LENGTH     START    LENGTH     START    LENGTH
--------------------------------------------------------------------------------------------------------
?C_C51STARTUP                                    -----    -----      -----    -----      -----    -----
  +--> ?PR?MAIN?MAIN
  +--> ?C_INITSEG

?PR?MAIN?MAIN                                    -----    -----      -----    -----      0000H    0012H
  +--> ?PR?INIT_EXTERNAL_CLK?MAIN
  +--> ?PR?INIT_PARSER?COMMANDS_PARSER
  +--> ?PR?INIT_SERIALIZER_UART1?SERIALIZER
  +--> ?PR?INIT_DISTANCE_DETECTOR?DISTANCE_D...
  +--> ?PR?INIT_SPI?SPI_MASTER
  +--> ?PR?ENABLE_CROSSBAR?MAIN
  +--> ?PR?ENABLE_GENERAL_INT?MAIN
  +--> ?CO?MAIN
  +--> ?PR?_USART_PRINT?COMMANDS_PARSER
  +--> ?PR?_CMD_PARSER_PROCESS?COMMANDS_PARSER
  +--> ?PR?_SERIALIZER_PROCESS?SERIALIZER
  +--> ?PR?_DISTANCE_DETECTOR_PROCESS?DISTAN...
  +--> ?PR?_SPI_PROCESS?SPI_MASTER
  +--> ?PR?DD_START_CONVERSION?DISTANCE_DETE...
  +--> ?PR?PRINTF?PRINTF
BL51 BANKED LINKER/LOCATER V6.22                                                      04/18/2019  18:35:49  PAGE 5



?PR?INIT_DISTANCE_DETECTOR?DISTANCE_D...         -----    -----      -----    -----      -----    -----
  +--> ?PR?DD_CONFIG_DAC_ADC?DISTANCE_DETECTOR
  +--> ?PR?DD_INIT_TIMER0?DISTANCE_DETECTOR

?PR?_USART_PRINT?COMMANDS_PARSER                 -----    -----      -----    -----      00F1H    0004H
  +--> ?PR?_STRLEN?STRLEN
  +--> ?PR?_USART_SEND?COMMANDS_PARSER

?PR?_USART_SEND?COMMANDS_PARSER                  -----    -----      -----    -----      00F5H    0001H

?PR?_CMD_PARSER_PROCESS?COMMANDS_PARSER          -----    -----      -----    -----      0012H    0003H
  +--> ?PR?_WAIT?COMMANDS_PARSER
  +--> ?PR?_GET_COMMAND?COMMANDS_PARSER

?PR?_WAIT?COMMANDS_PARSER                        -----    -----      -----    -----      0015H    0004H
  +--> ?PR?_USART_RECEIVE?COMMANDS_PARSER
  +--> ?PR?_USART_SEND?COMMANDS_PARSER

?PR?_USART_RECEIVE?COMMANDS_PARSER               -----    -----      -----    -----      0019H    0003H

?PR?_GET_COMMAND?COMMANDS_PARSER                 -----    -----      -----    -----      0015H    0003H
  +--> ?PR?_PARSE?COMMANDS_PARSER
  +--> ?PR?ERROR_CMD_FLAG?COMMANDS_PARSER
  +--> ?PR?VALID_CMD_FLAG?COMMANDS_PARSER
  +--> ?PR?_STRLEN?STRLEN

?PR?_PARSE?COMMANDS_PARSER                       -----    -----      -----    -----      0018H    00D9H
  +--> ?CO?COMMANDS_PARSER
  +--> ?PR?_USART_PRINT?COMMANDS_PARSER

?PR?ERROR_CMD_FLAG?COMMANDS_PARSER               -----    -----      -----    -----      -----    -----
  +--> ?PR?_USART_SEND?COMMANDS_PARSER

?PR?VALID_CMD_FLAG?COMMANDS_PARSER               -----    -----      -----    -----      -----    -----
  +--> ?PR?_USART_SEND?COMMANDS_PARSER

?PR?_SERIALIZER_PROCESS?SERIALIZER               -----    -----      -----    -----      0012H    0008H
  +--> ?CO?SERIALIZER
  +--> ?PR?_IDLE_NEXT_STATE?SERIALIZER

?PR?_IDLE_NEXT_STATE?SERIALIZER                  -----    -----      -----    -----      001AH    0006H

?PR?_DISTANCE_DETECTOR_PROCESS?DISTAN...         -----    -----      -----    -----      0012H    0003H

?PR?_SPI_PROCESS?SPI_MASTER                      -----    -----      -----    -----      0012H    0006H
  +--> ?PR?_SPI_CMD_LIGHT_ON?SPI_MASTER
  +--> ?PR?_SPI_CMD_LIGHT_OFF?SPI_MASTER
  +--> ?PR?_SPI_CMD_SERVO?SPI_MASTER
  +--> ?PR?_SPI_TRANSMIT?SPI_MASTER

?PR?_SPI_CMD_LIGHT_ON?SPI_MASTER                 -----    -----      -----    -----      0018H    0006H

?PR?_SPI_CMD_LIGHT_OFF?SPI_MASTER                -----    -----      -----    -----      0018H    0006H

?PR?_SPI_CMD_SERVO?SPI_MASTER                    -----    -----      -----    -----      0018H    0006H

BL51 BANKED LINKER/LOCATER V6.22                                                      04/18/2019  18:35:49  PAGE 6


?PR?_SPI_TRANSMIT?SPI_MASTER                     -----    -----      -----    -----      0018H    0005H
  +--> ?PR?_SPI_SEND_CHAR?SPI_MASTER
  +--> ?PR?SPI_VALIDATE?SPI_MASTER
  +--> ?PR?SPI_ERROR?SPI_MASTER

?PR?_SPI_SEND_CHAR?SPI_MASTER                    -----    -----      -----    -----      001DH    0001H

?PR?SPI_VALIDATE?SPI_MASTER                      -----    -----      -----    -----      001DH    0004H

?PR?DD_START_CONVERSION?DISTANCE_DETE...         -----    -----      -----    -----      0012H    0006H
  +--> ?PR?DD_MESURE?DISTANCE_DETECTOR

?PR?DD_MESURE?DISTANCE_DETECTOR                  -----    -----      -----    -----      0018H    0008H

?PR?PRINTF?PRINTF                                0020H.0  0001H.1    0008H    0005H      003AH    0030H
  +--> ?PR?PUTCHAR?PUTCHAR

?C_INITSEG                                       -----    -----      -----    -----      -----    -----
  +--> ?CO?COMMANDS_PARSER
  +--> ?PR?_EPREUVE_CMD?COMMANDS
  +--> ?PR?_EPREUVE_STOP?COMMANDS
  +--> ?PR?_SAFETY_BREAK_CMD?COMMANDS
  +--> ?PR?_SET_DEFAULT_SPEED_CMD?COMMANDS
  +--> ?PR?_MOVE_FORWARD_CMD?COMMANDS
  +--> ?PR?_MOVE_BACKWARD_CMD?COMMANDS
  +--> ?PR?_MOVE_STOP_CMD?COMMANDS
  +--> ?PR?_RIGTH_ROTATION_CMD?COMMANDS
  +--> ?PR?_LEFT_ROTATION_CMD?COMMANDS
  +--> ?PR?_COMPLETE_ROTATION_CMD?COMMANDS
  +--> ?PR?_ANGLE_ROTATION_CMD?COMMANDS
  +--> ?PR?_DEFAULT_PROCESS?COMMANDS
  +--> ?PR?_DETECTE_OBSTACLE?COMMANDS
  +--> ?PR?_LIGHT_BEAM_ON_CMD?COMMANDS
  +--> ?PR?_LIGHT_BEAM_OFF_CMD?COMMANDS
  +--> ?PR?_SERVO_MOVE_CMD?COMMANDS
  +--> ?PR?_WAIT?COMMANDS_PARSER
  +--> ?PR?_GET_COMMAND?COMMANDS_PARSER
  +--> ?CO?MAIN
  +--> ?PR?_IDLE?SERIALIZER
  +--> ?PR?_TRANSLATE?SERIALIZER
  +--> ?PR?_MOVETO?SERIALIZER
  +--> ?PR?_ROTATE?SERIALIZER
  +--> ?PR?_NAVIGATE?SERIALIZER
  +--> ?PR?_STOP?SERIALIZER
  +--> ?PR?_DD_IDLE?DISTANCE_DETECTOR
  +--> ?PR?_DD_MOVE_SERVO_H?DISTANCE_DETECTOR
  +--> ?PR?_DD_SLEW_DETECTION?DISTANCE_DETECTOR

?PR?_EPREUVE_CMD?COMMANDS                        -----    -----      -----    -----      0000H    0005H
  +--> ?CO?COMMANDS
  +--> ?PR?SCANF?SCANF

?PR?SCANF?SCANF                                  0021H.3  0000H.6    0013H    0009H      0114H    002EH
  +--> ?PR?GETCHAR?UNGETCHAR
  +--> ?PR?_ISSPACE?ISSPACE
  +--> ?PR?GETCHAR?GETCHAR
  +--> ?PR??C?ATOF??C?ATOF
BL51 BANKED LINKER/LOCATER V6.22                                                      04/18/2019  18:35:49  PAGE 7



?PR?GETCHAR?GETCHAR                              -----    -----      -----    -----      -----    -----
  +--> ?PR?_GETKEY?_GETKEY
  +--> ?PR?PUTCHAR?PUTCHAR

?PR??C?ATOF??C?ATOF                              0022H.1  0000H.5    001CH    0002H      -----    -----

?PR?_EPREUVE_STOP?COMMANDS                       -----    -----      -----    -----      0000H    0003H

?PR?_SAFETY_BREAK_CMD?COMMANDS                   -----    -----      -----    -----      0000H    0003H

?PR?_SET_DEFAULT_SPEED_CMD?COMMANDS              -----    -----      -----    -----      0000H    0005H
  +--> ?CO?COMMANDS
  +--> ?PR?SCANF?SCANF

?PR?_MOVE_FORWARD_CMD?COMMANDS                   -----    -----      -----    -----      0000H    0005H
  +--> ?CO?COMMANDS
  +--> ?PR?SCANF?SCANF

?PR?_MOVE_BACKWARD_CMD?COMMANDS                  -----    -----      -----    -----      0000H    0005H
  +--> ?CO?COMMANDS
  +--> ?PR?SCANF?SCANF

?PR?_MOVE_STOP_CMD?COMMANDS                      -----    -----      -----    -----      0000H    0003H

?PR?_RIGTH_ROTATION_CMD?COMMANDS                 -----    -----      -----    -----      0000H    0003H

?PR?_LEFT_ROTATION_CMD?COMMANDS                  -----    -----      -----    -----      0000H    0003H

?PR?_COMPLETE_ROTATION_CMD?COMMANDS              -----    -----      -----    -----      0000H    0003H
  +--> ?CO?COMMANDS

?PR?_ANGLE_ROTATION_CMD?COMMANDS                 -----    -----      -----    -----      0000H    0005H
  +--> ?CO?COMMANDS
  +--> ?PR?SCANF?SCANF

?PR?_DEFAULT_PROCESS?COMMANDS                    -----    -----      -----    -----      0000H    0003H

?PR?_DETECTE_OBSTACLE?COMMANDS                   -----    -----      -----    -----      0000H    0003H

?PR?_LIGHT_BEAM_ON_CMD?COMMANDS                  -----    -----      -----    -----      0000H    0025H
  +--> ?CO?COMMANDS
  +--> ?PR?SCANF?SCANF

?PR?_LIGHT_BEAM_OFF_CMD?COMMANDS                 -----    -----      -----    -----      0000H    0003H

?PR?_SERVO_MOVE_CMD?COMMANDS                     -----    -----      -----    -----      0000H    0005H
  +--> ?CO?COMMANDS
  +--> ?PR?SCANF?SCANF

?PR?_IDLE?SERIALIZER                             -----    -----      -----    -----      0000H    0003H

?PR?_TRANSLATE?SERIALIZER                        -----    -----      -----    -----      0000H    0004H
  +--> ?PR?_SETMOTORS?SERIALIZER

?PR?_SETMOTORS?SERIALIZER                        -----    -----      -----    -----      0004H    0018H
  +--> ?CO?SERIALIZER
BL51 BANKED LINKER/LOCATER V6.22                                                      04/18/2019  18:35:49  PAGE 8


  +--> ?PR?PRINTF?PRINTF
  +--> ?PR?_SERIALIZER_PRINT?SERIALIZER
  +--> ?PR?SERIALIZER_CLEAR_SERIAL?SERIALIZER

?PR?_SERIALIZER_PRINT?SERIALIZER                 -----    -----      -----    -----      004DH    0004H
  +--> ?PR?_STRLEN?STRLEN
  +--> ?PR?_SERIALIZER_SEND?SERIALIZER

?PR?_SERIALIZER_SEND?SERIALIZER                  -----    -----      -----    -----      0051H    0001H

?PR?SERIALIZER_CLEAR_SERIAL?SERIALIZER           -----    -----      -----    -----      003AH    0001H
  +--> ?PR?_SERIALIZER_RECEIVE?SERIALIZER

?PR?_SERIALIZER_RECEIVE?SERIALIZER               -----    -----      -----    -----      004DH    0003H

?PR?_MOVETO?SERIALIZER                           -----    -----      -----    -----      0008H    002DH
  +--> ?PR?_DISTANCE?MOTION
  +--> ?CO?SERIALIZER
  +--> ?PR?PRINTF?PRINTF
  +--> ?PR?_SERIALIZER_PRINT?SERIALIZER
  +--> ?PR?SERIALIZER_CLEAR_SERIAL?SERIALIZER
  +--> ?PR?IS_PID_PROCESSING?SERIALIZER

?PR?_DISTANCE?MOTION                             -----    -----      -----    -----      0035H    0002H
  +--> ?PR?SQRT?SQRT

?PR?SQRT?SQRT                                    -----    -----      -----    -----      0037H    0004H

?PR?IS_PID_PROCESSING?SERIALIZER                 -----    -----      -----    -----      0035H    0018H
  +--> ?CO?SERIALIZER
  +--> ?PR?_SERIALIZER_PRINT?SERIALIZER
  +--> ?PR?_SERIALIZER_RECEIVE?SERIALIZER
  +--> ?PR?_UART_SEND?SERIALIZER
  +--> ?PR?SCANF?SCANF

?PR?_UART_SEND?SERIALIZER                        -----    -----      -----    -----      004DH    0001H

?PR?_ROTATE?SERIALIZER                           -----    -----      -----    -----      0008H    0004H
  +--> ?PR?_MOVEANGLE?SERIALIZER
  +--> ?PR?IS_PID_PROCESSING?SERIALIZER

?PR?_MOVEANGLE?SERIALIZER                        -----    -----      -----    -----      000CH    002EH
  +--> ?CO?SERIALIZER
  +--> ?PR?PRINTF?PRINTF
  +--> ?PR?_SERIALIZER_PRINT?SERIALIZER
  +--> ?PR?SERIALIZER_CLEAR_SERIAL?SERIALIZER

?PR?_NAVIGATE?SERIALIZER                         -----    -----      -----    -----      0000H    0008H
  +--> ?CO?SERIALIZER
  +--> ?PR?_ANGLE_TARGET?MOTION
  +--> ?PR?_DELTA_ANGLE?MOTION
  +--> ?PR?_ROTATE?SERIALIZER
  +--> ?PR?_MOVETO?SERIALIZER

?PR?_ANGLE_TARGET?MOTION                         -----    -----      -----    -----      0008H    0008H
  +--> ?PR?ATAN?ATAN

BL51 BANKED LINKER/LOCATER V6.22                                                      04/18/2019  18:35:49  PAGE 9


?PR?ATAN?ATAN                                    0020H.0  0000H.2    -----    -----      0010H    0004H

?PR?_DELTA_ANGLE?MOTION                          -----    -----      -----    -----      0008H    0008H

?PR?_STOP?SERIALIZER                             -----    -----      -----    -----      0000H    0003H
  +--> ?CO?SERIALIZER
  +--> ?PR?_SERIALIZER_PRINT?SERIALIZER
  +--> ?PR?SERIALIZER_CLEAR_SERIAL?SERIALIZER

?PR?_DD_IDLE?DISTANCE_DETECTOR                   -----    -----      -----    -----      0000H    0003H

?PR?_DD_MOVE_SERVO_H?DISTANCE_DETECTOR           -----    -----      -----    -----      0000H    0003H
  +--> ?PR?_DD_SET_ANGLE?DISTANCE_DETECTOR

?PR?_DD_SET_ANGLE?DISTANCE_DETECTOR              -----    -----      -----    -----      0003H    0002H

?PR?_DD_SLEW_DETECTION?DISTANCE_DETECTOR         -----    -----      -----    -----      0000H    0003H
  +--> ?PR?_DD_SET_ANGLE?DISTANCE_DETECTOR

*** NEW ROOT ***************************************************

?PR?_MOVE_TO_CMD?COMMANDS                        -----    -----      -----    -----      00F6H    001EH
  +--> ?CO?COMMANDS
  +--> ?PR?SCANF?SCANF

*** NEW ROOT ***************************************************

?PR?TIMER_0_INT?DISTANCE_DETECTOR                -----    -----      -----    -----      0142H    0004H



UNRESOLVED EXTERNAL SYMBOLS:
   _DD_OBS_DETECTION
   _DD_SINGLE_MEASURE



SYMBOL TABLE OF MODULE:  .\Objects\robot_V1 (?C_STARTUP)

  VALUE           TYPE          NAME
  ----------------------------------

  -------         MODULE        ?C_STARTUP
  C:43E3H         SEGMENT       ?C_C51STARTUP
  I:0023H         SEGMENT       ?STACK
  C:0000H         PUBLIC        ?C_STARTUP
  D:00E0H         SYMBOL        ACC
  D:00F0H         SYMBOL        B
  D:0083H         SYMBOL        DPH
  D:0082H         SYMBOL        DPL
  N:0000H         SYMBOL        IBPSTACK
  N:0100H         SYMBOL        IBPSTACKTOP
  N:0080H         SYMBOL        IDATALEN
  C:43E6H         SYMBOL        IDATALOOP
  N:0000H         SYMBOL        PBPSTACK
  N:0100H         SYMBOL        PBPSTACKTOP
  N:0000H         SYMBOL        PDATALEN
BL51 BANKED LINKER/LOCATER V6.22                                                      04/18/2019  18:35:49  PAGE 10


  N:0000H         SYMBOL        PDATASTART
  N:0000H         SYMBOL        PPAGE
  N:0000H         SYMBOL        PPAGEENABLE
  D:00A0H         SYMBOL        PPAGE_SFR
  D:0081H         SYMBOL        SP
  C:43E3H         SYMBOL        STARTUP1
  N:0000H         SYMBOL        XBPSTACK
  N:0000H         SYMBOL        XBPSTACKTOP
  N:0000H         SYMBOL        XDATALEN
  N:0000H         SYMBOL        XDATASTART
  C:0000H         LINE#         126
  C:43E3H         LINE#         133
  C:43E5H         LINE#         134
  C:43E6H         LINE#         135
  C:43E7H         LINE#         136
  C:43E9H         LINE#         186
  C:43ECH         LINE#         197
  -------         ENDMOD        ?C_STARTUP

  -------         MODULE        COMMANDS
  C:0000H         SYMBOL        _ICE_DUMMY_
  C:48C7H         PUBLIC        _rigth_rotation_cmd
  C:49E7H         PUBLIC        _safety_break_cmd
  C:1D4BH         PUBLIC        _move_to_cmd
  C:4957H         PUBLIC        _detecte_obstacle
  C:3756H         PUBLIC        _epreuve_cmd
  C:490FH         PUBLIC        _left_rotation_cmd
  C:3B2CH         PUBLIC        _set_default_speed_cmd
  C:10C1H         PUBLIC        _light_beam_ON_cmd
  C:3252H         PUBLIC        _move_forward_cmd
  C:4C6EH         PUBLIC        _epreuve_stop
  C:4B6BH         SYMBOL        _?ix1000
  C:4B7AH         SYMBOL        _?ix1001
  C:34FAH         PUBLIC        _complete_rotation_cmd
  C:4C20H         PUBLIC        _default_process
  C:2C24H         PUBLIC        _servo_move_cmd
  C:499FH         PUBLIC        _light_beam_OFF_cmd
  C:33A6H         PUBLIC        _move_backward_cmd
  C:2F6FH         PUBLIC        _angle_rotation_cmd
  C:487FH         PUBLIC        _move_stop_cmd
  -------         PROC          _DEFAULT_PROCESS
  X:0000H         SYMBOL        cmd_packet
  C:4C20H         LINE#         6
  C:4C2BH         LINE#         7
  C:4C2BH         LINE#         9
  C:4C44H         LINE#         11
  C:4C46H         LINE#         12
  -------         ENDPROC       _DEFAULT_PROCESS
  -------         PROC          _EPREUVE_CMD
  X:0000H         SYMBOL        cmd_packet
  -------         DO            
  X:0003H         SYMBOL        epreuve_index
  -------         ENDDO         
  C:3756H         LINE#         18
  C:3761H         LINE#         19
  C:3761H         LINE#         20
  C:376AH         LINE#         23
BL51 BANKED LINKER/LOCATER V6.22                                                      04/18/2019  18:35:49  PAGE 11


  C:3785H         LINE#         24
  C:3785H         LINE#         25
  C:3788H         LINE#         26
  C:3788H         LINE#         29
  C:37A5H         LINE#         30
  C:37A5H         LINE#         32
  C:37F2H         LINE#         33
  C:37F2H         LINE#         34
  C:37F5H         LINE#         35
  C:37F5H         LINE#         38
  C:381BH         LINE#         39
  C:381BH         LINE#         40
  C:381EH         LINE#         41
  C:381EH         LINE#         43
  C:383EH         LINE#         44
  C:3840H         LINE#         46
  C:3840H         LINE#         47
  C:3859H         LINE#         48
  C:3859H         LINE#         49
  C:385BH         LINE#         50
  -------         ENDPROC       _EPREUVE_CMD
  -------         PROC          _EPREUVE_STOP
  X:0000H         SYMBOL        cmd_packet
  C:4C6EH         LINE#         52
  C:4C79H         LINE#         53
  C:4C79H         LINE#         55
  C:4C91H         LINE#         57
  C:4C93H         LINE#         58
  -------         ENDPROC       _EPREUVE_STOP
  -------         PROC          _SAFETY_BREAK_CMD
  X:0000H         SYMBOL        cmd_packet
  C:49E7H         LINE#         61
  C:49F2H         LINE#         62
  C:49F2H         LINE#         64
  C:4A0DH         LINE#         65
  C:4A0DH         LINE#         66
  C:4A10H         LINE#         67
  C:4A10H         LINE#         69
  C:4A29H         LINE#         71
  C:4A2BH         LINE#         72
  -------         ENDPROC       _SAFETY_BREAK_CMD
  -------         PROC          _SET_DEFAULT_SPEED_CMD
  X:0000H         SYMBOL        cmd_packet
  -------         DO            
  X:0003H         SYMBOL        motor_speed
  -------         ENDDO         
  C:3B2CH         LINE#         74
  C:3B37H         LINE#         75
  C:3B37H         LINE#         76
  C:3B40H         LINE#         79
  C:3B5AH         LINE#         80
  C:3B5AH         LINE#         81
  C:3B5DH         LINE#         82
  C:3B5DH         LINE#         85
  C:3BAAH         LINE#         86
  C:3BAAH         LINE#         87
  C:3BADH         LINE#         88
BL51 BANKED LINKER/LOCATER V6.22                                                      04/18/2019  18:35:49  PAGE 12


  C:3BADH         LINE#         91
  C:3BD0H         LINE#         92
  C:3BD0H         LINE#         93
  C:3BD3H         LINE#         94
  C:3BD3H         LINE#         96
  C:3BF9H         LINE#         98
  C:3BFBH         LINE#         99
  -------         ENDPROC       _SET_DEFAULT_SPEED_CMD
  -------         PROC          _MOVE_FORWARD_CMD
  X:0000H         SYMBOL        cmd_packet
  -------         DO            
  X:0003H         SYMBOL        motor_speed
  -------         ENDDO         
  C:3252H         LINE#         101
  C:325DH         LINE#         102
  C:325DH         LINE#         103
  C:3266H         LINE#         105
  C:3281H         LINE#         106
  C:3281H         LINE#         107
  C:3284H         LINE#         108
  C:3284H         LINE#         110
  C:32A3H         LINE#         112
  C:32C0H         LINE#         113
  C:32C0H         LINE#         115
  C:330BH         LINE#         116
  C:330BH         LINE#         117
  C:330EH         LINE#         118
  C:330EH         LINE#         121
  C:3331H         LINE#         122
  C:3331H         LINE#         123
  C:3334H         LINE#         124
  C:3334H         LINE#         126
  C:335AH         LINE#         127
  C:335CH         LINE#         128
  C:337DH         LINE#         129
  C:337DH         LINE#         130
  C:33A3H         LINE#         131
  C:33A3H         LINE#         132
  C:33A3H         LINE#         133
  C:33A5H         LINE#         134
  -------         ENDPROC       _MOVE_FORWARD_CMD
  -------         PROC          _MOVE_BACKWARD_CMD
  X:0000H         SYMBOL        cmd_packet
  -------         DO            
  X:0003H         SYMBOL        motor_speed
  -------         ENDDO         
  C:33A6H         LINE#         136
  C:33B1H         LINE#         137
  C:33B1H         LINE#         138
  C:33BAH         LINE#         140
  C:33D5H         LINE#         141
  C:33D5H         LINE#         142
  C:33D8H         LINE#         143
  C:33D8H         LINE#         145
  C:33F7H         LINE#         147
  C:3414H         LINE#         148
  C:3414H         LINE#         150
BL51 BANKED LINKER/LOCATER V6.22                                                      04/18/2019  18:35:49  PAGE 13


  C:345FH         LINE#         151
  C:345FH         LINE#         152
  C:3462H         LINE#         153
  C:3462H         LINE#         156
  C:3485H         LINE#         157
  C:3485H         LINE#         158
  C:3488H         LINE#         159
  C:3488H         LINE#         161
  C:34AEH         LINE#         162
  C:34B0H         LINE#         163
  C:34D1H         LINE#         164
  C:34D1H         LINE#         165
  C:34F7H         LINE#         166
  C:34F7H         LINE#         167
  C:34F7H         LINE#         168
  C:34F9H         LINE#         169
  -------         ENDPROC       _MOVE_BACKWARD_CMD
  -------         PROC          _MOVE_STOP_CMD
  X:0000H         SYMBOL        cmd_packet
  C:487FH         LINE#         171
  C:488AH         LINE#         172
  C:488AH         LINE#         173
  C:48A2H         LINE#         174
  C:48A2H         LINE#         175
  C:48A5H         LINE#         176
  C:48A5H         LINE#         177
  C:48C4H         LINE#         178
  C:48C6H         LINE#         179
  -------         ENDPROC       _MOVE_STOP_CMD
  -------         PROC          _RIGTH_ROTATION_CMD
  X:0000H         SYMBOL        cmd_packet
  C:48C7H         LINE#         181
  C:48D2H         LINE#         182
  C:48D2H         LINE#         183
  C:48EAH         LINE#         184
  C:48EAH         LINE#         185
  C:48EDH         LINE#         186
  C:48EDH         LINE#         188
  C:490CH         LINE#         189
  C:490EH         LINE#         190
  -------         ENDPROC       _RIGTH_ROTATION_CMD
  -------         PROC          _LEFT_ROTATION_CMD
  X:0000H         SYMBOL        cmd_packet
  C:490FH         LINE#         192
  C:491AH         LINE#         193
  C:491AH         LINE#         194
  C:4932H         LINE#         195
  C:4932H         LINE#         196
  C:4935H         LINE#         197
  C:4935H         LINE#         199
  C:4954H         LINE#         200
  C:4956H         LINE#         201
  -------         ENDPROC       _LEFT_ROTATION_CMD
  -------         PROC          _COMPLETE_ROTATION_CMD
  X:0000H         SYMBOL        cmd_packet
  C:34FAH         LINE#         203
  C:3505H         LINE#         204
BL51 BANKED LINKER/LOCATER V6.22                                                      04/18/2019  18:35:49  PAGE 14


  C:3505H         LINE#         205
  C:3520H         LINE#         206
  C:3520H         LINE#         207
  C:3523H         LINE#         208
  C:3523H         LINE#         210
  C:3540H         LINE#         211
  C:3540H         LINE#         213
  C:35A8H         LINE#         215
  C:35A8H         LINE#         216
  C:35CBH         LINE#         217
  C:35CBH         LINE#         218
  C:35CBH         LINE#         219
  C:35EAH         LINE#         220
  C:35ECH         LINE#         221
  C:35ECH         LINE#         222
  C:360BH         LINE#         223
  C:360DH         LINE#         224
  C:360DH         LINE#         225
  C:360FH         LINE#         226
  C:3612H         LINE#         227
  C:3612H         LINE#         229
  C:3612H         LINE#         230
  C:3631H         LINE#         231
  C:3631H         LINE#         232
  C:3633H         LINE#         233
  -------         ENDPROC       _COMPLETE_ROTATION_CMD
  -------         PROC          _ANGLE_ROTATION_CMD
  X:0000H         SYMBOL        cmd_packet
  -------         DO            
  X:0003H         SYMBOL        angle
  -------         ENDDO         
  C:2F6FH         LINE#         235
  C:2F7AH         LINE#         236
  C:2F7AH         LINE#         237
  C:2F82H         LINE#         239
  C:2F9CH         LINE#         240
  C:2F9CH         LINE#         241
  C:2F9FH         LINE#         242
  C:2F9FH         LINE#         244
  C:300AH         LINE#         246
  C:300AH         LINE#         247
  C:302DH         LINE#         248
  C:302DH         LINE#         249
  C:302DH         LINE#         250
  C:304CH         LINE#         251
  C:304EH         LINE#         252
  C:304EH         LINE#         253
  C:306DH         LINE#         254
  C:306DH         LINE#         255
  C:306DH         LINE#         257
  C:30B8H         LINE#         258
  C:30B8H         LINE#         259
  C:30BBH         LINE#         260
  C:30BBH         LINE#         262
  C:30E3H         LINE#         263
  C:30E5H         LINE#         264
  C:30E8H         LINE#         265
BL51 BANKED LINKER/LOCATER V6.22                                                      04/18/2019  18:35:49  PAGE 15


  C:30E8H         LINE#         266
  C:30EAH         LINE#         267
  -------         ENDPROC       _ANGLE_ROTATION_CMD
  -------         PROC          _MOVE_TO_CMD
  X:00F6H         SYMBOL        cmd_packet
  -------         DO            
  X:00F9H         SYMBOL        i
  X:00FAH         SYMBOL        j
  X:00FBH         SYMBOL        params
  X:010AH         SYMBOL        angle
  X:010CH         SYMBOL        x
  X:010EH         SYMBOL        y
  X:0110H         SYMBOL        param_find
  X:0111H         SYMBOL        str
  -------         ENDDO         
  C:1D4BH         LINE#         277
  C:1D56H         LINE#         278
  C:1D56H         LINE#         279
  C:1D60H         LINE#         280
  C:1D85H         LINE#         281
  C:1D9DH         LINE#         282
  C:1DA2H         LINE#         283
  C:1DB3H         LINE#         287
  C:1DCDH         LINE#         288
  C:1DCDH         LINE#         289
  C:1DD0H         LINE#         290
  C:1DD0H         LINE#         293
  C:1DE3H         LINE#         294
  C:1DE3H         LINE#         295
  C:1E1FH         LINE#         298
  C:1E32H         LINE#         299
  C:1E32H         LINE#         300
  C:1E70H         LINE#         301
  C:1E70H         LINE#         302
  C:1E86H         LINE#         303
  C:1E86H         LINE#         304
  C:1E86H         LINE#         305
  C:1EEFH         LINE#         306
  C:1EEFH         LINE#         307
  C:1EF2H         LINE#         308
  C:1EF2H         LINE#         309
  C:1EF2H         LINE#         311
  C:1EF2H         LINE#         312
  C:1F58H         LINE#         313
  C:1F58H         LINE#         314
  C:1F5BH         LINE#         315
  C:1F5BH         LINE#         316
  C:1F5BH         LINE#         318
  C:1F5BH         LINE#         319
  C:1FC1H         LINE#         320
  C:1FC1H         LINE#         321
  C:1FC4H         LINE#         322
  C:1FC4H         LINE#         323
  C:1FC4H         LINE#         325
  C:1FC4H         LINE#         326
  C:1FCAH         LINE#         327
  C:1FCCH         LINE#         328
BL51 BANKED LINKER/LOCATER V6.22                                                      04/18/2019  18:35:49  PAGE 16


  C:1FCCH         LINE#         329
  C:1FD5H         LINE#         331
  C:1FDDH         LINE#         332
  C:1FDDH         LINE#         333
  C:1FE0H         LINE#         334
  C:1FE0H         LINE#         335
  C:1FE5H         LINE#         336
  C:1FE5H         LINE#         338
  C:1FEEH         LINE#         340
  C:2016H         LINE#         341
  C:203CH         LINE#         342
  C:2062H         LINE#         343
  C:2081H         LINE#         344
  C:2083H         LINE#         345
  -------         ENDPROC       _MOVE_TO_CMD
  -------         PROC          _DETECTE_OBSTACLE
  X:0000H         SYMBOL        cmd_packet
  C:4957H         LINE#         347
  C:4962H         LINE#         348
  C:4962H         LINE#         349
  C:497AH         LINE#         350
  C:497AH         LINE#         351
  C:497DH         LINE#         352
  C:497DH         LINE#         354
  C:499CH         LINE#         355
  C:499EH         LINE#         356
  -------         ENDPROC       _DETECTE_OBSTACLE
  -------         PROC          _SERVO_MOVE_CMD
  X:0000H         SYMBOL        cmd_packet
  -------         DO            
  X:0003H         SYMBOL        angle
  -------         ENDDO         
  C:2C24H         LINE#         358
  C:2C2FH         LINE#         359
  C:2C2FH         LINE#         360
  C:2C38H         LINE#         362
  C:2C53H         LINE#         363
  C:2C53H         LINE#         364
  C:2C56H         LINE#         365
  C:2C56H         LINE#         367
  C:2CBEH         LINE#         369
  C:2CBEH         LINE#         370
  C:2CE1H         LINE#         371
  C:2CE1H         LINE#         372
  C:2CE1H         LINE#         373
  C:2D00H         LINE#         374
  C:2D02H         LINE#         375
  C:2D02H         LINE#         376
  C:2D21H         LINE#         377
  C:2D21H         LINE#         378
  C:2D21H         LINE#         380
  C:2D21H         LINE#         382
  C:2D55H         LINE#         383
  C:2D55H         LINE#         384
  C:2DA0H         LINE#         385
  C:2DA0H         LINE#         386
  C:2DA3H         LINE#         387
BL51 BANKED LINKER/LOCATER V6.22                                                      04/18/2019  18:35:49  PAGE 17


  C:2DA3H         LINE#         389
  C:2DC9H         LINE#         390
  C:2DC9H         LINE#         392
  C:2DCBH         LINE#         393
  -------         ENDPROC       _SERVO_MOVE_CMD
  -------         PROC          _LIGHT_BEAM_ON_CMD
  X:0000H         SYMBOL        cmd_packet
  -------         DO            
  X:0003H         SYMBOL        i
  X:0004H         SYMBOL        j
  X:0005H         SYMBOL        params
  X:0019H         SYMBOL        intensity
  X:001BH         SYMBOL        delay_on
  X:001DH         SYMBOL        delay_off
  X:001FH         SYMBOL        nbr_flash
  X:0021H         SYMBOL        param_find
  X:0022H         SYMBOL        str
  -------         ENDDO         
  C:10C1H         LINE#         395
  C:10CCH         LINE#         396
  C:10CCH         LINE#         397
  C:10D6H         LINE#         398
  C:10FBH         LINE#         399
  C:111EH         LINE#         400
  C:1123H         LINE#         401
  C:1134H         LINE#         404
  C:1168H         LINE#         405
  C:1168H         LINE#         406
  C:116BH         LINE#         407
  C:116BH         LINE#         410
  C:1196H         LINE#         411
  C:1196H         LINE#         412
  C:11D2H         LINE#         415
  C:11E5H         LINE#         416
  C:11E5H         LINE#         417
  C:1223H         LINE#         418
  C:1223H         LINE#         419
  C:123CH         LINE#         420
  C:123CH         LINE#         421
  C:123CH         LINE#         422
  C:12A2H         LINE#         423
  C:12A2H         LINE#         424
  C:12A5H         LINE#         425
  C:12A5H         LINE#         427
  C:12A5H         LINE#         429
  C:12CEH         LINE#         430
  C:12CEH         LINE#         431
  C:12D1H         LINE#         432
  C:12D1H         LINE#         433
  C:12D1H         LINE#         434
  C:12D1H         LINE#         436
  C:12D1H         LINE#         437
  C:1337H         LINE#         438
  C:1337H         LINE#         439
  C:133AH         LINE#         440
  C:133AH         LINE#         442
  C:133AH         LINE#         444
BL51 BANKED LINKER/LOCATER V6.22                                                      04/18/2019  18:35:49  PAGE 18


  C:1363H         LINE#         445
  C:1363H         LINE#         446
  C:1366H         LINE#         447
  C:1366H         LINE#         448
  C:1366H         LINE#         449
  C:1366H         LINE#         451
  C:1366H         LINE#         452
  C:13CCH         LINE#         453
  C:13CCH         LINE#         454
  C:13CFH         LINE#         455
  C:13CFH         LINE#         457
  C:13CFH         LINE#         459
  C:13F5H         LINE#         460
  C:13F5H         LINE#         461
  C:13F8H         LINE#         462
  C:13F8H         LINE#         463
  C:13F8H         LINE#         464
  C:13F8H         LINE#         466
  C:13F8H         LINE#         467
  C:145EH         LINE#         468
  C:145EH         LINE#         469
  C:1461H         LINE#         470
  C:1461H         LINE#         472
  C:1461H         LINE#         474
  C:1487H         LINE#         475
  C:1487H         LINE#         476
  C:148AH         LINE#         477
  C:148AH         LINE#         478
  C:148AH         LINE#         479
  C:148AH         LINE#         480
  C:148AH         LINE#         481
  C:1490H         LINE#         482
  C:1492H         LINE#         483
  C:1492H         LINE#         484
  C:149BH         LINE#         486
  C:14A3H         LINE#         487
  C:14A3H         LINE#         488
  C:14A6H         LINE#         489
  C:14A6H         LINE#         490
  C:14ABH         LINE#         491
  C:14ABH         LINE#         493
  C:14B4H         LINE#         495
  C:14D3H         LINE#         496
  C:14F9H         LINE#         497
  C:151FH         LINE#         498
  C:1545H         LINE#         499
  C:156BH         LINE#         501
  C:156DH         LINE#         502
  -------         ENDPROC       _LIGHT_BEAM_ON_CMD
  -------         PROC          _LIGHT_BEAM_OFF_CMD
  X:0000H         SYMBOL        cmd_packet
  C:499FH         LINE#         504
  C:49AAH         LINE#         505
  C:49AAH         LINE#         507
  C:49C2H         LINE#         508
  C:49C2H         LINE#         509
  C:49C5H         LINE#         510
BL51 BANKED LINKER/LOCATER V6.22                                                      04/18/2019  18:35:49  PAGE 19


  C:49C5H         LINE#         512
  C:49E4H         LINE#         514
  C:49E6H         LINE#         515
  -------         ENDPROC       _LIGHT_BEAM_OFF_CMD
  -------         ENDMOD        COMMANDS

  -------         MODULE        COMMANDS_PARSER
  C:0000H         SYMBOL        _ICE_DUMMY_
  B:0098H.7       PUBLIC        SM00
  D:0090H         PUBLIC        P1
  B:0098H.6       PUBLIC        SM10
  C:4A71H         PUBLIC        _get_command
  D:00E8H         PUBLIC        ADC0CN
  C:4834H         PUBLIC        _cmd_parser_process
  D:00A4H         PUBLIC        P0MDOUT
  X:0146H         PUBLIC        current_state
  D:00A8H         PUBLIC        IE
  B:0098H.4       PUBLIC        REN0
  D:00D8H         PUBLIC        PCA0CN
  D:00B8H         PUBLIC        IP
  D:00E1H         PUBLIC        XBR0
  C:2644H         PUBLIC        _parse
  C:4DB4H         PUBLIC        _USART_send
  C:473EH         PUBLIC        _USART_print
  D:00CBH         PUBLIC        RCAP2H
  D:00C0H         PUBLIC        SMB0CN
  C:4DEAH         PUBLIC        valid_cmd_flag
  D:00CAH         PUBLIC        RCAP2L
  C:4C94H         PUBLIC        init_parser
  D:00F8H         PUBLIC        SPI0CN
  D:0088H         PUBLIC        TCON
  C:4186H         PUBLIC        _wait
  C:4DFAH         PUBLIC        error_cmd_flag
  X:0147H         PUBLIC        dispatch_table
  X:01E9H         PUBLIC        raw_data
  B:0098H.0       PUBLIC        RI0
  B:0098H.1       PUBLIC        TI0
  B:00C8H.2       PUBLIC        TR2
  C:4B8EH         PUBLIC        _USART_receive
  B:00C8H.5       PUBLIC        RCLK0
  B:00C8H.4       PUBLIC        TCLK0
  D:0099H         PUBLIC        SBUF0
  D:0098H         PUBLIC        SCON0
  D:00C8H         PUBLIC        T2CON
  D:008EH         PUBLIC        CKCON
  X:024DH         PUBLIC        full_state_machine
  X:0259H         PUBLIC        buffer_index
  D:00D0H         PUBLIC        PSW
  -------         PROC          INIT_PARSER
  C:4C94H         LINE#         85
  C:4C94H         LINE#         86
  C:4C94H         LINE#         89
  C:4C96H         LINE#         90
  C:4C98H         LINE#         91
  C:4C9AH         LINE#         94
  C:4C9DH         LINE#         97
  C:4CA0H         LINE#         101
BL51 BANKED LINKER/LOCATER V6.22                                                      04/18/2019  18:35:49  PAGE 20


  C:4CA3H         LINE#         105
  C:4CA6H         LINE#         106
  C:4CA8H         LINE#         107
  C:4CAAH         LINE#         108
  C:4CADH         LINE#         109
  C:4CB0H         LINE#         110
  C:4CB2H         LINE#         112
  C:4CB4H         LINE#         113
  -------         ENDPROC       INIT_PARSER
  -------         PROC          _USART_RECEIVE
  X:0019H         SYMBOL        read_byte
  C:4B8EH         LINE#         115
  C:4B99H         LINE#         116
  C:4B99H         LINE#         117
  C:4B9CH         LINE#         118
  C:4B9CH         LINE#         119
  C:4BACH         LINE#         120
  C:4BAEH         LINE#         121
  C:4BAFH         LINE#         122
  C:4BBFH         LINE#         123
  C:4BBFH         LINE#         124
  -------         ENDPROC       _USART_RECEIVE
  -------         PROC          _USART_SEND
  X:00F5H         SYMBOL        ch
  C:4DB4H         LINE#         126
  C:4DB9H         LINE#         127
  C:4DB9H         LINE#         128
  C:4DC0H         LINE#         129
  C:4DC3H         LINE#         130
  C:4DC5H         LINE#         131
  -------         ENDPROC       _USART_SEND
  -------         PROC          _USART_PRINT
  X:00F1H         SYMBOL        str
  -------         DO            
  X:00F4H         SYMBOL        i
  -------         ENDDO         
  C:473EH         LINE#         141
  C:4749H         LINE#         142
  C:4749H         LINE#         143
  C:474EH         LINE#         144
  C:476FH         LINE#         145
  C:476FH         LINE#         146
  C:478BH         LINE#         147
  C:4793H         LINE#         148
  -------         ENDPROC       _USART_PRINT
  -------         PROC          _CMD_PARSER_PROCESS
  X:0012H         SYMBOL        result
  C:4834H         LINE#         152
  C:483FH         LINE#         153
  C:483FH         LINE#         167
  C:4852H         LINE#         168
  C:4852H         LINE#         169
  C:4852H         LINE#         170
  C:4860H         LINE#         171
  C:4861H         LINE#         172
  C:4861H         LINE#         173
  C:486FH         LINE#         174
BL51 BANKED LINKER/LOCATER V6.22                                                      04/18/2019  18:35:49  PAGE 21


  C:4870H         LINE#         175
  C:4870H         LINE#         176
  C:487EH         LINE#         177
  C:487EH         LINE#         179
  C:487EH         LINE#         181
  -------         ENDPROC       _CMD_PARSER_PROCESS
  -------         PROC          _WAIT
  X:0015H         SYMBOL        parser_result
  -------         DO            
  X:0018H         SYMBOL        read_byte
  -------         ENDDO         
  C:4186H         LINE#         183
  C:4191H         LINE#         184
  C:4191H         LINE#         185
  C:4197H         LINE#         188
  C:41A0H         LINE#         191
  C:41B6H         LINE#         194
  C:41C0H         LINE#         195
  C:41C9H         LINE#         196
  C:41C9H         LINE#         199
  C:41DFH         LINE#         200
  C:41E5H         LINE#         202
  C:41F6H         LINE#         203
  C:41FCH         LINE#         204
  C:41FDH         LINE#         205
  C:4205H         LINE#         206
  C:421BH         LINE#         207
  C:4221H         LINE#         208
  C:4221H         LINE#         209
  C:4221H         LINE#         210
  -------         ENDPROC       _WAIT
  -------         PROC          _GET_COMMAND
  X:0015H         SYMBOL        parser_result
  C:4A71H         LINE#         213
  C:4A7CH         LINE#         214
  C:4A7CH         LINE#         216
  C:4A8DH         LINE#         217
  C:4A8DH         LINE#         219
  C:4A90H         LINE#         220
  C:4A92H         LINE#         221
  C:4A95H         LINE#         222
  C:4A95H         LINE#         225
  C:4AA9H         LINE#         226
  C:4AAEH         LINE#         228
  C:4AB3H         LINE#         229
  -------         ENDPROC       _GET_COMMAND
  -------         PROC          _PARSE
  X:0018H         SYMBOL        parser_result
  -------         DO            
  X:001BH         SYMBOL        commands_data
  X:00E3H         SYMBOL        data_index
  X:00E4H         SYMBOL        ptr
  X:00E5H         SYMBOL        reading_ptr
  X:00E6H         SYMBOL        ret
  X:00E7H         SYMBOL        c
  X:00E8H         SYMBOL        i
  X:00E9H         SYMBOL        run
BL51 BANKED LINKER/LOCATER V6.22                                                      04/18/2019  18:35:49  PAGE 22


  X:00EAH         SYMBOL        cmd_packet
  -------         ENDDO         
  C:2644H         LINE#         232
  C:264FH         LINE#         233
  C:264FH         LINE#         237
  C:265EH         LINE#         238
  C:2663H         LINE#         239
  C:266DH         LINE#         240
  C:2673H         LINE#         249
  C:267EH         LINE#         250
  C:267EH         LINE#         251
  C:2694H         LINE#         254
  C:26AAH         LINE#         255
  C:26AAH         LINE#         256
  C:26AAH         LINE#         257
  C:26CEH         LINE#         259
  C:26D4H         LINE#         260
  C:26D9H         LINE#         261
  C:26DCH         LINE#         263
  C:26DCH         LINE#         264
  C:2700H         LINE#         266
  C:2706H         LINE#         267
  C:270BH         LINE#         268
  C:270DH         LINE#         271
  C:270DH         LINE#         272
  C:2731H         LINE#         274
  C:2736H         LINE#         275
  C:2738H         LINE#         277
  C:2738H         LINE#         278
  C:2761H         LINE#         279
  C:2767H         LINE#         280
  C:2767H         LINE#         282
  C:276DH         LINE#         283
  C:2770H         LINE#         287
  C:2781H         LINE#         288
  C:278BH         LINE#         289
  C:27AAH         LINE#         293
  C:27BFH         LINE#         294
  C:27BFH         LINE#         295
  C:2802H         LINE#         296
  C:2802H         LINE#         298
  C:2843H         LINE#         299
  C:2843H         LINE#         300
  C:2849H         LINE#         301
  C:284BH         LINE#         302
  C:2854H         LINE#         303
  C:2859H         LINE#         304
  C:2859H         LINE#         311
  C:2859H         LINE#         312
  C:2862H         LINE#         315
  C:2871H         LINE#         316
  C:2885H         LINE#         319
  C:288AH         LINE#         320
  -------         ENDPROC       _PARSE
  -------         PROC          VALID_CMD_FLAG
  C:4DEAH         LINE#         322
  C:4DEAH         LINE#         323
BL51 BANKED LINKER/LOCATER V6.22                                                      04/18/2019  18:35:49  PAGE 23


  C:4DEAH         LINE#         324
  C:4DEFH         LINE#         325
  C:4DF4H         LINE#         326
  C:4DF9H         LINE#         327
  -------         ENDPROC       VALID_CMD_FLAG
  -------         PROC          ERROR_CMD_FLAG
  C:4DFAH         LINE#         329
  C:4DFAH         LINE#         330
  C:4DFAH         LINE#         331
  C:4DFFH         LINE#         332
  C:4E04H         LINE#         333
  C:4E09H         LINE#         334
  -------         ENDPROC       ERROR_CMD_FLAG
  -------         ENDMOD        COMMANDS_PARSER

  -------         MODULE        MAIN
  C:0000H         SYMBOL        _ICE_DUMMY_
  D:0090H         PUBLIC        P1
  B:00A8H.7       PUBLIC        EA
  D:00E8H         PUBLIC        ADC0CN
  D:00A8H         PUBLIC        IE
  X:025AH         PUBLIC        parser_result
  D:00D8H         PUBLIC        PCA0CN
  D:00B8H         PUBLIC        IP
  D:00FFH         PUBLIC        Reg
  D:00E3H         PUBLIC        XBR2
  X:0261H         PUBLIC        informations
  X:027BH         PUBLIC        dd_packet
  D:00C0H         PUBLIC        SMB0CN
  C:2A70H         PUBLIC        main
  X:0286H         PUBLIC        spi_packet
  D:00F8H         PUBLIC        SPI0CN
  D:0088H         PUBLIC        TCON
  C:0030H         PUBLIC        enable_general_Int
  D:00B2H         PUBLIC        OSCICN
  D:00B1H         PUBLIC        OSCXCN
  X:028FH         PUBLIC        commands
  C:4E0AH         PUBLIC        Init_External_clk
  D:0098H         PUBLIC        SCON0
  D:00C8H         PUBLIC        T2CON
  C:4E40H         PUBLIC        Enable_Crossbar
  D:008EH         PUBLIC        CKCON
  D:00D0H         PUBLIC        PSW
  -------         PROC          INIT_EXTERNAL_CLK
  C:4E0AH         LINE#         99
  C:4E0AH         LINE#         100
  C:4E0AH         LINE#         102
  C:4E0DH         LINE#         103
  C:4E12H         LINE#         106
  C:4E15H         LINE#         108
  C:4E18H         LINE#         109
  -------         ENDPROC       INIT_EXTERNAL_CLK
  -------         PROC          ENABLE_CROSSBAR
  C:4E40H         LINE#         111
  C:4E40H         LINE#         112
  C:4E40H         LINE#         114
  C:4E43H         LINE#         115
BL51 BANKED LINKER/LOCATER V6.22                                                      04/18/2019  18:35:49  PAGE 24


  -------         ENDPROC       ENABLE_CROSSBAR
  -------         PROC          ENABLE_GENERAL_INT
  C:0030H         LINE#         117
  C:0030H         LINE#         118
  C:0030H         LINE#         119
  C:0032H         LINE#         120
  -------         ENDPROC       ENABLE_GENERAL_INT
  -------         PROC          MAIN
  -------         DO            
  X:0000H         SYMBOL        mes
  X:000AH         SYMBOL        f
  X:000EH         SYMBOL        angle
  X:0010H         SYMBOL        ij
  -------         ENDDO         
  C:2A70H         LINE#         123
  C:2A70H         LINE#         124
  C:2A70H         LINE#         126
  C:2A7AH         LINE#         127
  C:2A83H         LINE#         128
  C:2A8BH         LINE#         131
  C:2A8EH         LINE#         132
  C:2A91H         LINE#         135
  C:2A94H         LINE#         138
  C:2A97H         LINE#         141
  C:2A9AH         LINE#         143
  C:2A9DH         LINE#         145
  C:2AA0H         LINE#         147
  C:2AA3H         LINE#         149
  C:2AA6H         LINE#         151
  C:2AAFH         LINE#         152
  C:2AB8H         LINE#         158
  C:2AC1H         LINE#         162
  C:2AC1H         LINE#         163
  C:2AC1H         LINE#         165
  C:2ACAH         LINE#         167
  C:2ADDH         LINE#         168
  C:2ADDH         LINE#         169
  C:2AE6H         LINE#         170
  C:2AE9H         LINE#         171
  C:2AE9H         LINE#         173
  C:2B00H         LINE#         174
  C:2B00H         LINE#         177
  C:2B09H         LINE#         180
  C:2B12H         LINE#         182
  C:2B38H         LINE#         186
  C:2B52H         LINE#         187
  C:2B52H         LINE#         188
  C:2B5BH         LINE#         189
  C:2B95H         LINE#         190
  C:2B9EH         LINE#         191
  C:2BADH         LINE#         192
  C:2BC2H         LINE#         193
  C:2BC2H         LINE#         195
  C:2BDFH         LINE#         196
  C:2BDFH         LINE#         197
  C:2BE8H         LINE#         198
  C:2BFDH         LINE#         199
BL51 BANKED LINKER/LOCATER V6.22                                                      04/18/2019  18:35:49  PAGE 25


  C:2BFDH         LINE#         201
  C:2C00H         LINE#         202
  C:2C00H         LINE#         203
  C:2C15H         LINE#         204
  C:2C15H         LINE#         206
  C:2C18H         LINE#         208
  C:2C21H         LINE#         210
  -------         ENDPROC       MAIN
  -------         ENDMOD        MAIN

  -------         MODULE        SERIALIZER
  C:0000H         SYMBOL        _ICE_DUMMY_
  X:02B2H         PUBLIC        serializer_state_machine
  D:0090H         PUBLIC        P1
  X:02CAH         PUBLIC        is_processing
  X:02CBH         PUBLIC        robot_position
  C:4B26H         PUBLIC        _serializer_receive
  D:00E8H         PUBLIC        ADC0CN
  D:00A8H         PUBLIC        IE
  C:4D20H         PUBLIC        serializer_clear_serial
  C:455AH         PUBLIC        _rotate
  D:00D8H         PUBLIC        PCA0CN
  D:00B8H         PUBLIC        IP
  D:00E3H         PUBLIC        XBR2
  C:000EH         PUBLIC        _idle
  C:4042H         PUBLIC        _moveAngle
  D:00E5H         PUBLIC        RCAP4H
  D:00C0H         PUBLIC        SMB0CN
  C:239DH         PUBLIC        _serializer_process
  C:4DC6H         PUBLIC        init_serializer_UART1
  D:00E4H         PUBLIC        RCAP4L
  D:00F8H         PUBLIC        SPI0CN
  D:0088H         PUBLIC        TCON
  X:02D0H         PUBLIC        pids_timer
  C:4D08H         PUBLIC        serializer_init_serial
  C:3D96H         PUBLIC        is_PID_processing
  C:47DAH         SYMBOL        _?ix1000
  C:47DFH         SYMBOL        _?ix1001
  X:02D2H         PUBLIC        serializer_state
  C:2084H         PUBLIC        _idle_next_state
  C:4BF2H         PUBLIC        _stop
  C:4DD8H         PUBLIC        _UART_send
  B:0098H.1       PUBLIC        TI0
  C:4D4EH         PUBLIC        _serializer_send
  C:468BH         PUBLIC        _serializer_print
  C:30EBH         PUBLIC        _navigate
  C:3F9CH         PUBLIC        _translate
  C:45C6H         PUBLIC        _setMotors
  D:0099H         PUBLIC        SBUF0
  D:00F2H         PUBLIC        SBUF1
  D:0098H         PUBLIC        SCON0
  D:00F1H         PUBLIC        SCON1
  D:00C8H         PUBLIC        T2CON
  D:00C9H         PUBLIC        T4CON
  X:02D3H         PUBLIC        is_navigating
  D:00D0H         PUBLIC        PSW
  C:385CH         PUBLIC        _moveTo
BL51 BANKED LINKER/LOCATER V6.22                                                      04/18/2019  18:35:49  PAGE 26


  -------         PROC          INIT_SERIALIZER_UART1
  C:4DC6H         LINE#         37
  C:4DC6H         LINE#         38
  C:4DC6H         LINE#         41
  C:4DC9H         LINE#         45
  C:4DCCH         LINE#         48
  C:4DCFH         LINE#         50
  C:4DD2H         LINE#         51
  C:4DD5H         LINE#         53
  C:4DD7H         LINE#         54
  -------         ENDPROC       INIT_SERIALIZER_UART1
  -------         PROC          _SERIALIZER_RECEIVE
  X:004DH         SYMBOL        read_byte
  C:4B26H         LINE#         56
  C:4B31H         LINE#         57
  C:4B31H         LINE#         58
  C:4B36H         LINE#         59
  C:4B36H         LINE#         60
  C:4B46H         LINE#         61
  C:4B49H         LINE#         62
  C:4B4AH         LINE#         63
  C:4B5AH         LINE#         64
  C:4B5AH         LINE#         65
  -------         ENDPROC       _SERIALIZER_RECEIVE
  -------         PROC          _SERIALIZER_SEND
  X:0051H         SYMBOL        ch
  C:4D4EH         LINE#         67
  C:4D53H         LINE#         68
  C:4D53H         LINE#         69
  C:4D5AH         LINE#         70
  C:4D5FH         LINE#         71
  C:4D62H         LINE#         72
  -------         ENDPROC       _SERIALIZER_SEND
  -------         PROC          _UART_SEND
  X:004DH         SYMBOL        ch
  C:4DD8H         LINE#         74
  C:4DDDH         LINE#         75
  C:4DDDH         LINE#         76
  C:4DE4H         LINE#         77
  C:4DE7H         LINE#         78
  C:4DE9H         LINE#         79
  -------         ENDPROC       _UART_SEND
  -------         PROC          _SERIALIZER_PRINT
  X:004DH         SYMBOL        str
  -------         DO            
  X:0050H         SYMBOL        i
  -------         ENDDO         
  C:468BH         LINE#         81
  C:4696H         LINE#         82
  C:4696H         LINE#         83
  C:469BH         LINE#         84
  C:46BCH         LINE#         85
  C:46BCH         LINE#         87
  C:46D8H         LINE#         88
  C:46E0H         LINE#         90
  C:46E5H         LINE#         92
  -------         ENDPROC       _SERIALIZER_PRINT
BL51 BANKED LINKER/LOCATER V6.22                                                      04/18/2019  18:35:49  PAGE 27


  -------         PROC          SERIALIZER_INIT_SERIAL
  -------         DO            
  X:0300H         SYMBOL        c
  -------         ENDDO         
  C:4D08H         LINE#         94
  C:4D08H         LINE#         95
  C:4D08H         LINE#         96
  C:4D0DH         LINE#         98
  C:4D0DH         LINE#         99
  C:4D16H         LINE#         101
  C:4D1FH         LINE#         103
  -------         ENDPROC       SERIALIZER_INIT_SERIAL
  -------         PROC          SERIALIZER_CLEAR_SERIAL
  -------         DO            
  X:003AH         SYMBOL        c
  -------         ENDDO         
  C:4D20H         LINE#         105
  C:4D20H         LINE#         106
  C:4D20H         LINE#         107
  C:4D25H         LINE#         110
  C:4D25H         LINE#         111
  C:4D2EH         LINE#         113
  C:4D37H         LINE#         115
  -------         ENDPROC       SERIALIZER_CLEAR_SERIAL
  -------         PROC          _SERIALIZER_PROCESS
  X:0012H         SYMBOL        parser
  -------         DO            
  X:0015H         SYMBOL        pts
  -------         ENDDO         
  C:239DH         LINE#         124
  C:23A8H         LINE#         125
  C:23A8H         LINE#         126
  C:23CDH         LINE#         129
  C:23EFH         LINE#         130
  C:23EFH         LINE#         131
  C:23F5H         LINE#         132
  C:23FAH         LINE#         133
  C:2418H         LINE#         134
  C:241BH         LINE#         135
  C:243FH         LINE#         136
  C:243FH         LINE#         138
  C:245EH         LINE#         139
  C:245EH         LINE#         140
  C:245EH         LINE#         141
  C:2492H         LINE#         142
  C:2495H         LINE#         144
  C:2495H         LINE#         145
  C:249EH         LINE#         146
  C:249EH         LINE#         147
  C:24A4H         LINE#         148
  C:24A7H         LINE#         150
  C:24A7H         LINE#         151
  C:24ADH         LINE#         152
  C:24ADH         LINE#         153
  C:24B0H         LINE#         155
  C:24B0H         LINE#         157
  C:24B9H         LINE#         158
BL51 BANKED LINKER/LOCATER V6.22                                                      04/18/2019  18:35:49  PAGE 28


  C:24B9H         LINE#         159
  C:24BFH         LINE#         160
  C:24C2H         LINE#         162
  C:24C2H         LINE#         163
  C:24C8H         LINE#         164
  C:24C8H         LINE#         165
  C:24CBH         LINE#         167
  C:24CBH         LINE#         168
  C:24D4H         LINE#         169
  C:24D4H         LINE#         170
  C:24DAH         LINE#         171
  C:24DDH         LINE#         173
  C:24DDH         LINE#         174
  C:24FCH         LINE#         175
  C:251AH         LINE#         176
  C:2542H         LINE#         177
  C:2565H         LINE#         178
  C:2588H         LINE#         179
  C:25ABH         LINE#         180
  C:25B0H         LINE#         181
  C:25B0H         LINE#         182
  C:25B2H         LINE#         184
  C:25B2H         LINE#         185
  C:25BBH         LINE#         186
  C:25BBH         LINE#         187
  C:25C1H         LINE#         188
  C:25C3H         LINE#         190
  C:25C3H         LINE#         191
  C:25C9H         LINE#         192
  C:25C9H         LINE#         193
  C:25CBH         LINE#         195
  C:25CBH         LINE#         196
  C:25D3H         LINE#         197
  C:25D3H         LINE#         198
  C:25D8H         LINE#         199
  C:25F6H         LINE#         200
  C:25F8H         LINE#         201
  C:25F8H         LINE#         202
  C:25FEH         LINE#         203
  C:25FEH         LINE#         204
  C:2600H         LINE#         206
  C:2600H         LINE#         207
  C:2606H         LINE#         208
  C:2608H         LINE#         210
  C:2608H         LINE#         212
  C:260AH         LINE#         213
  C:260FH         LINE#         214
  C:260FH         LINE#         216
  C:2643H         LINE#         217
  -------         ENDPROC       _SERIALIZER_PROCESS
  -------         PROC          _IDLE_NEXT_STATE
  X:001AH         SYMBOL        cmd
  X:001DH         SYMBOL        pts
  C:2084H         LINE#         219
  C:208FH         LINE#         220
  C:208FH         LINE#         221
  C:20CAH         LINE#         222
BL51 BANKED LINKER/LOCATER V6.22                                                      04/18/2019  18:35:49  PAGE 29


  C:20CAH         LINE#         223
  C:20CAH         LINE#         224
  C:20D0H         LINE#         225
  C:20E0H         LINE#         226
  C:210AH         LINE#         227
  C:210BH         LINE#         229
  C:210BH         LINE#         230
  C:2111H         LINE#         231
  C:2121H         LINE#         232
  C:214BH         LINE#         233
  C:214CH         LINE#         235
  C:214CH         LINE#         236
  C:2152H         LINE#         237
  C:2161H         LINE#         238
  C:2176H         LINE#         240
  C:2177H         LINE#         242
  C:2177H         LINE#         243
  C:217DH         LINE#         244
  C:2196H         LINE#         245
  C:21ACH         LINE#         246
  C:21ADH         LINE#         248
  C:21ADH         LINE#         249
  C:21B3H         LINE#         250
  C:21CBH         LINE#         251
  C:21E1H         LINE#         252
  C:21E2H         LINE#         254
  C:21E2H         LINE#         255
  C:21E8H         LINE#         256
  C:2201H         LINE#         257
  C:2217H         LINE#         258
  C:2218H         LINE#         260
  C:2218H         LINE#         261
  C:221EH         LINE#         262
  C:2236H         LINE#         263
  C:224CH         LINE#         264
  C:224DH         LINE#         266
  C:224DH         LINE#         267
  C:2253H         LINE#         268
  C:2288H         LINE#         269
  C:229EH         LINE#         270
  C:229FH         LINE#         272
  C:229FH         LINE#         273
  C:22A5H         LINE#         274
  C:22D3H         LINE#         275
  C:22E9H         LINE#         276
  C:22EAH         LINE#         278
  C:22EAH         LINE#         279
  C:22F0H         LINE#         280
  C:231EH         LINE#         281
  C:2342H         LINE#         282
  C:236CH         LINE#         283
  C:2396H         LINE#         284
  C:2397H         LINE#         286
  C:2397H         LINE#         287
  C:239CH         LINE#         288
  C:239CH         LINE#         289
  C:239CH         LINE#         291
BL51 BANKED LINKER/LOCATER V6.22                                                      04/18/2019  18:35:49  PAGE 30


  -------         ENDPROC       _IDLE_NEXT_STATE
  -------         PROC          _IDLE
  X:0000H         SYMBOL        pts
  C:000EH         LINE#         293
  C:0019H         LINE#         294
  C:0019H         LINE#         296
  C:002FH         LINE#         299
  -------         ENDPROC       _IDLE
  -------         PROC          _TRANSLATE
  X:0000H         SYMBOL        pts
  -------         DO            
  X:0003H         SYMBOL        speed
  -------         ENDDO         
  C:3F9CH         LINE#         302
  C:3FA7H         LINE#         303
  C:3FA7H         LINE#         304
  C:3FADH         LINE#         306
  C:3FB8H         LINE#         307
  C:3FB8H         LINE#         308
  C:3FD0H         LINE#         309
  C:3FD0H         LINE#         310
  C:3FEAH         LINE#         311
  C:3FEAH         LINE#         313
  C:403BH         LINE#         314
  C:4041H         LINE#         315
  C:4041H         LINE#         317
  -------         ENDPROC       _TRANSLATE
  -------         PROC          _ROTATE
  X:0008H         SYMBOL        pts
  -------         DO            
  X:000BH         SYMBOL        sens
  -------         ENDDO         
  C:455AH         LINE#         319
  C:4565H         LINE#         320
  C:4565H         LINE#         321
  C:456AH         LINE#         323
  C:4572H         LINE#         324
  C:4572H         LINE#         327
  C:458CH         LINE#         328
  C:4592H         LINE#         329
  C:4593H         LINE#         330
  C:4593H         LINE#         332
  C:45A6H         LINE#         333
  C:45A6H         LINE#         334
  C:45AEH         LINE#         335
  C:45B6H         LINE#         336
  C:45B7H         LINE#         337
  C:45B7H         LINE#         338
  C:45C5H         LINE#         339
  C:45C5H         LINE#         340
  C:45C5H         LINE#         341
  -------         ENDPROC       _ROTATE
  -------         PROC          _NAVIGATE
  X:0000H         SYMBOL        pts
  -------         DO            
  X:02AFH         SYMBOL        navigation_step
  X:02B0H         SYMBOL        target_angle
BL51 BANKED LINKER/LOCATER V6.22                                                      04/18/2019  18:35:49  PAGE 31


  X:0003H         SYMBOL        temp_pts
  -------         ENDDO         
  C:30EBH         LINE#         343
  C:30F6H         LINE#         344
  C:30F6H         LINE#         347
  C:311BH         LINE#         349
  C:3134H         LINE#         350
  C:3134H         LINE#         351
  C:3134H         LINE#         353
  C:313AH         LINE#         354
  C:314AH         LINE#         355
  C:3160H         LINE#         356
  C:318FH         LINE#         357
  C:31BDH         LINE#         359
  C:31C3H         LINE#         360
  C:31C9H         LINE#         361
  C:31D2H         LINE#         362
  C:31D3H         LINE#         364
  C:31D3H         LINE#         370
  C:31D9H         LINE#         371
  C:31DFH         LINE#         372
  C:31E5H         LINE#         373
  C:31EBH         LINE#         374
  C:31F1H         LINE#         375
  C:31FAH         LINE#         376
  C:31FBH         LINE#         378
  C:31FBH         LINE#         379
  C:3229H         LINE#         380
  C:322FH         LINE#         381
  C:3235H         LINE#         382
  C:323EH         LINE#         383
  C:323FH         LINE#         385
  C:323FH         LINE#         386
  C:3244H         LINE#         387
  C:3249H         LINE#         388
  C:3251H         LINE#         389
  C:3251H         LINE#         391
  C:3251H         LINE#         394
  -------         ENDPROC       _NAVIGATE
  -------         PROC          _SETMOTORS
  X:0004H         SYMBOL        mtr_speed_1
  X:0006H         SYMBOL        mtr_speed_2
  -------         DO            
  X:0008H         SYMBOL        cmd
  -------         ENDDO         
  C:45C6H         LINE#         396
  C:45D6H         LINE#         397
  C:45D6H         LINE#         400
  C:461CH         LINE#         402
  C:4625H         LINE#         404
  C:4628H         LINE#         405
  -------         ENDPROC       _SETMOTORS
  -------         PROC          _MOVETO
  X:0008H         SYMBOL        pts
  -------         DO            
  X:000BH         SYMBOL        cmd
  X:0033H         SYMBOL        distance_in_tick
BL51 BANKED LINKER/LOCATER V6.22                                                      04/18/2019  18:35:49  PAGE 32


  -------         ENDDO         
  C:385CH         LINE#         407
  C:3867H         LINE#         408
  C:3867H         LINE#         410
  C:386FH         LINE#         412
  C:387AH         LINE#         413
  C:387AH         LINE#         414
  C:38ACH         LINE#         415
  C:38CEH         LINE#         419
  C:3914H         LINE#         421
  C:391DH         LINE#         422
  C:3920H         LINE#         424
  C:3926H         LINE#         425
  C:3927H         LINE#         426
  C:3927H         LINE#         428
  C:393AH         LINE#         429
  C:393AH         LINE#         430
  C:3942H         LINE#         431
  C:394AH         LINE#         432
  C:394BH         LINE#         433
  C:394BH         LINE#         434
  C:3959H         LINE#         435
  C:3959H         LINE#         436
  C:3959H         LINE#         437
  -------         ENDPROC       _MOVETO
  -------         PROC          _MOVEANGLE
  X:000CH         SYMBOL        angle
  -------         DO            
  X:000EH         SYMBOL        cmd
  X:0036H         SYMBOL        distance_in_tick
  X:0038H         SYMBOL        r_dist
  -------         ENDDO         
  C:4042H         LINE#         439
  C:404AH         LINE#         440
  C:404AH         LINE#         442
  C:405AH         LINE#         444
  C:407CH         LINE#         446
  C:4093H         LINE#         448
  C:40D9H         LINE#         449
  C:40E2H         LINE#         450
  C:40E5H         LINE#         453
  -------         ENDPROC       _MOVEANGLE
  -------         PROC          _STOP
  X:0000H         SYMBOL        pts
  C:4BF2H         LINE#         455
  C:4BFDH         LINE#         456
  C:4BFDH         LINE#         458
  C:4C13H         LINE#         460
  C:4C1CH         LINE#         461
  C:4C1FH         LINE#         463
  -------         ENDPROC       _STOP
  -------         PROC          IS_PID_PROCESSING
  -------         DO            
  X:0035H         SYMBOL        result
  X:0049H         SYMBOL        pid_state
  X:004BH         SYMBOL        ptr
  X:004CH         SYMBOL        c
BL51 BANKED LINKER/LOCATER V6.22                                                      04/18/2019  18:35:49  PAGE 33


  -------         ENDDO         
  C:3D96H         LINE#         521
  C:3D96H         LINE#         522
  C:3D96H         LINE#         524
  C:3D9FH         LINE#         525
  C:3DA4H         LINE#         526
  C:3DA9H         LINE#         528
  C:3DB2H         LINE#         531
  C:3DB2H         LINE#         532
  C:3DBBH         LINE#         533
  C:3DC5H         LINE#         534
  C:3DC5H         LINE#         535
  C:3DE1H         LINE#         536
  C:3DE7H         LINE#         537
  C:3DEFH         LINE#         538
  C:3DEFH         LINE#         539
  C:3DF8H         LINE#         541
  C:3E2FH         LINE#         543
  C:3E3EH         LINE#         545
  C:3E46H         LINE#         546
  -------         ENDPROC       IS_PID_PROCESSING
  -------         ENDMOD        SERIALIZER

  -------         MODULE        MOTION
  C:0000H         SYMBOL        _ICE_DUMMY_
  C:4AB4H         PUBLIC        _distance
  C:42B9H         PUBLIC        _angle_target
  C:0B97H         PUBLIC        _delta_angle
  -------         PROC          _ANGLE_TARGET
  X:0008H         SYMBOL        x_target
  X:0009H         SYMBOL        y_target
  -------         DO            
  X:000AH         SYMBOL        f_angle
  X:000EH         SYMBOL        angle
  -------         ENDDO         
  C:42B9H         LINE#         5
  C:42C3H         LINE#         6
  C:42C3H         LINE#         7
  C:42CDH         LINE#         8
  C:42D5H         LINE#         10
  C:4303H         LINE#         11
  C:432DH         LINE#         13
[...]
  C:4260H         LINE#         198
  C:4266H         LINE#         199
  C:4267H         LINE#         200
  C:4267H         LINE#         201
  C:4285H         LINE#         202
  C:4292H         LINE#         203
  C:429BH         LINE#         204
  C:429BH         LINE#         205
  C:42A1H         LINE#         206
  C:42A1H         LINE#         207
  C:42A7H         LINE#         208
  C:42A8H         LINE#         209
  C:42A8H         LINE#         210
  C:42AEH         LINE#         211
  C:42B3H         LINE#         212
  C:42B8H         LINE#         213
  C:42B8H         LINE#         214
  C:42B8H         LINE#         215
  -------         ENDPROC       _DD_SLEW_DETECTION
  -------         PROC          _DD_SET_ANGLE
  X:0003H         SYMBOL        angle
  C:4CEFH         LINE#         217
BL51 BANKED LINKER/LOCATER V6.22                                                      04/18/2019  18:35:49  PAGE 38


  C:4CF7H         LINE#         218
  C:4CF7H         LINE#         219
  C:4D07H         LINE#         220
  -------         ENDPROC       _DD_SET_ANGLE
  -------         PROC          DD_MESURE
  -------         DO            
  X:0018H         SYMBOL        d
  X:001CH         SYMBOL        V_mes
  -------         ENDDO         
  C:46E6H         LINE#         223
  C:46E6H         LINE#         229
  C:46E9H         LINE#         230
  C:46ECH         LINE#         232
  C:4705H         LINE#         235
  C:472FH         LINE#         238
  C:473DH         LINE#         240
  -------         ENDPROC       DD_MESURE
  -------         PROC          DD_START_CONVERSION
  -------         DO            
  X:0012H         SYMBOL        conv
  X:0016H         SYMBOL        j
  -------         ENDDO         
  C:47E4H         LINE#         243
  C:47E4H         LINE#         246
  C:47E6H         LINE#         247
  C:47E8H         LINE#         248
  C:47EBH         LINE#         249
  C:47EDH         LINE#         251
  C:4816H         LINE#         253
  C:4818H         LINE#         254
  C:481AH         LINE#         255
  C:4823H         LINE#         256
  C:4825H         LINE#         258
  C:4833H         LINE#         259
  -------         ENDPROC       DD_START_CONVERSION
  -------         ENDMOD        DISTANCE_DETECTOR

  -------         MODULE        SPI_MASTER
  C:0000H         SYMBOL        _ICE_DUMMY_
  D:009DH         PUBLIC        SPI0CKR
  D:0090H         PUBLIC        P1
  X:02F5H         PUBLIC        spi_data_in
  X:02FAH         PUBLIC        spi_data_out
  D:00E6H         PUBLIC        EIE1
  D:00E8H         PUBLIC        ADC0CN
  D:00A4H         PUBLIC        P0MDOUT
  D:00A5H         PUBLIC        P1MDOUT
  D:00A8H         PUBLIC        IE
  D:00D8H         PUBLIC        PCA0CN
  D:00B8H         PUBLIC        IP
  C:446FH         PUBLIC        _spi_cmd_light_OFF
  B:00F8H.3       PUBLIC        TXBSY
  D:00E1H         PUBLIC        XBR0
  D:00C0H         PUBLIC        SMB0CN
  C:3BFCH         PUBLIC        _spi_transmit
  D:00F8H         PUBLIC        SPI0CN
  C:288BH         PUBLIC        _spi_process
BL51 BANKED LINKER/LOCATER V6.22                                                      04/18/2019  18:35:49  PAGE 39


  B:00F8H.7       PUBLIC        SPIF
  D:0088H         PUBLIC        TCON
  X:02FFH         PUBLIC        spi_data_in_ptr
  C:4CB5H         PUBLIC        spi_error
  C:4D78H         PUBLIC        _spi_send_char
  C:3CCCH         PUBLIC        _spi_cmd_light_ON
  C:4CD4H         PUBLIC        Init_SPI
  D:0098H         PUBLIC        SCON0
  B:0090H.0       PUBLIC        slave_selector
  D:00C8H         PUBLIC        T2CON
  D:009AH         PUBLIC        SPI0CFG
  C:3EF3H         PUBLIC        _spi_cmd_servo
  D:009BH         PUBLIC        SPI0DAT
  C:4BC0H         PUBLIC        spi_int
  D:00D0H         PUBLIC        PSW
  C:44E5H         PUBLIC        spi_validate
  -------         PROC          SPI_INT
  C:4BC0H         LINE#         30
  C:4BCDH         LINE#         33
  C:4BCFH         LINE#         36
  C:4BE1H         LINE#         38
  C:4BE7H         LINE#         40
  -------         ENDPROC       SPI_INT
  -------         PROC          INIT_SPI
  C:4CD4H         LINE#         48
  C:4CD4H         LINE#         49
  C:4CD4H         LINE#         55
  C:4CD7H         LINE#         59
  C:4CDAH         LINE#         60
  C:4CDDH         LINE#         61
  C:4CE0H         LINE#         63
  C:4CE3H         LINE#         64
  C:4CE6H         LINE#         65
  C:4CE9H         LINE#         67
  C:4CEBH         LINE#         69
  C:4CEEH         LINE#         70
  -------         ENDPROC       INIT_SPI
  -------         PROC          _SPI_SEND_CHAR
  X:001DH         SYMBOL        a
  C:4D78H         LINE#         78
  C:4D7DH         LINE#         79
  C:4D7FH         LINE#         81
  C:4D86H         LINE#         83
  C:4D89H         LINE#         85
  C:4D8BH         LINE#         86
  -------         ENDPROC       _SPI_SEND_CHAR
  -------         PROC          _SPI_TRANSMIT
  X:0018H         SYMBOL        spi_packet
  -------         DO            
  X:001BH         SYMBOL        ptr
  X:001CH         SYMBOL        _delay
  -------         ENDDO         
  C:3BFCH         LINE#         88
  C:3C07H         LINE#         89
  C:3C07H         LINE#         90
  C:3C0CH         LINE#         91
  C:3C11H         LINE#         94
BL51 BANKED LINKER/LOCATER V6.22                                                      04/18/2019  18:35:49  PAGE 40


  C:3C23H         LINE#         95
  C:3C28H         LINE#         98
  C:3C2BH         LINE#         100
  C:3C36H         LINE#         101
  C:3C36H         LINE#         102
  C:3C5DH         LINE#         103
  C:3C63H         LINE#         105
  C:3C7BH         LINE#         106
  C:3C7BH         LINE#         109
  C:3C7EH         LINE#         112
  C:3C84H         LINE#         113
  C:3C84H         LINE#         114
  C:3C87H         LINE#         115
  C:3C89H         LINE#         116
  C:3C89H         LINE#         117
  C:3C9FH         LINE#         118
  C:3C9FH         LINE#         121
  C:3CB9H         LINE#         123
  C:3CCBH         LINE#         125
  -------         ENDPROC       _SPI_TRANSMIT
  -------         PROC          _SPI_PROCESS
  X:0012H         SYMBOL        cmd
  X:0015H         SYMBOL        spi_packet
  C:288BH         LINE#         127
  C:2896H         LINE#         128
  C:2896H         LINE#         129
  C:28B3H         LINE#         130
  C:28B3H         LINE#         132
  C:28B3H         LINE#         133
  C:28D0H         LINE#         134
  C:28D0H         LINE#         136
  C:28D0H         LINE#         137
  C:28EBH         LINE#         138
  C:28EBH         LINE#         139
  C:2904H         LINE#         140
  C:2904H         LINE#         141
  C:2934H         LINE#         142
  C:2949H         LINE#         143
  C:295FH         LINE#         144
  C:2962H         LINE#         146
  C:2962H         LINE#         147
  C:2992H         LINE#         148
  C:29A7H         LINE#         149
  C:29BDH         LINE#         150
  C:29BDH         LINE#         151
  C:29BFH         LINE#         152
  C:29D8H         LINE#         153
  C:29D8H         LINE#         154
  C:2A08H         LINE#         155
  C:2A1DH         LINE#         156
  C:2A33H         LINE#         157
  C:2A33H         LINE#         158
  C:2A33H         LINE#         159
  C:2A33H         LINE#         161
  C:2A33H         LINE#         163
  C:2A33H         LINE#         165
  C:2A33H         LINE#         167
BL51 BANKED LINKER/LOCATER V6.22                                                      04/18/2019  18:35:49  PAGE 41


  C:2A4CH         LINE#         168
  C:2A4CH         LINE#         169
  C:2A5AH         LINE#         170
  C:2A6FH         LINE#         171
  C:2A6FH         LINE#         173
  -------         ENDPROC       _SPI_PROCESS
  -------         PROC          _SPI_CMD_SERVO
  X:0018H         SYMBOL        cmd
  X:001BH         SYMBOL        spi_packet
  C:3EF3H         LINE#         175
  C:3EFEH         LINE#         176
  C:3EFEH         LINE#         177
  C:3F14H         LINE#         178
  C:3F3EH         LINE#         179
  C:3F71H         LINE#         180
  C:3F86H         LINE#         181
  C:3F9BH         LINE#         182
  -------         ENDPROC       _SPI_CMD_SERVO
  -------         PROC          _SPI_CMD_LIGHT_ON
  X:0018H         SYMBOL        cmd
  X:001BH         SYMBOL        spi_packet
  C:3CCCH         LINE#         184
  C:3CD7H         LINE#         185
  C:3CD7H         LINE#         186
  C:3CEDH         LINE#         187
  C:3D17H         LINE#         188
  C:3D41H         LINE#         189
  C:3D6BH         LINE#         190
  C:3D95H         LINE#         192
  -------         ENDPROC       _SPI_CMD_LIGHT_ON
  -------         PROC          _SPI_CMD_LIGHT_OFF
  X:0018H         SYMBOL        cmd
  X:001BH         SYMBOL        spi_packet
  C:446FH         LINE#         194
  C:447AH         LINE#         195
  C:447AH         LINE#         196
  C:4490H         LINE#         197
  C:44A5H         LINE#         198
  C:44BAH         LINE#         199
  C:44CFH         LINE#         200
  C:44E4H         LINE#         202
  -------         ENDPROC       _SPI_CMD_LIGHT_OFF
  -------         PROC          SPI_VALIDATE
  -------         DO            
  X:001DH         SYMBOL        hash
  X:001FH         SYMBOL        i
  -------         ENDDO         
  C:44E5H         LINE#         204
  C:44E5H         LINE#         205
  C:44E5H         LINE#         206
  C:44F5H         LINE#         208
  C:4510H         LINE#         209
  C:4510H         LINE#         210
  C:4532H         LINE#         211
  C:4542H         LINE#         213
  C:4554H         LINE#         214
  C:4554H         LINE#         215
BL51 BANKED LINKER/LOCATER V6.22                                                      04/18/2019  18:35:49  PAGE 42


  C:4557H         LINE#         216
  C:4557H         LINE#         218
  C:4557H         LINE#         219
  C:4559H         LINE#         220
  C:4559H         LINE#         221
  -------         ENDPROC       SPI_VALIDATE
  -------         PROC          SPI_ERROR
  C:4CB5H         LINE#         223
  C:4CB5H         LINE#         224
  C:4CB5H         LINE#         225
  C:4CBBH         LINE#         226
  C:4CC1H         LINE#         227
  C:4CC7H         LINE#         228
  C:4CCDH         LINE#         229
  C:4CD3H         LINE#         230
  -------         ENDPROC       SPI_ERROR
  -------         ENDMOD        SPI_MASTER

  -------         MODULE        ?C?FPADD
  C:003DH         PUBLIC        ?C?FPADD
  C:0039H         PUBLIC        ?C?FPSUB
  -------         ENDMOD        ?C?FPADD

  -------         MODULE        ?C?FPMUL
  C:012EH         PUBLIC        ?C?FPMUL
  -------         ENDMOD        ?C?FPMUL

  -------         MODULE        ?C?FPDIV
  C:0237H         PUBLIC        ?C?FPDIV
  -------         ENDMOD        ?C?FPDIV

  -------         MODULE        ?C?FCAST
  C:02DEH         PUBLIC        ?C?FCASTC
  C:02D9H         PUBLIC        ?C?FCASTI
  C:02D4H         PUBLIC        ?C?FCASTL
  -------         ENDMOD        ?C?FCAST

  -------         MODULE        ?C?CASTF
  C:0312H         PUBLIC        ?C?CASTF
  -------         ENDMOD        ?C?CASTF

  -------         MODULE        PRINTF
  X:003AH         PUBLIC        ?_PRINTF?BYTE
  X:003AH         PUBLIC        ?_SPRINTF?BYTE
  C:15D9H         PUBLIC        _PRINTF
  C:15D3H         PUBLIC        _SPRINTF
  -------         ENDMOD        PRINTF

  -------         MODULE        SCANF
  X:0114H         PUBLIC        ?_SCANF?BYTE
  X:0114H         PUBLIC        ?_SSCANF?BYTE
  C:1A7EH         PUBLIC        _SCANF
  C:1A7AH         PUBLIC        _SSCANF
  -------         ENDMOD        SCANF

  -------         MODULE        SQRT
  C:3E4BH         PUBLIC        _SQRT
BL51 BANKED LINKER/LOCATER V6.22                                                      04/18/2019  18:35:49  PAGE 43


  -------         ENDMOD        SQRT

  -------         MODULE        ATAN
  C:3654H         PUBLIC        _ATAN
  -------         ENDMOD        ATAN

  -------         MODULE        ?C?FPROUND
  C:0393H         PUBLIC        ?C?FPROUND
  -------         ENDMOD        ?C?FPROUND

  -------         MODULE        ?C?FPCONVERT
  C:03D0H         PUBLIC        ?C?FPCONVERT
  -------         ENDMOD        ?C?FPCONVERT

  -------         MODULE        ?C?FPNEG
  C:0522H         PUBLIC        ?C?FPNEG
  -------         ENDMOD        ?C?FPNEG

  -------         MODULE        ?C?FTNPWR
  C:0563H         PUBLIC        ?C?FTNPWR
  -------         ENDMOD        ?C?FTNPWR

  -------         MODULE        ?C?COPY
  C:0673H         PUBLIC        ?C?COPY
  -------         ENDMOD        ?C?COPY

  -------         MODULE        ?C?CLDPTR
  C:0699H         PUBLIC        ?C?CLDPTR
  -------         ENDMOD        ?C?CLDPTR

  -------         MODULE        ?C?CLDOPTR
  C:06B2H         PUBLIC        ?C?CLDOPTR
  -------         ENDMOD        ?C?CLDOPTR

  -------         MODULE        ?C?CSTPTR
  C:06DFH         PUBLIC        ?C?CSTPTR
  -------         ENDMOD        ?C?CSTPTR

  -------         MODULE        ?C?CSTOPTR
  C:06F1H         PUBLIC        ?C?CSTOPTR
  -------         ENDMOD        ?C?CSTOPTR

  -------         MODULE        ?C?IMUL
  C:0713H         PUBLIC        ?C?IMUL
  -------         ENDMOD        ?C?IMUL

  -------         MODULE        ?C?ILDPTR
  C:0725H         PUBLIC        ?C?ILDPTR
  -------         ENDMOD        ?C?ILDPTR

  -------         MODULE        ?C?ILDOPTR
  C:0750H         PUBLIC        ?C?ILDOPTR
  -------         ENDMOD        ?C?ILDOPTR

  -------         MODULE        ?C?ISTPTR
  C:0788H         PUBLIC        ?C?ISTPTR
  -------         ENDMOD        ?C?ISTPTR
BL51 BANKED LINKER/LOCATER V6.22                                                      04/18/2019  18:35:49  PAGE 44



  -------         MODULE        ?C?ISTOPTR
  C:07A7H         PUBLIC        ?C?ISTOPTR
  -------         ENDMOD        ?C?ISTOPTR

  -------         MODULE        ?C?LNEG
  C:07D4H         PUBLIC        ?C?LNEG
  -------         ENDMOD        ?C?LNEG

  -------         MODULE        ?C?LSTPTR
  C:07E2H         PUBLIC        ?C?LSTPTR
  -------         ENDMOD        ?C?LSTPTR

  -------         MODULE        ?C?LLDXDATA
  C:07FCH         PUBLIC        ?C?LLDXDATA
  -------         ENDMOD        ?C?LLDXDATA

  -------         MODULE        ?C?LLDCODE
  C:0808H         PUBLIC        ?C?LLDCODE
  -------         ENDMOD        ?C?LLDCODE

  -------         MODULE        ?C?LLDXDATA0
  C:0818H         PUBLIC        ?C?LLDXDATA0
  -------         ENDMOD        ?C?LLDXDATA0

  -------         MODULE        ?C?LLDCODE0
  C:0824H         PUBLIC        ?C?LLDCODE0
  -------         ENDMOD        ?C?LLDCODE0

  -------         MODULE        ?C?LSTXDATA
  C:0834H         PUBLIC        ?C?LSTXDATA
  -------         ENDMOD        ?C?LSTXDATA

  -------         MODULE        ?C?LSTKXDATA
  C:0840H         PUBLIC        ?C?LSTKXDATA
  -------         ENDMOD        ?C?LSTKXDATA

  -------         MODULE        ?C?OFFXADD
  C:0871H         PUBLIC        ?C?OFFXADD
  -------         ENDMOD        ?C?OFFXADD

  -------         MODULE        ?C?PLDXDATA
  C:087DH         PUBLIC        ?C?PLDXDATA
  -------         ENDMOD        ?C?PLDXDATA

  -------         MODULE        ?C?PLDIXDATA
  C:0886H         PUBLIC        ?C?PLDIXDATA
  -------         ENDMOD        ?C?PLDIXDATA

  -------         MODULE        ?C?PILDXDATA
  C:089DH         PUBLIC        ?C?PILDXDATA
  -------         ENDMOD        ?C?PILDXDATA

  -------         MODULE        ?C?PSTXDATA
  C:08B4H         PUBLIC        ?C?PSTXDATA
  -------         ENDMOD        ?C?PSTXDATA

BL51 BANKED LINKER/LOCATER V6.22                                                      04/18/2019  18:35:49  PAGE 45


  -------         MODULE        ?C?PLDPTR
  C:08BDH         PUBLIC        ?C?PLDPTR
  -------         ENDMOD        ?C?PLDPTR

  -------         MODULE        ?C?PSTPTR
  C:08DDH         PUBLIC        ?C?PSTPTR
  -------         ENDMOD        ?C?PSTPTR

  -------         MODULE        ?C?PLDOPTR
  C:092CH         PUBLIC        ?C?PLDOPTR
  -------         ENDMOD        ?C?PLDOPTR

  -------         MODULE        ?C?CCASE
  C:095CH         PUBLIC        ?C?CCASE
  -------         ENDMOD        ?C?CCASE

  -------         MODULE        ?C?ICALL
  C:0982H         PUBLIC        ?C?ICALL
  C:0986H         PUBLIC        ?C?ICALL2
  -------         ENDMOD        ?C?ICALL

  -------         MODULE        PUTCHAR
  C:4C47H         PUBLIC        _PUTCHAR
  -------         ENDMOD        PUTCHAR

  -------         MODULE        GETCHAR
  B:0022H.6       PUBLIC        ?C?CHARLOADED
  X:0301H         PUBLIC        ?_UNGETCHAR?BYTE
  C:4D8CH         PUBLIC        GETCHAR
  -------         ENDMOD        GETCHAR

  -------         MODULE        UNGETC
  C:0003H         PUBLIC        _UNGETCHAR
  -------         ENDMOD        UNGETC

  -------         MODULE        ISSPACE
  C:4DA0H         PUBLIC        _isspace
  -------         ENDMOD        ISSPACE

  -------         MODULE        ?C?STRCMP
  C:0B06H         PUBLIC        ?C?STRCMP
  -------         ENDMOD        ?C?STRCMP

  -------         MODULE        STRLEN
  C:4D63H         PUBLIC        _STRLEN
  -------         ENDMOD        STRLEN

  -------         MODULE        ?C?MEMSET
  C:0B23H         PUBLIC        ?C?MEMSET
  -------         ENDMOD        ?C?MEMSET

  -------         MODULE        ?C?LSTIDATA
  C:0B4FH         PUBLIC        ?C?LSTIDATA
  -------         ENDMOD        ?C?LSTIDATA

  -------         MODULE        ?C?LSTPDATA
  C:0B5BH         PUBLIC        ?C?LSTPDATA
BL51 BANKED LINKER/LOCATER V6.22                                                      04/18/2019  18:35:49  PAGE 46


  -------         ENDMOD        ?C?LSTPDATA

  -------         MODULE        ?C?PLDIDATA
  C:0B67H         PUBLIC        ?C?PLDIDATA
  -------         ENDMOD        ?C?PLDIDATA

  -------         MODULE        ?C?PSTIDATA
  C:0B70H         PUBLIC        ?C?PSTIDATA
  -------         ENDMOD        ?C?PSTIDATA

  -------         MODULE        ?C?PLDPDATA
  C:0B79H         PUBLIC        ?C?PLDPDATA
  -------         ENDMOD        ?C?PLDPDATA

  -------         MODULE        ?C?PSTPDATA
  C:0B82H         PUBLIC        ?C?PSTPDATA
  -------         ENDMOD        ?C?PSTPDATA

  -------         MODULE        ?C?PLDCODE
  C:0B8BH         PUBLIC        ?C?PLDCODE
  -------         ENDMOD        ?C?PLDCODE

  -------         MODULE        _GETKEY
  C:4E36H         PUBLIC        _GETKEY
  -------         ENDMOD        _GETKEY

*** WARNING L16: UNCALLED SEGMENT, IGNORED FOR OVERLAY PROCESS
    SEGMENT: ?PR?SERIALIZER_INIT_SERIAL?SERIALIZER

*** WARNING L15: MULTIPLE CALL TO SEGMENT
    SEGMENT: ?PR?SCANF?SCANF
    CALLER1: ?C_C51STARTUP
    CALLER2: ?PR?_MOVE_TO_CMD?COMMANDS

*** WARNING L15: MULTIPLE CALL TO SEGMENT
    SEGMENT: ?PR??C?ATOF??C?ATOF
    CALLER1: ?C_C51STARTUP
    CALLER2: ?PR?_MOVE_TO_CMD?COMMANDS

*** WARNING L1: UNRESOLVED EXTERNAL SYMBOL
    SYMBOL:  _DD_SINGLE_MEASURE
    MODULE:  .\Objects\distance_detector.obj (DISTANCE_DETECTOR)

*** WARNING L1: UNRESOLVED EXTERNAL SYMBOL
    SYMBOL:  _DD_OBS_DETECTION
    MODULE:  .\Objects\distance_detector.obj (DISTANCE_DETECTOR)

*** WARNING L2: REFERENCE MADE TO UNRESOLVED EXTERNAL
    SYMBOL:  _DD_SINGLE_MEASURE
    MODULE:  .\Objects\distance_detector.obj (DISTANCE_DETECTOR)
    ADDRESS: 2F45H

*** WARNING L2: REFERENCE MADE TO UNRESOLVED EXTERNAL
    SYMBOL:  _DD_OBS_DETECTION
    MODULE:  .\Objects\distance_detector.obj (DISTANCE_DETECTOR)
    ADDRESS: 2F4DH

BL51 BANKED LINKER/LOCATER V6.22                                                      04/18/2019  18:35:49  PAGE 47


Program Size: data=33.7 xdata=770 code=20036
LINK/LOCATE RUN COMPLETE.  7 WARNING(S),  0 ERROR(S)
