BL51 BANKED LINKER/LOCATER V6.22                                                        04/28/2019  12:55:31  PAGE 1


BL51 BANKED LINKER/LOCATER V6.22, INVOKED BY:
C:\KEIL_V5\C51\BIN\BL51.EXE .\Objects\STARTUP.obj, .\Objects\commands.obj, .\Objects\commands_parser.obj, .\Objects\main
>> .obj, .\Objects\serializer.obj, .\Objects\motion.obj, .\Objects\distance_detector.obj, .\Objects\spi_master.obj TO .\
>> Objects\robot_V1 PRINT (.\Listings\robot_V1.m51) RAMSIZE (256) OVERLAY (* ! MOVE_TO_CMD)


MEMORY MODEL: LARGE WITH FLOATING POINT ARITHMETIC


INPUT MODULES INCLUDED:
  .\Objects\STARTUP.obj (?C_STARTUP)
  .\Objects\commands.obj (COMMANDS)
  .\Objects\commands_parser.obj (COMMANDS_PARSER)
  .\Objects\main.obj (MAIN)
  .\Objects\serializer.obj (SERIALIZER)
  .\Objects\motion.obj (MOTION)
  .\Objects\distance_detector.obj (DISTANCE_DETECTOR)
  .\Objects\spi_master.obj (SPI_MASTER)
  C:\KEIL_V5\C51\LIB\C51FPL.LIB (?C?FPADD)
  C:\KEIL_V5\C51\LIB\C51FPL.LIB (?C?FPMUL)
  C:\KEIL_V5\C51\LIB\C51FPL.LIB (?C?FPDIV)
  C:\KEIL_V5\C51\LIB\C51FPL.LIB (?C?FPCMP)
  C:\KEIL_V5\C51\LIB\C51FPL.LIB (?C?FCAST)
  C:\KEIL_V5\C51\LIB\C51FPL.LIB (?C?CASTF)
  C:\KEIL_V5\C51\LIB\C51FPL.LIB (PRINTF)
  C:\KEIL_V5\C51\LIB\C51FPL.LIB (SCANF)
  C:\KEIL_V5\C51\LIB\C51FPL.LIB (SQRT)
  C:\KEIL_V5\C51\LIB\C51FPL.LIB (ATAN)
  C:\KEIL_V5\C51\LIB\C51FPL.LIB (?C?FPGETOPN)
  C:\KEIL_V5\C51\LIB\C51FPL.LIB (?C?FPROUND)
  C:\KEIL_V5\C51\LIB\C51FPL.LIB (?C?FPCONVERT)
  C:\KEIL_V5\C51\LIB\C51FPL.LIB (?C?ATOF)
  C:\KEIL_V5\C51\LIB\C51FPL.LIB (?C?FPSERIES)
  C:\KEIL_V5\C51\LIB\C51FPL.LIB (?C?FPNEG)
  C:\KEIL_V5\C51\LIB\C51FPL.LIB (?C?FTNPWR)
  C:\KEIL_V5\C51\LIB\C51L.LIB (?C_INIT)
  C:\KEIL_V5\C51\LIB\C51L.LIB (?C?COPY)
  C:\KEIL_V5\C51\LIB\C51L.LIB (?C?CLDPTR)
  C:\KEIL_V5\C51\LIB\C51L.LIB (?C?CLDOPTR)
  C:\KEIL_V5\C51\LIB\C51L.LIB (?C?CSTPTR)
  C:\KEIL_V5\C51\LIB\C51L.LIB (?C?CSTOPTR)
  C:\KEIL_V5\C51\LIB\C51L.LIB (?C?IMUL)
  C:\KEIL_V5\C51\LIB\C51L.LIB (?C?ILDPTR)
  C:\KEIL_V5\C51\LIB\C51L.LIB (?C?ILDOPTR)
  C:\KEIL_V5\C51\LIB\C51L.LIB (?C?ISTPTR)
  C:\KEIL_V5\C51\LIB\C51L.LIB (?C?ISTOPTR)
  C:\KEIL_V5\C51\LIB\C51L.LIB (?C?LNEG)
  C:\KEIL_V5\C51\LIB\C51L.LIB (?C?LLDOPTR)
  C:\KEIL_V5\C51\LIB\C51L.LIB (?C?LSTPTR)
  C:\KEIL_V5\C51\LIB\C51L.LIB (?C?LSTOPTR)
  C:\KEIL_V5\C51\LIB\C51L.LIB (?C?LLDXDATA)
  C:\KEIL_V5\C51\LIB\C51L.LIB (?C?LLDCODE)
  C:\KEIL_V5\C51\LIB\C51L.LIB (?C?LLDXDATA0)
  C:\KEIL_V5\C51\LIB\C51L.LIB (?C?LLDCODE0)
  C:\KEIL_V5\C51\LIB\C51L.LIB (?C?LSTXDATA)
  C:\KEIL_V5\C51\LIB\C51L.LIB (?C?LSTKXDATA)
  C:\KEIL_V5\C51\LIB\C51L.LIB (?C?OFFXADD)
  C:\KEIL_V5\C51\LIB\C51L.LIB (?C?PLDXDATA)
BL51 BANKED LINKER/LOCATER V6.22                                                      04/28/2019  12:55:31  PAGE 2


  C:\KEIL_V5\C51\LIB\C51L.LIB (?C?PLDIXDATA)
  C:\KEIL_V5\C51\LIB\C51L.LIB (?C?PILDXDATA)
  C:\KEIL_V5\C51\LIB\C51L.LIB (?C?PSTXDATA)
  C:\KEIL_V5\C51\LIB\C51L.LIB (?C?PLDPTR)
  C:\KEIL_V5\C51\LIB\C51L.LIB (?C?PSTPTR)
  C:\KEIL_V5\C51\LIB\C51L.LIB (?C?PLDOPTR)
  C:\KEIL_V5\C51\LIB\C51L.LIB (?C?PSTOPTR)
  C:\KEIL_V5\C51\LIB\C51L.LIB (?C?CCASE)
  C:\KEIL_V5\C51\LIB\C51L.LIB (?C?ICALL)
  C:\KEIL_V5\C51\LIB\C51L.LIB (PUTCHAR)
  C:\KEIL_V5\C51\LIB\C51L.LIB (GETCHAR)
  C:\KEIL_V5\C51\LIB\C51L.LIB (UNGETC)
  C:\KEIL_V5\C51\LIB\C51L.LIB (ISSPACE)
  C:\KEIL_V5\C51\LIB\C51L.LIB (?C?STRCMP)
  C:\KEIL_V5\C51\LIB\C51L.LIB (STRLEN)
  C:\KEIL_V5\C51\LIB\C51L.LIB (?C?MEMSET)
  C:\KEIL_V5\C51\LIB\C51L.LIB (?C?LLDIDATA)
  C:\KEIL_V5\C51\LIB\C51L.LIB (?C?LLDPDATA)
  C:\KEIL_V5\C51\LIB\C51L.LIB (?C?LSTIDATA)
  C:\KEIL_V5\C51\LIB\C51L.LIB (?C?LSTPDATA)
  C:\KEIL_V5\C51\LIB\C51L.LIB (?C?PLDIDATA)
  C:\KEIL_V5\C51\LIB\C51L.LIB (?C?PSTIDATA)
  C:\KEIL_V5\C51\LIB\C51L.LIB (?C?PLDPDATA)
  C:\KEIL_V5\C51\LIB\C51L.LIB (?C?PSTPDATA)
  C:\KEIL_V5\C51\LIB\C51L.LIB (?C?PLDCODE)
  C:\KEIL_V5\C51\LIB\C51L.LIB (_GETKEY)


LINK MAP OF MODULE:  .\Objects\robot_V1 (?C_STARTUP)


            TYPE    BASE      LENGTH    RELOCATION   SEGMENT NAME
            -----------------------------------------------------

            * * * * * * *   D A T A   M E M O R Y   * * * * * * *
            REG     0000H     0008H     ABSOLUTE     "REG BANK 0"
            DATA    0008H     0016H     UNIT         _DATA_GROUP_
                    001EH     0002H                  *** GAP ***
            BIT     0020H.0   0002H.6   UNIT         _BIT_GROUP_
            BIT     0022H.6   0000H.1   UNIT         ?BI?GETCHAR
                    0022H.7   0000H.1                *** GAP ***
            IDATA   0023H     0001H     UNIT         ?STACK

            * * * * * * *  X D A T A   M E M O R Y  * * * * * * *
            XDATA   0000H     0146H     UNIT         _XDATA_GROUP_
            XDATA   0146H     010CH     UNIT         ?XD?COMMANDS_PARSER
            XDATA   0252H     0059H     UNIT         ?XD?MAIN
            XDATA   02ABH     0036H     UNIT         ?XD?DISTANCE_DETECTOR
            XDATA   02E1H     0025H     UNIT         ?XD?SERIALIZER
            XDATA   0306H     000BH     UNIT         ?XD?SPI_MASTER
            XDATA   0311H     0001H     UNIT         ?XD?GETCHAR

            * * * * * * *   C O D E   M E M O R Y   * * * * * * *
            CODE    0000H     0003H     ABSOLUTE     
            CODE    0003H     0008H     UNIT         ?PR?GETCHAR?UNGETCHAR
            CODE    000BH     0003H     ABSOLUTE     
            CODE    000EH     0022H     UNIT         ?PR?_IDLE?SERIALIZER
BL51 BANKED LINKER/LOCATER V6.22                                                      04/28/2019  12:55:31  PAGE 3


            CODE    0030H     0003H     UNIT         ?PR?ENABLE_GENERAL_INT?MAIN
            CODE    0033H     0003H     ABSOLUTE     
            CODE    0036H     0C9FH     UNIT         ?C?LIB_CODE
            CODE    0CD5H     052AH     UNIT         ?PR?_DELTA_ANGLE?MOTION
            CODE    11FFH     04B1H     UNIT         ?PR?_GENERATE_SOUND_CMD?COMMANDS
            CODE    16B0H     04ADH     UNIT         ?PR?_LIGHT_BEAM_ON_CMD?COMMANDS
            CODE    1B5DH     0483H     UNIT         ?PR?PRINTF?PRINTF
            CODE    1FE0H     035AH     UNIT         ?PR?SCANF?SCANF
            CODE    233AH     0339H     UNIT         ?PR?_MOVE_TO_CMD?COMMANDS
            CODE    2673H     0319H     UNIT         ?PR?_IDLE_NEXT_STATE?SERIALIZER
            CODE    298CH     0305H     UNIT         ?PR?_PHOTO_CMD?COMMANDS
            CODE    2C91H     02A7H     UNIT         ?PR?_SERIALIZER_PROCESS?SERIALIZER
            CODE    2F38H     0254H     UNIT         ?PR?_SEND_KOB_MOU?COMMANDS_PARSER
            CODE    318CH     0247H     UNIT         ?PR?_PARSE?COMMANDS_PARSER
            CODE    33D3H     023FH     UNIT         ?PR?_SPI_PROCESS?SPI_MASTER
            CODE    3612H     0220H     UNIT         ?PR?_SEND_INFORMATIONS?COMMANDS_PARSER
            CODE    3832H     01F8H     UNIT         ?PR?_DD_SINGLE_MEASURE?DISTANCE_DETECTOR
            CODE    3A2AH     01E5H     UNIT         ?C_INITSEG
            CODE    3C0FH     01A8H     UNIT         ?PR?_SERVO_MOVE_CMD?COMMANDS
            CODE    3DB7H     017CH     UNIT         ?PR?_ANGLE_ROTATION_CMD?COMMANDS
            CODE    3F33H     0167H     UNIT         ?PR?_NAVIGATE?SERIALIZER
            CODE    409AH     0154H     UNIT         ?PR?_MOVE_FORWARD_CMD?COMMANDS
            CODE    41EEH     0154H     UNIT         ?PR?_MOVE_BACKWARD_CMD?COMMANDS
            CODE    4342H     013AH     UNIT         ?PR?_COMPLETE_ROTATION_CMD?COMMANDS
            CODE    447CH     0122H     UNIT         ?PR?ATAN?ATAN
            CODE    459EH     0106H     UNIT         ?PR?_EPREUVE_CMD?COMMANDS
            CODE    46A4H     00FEH     UNIT         ?PR?_MOVETO?SERIALIZER
            CODE    47A2H     00F9H     UNIT         ?PR?MAIN?MAIN
            CODE    489BH     00ECH     UNIT         ?PR?TIMER_0_INT?DISTANCE_DETECTOR
            CODE    4987H     00E6H     UNIT         ?PR??C?ATOF??C?ATOF
            CODE    4A6DH     00D0H     UNIT         ?PR?_SET_DEFAULT_SPEED_CMD?COMMANDS
            CODE    4B3DH     00D0H     UNIT         ?PR?_SPI_TRANSMIT?SPI_MASTER
            CODE    4C0DH     00CAH     UNIT         ?PR?_SPI_CMD_GENERATE_SOUND?SPI_MASTER
            CODE    4CD7H     00B1H     UNIT         ?PR?IS_PID_PROCESSING?SERIALIZER
            CODE    4D88H     00ACH     UNIT         ?PR?SQRT?SQRT
            CODE    4E34H     00A9H     UNIT         ?PR?_SPI_CMD_SERVO?SPI_MASTER
            CODE    4EDDH     00A7H     UNIT         ?CO?COMMANDS_PARSER
            CODE    4F84H     00A6H     UNIT         ?PR?_TRANSLATE?SERIALIZER
            CODE    502AH     00A4H     UNIT         ?PR?_MOVEANGLE?SERIALIZER
            CODE    50CEH     009EH     UNIT         ?PR?_DD_IDLE?DISTANCE_DETECTOR
            CODE    516CH     009CH     UNIT         ?PR?_WAIT?COMMANDS_PARSER
            CODE    5208H     0096H     UNIT         ?PR?_ANGLE_TARGET?MOTION
            CODE    529EH     008CH     UNIT         ?C_C51STARTUP
            CODE    532AH     0088H     UNIT         ?PR?_DD_MOVE_SERVO_H?DISTANCE_DETECTOR
            CODE    53B2H     0080H     UNIT         ?CO?MAIN
            CODE    5432H     007AH     UNIT         ?PR?_SPI_CMD_LIGHT_ON?SPI_MASTER
            CODE    54ACH     0076H     UNIT         ?PR?_SPI_CMD_LIGHT_OFF?SPI_MASTER
            CODE    5522H     0075H     UNIT         ?PR?_DD_SLEW_DETECTION?DISTANCE_DETECTOR
            CODE    5597H     0075H     UNIT         ?PR?SPI_VALIDATE?SPI_MASTER
            CODE    560CH     006CH     UNIT         ?PR?_ROTATE?SERIALIZER
            CODE    5678H     0063H     UNIT         ?PR?_SETMOTORS?SERIALIZER
            CODE    56DBH     005BH     UNIT         ?PR?_CMD_PARSER_PROCESS?COMMANDS_PARSER
            CODE    5736H     005BH     UNIT         ?PR?_SERIALIZER_PRINT?SERIALIZER
            CODE    5791H     0058H     UNIT         ?PR?DD_MESURE?DISTANCE_DETECTOR
            CODE    57E9H     0056H     UNIT         ?CO?COMMANDS
            CODE    583FH     0056H     UNIT         ?PR?_USART_PRINT?COMMANDS_PARSER
            CODE    5895H     0055H     UNIT         ?PR?_INIT_PARSER?COMMANDS_PARSER
BL51 BANKED LINKER/LOCATER V6.22                                                      04/28/2019  12:55:31  PAGE 4


            CODE    58EAH     0050H     UNIT         ?CO?SERIALIZER
            CODE    593AH     0050H     UNIT         ?PR?DD_START_CONVERSION?DISTANCE_DETECTOR
            CODE    598AH     0048H     UNIT         ?PR?_MOVE_STOP_CMD?COMMANDS
            CODE    59D2H     0048H     UNIT         ?PR?_RIGTH_ROTATION_CMD?COMMANDS
            CODE    5A1AH     0048H     UNIT         ?PR?_LEFT_ROTATION_CMD?COMMANDS
            CODE    5A62H     0048H     UNIT         ?PR?_DETECTE_OBSTACLE?COMMANDS
            CODE    5AAAH     0048H     UNIT         ?PR?_LIGHT_BEAM_OFF_CMD?COMMANDS
            CODE    5AF2H     0045H     UNIT         ?PR?_SAFETY_BREAK_CMD?COMMANDS
            CODE    5B37H     0045H     UNIT         ?PR?_DISTANCE_DETECTOR_PROCESS?DISTANCE_DETECTOR
            CODE    5B7CH     0043H     UNIT         ?PR?_GET_COMMAND?COMMANDS_PARSER
            CODE    5BBFH     003AH     UNIT         ?PR?_DISTANCE?MOTION
            CODE    5BF9H     0039H     UNIT         ?PR?CLEAR_VAL_OBS_BUFFER?DISTANCE_DETECTOR
            CODE    5C32H     0035H     UNIT         ?PR?_SERIALIZER_RECEIVE?SERIALIZER
            CODE    5C67H     0032H     UNIT         ?PR?_USART_RECEIVE?COMMANDS_PARSER
            CODE    5C99H     0032H     UNIT         ?PR?SPI_INT?SPI_MASTER
            CODE    5CCBH     002EH     UNIT         ?PR?_STOP?SERIALIZER
            CODE    5CF9H     0027H     UNIT         ?PR?_DEFAULT_PROCESS?COMMANDS
            CODE    5D20H     0027H     UNIT         ?PR?PUTCHAR?PUTCHAR
            CODE    5D47H     0026H     UNIT         ?PR?_EPREUVE_STOP?COMMANDS
            CODE    5D6DH     001FH     UNIT         ?PR?SPI_ERROR?SPI_MASTER
            CODE    5D8CH     001BH     UNIT         ?PR?INIT_SPI?SPI_MASTER
            CODE    5DA7H     0019H     UNIT         ?PR?_DD_SET_ANGLE?DISTANCE_DETECTOR
            CODE    5DC0H     0018H     UNIT         ?PR?SERIALIZER_INIT_SERIAL?SERIALIZER
            CODE    5DD8H     0018H     UNIT         ?PR?SERIALIZER_CLEAR_SERIAL?SERIALIZER
            CODE    5DF0H     0016H     UNIT         ?PR?DD_CONFIG_DAC_ADC?DISTANCE_DETECTOR
            CODE    5E06H     0015H     UNIT         ?PR?_SERIALIZER_SEND?SERIALIZER
            CODE    5E1BH     0015H     UNIT         ?PR?_CHOOSE_ADC_INPUT?DISTANCE_DETECTOR
            CODE    5E30H     0015H     UNIT         ?PR?_STRLEN?STRLEN
            CODE    5E45H     0014H     UNIT         ?PR?_SPI_SEND_CHAR?SPI_MASTER
            CODE    5E59H     0014H     UNIT         ?PR?GETCHAR?GETCHAR
            CODE    5E6DH     0014H     UNIT         ?PR?_ISSPACE?ISSPACE
            CODE    5E81H     0012H     UNIT         ?PR?_USART_SEND?COMMANDS_PARSER
            CODE    5E93H     0012H     UNIT         ?PR?INIT_SERIALIZER_UART1?SERIALIZER
            CODE    5EA5H     0012H     UNIT         ?PR?_UART_SEND?SERIALIZER
            CODE    5EB7H     0010H     UNIT         ?PR?VALID_CMD_FLAG?COMMANDS_PARSER
            CODE    5EC7H     0010H     UNIT         ?PR?ERROR_CMD_FLAG?COMMANDS_PARSER
            CODE    5ED7H     000FH     UNIT         ?PR?INIT_EXTERNAL_CLK?MAIN
            CODE    5EE6H     000FH     UNIT         ?PR?DD_INIT_TIMER0?DISTANCE_DETECTOR
            CODE    5EF5H     000EH     UNIT         ?PR?INIT_DISTANCE_DETECTOR?DISTANCE_DETECTOR
            CODE    5F03H     000AH     UNIT         ?PR?_GETKEY?_GETKEY
            CODE    5F0DH     0004H     UNIT         ?PR?ENABLE_CROSSBAR?MAIN



OVERLAY MAP OF MODULE:   .\Objects\robot_V1 (?C_STARTUP)


SEGMENT                                             BIT_GROUP          DATA_GROUP          XDATA_GROUP
  +--> CALLED SEGMENT                            START    LENGTH     START    LENGTH     START    LENGTH
--------------------------------------------------------------------------------------------------------
?C_C51STARTUP                                    -----    -----      -----    -----      -----    -----
  +--> ?PR?MAIN?MAIN
  +--> ?C_INITSEG

?PR?MAIN?MAIN                                    -----    -----      -----    -----      0000H    0012H
  +--> ?PR?INIT_EXTERNAL_CLK?MAIN
  +--> ?PR?_INIT_PARSER?COMMANDS_PARSER
BL51 BANKED LINKER/LOCATER V6.22                                                      04/28/2019  12:55:31  PAGE 5


  +--> ?PR?INIT_SERIALIZER_UART1?SERIALIZER
  +--> ?PR?INIT_DISTANCE_DETECTOR?DISTANCE_D...
  +--> ?PR?INIT_SPI?SPI_MASTER
  +--> ?PR?ENABLE_CROSSBAR?MAIN
  +--> ?PR?ENABLE_GENERAL_INT?MAIN
  +--> ?CO?MAIN
  +--> ?PR?_USART_PRINT?COMMANDS_PARSER
  +--> ?PR?SERIALIZER_INIT_SERIAL?SERIALIZER
  +--> ?PR?_CMD_PARSER_PROCESS?COMMANDS_PARSER
  +--> ?PR?_SERIALIZER_PROCESS?SERIALIZER
  +--> ?PR?_DISTANCE_DETECTOR_PROCESS?DISTAN...
  +--> ?PR?_SPI_PROCESS?SPI_MASTER

?PR?_INIT_PARSER?COMMANDS_PARSER                 -----    -----      -----    -----      0012H    0003H

?PR?INIT_DISTANCE_DETECTOR?DISTANCE_D...         -----    -----      -----    -----      -----    -----
  +--> ?PR?DD_CONFIG_DAC_ADC?DISTANCE_DETECTOR
  +--> ?PR?DD_INIT_TIMER0?DISTANCE_DETECTOR

?PR?_USART_PRINT?COMMANDS_PARSER                 -----    -----      -----    -----      00F1H    0004H
  +--> ?PR?_STRLEN?STRLEN
  +--> ?PR?_USART_SEND?COMMANDS_PARSER

?PR?_USART_SEND?COMMANDS_PARSER                  -----    -----      -----    -----      00F5H    0001H

?PR?SERIALIZER_INIT_SERIAL?SERIALIZER            -----    -----      -----    -----      0012H    0001H
  +--> ?PR?_SERIALIZER_RECEIVE?SERIALIZER

?PR?_SERIALIZER_RECEIVE?SERIALIZER               -----    -----      -----    -----      004DH    0003H

?PR?_CMD_PARSER_PROCESS?COMMANDS_PARSER          -----    -----      -----    -----      0012H    0003H
  +--> ?PR?_WAIT?COMMANDS_PARSER
  +--> ?PR?_GET_COMMAND?COMMANDS_PARSER
  +--> ?PR?_SEND_INFORMATIONS?COMMANDS_PARSER

?PR?_WAIT?COMMANDS_PARSER                        -----    -----      -----    -----      0015H    0004H
  +--> ?PR?_USART_RECEIVE?COMMANDS_PARSER
  +--> ?PR?_USART_SEND?COMMANDS_PARSER

?PR?_USART_RECEIVE?COMMANDS_PARSER               -----    -----      -----    -----      0019H    0003H

?PR?_GET_COMMAND?COMMANDS_PARSER                 -----    -----      -----    -----      0015H    0003H
  +--> ?PR?_PARSE?COMMANDS_PARSER
  +--> ?PR?ERROR_CMD_FLAG?COMMANDS_PARSER
  +--> ?PR?VALID_CMD_FLAG?COMMANDS_PARSER
  +--> ?PR?_STRLEN?STRLEN

?PR?_PARSE?COMMANDS_PARSER                       -----    -----      -----    -----      0018H    00D9H
  +--> ?CO?COMMANDS_PARSER
  +--> ?PR?_USART_PRINT?COMMANDS_PARSER

?PR?ERROR_CMD_FLAG?COMMANDS_PARSER               -----    -----      -----    -----      -----    -----
  +--> ?PR?_USART_SEND?COMMANDS_PARSER

?PR?VALID_CMD_FLAG?COMMANDS_PARSER               -----    -----      -----    -----      -----    -----
  +--> ?PR?_USART_SEND?COMMANDS_PARSER

BL51 BANKED LINKER/LOCATER V6.22                                                      04/28/2019  12:55:31  PAGE 6


?PR?_SEND_INFORMATIONS?COMMANDS_PARSER           -----    -----      -----    -----      0015H    0003H
  +--> ?CO?COMMANDS_PARSER
  +--> ?PR?_SEND_KOB_MOU?COMMANDS_PARSER
  +--> ?PR?_USART_PRINT?COMMANDS_PARSER

?PR?_SEND_KOB_MOU?COMMANDS_PARSER                -----    -----      -----    -----      0018H    000BH
  +--> ?CO?COMMANDS_PARSER
  +--> ?PR?PRINTF?PRINTF

?PR?PRINTF?PRINTF                                0020H.0  0001H.1    0008H    0005H      003AH    0030H
  +--> ?PR?PUTCHAR?PUTCHAR

?PR?_SERIALIZER_PROCESS?SERIALIZER               -----    -----      -----    -----      0012H    0008H
  +--> ?CO?SERIALIZER
  +--> ?PR?_IDLE_NEXT_STATE?SERIALIZER

?PR?_IDLE_NEXT_STATE?SERIALIZER                  -----    -----      -----    -----      001AH    0006H

?PR?_DISTANCE_DETECTOR_PROCESS?DISTAN...         -----    -----      -----    -----      0012H    0003H

?PR?_SPI_PROCESS?SPI_MASTER                      -----    -----      -----    -----      0012H    0006H
  +--> ?PR?_SPI_CMD_GENERATE_SOUND?SPI_MASTER
  +--> ?PR?_SPI_CMD_LIGHT_ON?SPI_MASTER
  +--> ?PR?_SPI_CMD_LIGHT_OFF?SPI_MASTER
  +--> ?PR?_SPI_CMD_SERVO?SPI_MASTER
  +--> ?PR?_SPI_TRANSMIT?SPI_MASTER

?PR?_SPI_CMD_GENERATE_SOUND?SPI_MASTER           -----    -----      -----    -----      0018H    0006H

?PR?_SPI_CMD_LIGHT_ON?SPI_MASTER                 -----    -----      -----    -----      0018H    0006H

?PR?_SPI_CMD_LIGHT_OFF?SPI_MASTER                -----    -----      -----    -----      0018H    0006H

?PR?_SPI_CMD_SERVO?SPI_MASTER                    -----    -----      -----    -----      0018H    0006H

?PR?_SPI_TRANSMIT?SPI_MASTER                     -----    -----      -----    -----      0018H    0005H
  +--> ?PR?_SPI_SEND_CHAR?SPI_MASTER
  +--> ?PR?SPI_VALIDATE?SPI_MASTER
  +--> ?PR?SPI_ERROR?SPI_MASTER

?PR?_SPI_SEND_CHAR?SPI_MASTER                    -----    -----      -----    -----      001DH    0001H

?PR?SPI_VALIDATE?SPI_MASTER                      -----    -----      -----    -----      001DH    0004H

?C_INITSEG                                       -----    -----      -----    -----      -----    -----
  +--> ?CO?COMMANDS_PARSER
  +--> ?PR?_EPREUVE_CMD?COMMANDS
  +--> ?PR?_EPREUVE_STOP?COMMANDS
  +--> ?PR?_SAFETY_BREAK_CMD?COMMANDS
  +--> ?PR?_SET_DEFAULT_SPEED_CMD?COMMANDS
  +--> ?PR?_MOVE_FORWARD_CMD?COMMANDS
  +--> ?PR?_MOVE_BACKWARD_CMD?COMMANDS
  +--> ?PR?_MOVE_STOP_CMD?COMMANDS
  +--> ?PR?_RIGTH_ROTATION_CMD?COMMANDS
  +--> ?PR?_LEFT_ROTATION_CMD?COMMANDS
  +--> ?PR?_COMPLETE_ROTATION_CMD?COMMANDS
  +--> ?PR?_ANGLE_ROTATION_CMD?COMMANDS
BL51 BANKED LINKER/LOCATER V6.22                                                      04/28/2019  12:55:31  PAGE 7


  +--> ?PR?_DEFAULT_PROCESS?COMMANDS
  +--> ?PR?_DETECTE_OBSTACLE?COMMANDS
  +--> ?PR?_GENERATE_SOUND_CMD?COMMANDS
  +--> ?PR?_LIGHT_BEAM_ON_CMD?COMMANDS
  +--> ?PR?_LIGHT_BEAM_OFF_CMD?COMMANDS
  +--> ?PR?_SERVO_MOVE_CMD?COMMANDS
  +--> ?PR?_PHOTO_CMD?COMMANDS
  +--> ?PR?_WAIT?COMMANDS_PARSER
  +--> ?PR?_GET_COMMAND?COMMANDS_PARSER
  +--> ?CO?MAIN
  +--> ?PR?_IDLE?SERIALIZER
  +--> ?PR?_TRANSLATE?SERIALIZER
  +--> ?PR?_MOVETO?SERIALIZER
  +--> ?PR?_ROTATE?SERIALIZER
  +--> ?PR?_NAVIGATE?SERIALIZER
  +--> ?PR?_STOP?SERIALIZER
  +--> ?PR?_DD_IDLE?DISTANCE_DETECTOR
  +--> ?PR?_DD_MOVE_SERVO_H?DISTANCE_DETECTOR
  +--> ?PR?_DD_SINGLE_MEASURE?DISTANCE_DETECTOR
  +--> ?PR?_DD_SLEW_DETECTION?DISTANCE_DETECTOR

?PR?_EPREUVE_CMD?COMMANDS                        -----    -----      -----    -----      0000H    0005H
  +--> ?CO?COMMANDS
  +--> ?PR?SCANF?SCANF

?PR?SCANF?SCANF                                  0021H.3  0000H.6    0013H    0009H      0114H    002EH
  +--> ?PR?GETCHAR?UNGETCHAR
  +--> ?PR?_ISSPACE?ISSPACE
  +--> ?PR?GETCHAR?GETCHAR
  +--> ?PR??C?ATOF??C?ATOF

?PR?GETCHAR?GETCHAR                              -----    -----      -----    -----      -----    -----
  +--> ?PR?_GETKEY?_GETKEY
  +--> ?PR?PUTCHAR?PUTCHAR

?PR??C?ATOF??C?ATOF                              0022H.1  0000H.5    001CH    0002H      -----    -----

?PR?_EPREUVE_STOP?COMMANDS                       -----    -----      -----    -----      0000H    0003H

?PR?_SAFETY_BREAK_CMD?COMMANDS                   -----    -----      -----    -----      0000H    0003H

?PR?_SET_DEFAULT_SPEED_CMD?COMMANDS              -----    -----      -----    -----      0000H    0005H
  +--> ?CO?COMMANDS
  +--> ?PR?SCANF?SCANF

?PR?_MOVE_FORWARD_CMD?COMMANDS                   -----    -----      -----    -----      0000H    0005H
  +--> ?CO?COMMANDS
  +--> ?PR?SCANF?SCANF

?PR?_MOVE_BACKWARD_CMD?COMMANDS                  -----    -----      -----    -----      0000H    0005H
  +--> ?CO?COMMANDS
  +--> ?PR?SCANF?SCANF

?PR?_MOVE_STOP_CMD?COMMANDS                      -----    -----      -----    -----      0000H    0003H

?PR?_RIGTH_ROTATION_CMD?COMMANDS                 -----    -----      -----    -----      0000H    0003H

BL51 BANKED LINKER/LOCATER V6.22                                                      04/28/2019  12:55:31  PAGE 8


?PR?_LEFT_ROTATION_CMD?COMMANDS                  -----    -----      -----    -----      0000H    0003H

?PR?_COMPLETE_ROTATION_CMD?COMMANDS              -----    -----      -----    -----      0000H    0003H
  +--> ?CO?COMMANDS

?PR?_ANGLE_ROTATION_CMD?COMMANDS                 -----    -----      -----    -----      0000H    0005H
  +--> ?CO?COMMANDS
  +--> ?PR?SCANF?SCANF

?PR?_DEFAULT_PROCESS?COMMANDS                    -----    -----      -----    -----      0000H    0003H

?PR?_DETECTE_OBSTACLE?COMMANDS                   -----    -----      -----    -----      0000H    0003H

?PR?_GENERATE_SOUND_CMD?COMMANDS                 -----    -----      -----    -----      0000H    0025H
  +--> ?CO?COMMANDS
  +--> ?PR?SCANF?SCANF

?PR?_LIGHT_BEAM_ON_CMD?COMMANDS                  -----    -----      -----    -----      0000H    0025H
  +--> ?CO?COMMANDS
  +--> ?PR?SCANF?SCANF

?PR?_LIGHT_BEAM_OFF_CMD?COMMANDS                 -----    -----      -----    -----      0000H    0003H

?PR?_SERVO_MOVE_CMD?COMMANDS                     -----    -----      -----    -----      0000H    0005H
  +--> ?CO?COMMANDS
  +--> ?PR?SCANF?SCANF

?PR?_PHOTO_CMD?COMMANDS                          -----    -----      -----    -----      0000H    001EH
  +--> ?CO?COMMANDS
  +--> ?PR?SCANF?SCANF

?PR?_IDLE?SERIALIZER                             -----    -----      -----    -----      0000H    0003H

?PR?_TRANSLATE?SERIALIZER                        -----    -----      -----    -----      0000H    0004H
  +--> ?PR?_SETMOTORS?SERIALIZER

?PR?_SETMOTORS?SERIALIZER                        -----    -----      -----    -----      0004H    0018H
  +--> ?CO?SERIALIZER
  +--> ?PR?PRINTF?PRINTF
  +--> ?PR?_SERIALIZER_PRINT?SERIALIZER
  +--> ?PR?SERIALIZER_CLEAR_SERIAL?SERIALIZER

?PR?_SERIALIZER_PRINT?SERIALIZER                 -----    -----      -----    -----      004DH    0004H
  +--> ?PR?_STRLEN?STRLEN
  +--> ?PR?_SERIALIZER_SEND?SERIALIZER

?PR?_SERIALIZER_SEND?SERIALIZER                  -----    -----      -----    -----      0051H    0001H

?PR?SERIALIZER_CLEAR_SERIAL?SERIALIZER           -----    -----      -----    -----      003AH    0001H
  +--> ?PR?_SERIALIZER_RECEIVE?SERIALIZER

?PR?_MOVETO?SERIALIZER                           -----    -----      -----    -----      0008H    002DH
  +--> ?PR?_DISTANCE?MOTION
  +--> ?CO?SERIALIZER
  +--> ?PR?PRINTF?PRINTF
  +--> ?PR?_SERIALIZER_PRINT?SERIALIZER
  +--> ?PR?SERIALIZER_CLEAR_SERIAL?SERIALIZER
BL51 BANKED LINKER/LOCATER V6.22                                                      04/28/2019  12:55:31  PAGE 9


  +--> ?PR?IS_PID_PROCESSING?SERIALIZER

?PR?_DISTANCE?MOTION                             -----    -----      -----    -----      0035H    0002H
  +--> ?PR?SQRT?SQRT

?PR?SQRT?SQRT                                    -----    -----      -----    -----      0037H    0004H

?PR?IS_PID_PROCESSING?SERIALIZER                 -----    -----      -----    -----      0035H    0018H
  +--> ?CO?SERIALIZER
  +--> ?PR?_SERIALIZER_PRINT?SERIALIZER
  +--> ?PR?_SERIALIZER_RECEIVE?SERIALIZER
  +--> ?PR?_UART_SEND?SERIALIZER
  +--> ?PR?SCANF?SCANF

?PR?_UART_SEND?SERIALIZER                        -----    -----      -----    -----      004DH    0001H

?PR?_ROTATE?SERIALIZER                           -----    -----      -----    -----      0008H    0004H
  +--> ?PR?_MOVEANGLE?SERIALIZER
  +--> ?PR?IS_PID_PROCESSING?SERIALIZER

?PR?_MOVEANGLE?SERIALIZER                        -----    -----      -----    -----      000CH    002EH
  +--> ?CO?SERIALIZER
  +--> ?PR?PRINTF?PRINTF
  +--> ?PR?_SERIALIZER_PRINT?SERIALIZER
  +--> ?PR?SERIALIZER_CLEAR_SERIAL?SERIALIZER

?PR?_NAVIGATE?SERIALIZER                         -----    -----      -----    -----      0000H    0008H
  +--> ?CO?SERIALIZER
  +--> ?PR?_ANGLE_TARGET?MOTION
  +--> ?PR?_DELTA_ANGLE?MOTION
  +--> ?PR?_ROTATE?SERIALIZER
  +--> ?PR?_MOVETO?SERIALIZER

?PR?_ANGLE_TARGET?MOTION                         -----    -----      -----    -----      0008H    0008H
  +--> ?PR?ATAN?ATAN

?PR?ATAN?ATAN                                    0020H.0  0000H.2    -----    -----      0010H    0004H

?PR?_DELTA_ANGLE?MOTION                          -----    -----      -----    -----      0008H    0008H

?PR?_STOP?SERIALIZER                             -----    -----      -----    -----      0000H    0003H
  +--> ?CO?SERIALIZER
  +--> ?PR?_SERIALIZER_PRINT?SERIALIZER
  +--> ?PR?SERIALIZER_CLEAR_SERIAL?SERIALIZER

?PR?_DD_IDLE?DISTANCE_DETECTOR                   -----    -----      -----    -----      0000H    0003H

?PR?_DD_MOVE_SERVO_H?DISTANCE_DETECTOR           -----    -----      -----    -----      0000H    0003H
  +--> ?PR?_DD_SET_ANGLE?DISTANCE_DETECTOR

?PR?_DD_SET_ANGLE?DISTANCE_DETECTOR              -----    -----      -----    -----      0003H    0002H

?PR?_DD_SINGLE_MEASURE?DISTANCE_DETECTOR         -----    -----      -----    -----      0000H    0003H
  +--> ?PR?CLEAR_VAL_OBS_BUFFER?DISTANCE_DET...
  +--> ?PR?_CHOOSE_ADC_INPUT?DISTANCE_DETECTOR
  +--> ?PR?DD_START_CONVERSION?DISTANCE_DETE...

BL51 BANKED LINKER/LOCATER V6.22                                                      04/28/2019  12:55:31  PAGE 10


?PR?CLEAR_VAL_OBS_BUFFER?DISTANCE_DET...         -----    -----      -----    -----      0003H    0001H

?PR?_CHOOSE_ADC_INPUT?DISTANCE_DETECTOR          -----    -----      -----    -----      0003H    0001H

?PR?DD_START_CONVERSION?DISTANCE_DETE...         -----    -----      -----    -----      0003H    0006H
  +--> ?PR?DD_MESURE?DISTANCE_DETECTOR

?PR?DD_MESURE?DISTANCE_DETECTOR                  -----    -----      -----    -----      0009H    0008H

?PR?_DD_SLEW_DETECTION?DISTANCE_DETECTOR         -----    -----      -----    -----      0000H    0003H
  +--> ?PR?_DD_SET_ANGLE?DISTANCE_DETECTOR

*** NEW ROOT ***************************************************

?PR?_MOVE_TO_CMD?COMMANDS                        -----    -----      -----    -----      00F6H    001EH
  +--> ?CO?COMMANDS
  +--> ?PR?SCANF?SCANF

*** NEW ROOT ***************************************************

?PR?TIMER_0_INT?DISTANCE_DETECTOR                -----    -----      -----    -----      0142H    0004H



UNRESOLVED EXTERNAL SYMBOLS:
   _DD_OBS_DETECTION



SYMBOL TABLE OF MODULE:  .\Objects\robot_V1 (?C_STARTUP)

  VALUE           TYPE          NAME
  ----------------------------------

  -------         MODULE        ?C_STARTUP
  C:529EH         SEGMENT       ?C_C51STARTUP
  I:0023H         SEGMENT       ?STACK
  C:0000H         PUBLIC        ?C_STARTUP
  D:00E0H         SYMBOL        ACC
  D:00F0H         SYMBOL        B
  D:0083H         SYMBOL        DPH
  D:0082H         SYMBOL        DPL
  N:0000H         SYMBOL        IBPSTACK
  N:0100H         SYMBOL        IBPSTACKTOP
  N:0080H         SYMBOL        IDATALEN
  C:52A1H         SYMBOL        IDATALOOP
  N:0000H         SYMBOL        PBPSTACK
  N:0100H         SYMBOL        PBPSTACKTOP
  N:0000H         SYMBOL        PDATALEN
  N:0000H         SYMBOL        PDATASTART
  N:0000H         SYMBOL        PPAGE
  N:0000H         SYMBOL        PPAGEENABLE
  D:00A0H         SYMBOL        PPAGE_SFR
  D:0081H         SYMBOL        SP
  C:529EH         SYMBOL        STARTUP1
  N:0000H         SYMBOL        XBPSTACK
  N:0000H         SYMBOL        XBPSTACKTOP
BL51 BANKED LINKER/LOCATER V6.22                                                      04/28/2019  12:55:31  PAGE 11


  N:0000H         SYMBOL        XDATALEN
  N:0000H         SYMBOL        XDATASTART
  C:0000H         LINE#         126
  C:529EH         LINE#         133
  C:52A0H         LINE#         134
  C:52A1H         LINE#         135
  C:52A2H         LINE#         136
  C:52A4H         LINE#         186
  C:52A7H         LINE#         197
  -------         ENDMOD        ?C_STARTUP

  -------         MODULE        COMMANDS
  C:0000H         SYMBOL        _ICE_DUMMY_
  C:59D2H         PUBLIC        _rigth_rotation_cmd
  C:5AF2H         PUBLIC        _safety_break_cmd
  C:233AH         PUBLIC        _move_to_cmd
  C:5A62H         PUBLIC        _detecte_obstacle
  C:459EH         PUBLIC        _epreuve_cmd
  C:5A1AH         PUBLIC        _left_rotation_cmd
  C:4A6DH         PUBLIC        _set_default_speed_cmd
  C:16B0H         PUBLIC        _light_beam_ON_cmd
  C:409AH         PUBLIC        _move_forward_cmd
  C:5D47H         PUBLIC        _epreuve_stop
  C:57F9H         SYMBOL        _?ix1000
  C:298CH         PUBLIC        _photo_cmd
  C:5808H         SYMBOL        _?ix1001
  C:581CH         SYMBOL        _?ix1002
  C:5830H         SYMBOL        _?ix1003
  C:4342H         PUBLIC        _complete_rotation_cmd
  C:5CF9H         PUBLIC        _default_process
  C:3C0FH         PUBLIC        _servo_move_cmd
  C:5AAAH         PUBLIC        _light_beam_OFF_cmd
  C:11FFH         PUBLIC        _generate_sound_cmd
  C:41EEH         PUBLIC        _move_backward_cmd
  C:3DB7H         PUBLIC        _angle_rotation_cmd
  C:598AH         PUBLIC        _move_stop_cmd
  -------         PROC          _DEFAULT_PROCESS
  X:0000H         SYMBOL        cmd_packet
  C:5CF9H         LINE#         6
  C:5D04H         LINE#         7
  C:5D04H         LINE#         9
  C:5D1DH         LINE#         11
  C:5D1FH         LINE#         12
  -------         ENDPROC       _DEFAULT_PROCESS
  -------         PROC          _EPREUVE_CMD
  X:0000H         SYMBOL        cmd_packet
  -------         DO            
  X:0003H         SYMBOL        epreuve_index
  -------         ENDDO         
  C:459EH         LINE#         18
  C:45A9H         LINE#         19
  C:45A9H         LINE#         20
  C:45B2H         LINE#         23
  C:45CDH         LINE#         24
  C:45CDH         LINE#         25
  C:45D0H         LINE#         26
  C:45D0H         LINE#         29
BL51 BANKED LINKER/LOCATER V6.22                                                      04/28/2019  12:55:31  PAGE 12


  C:45EDH         LINE#         30
  C:45EDH         LINE#         32
  C:463AH         LINE#         33
  C:463AH         LINE#         34
  C:463DH         LINE#         35
  C:463DH         LINE#         38
  C:4663H         LINE#         39
  C:4663H         LINE#         40
  C:4666H         LINE#         41
  C:4666H         LINE#         43
  C:4686H         LINE#         44
  C:4688H         LINE#         46
  C:4688H         LINE#         47
  C:46A1H         LINE#         48
  C:46A1H         LINE#         49
  C:46A3H         LINE#         50
  -------         ENDPROC       _EPREUVE_CMD
  -------         PROC          _EPREUVE_STOP
  X:0000H         SYMBOL        cmd_packet
  C:5D47H         LINE#         52
  C:5D52H         LINE#         53
  C:5D52H         LINE#         55
  C:5D6AH         LINE#         57
  C:5D6CH         LINE#         58
  -------         ENDPROC       _EPREUVE_STOP
  -------         PROC          _SAFETY_BREAK_CMD
  X:0000H         SYMBOL        cmd_packet
  C:5AF2H         LINE#         61
  C:5AFDH         LINE#         62
  C:5AFDH         LINE#         64
  C:5B18H         LINE#         65
  C:5B18H         LINE#         66
  C:5B1BH         LINE#         67
  C:5B1BH         LINE#         69
  C:5B34H         LINE#         71
  C:5B36H         LINE#         72
  -------         ENDPROC       _SAFETY_BREAK_CMD
  -------         PROC          _SET_DEFAULT_SPEED_CMD
  X:0000H         SYMBOL        cmd_packet
  -------         DO            
  X:0003H         SYMBOL        motor_speed
  -------         ENDDO         
  C:4A6DH         LINE#         74
  C:4A78H         LINE#         75
  C:4A78H         LINE#         76
  C:4A81H         LINE#         79
  C:4A9BH         LINE#         80
  C:4A9BH         LINE#         81
  C:4A9EH         LINE#         82
  C:4A9EH         LINE#         85
  C:4AEBH         LINE#         86
  C:4AEBH         LINE#         87
  C:4AEEH         LINE#         88
  C:4AEEH         LINE#         91
  C:4B11H         LINE#         92
  C:4B11H         LINE#         93
  C:4B14H         LINE#         94
BL51 BANKED LINKER/LOCATER V6.22                                                      04/28/2019  12:55:31  PAGE 13


  C:4B14H         LINE#         96
  C:4B3AH         LINE#         98
  C:4B3CH         LINE#         99
  -------         ENDPROC       _SET_DEFAULT_SPEED_CMD
  -------         PROC          _MOVE_FORWARD_CMD
  X:0000H         SYMBOL        cmd_packet
  -------         DO            
  X:0003H         SYMBOL        motor_speed
  -------         ENDDO         
  C:409AH         LINE#         101
  C:40A5H         LINE#         102
  C:40A5H         LINE#         103
  C:40AEH         LINE#         105
  C:40C9H         LINE#         106
  C:40C9H         LINE#         107
  C:40CCH         LINE#         108
  C:40CCH         LINE#         110
  C:40EBH         LINE#         112
  C:4108H         LINE#         113
  C:4108H         LINE#         115
  C:4153H         LINE#         116
  C:4153H         LINE#         117
  C:4156H         LINE#         118
  C:4156H         LINE#         121
  C:4179H         LINE#         122
  C:4179H         LINE#         123
  C:417CH         LINE#         124
  C:417CH         LINE#         126
  C:41A2H         LINE#         127
  C:41A4H         LINE#         128
  C:41C5H         LINE#         129
  C:41C5H         LINE#         130
  C:41EBH         LINE#         131
  C:41EBH         LINE#         132
  C:41EBH         LINE#         133
  C:41EDH         LINE#         134
  -------         ENDPROC       _MOVE_FORWARD_CMD
  -------         PROC          _MOVE_BACKWARD_CMD
  X:0000H         SYMBOL        cmd_packet
  -------         DO            
  X:0003H         SYMBOL        motor_speed
  -------         ENDDO         
  C:41EEH         LINE#         136
  C:41F9H         LINE#         137
  C:41F9H         LINE#         138
  C:4202H         LINE#         140
  C:421DH         LINE#         141
  C:421DH         LINE#         142
  C:4220H         LINE#         143
  C:4220H         LINE#         145
  C:423FH         LINE#         147
  C:425CH         LINE#         148
  C:425CH         LINE#         150
  C:42A7H         LINE#         151
  C:42A7H         LINE#         152
  C:42AAH         LINE#         153
  C:42AAH         LINE#         156
BL51 BANKED LINKER/LOCATER V6.22                                                      04/28/2019  12:55:31  PAGE 14


  C:42CDH         LINE#         157
  C:42CDH         LINE#         158
  C:42D0H         LINE#         159
  C:42D0H         LINE#         161
  C:42F6H         LINE#         162
  C:42F8H         LINE#         163
  C:4319H         LINE#         164
  C:4319H         LINE#         165
  C:433FH         LINE#         166
  C:433FH         LINE#         167
  C:433FH         LINE#         168
  C:4341H         LINE#         169
  -------         ENDPROC       _MOVE_BACKWARD_CMD
  -------         PROC          _MOVE_STOP_CMD
  X:0000H         SYMBOL        cmd_packet
  C:598AH         LINE#         171
  C:5995H         LINE#         172
  C:5995H         LINE#         173
  C:59ADH         LINE#         174
  C:59ADH         LINE#         175
  C:59B0H         LINE#         176
  C:59B0H         LINE#         177
  C:59CFH         LINE#         178
  C:59D1H         LINE#         179
  -------         ENDPROC       _MOVE_STOP_CMD
  -------         PROC          _RIGTH_ROTATION_CMD
  X:0000H         SYMBOL        cmd_packet
  C:59D2H         LINE#         181
  C:59DDH         LINE#         182
  C:59DDH         LINE#         183
  C:59F5H         LINE#         184
  C:59F5H         LINE#         185
  C:59F8H         LINE#         186
  C:59F8H         LINE#         188
  C:5A17H         LINE#         189
  C:5A19H         LINE#         190
  -------         ENDPROC       _RIGTH_ROTATION_CMD
  -------         PROC          _LEFT_ROTATION_CMD
  X:0000H         SYMBOL        cmd_packet
  C:5A1AH         LINE#         192
  C:5A25H         LINE#         193
  C:5A25H         LINE#         194
  C:5A3DH         LINE#         195
  C:5A3DH         LINE#         196
  C:5A40H         LINE#         197
  C:5A40H         LINE#         199
  C:5A5FH         LINE#         200
  C:5A61H         LINE#         201
  -------         ENDPROC       _LEFT_ROTATION_CMD
  -------         PROC          _COMPLETE_ROTATION_CMD
  X:0000H         SYMBOL        cmd_packet
  C:4342H         LINE#         203
  C:434DH         LINE#         204
  C:434DH         LINE#         205
  C:4368H         LINE#         206
  C:4368H         LINE#         207
  C:436BH         LINE#         208
BL51 BANKED LINKER/LOCATER V6.22                                                      04/28/2019  12:55:31  PAGE 15


  C:436BH         LINE#         210
  C:4388H         LINE#         211
  C:4388H         LINE#         213
  C:43F0H         LINE#         215
  C:43F0H         LINE#         216
  C:4413H         LINE#         217
  C:4413H         LINE#         218
  C:4413H         LINE#         219
  C:4432H         LINE#         220
  C:4434H         LINE#         221
  C:4434H         LINE#         222
  C:4453H         LINE#         223
  C:4455H         LINE#         224
  C:4455H         LINE#         225
  C:4457H         LINE#         226
  C:445AH         LINE#         227
  C:445AH         LINE#         229
  C:445AH         LINE#         230
  C:4479H         LINE#         231
  C:4479H         LINE#         232
  C:447BH         LINE#         233
  -------         ENDPROC       _COMPLETE_ROTATION_CMD
  -------         PROC          _ANGLE_ROTATION_CMD
  X:0000H         SYMBOL        cmd_packet
  -------         DO            
  X:0003H         SYMBOL        angle
  -------         ENDDO         
  C:3DB7H         LINE#         235
  C:3DC2H         LINE#         236
  C:3DC2H         LINE#         237
  C:3DCAH         LINE#         239
  C:3DE4H         LINE#         240
  C:3DE4H         LINE#         241
  C:3DE7H         LINE#         242
  C:3DE7H         LINE#         244
  C:3E52H         LINE#         246
  C:3E52H         LINE#         247
  C:3E75H         LINE#         248
  C:3E75H         LINE#         249
  C:3E75H         LINE#         250
  C:3E94H         LINE#         251
  C:3E96H         LINE#         252
  C:3E96H         LINE#         253
  C:3EB5H         LINE#         254
  C:3EB5H         LINE#         255
  C:3EB5H         LINE#         257
  C:3F00H         LINE#         258
  C:3F00H         LINE#         259
  C:3F03H         LINE#         260
  C:3F03H         LINE#         262
  C:3F2BH         LINE#         263
  C:3F2DH         LINE#         264
  C:3F30H         LINE#         265
  C:3F30H         LINE#         266
  C:3F32H         LINE#         267
  -------         ENDPROC       _ANGLE_ROTATION_CMD
  -------         PROC          _MOVE_TO_CMD
BL51 BANKED LINKER/LOCATER V6.22                                                      04/28/2019  12:55:31  PAGE 16


  X:00F6H         SYMBOL        cmd_packet
  -------         DO            
  X:00F9H         SYMBOL        i
  X:00FAH         SYMBOL        j
  X:00FBH         SYMBOL        params
  X:010AH         SYMBOL        angle
  X:010CH         SYMBOL        x
  X:010EH         SYMBOL        y
  X:0110H         SYMBOL        param_find
  X:0111H         SYMBOL        str
  -------         ENDDO         
  C:233AH         LINE#         277
  C:2345H         LINE#         278
  C:2345H         LINE#         279
  C:234FH         LINE#         280
  C:2374H         LINE#         281
  C:238CH         LINE#         282
  C:2391H         LINE#         283
  C:23A2H         LINE#         287
  C:23BCH         LINE#         288
  C:23BCH         LINE#         289
  C:23BFH         LINE#         290
  C:23BFH         LINE#         293
  C:23D2H         LINE#         294
  C:23D2H         LINE#         295
  C:240EH         LINE#         298
  C:2421H         LINE#         299
  C:2421H         LINE#         300
  C:245FH         LINE#         301
  C:245FH         LINE#         302
  C:2475H         LINE#         303
  C:2475H         LINE#         304
  C:2475H         LINE#         305
  C:24DEH         LINE#         306
  C:24DEH         LINE#         307
  C:24E1H         LINE#         308
  C:24E1H         LINE#         309
  C:24E1H         LINE#         311
  C:24E1H         LINE#         312
  C:2547H         LINE#         313
  C:2547H         LINE#         314
  C:254AH         LINE#         315
  C:254AH         LINE#         316
  C:254AH         LINE#         318
  C:254AH         LINE#         319
  C:25B0H         LINE#         320
  C:25B0H         LINE#         321
  C:25B3H         LINE#         322
  C:25B3H         LINE#         323
  C:25B3H         LINE#         325
  C:25B3H         LINE#         326
  C:25B9H         LINE#         327
  C:25BBH         LINE#         328
  C:25BBH         LINE#         329
  C:25C4H         LINE#         331
  C:25CCH         LINE#         332
  C:25CCH         LINE#         333
BL51 BANKED LINKER/LOCATER V6.22                                                      04/28/2019  12:55:31  PAGE 17


  C:25CFH         LINE#         334
  C:25CFH         LINE#         335
  C:25D4H         LINE#         336
  C:25D4H         LINE#         338
  C:25DDH         LINE#         340
  C:2605H         LINE#         341
  C:262BH         LINE#         342
  C:2651H         LINE#         343
  C:2670H         LINE#         344
  C:2672H         LINE#         345
  -------         ENDPROC       _MOVE_TO_CMD
  -------         PROC          _DETECTE_OBSTACLE
  X:0000H         SYMBOL        cmd_packet
  C:5A62H         LINE#         347
  C:5A6DH         LINE#         348
  C:5A6DH         LINE#         349
  C:5A85H         LINE#         350
  C:5A85H         LINE#         351
  C:5A88H         LINE#         352
  C:5A88H         LINE#         354
  C:5AA7H         LINE#         355
  C:5AA9H         LINE#         356
  -------         ENDPROC       _DETECTE_OBSTACLE
  -------         PROC          _SERVO_MOVE_CMD
  X:0000H         SYMBOL        cmd_packet
  -------         DO            
  X:0003H         SYMBOL        angle
  -------         ENDDO         
  C:3C0FH         LINE#         358
  C:3C1AH         LINE#         359
  C:3C1AH         LINE#         360
  C:3C23H         LINE#         362
  C:3C3EH         LINE#         363
  C:3C3EH         LINE#         364
  C:3C41H         LINE#         365
  C:3C41H         LINE#         367
  C:3CA9H         LINE#         369
  C:3CA9H         LINE#         370
  C:3CCCH         LINE#         371
  C:3CCCH         LINE#         372
  C:3CCCH         LINE#         373
  C:3CEBH         LINE#         374
  C:3CEDH         LINE#         375
  C:3CEDH         LINE#         376
  C:3D0CH         LINE#         377
  C:3D0CH         LINE#         378
  C:3D0CH         LINE#         380
  C:3D0CH         LINE#         382
  C:3D40H         LINE#         383
  C:3D40H         LINE#         384
  C:3D8BH         LINE#         385
  C:3D8BH         LINE#         386
  C:3D8EH         LINE#         387
  C:3D8EH         LINE#         389
  C:3DB4H         LINE#         390
  C:3DB4H         LINE#         392
  C:3DB6H         LINE#         393
BL51 BANKED LINKER/LOCATER V6.22                                                      04/28/2019  12:55:31  PAGE 18


  -------         ENDPROC       _SERVO_MOVE_CMD
  -------         PROC          _LIGHT_BEAM_ON_CMD
  X:0000H         SYMBOL        cmd_packet
  -------         DO            
  X:0003H         SYMBOL        i
  X:0004H         SYMBOL        j
  X:0005H         SYMBOL        params
  X:0019H         SYMBOL        intensity
  X:001BH         SYMBOL        delay_on
  X:001DH         SYMBOL        delay_off
  X:001FH         SYMBOL        nbr_flash
  X:0021H         SYMBOL        param_find
  X:0022H         SYMBOL        str
  -------         ENDDO         
  C:16B0H         LINE#         395
  C:16BBH         LINE#         396
  C:16BBH         LINE#         397
  C:16C5H         LINE#         398
  C:16EAH         LINE#         399
  C:170DH         LINE#         400
  C:1712H         LINE#         401
  C:1723H         LINE#         404
  C:1757H         LINE#         405
  C:1757H         LINE#         406
  C:175AH         LINE#         407
  C:175AH         LINE#         410
  C:1785H         LINE#         411
  C:1785H         LINE#         412
  C:17C1H         LINE#         415
  C:17D4H         LINE#         416
  C:17D4H         LINE#         417
  C:1812H         LINE#         418
  C:1812H         LINE#         419
  C:182BH         LINE#         420
  C:182BH         LINE#         421
  C:182BH         LINE#         422
  C:1891H         LINE#         423
  C:1891H         LINE#         424
  C:1894H         LINE#         425
  C:1894H         LINE#         427
  C:1894H         LINE#         429
  C:18BDH         LINE#         430
  C:18BDH         LINE#         431
  C:18C0H         LINE#         432
  C:18C0H         LINE#         433
  C:18C0H         LINE#         434
  C:18C0H         LINE#         436
  C:18C0H         LINE#         437
  C:1926H         LINE#         438
  C:1926H         LINE#         439
  C:1929H         LINE#         440
  C:1929H         LINE#         442
  C:1929H         LINE#         444
  C:1952H         LINE#         445
  C:1952H         LINE#         446
  C:1955H         LINE#         447
  C:1955H         LINE#         448
BL51 BANKED LINKER/LOCATER V6.22                                                      04/28/2019  12:55:31  PAGE 19


  C:1955H         LINE#         449
  C:1955H         LINE#         451
  C:1955H         LINE#         452
  C:19BBH         LINE#         453
  C:19BBH         LINE#         454
  C:19BEH         LINE#         455
  C:19BEH         LINE#         457
  C:19BEH         LINE#         459
  C:19E4H         LINE#         460
  C:19E4H         LINE#         461
  C:19E7H         LINE#         462
  C:19E7H         LINE#         463
  C:19E7H         LINE#         464
  C:19E7H         LINE#         466
  C:19E7H         LINE#         467
  C:1A4DH         LINE#         468
  C:1A4DH         LINE#         469
  C:1A50H         LINE#         470
  C:1A50H         LINE#         472
  C:1A50H         LINE#         474
  C:1A76H         LINE#         475
  C:1A76H         LINE#         476
  C:1A79H         LINE#         477
  C:1A79H         LINE#         478
  C:1A79H         LINE#         479
  C:1A79H         LINE#         480
  C:1A79H         LINE#         481
  C:1A7FH         LINE#         482
  C:1A81H         LINE#         483
  C:1A81H         LINE#         484
  C:1A8AH         LINE#         486
  C:1A92H         LINE#         487
  C:1A92H         LINE#         488
  C:1A95H         LINE#         489
  C:1A95H         LINE#         490
  C:1A9AH         LINE#         491
  C:1A9AH         LINE#         493
  C:1AA3H         LINE#         495
  C:1AC2H         LINE#         496
  C:1AE8H         LINE#         497
  C:1B0EH         LINE#         498
  C:1B34H         LINE#         499
  C:1B5AH         LINE#         501
  C:1B5CH         LINE#         502
  -------         ENDPROC       _LIGHT_BEAM_ON_CMD
  -------         PROC          _LIGHT_BEAM_OFF_CMD
  X:0000H         SYMBOL        cmd_packet
  C:5AAAH         LINE#         504
  C:5AB5H         LINE#         505
  C:5AB5H         LINE#         507
  C:5ACDH         LINE#         508
  C:5ACDH         LINE#         509
  C:5AD0H         LINE#         510
  C:5AD0H         LINE#         512
  C:5AEFH         LINE#         514
  C:5AF1H         LINE#         515
  -------         ENDPROC       _LIGHT_BEAM_OFF_CMD
BL51 BANKED LINKER/LOCATER V6.22                                                      04/28/2019  12:55:31  PAGE 20


  -------         PROC          _GENERATE_SOUND_CMD
  X:0000H         SYMBOL        cmd_packet
  -------         DO            
  X:0003H         SYMBOL        i
  X:0004H         SYMBOL        j
  X:0005H         SYMBOL        params
  X:0019H         SYMBOL        frequency_code
  X:001BH         SYMBOL        delay_son
  X:001DH         SYMBOL        delay_silence
  X:001FH         SYMBOL        nbr_bip
  X:0021H         SYMBOL        param_find
  X:0022H         SYMBOL        str
  -------         ENDDO         
  C:11FFH         LINE#         517
  C:120AH         LINE#         518
  C:120AH         LINE#         519
  C:1214H         LINE#         520
  C:1239H         LINE#         521
  C:125DH         LINE#         522
  C:1262H         LINE#         523
  C:1273H         LINE#         526
  C:12A7H         LINE#         527
  C:12A7H         LINE#         528
  C:12AAH         LINE#         529
  C:12AAH         LINE#         532
  C:12D5H         LINE#         533
  C:12D5H         LINE#         534
  C:1311H         LINE#         537
  C:1324H         LINE#         538
  C:1324H         LINE#         539
  C:1362H         LINE#         540
  C:1362H         LINE#         541
  C:137BH         LINE#         542
  C:137BH         LINE#         543
  C:137BH         LINE#         544
  C:13E1H         LINE#         545
  C:13E1H         LINE#         546
  C:13E4H         LINE#         547
  C:13E4H         LINE#         549
  C:13E4H         LINE#         551
  C:140DH         LINE#         552
  C:140DH         LINE#         553
  C:1410H         LINE#         554
  C:1410H         LINE#         555
  C:1410H         LINE#         556
  C:1410H         LINE#         558
  C:1410H         LINE#         559
  C:1476H         LINE#         560
  C:1476H         LINE#         561
  C:1479H         LINE#         562
  C:1479H         LINE#         564
  C:1479H         LINE#         566
  C:14A2H         LINE#         567
  C:14A2H         LINE#         568
  C:14A5H         LINE#         569
  C:14A5H         LINE#         570
  C:14A5H         LINE#         571
BL51 BANKED LINKER/LOCATER V6.22                                                      04/28/2019  12:55:31  PAGE 21


  C:14A5H         LINE#         573
  C:14A5H         LINE#         574
  C:150BH         LINE#         575
  C:150BH         LINE#         576
  C:150EH         LINE#         577
  C:150EH         LINE#         579
  C:150EH         LINE#         581
  C:1537H         LINE#         582
  C:1537H         LINE#         583
  C:153AH         LINE#         584
  C:153AH         LINE#         585
  C:153AH         LINE#         586
  C:153AH         LINE#         588
  C:153AH         LINE#         589
  C:15A0H         LINE#         590
  C:15A0H         LINE#         591
  C:15A3H         LINE#         592
  C:15A3H         LINE#         594
  C:15A3H         LINE#         596
  C:15C9H         LINE#         597
  C:15C9H         LINE#         598
  C:15CCH         LINE#         599
  C:15CCH         LINE#         600
  C:15CCH         LINE#         601
  C:15CCH         LINE#         602
  C:15CCH         LINE#         603
  C:15D2H         LINE#         604
  C:15D4H         LINE#         605
  C:15D4H         LINE#         606
  C:15DDH         LINE#         608
  C:15E5H         LINE#         609
  C:15E5H         LINE#         610
  C:15E8H         LINE#         611
  C:15E8H         LINE#         612
  C:15EDH         LINE#         613
  C:15EDH         LINE#         615
  C:15F6H         LINE#         617
  C:1615H         LINE#         618
  C:163BH         LINE#         619
  C:1661H         LINE#         620
  C:1687H         LINE#         621
  C:16ADH         LINE#         623
  C:16AFH         LINE#         625
  -------         ENDPROC       _GENERATE_SOUND_CMD
  -------         PROC          _PHOTO_CMD
  X:0000H         SYMBOL        cmd_packet
  -------         DO            
  X:0003H         SYMBOL        i
  X:0004H         SYMBOL        j
  X:0005H         SYMBOL        params
  X:0014H         SYMBOL        duree_photo
  X:0016H         SYMBOL        nbr_photo
  X:0018H         SYMBOL        mode
  X:001AH         SYMBOL        param_find
  X:001BH         SYMBOL        str
  -------         ENDDO         
  C:298CH         LINE#         627
BL51 BANKED LINKER/LOCATER V6.22                                                      04/28/2019  12:55:31  PAGE 22


  C:2997H         LINE#         628
  C:2997H         LINE#         629
  C:29A2H         LINE#         630
  C:29C7H         LINE#         631
  C:29E2H         LINE#         632
  C:29E7H         LINE#         633
  C:29F8H         LINE#         637
  C:2A13H         LINE#         638
  C:2A13H         LINE#         639
  C:2A16H         LINE#         640
  C:2A16H         LINE#         644
  C:2A38H         LINE#         645
  C:2A38H         LINE#         646
  C:2A65H         LINE#         649
  C:2A78H         LINE#         650
  C:2A78H         LINE#         651
  C:2AB6H         LINE#         652
  C:2AB6H         LINE#         653
  C:2AD2H         LINE#         654
  C:2AD2H         LINE#         655
  C:2AD2H         LINE#         656
  C:2B31H         LINE#         657
  C:2B31H         LINE#         658
  C:2B34H         LINE#         659
  C:2B34H         LINE#         660
  C:2B3BH         LINE#         661
  C:2B3EH         LINE#         663
  C:2B3EH         LINE#         664
  C:2B9DH         LINE#         665
  C:2B9DH         LINE#         666
  C:2BA0H         LINE#         667
  C:2BA0H         LINE#         668
  C:2BA7H         LINE#         669
  C:2BA9H         LINE#         670
  C:2BA9H         LINE#         671
  C:2BB2H         LINE#         672
  C:2BB8H         LINE#         673
  C:2BBAH         LINE#         674
  C:2BBAH         LINE#         675
  C:2BC3H         LINE#         676
  C:2BC9H         LINE#         677
  C:2BCBH         LINE#         678
  C:2BCBH         LINE#         679
  C:2BD4H         LINE#         680
  C:2BDAH         LINE#         681
  C:2BDAH         LINE#         682
  C:2BDAH         LINE#         683
  C:2BE0H         LINE#         684
  C:2BE2H         LINE#         685
  C:2BE2H         LINE#         686
  C:2BEBH         LINE#         688
  C:2BF3H         LINE#         689
  C:2BF3H         LINE#         690
  C:2BF6H         LINE#         691
  C:2BF6H         LINE#         692
  C:2BFBH         LINE#         693
  C:2BFBH         LINE#         695
BL51 BANKED LINKER/LOCATER V6.22                                                      04/28/2019  12:55:31  PAGE 23


  C:2BFEH         LINE#         697
  C:2C24H         LINE#         698
  C:2C4AH         LINE#         699
  C:2C8EH         LINE#         700
  C:2C90H         LINE#         701
  -------         ENDPROC       _PHOTO_CMD
  -------         ENDMOD        COMMANDS

  -------         MODULE        COMMANDS_PARSER
  C:0000H         SYMBOL        _ICE_DUMMY_
  B:0098H.7       PUBLIC        SM00
  D:0090H         PUBLIC        P1
  B:0098H.6       PUBLIC        SM10
  C:5B7CH         PUBLIC        _get_command
  C:5895H         PUBLIC        _Init_parser
  D:00E8H         PUBLIC        ADC0CN
  C:56DBH         PUBLIC        _cmd_parser_process
  D:00A4H         PUBLIC        P0MDOUT
  X:0166H         PUBLIC        current_state
  D:00A8H         PUBLIC        IE
  B:0098H.4       PUBLIC        REN0
  D:00D8H         PUBLIC        PCA0CN
  D:00B8H         PUBLIC        IP
  D:00E1H         PUBLIC        XBR0
  C:318CH         PUBLIC        _parse
  C:5E81H         PUBLIC        _USART_send
  C:583FH         PUBLIC        _USART_print
  D:00CBH         PUBLIC        RCAP2H
  D:00C0H         PUBLIC        SMB0CN
  C:5EB7H         PUBLIC        valid_cmd_flag
  D:00CAH         PUBLIC        RCAP2L
  C:3612H         PUBLIC        _send_informations
  D:00F8H         PUBLIC        SPI0CN
  D:0088H         PUBLIC        TCON
  C:516CH         PUBLIC        _wait
  C:2F38H         PUBLIC        _send_KOB_MOU
  C:5EC7H         PUBLIC        error_cmd_flag
  X:0167H         PUBLIC        dispatch_table
  X:0209H         PUBLIC        MSG_buffer
  X:0229H         PUBLIC        raw_data
  B:0098H.0       PUBLIC        RI0
  B:0098H.1       PUBLIC        TI0
  B:00C8H.2       PUBLIC        TR2
  C:5C67H         PUBLIC        _USART_receive
  B:00C8H.5       PUBLIC        RCLK0
  B:00C8H.4       PUBLIC        TCLK0
  D:0099H         PUBLIC        SBUF0
  D:0098H         PUBLIC        SCON0
  D:00C8H         PUBLIC        T2CON
  D:008EH         PUBLIC        CKCON
  X:0249H         PUBLIC        full_state_machine
  X:0251H         PUBLIC        buffer_index
  D:00D0H         PUBLIC        PSW
  -------         PROC          _INIT_PARSER
  X:0012H         SYMBOL        parser_result
  C:5895H         LINE#         86
  C:58A0H         LINE#         87
BL51 BANKED LINKER/LOCATER V6.22                                                      04/28/2019  12:55:31  PAGE 24


  C:58A0H         LINE#         90
  C:58A2H         LINE#         91
  C:58A4H         LINE#         92
  C:58A6H         LINE#         95
  C:58A9H         LINE#         98
  C:58ACH         LINE#         102
  C:58AFH         LINE#         106
  C:58B2H         LINE#         107
  C:58B4H         LINE#         108
  C:58B6H         LINE#         109
  C:58B9H         LINE#         110
  C:58BCH         LINE#         111
  C:58BEH         LINE#         114
  C:58E7H         LINE#         116
  C:58E9H         LINE#         117
  -------         ENDPROC       _INIT_PARSER
  -------         PROC          _USART_RECEIVE
  X:0019H         SYMBOL        read_byte
  C:5C67H         LINE#         119
  C:5C72H         LINE#         120
  C:5C72H         LINE#         121
  C:5C75H         LINE#         122
  C:5C75H         LINE#         123
  C:5C85H         LINE#         124
  C:5C87H         LINE#         125
  C:5C88H         LINE#         126
  C:5C98H         LINE#         127
  C:5C98H         LINE#         128
  -------         ENDPROC       _USART_RECEIVE
  -------         PROC          _USART_SEND
  X:00F5H         SYMBOL        ch
  C:5E81H         LINE#         130
  C:5E86H         LINE#         131
  C:5E86H         LINE#         132
  C:5E8DH         LINE#         133
  C:5E90H         LINE#         134
  C:5E92H         LINE#         135
  -------         ENDPROC       _USART_SEND
  -------         PROC          _USART_PRINT
  X:00F1H         SYMBOL        str
  -------         DO            
  X:00F4H         SYMBOL        i
  -------         ENDDO         
  C:583FH         LINE#         145
  C:584AH         LINE#         146
  C:584AH         LINE#         147
  C:584FH         LINE#         148
  C:5870H         LINE#         149
  C:5870H         LINE#         150
  C:588CH         LINE#         151
  C:5894H         LINE#         152
  -------         ENDPROC       _USART_PRINT
  -------         PROC          _CMD_PARSER_PROCESS
  X:0012H         SYMBOL        result
  C:56DBH         LINE#         156
  C:56E6H         LINE#         157
  C:56E6H         LINE#         171
BL51 BANKED LINKER/LOCATER V6.22                                                      04/28/2019  12:55:31  PAGE 25


  C:56F9H         LINE#         172
  C:56F9H         LINE#         173
  C:56F9H         LINE#         174
  C:5707H         LINE#         175
  C:5709H         LINE#         176
  C:5709H         LINE#         177
  C:5717H         LINE#         178
  C:5719H         LINE#         179
  C:5719H         LINE#         180
  C:5727H         LINE#         181
  C:5727H         LINE#         183
  C:5727H         LINE#         185
  C:5735H         LINE#         186
  -------         ENDPROC       _CMD_PARSER_PROCESS
  -------         PROC          _WAIT
  X:0015H         SYMBOL        parser_result
  -------         DO            
  X:0018H         SYMBOL        read_byte
  -------         ENDDO         
  C:516CH         LINE#         188
  C:5177H         LINE#         189
  C:5177H         LINE#         190
  C:517DH         LINE#         193
  C:5186H         LINE#         196
  C:519CH         LINE#         199
  C:51A6H         LINE#         200
  C:51AFH         LINE#         201
  C:51AFH         LINE#         204
  C:51C5H         LINE#         205
  C:51CBH         LINE#         207
  C:51DCH         LINE#         208
  C:51E2H         LINE#         209
  C:51E3H         LINE#         210
  C:51EBH         LINE#         211
  C:5201H         LINE#         212
  C:5207H         LINE#         213
  C:5207H         LINE#         214
  C:5207H         LINE#         215
  -------         ENDPROC       _WAIT
  -------         PROC          _GET_COMMAND
  X:0015H         SYMBOL        parser_result
  C:5B7CH         LINE#         218
  C:5B87H         LINE#         219
  C:5B87H         LINE#         221
  C:5B98H         LINE#         222
  C:5B98H         LINE#         224
  C:5B9BH         LINE#         225
  C:5B9DH         LINE#         226
  C:5BA0H         LINE#         227
  C:5BA0H         LINE#         230
  C:5BB4H         LINE#         231
  C:5BB9H         LINE#         233
  C:5BBEH         LINE#         234
  -------         ENDPROC       _GET_COMMAND
  -------         PROC          _PARSE
  X:0018H         SYMBOL        parser_result
  -------         DO            
BL51 BANKED LINKER/LOCATER V6.22                                                      04/28/2019  12:55:31  PAGE 26


  X:001BH         SYMBOL        commands_data
  X:00E3H         SYMBOL        data_index
  X:00E4H         SYMBOL        ptr
  X:00E5H         SYMBOL        reading_ptr
  X:00E6H         SYMBOL        ret
  X:00E7H         SYMBOL        c
  X:00E8H         SYMBOL        i
  X:00E9H         SYMBOL        run
  X:00EAH         SYMBOL        cmd_packet
  -------         ENDDO         
  C:318CH         LINE#         237
  C:3197H         LINE#         238
  C:3197H         LINE#         242
  C:31A6H         LINE#         243
  C:31ABH         LINE#         244
  C:31B5H         LINE#         245
  C:31BBH         LINE#         254
  C:31C6H         LINE#         255
  C:31C6H         LINE#         256
  C:31DCH         LINE#         259
  C:31F2H         LINE#         260
  C:31F2H         LINE#         261
  C:31F2H         LINE#         262
  C:3216H         LINE#         264
  C:321CH         LINE#         265
  C:3221H         LINE#         266
  C:3224H         LINE#         268
  C:3224H         LINE#         269
  C:3248H         LINE#         271
  C:324EH         LINE#         272
  C:3253H         LINE#         273
  C:3255H         LINE#         276
  C:3255H         LINE#         277
  C:3279H         LINE#         279
  C:327EH         LINE#         280
  C:3280H         LINE#         282
  C:3280H         LINE#         283
  C:32A9H         LINE#         284
  C:32AFH         LINE#         285
  C:32AFH         LINE#         287
  C:32B5H         LINE#         288
  C:32B8H         LINE#         292
  C:32C9H         LINE#         293
  C:32D3H         LINE#         294
  C:32F2H         LINE#         298
  C:3307H         LINE#         299
  C:3307H         LINE#         300
  C:334AH         LINE#         301
  C:334AH         LINE#         303
  C:338BH         LINE#         304
  C:338BH         LINE#         305
  C:3391H         LINE#         306
  C:3393H         LINE#         307
  C:339CH         LINE#         308
  C:33A1H         LINE#         309
  C:33A1H         LINE#         316
  C:33A1H         LINE#         317
BL51 BANKED LINKER/LOCATER V6.22                                                      04/28/2019  12:55:31  PAGE 27


  C:33AAH         LINE#         320
  C:33B9H         LINE#         321
  C:33CDH         LINE#         324
  C:33D2H         LINE#         325
  -------         ENDPROC       _PARSE
  -------         PROC          VALID_CMD_FLAG
  C:5EB7H         LINE#         327
  C:5EB7H         LINE#         328
  C:5EB7H         LINE#         329
  C:5EBCH         LINE#         330
  C:5EC1H         LINE#         331
  C:5EC6H         LINE#         332
  -------         ENDPROC       VALID_CMD_FLAG
  -------         PROC          ERROR_CMD_FLAG
  C:5EC7H         LINE#         334
  C:5EC7H         LINE#         335
  C:5EC7H         LINE#         336
  C:5ECCH         LINE#         337
  C:5ED1H         LINE#         338
  C:5ED6H         LINE#         339
  -------         ENDPROC       ERROR_CMD_FLAG
  -------         PROC          _SEND_INFORMATIONS
  X:0015H         SYMBOL        parser_result
  C:3612H         LINE#         342
  C:361DH         LINE#         343
  C:361DH         LINE#         345
  C:363DH         LINE#         346
  C:363DH         LINE#         348
  C:365FH         LINE#         349
  C:365FH         LINE#         350
  C:3688H         LINE#         351
  C:36A6H         LINE#         352
  C:36A9H         LINE#         354
  C:36CBH         LINE#         355
  C:36CBH         LINE#         356
  C:36F4H         LINE#         357
  C:3712H         LINE#         358
  C:3715H         LINE#         360
  C:3737H         LINE#         361
  C:3737H         LINE#         362
  C:3760H         LINE#         363
  C:377EH         LINE#         364
  C:3780H         LINE#         367
  C:37A2H         LINE#         368
  C:37A2H         LINE#         369
  C:37B0H         LINE#         370
  C:37CEH         LINE#         371
  C:37D0H         LINE#         374
  C:37D0H         LINE#         375
  C:37F9H         LINE#         376
  C:37F9H         LINE#         378
  C:3811H         LINE#         379
  C:3831H         LINE#         381
  C:3831H         LINE#         384
  -------         ENDPROC       _SEND_INFORMATIONS
  -------         PROC          _SEND_KOB_MOU
  X:0018H         SYMBOL        parser_result
BL51 BANKED LINKER/LOCATER V6.22                                                      04/28/2019  12:55:31  PAGE 28


  -------         DO            
  X:0146H         SYMBOL        msg
  X:001BH         SYMBOL        angle_front
  X:001DH         SYMBOL        angle_back
  X:001FH         SYMBOL        distance_front
  X:0021H         SYMBOL        distance_back
  -------         ENDDO         
  C:2F38H         LINE#         386
  C:2F43H         LINE#         387
  C:2F43H         LINE#         390
  C:2F53H         LINE#         391
  C:2F63H         LINE#         393
  C:2F72H         LINE#         395
  C:2F99H         LINE#         396
  C:2F99H         LINE#         397
  C:2FC4H         LINE#         398
  C:2FF5H         LINE#         399
  C:303BH         LINE#         400
  C:303EH         LINE#         402
  C:303EH         LINE#         403
  C:3069H         LINE#         404
  C:309AH         LINE#         405
  C:30CBH         LINE#         406
  C:30FCH         LINE#         407
  C:3162H         LINE#         408
  C:3162H         LINE#         411
  C:318BH         LINE#         413
  -------         ENDPROC       _SEND_KOB_MOU
  -------         ENDMOD        COMMANDS_PARSER

  -------         MODULE        MAIN
  C:0000H         SYMBOL        _ICE_DUMMY_
  D:0090H         PUBLIC        P1
  B:00A8H.7       PUBLIC        EA
  D:00E8H         PUBLIC        ADC0CN
  D:00A8H         PUBLIC        IE
  X:0252H         PUBLIC        epreuve_start
  X:0253H         PUBLIC        parser_result
  D:00D8H         PUBLIC        PCA0CN
  D:00B8H         PUBLIC        IP
  D:00FFH         PUBLIC        Reg
  D:00E3H         PUBLIC        XBR2
  X:025AH         PUBLIC        informations
  X:0274H         PUBLIC        dd_packet
  D:00C0H         PUBLIC        SMB0CN
  C:47A2H         PUBLIC        main
  X:0282H         PUBLIC        spi_packet
  D:00F8H         PUBLIC        SPI0CN
  D:0088H         PUBLIC        TCON
  C:0030H         PUBLIC        enable_general_Int
  D:00B2H         PUBLIC        OSCICN
  D:00B1H         PUBLIC        OSCXCN
  X:028BH         PUBLIC        commands
  C:5ED7H         PUBLIC        Init_External_clk
  D:0098H         PUBLIC        SCON0
  D:00C8H         PUBLIC        T2CON
  C:5F0DH         PUBLIC        Enable_Crossbar
BL51 BANKED LINKER/LOCATER V6.22                                                      04/28/2019  12:55:31  PAGE 29


  D:008EH         PUBLIC        CKCON
  D:00D0H         PUBLIC        PSW
  -------         PROC          INIT_EXTERNAL_CLK
  C:5ED7H         LINE#         101
  C:5ED7H         LINE#         102
  C:5ED7H         LINE#         104
  C:5EDAH         LINE#         105
  C:5EDFH         LINE#         108
  C:5EE2H         LINE#         110
  C:5EE5H         LINE#         111
  -------         ENDPROC       INIT_EXTERNAL_CLK
  -------         PROC          ENABLE_CROSSBAR
  C:5F0DH         LINE#         113
  C:5F0DH         LINE#         114
  C:5F0DH         LINE#         116
  C:5F10H         LINE#         117
  -------         ENDPROC       ENABLE_CROSSBAR
  -------         PROC          ENABLE_GENERAL_INT
  C:0030H         LINE#         119
  C:0030H         LINE#         120
  C:0030H         LINE#         121
  C:0032H         LINE#         122
  -------         ENDPROC       ENABLE_GENERAL_INT
  -------         PROC          MAIN
  -------         DO            
  X:0000H         SYMBOL        mes
  X:000AH         SYMBOL        f
  X:000EH         SYMBOL        angle
  X:0010H         SYMBOL        ij
  -------         ENDDO         
  C:47A2H         LINE#         125
  C:47A2H         LINE#         126
  C:47A2H         LINE#         128
  C:47ACH         LINE#         129
  C:47B5H         LINE#         130
  C:47BDH         LINE#         133
  C:47C0H         LINE#         134
  C:47C3H         LINE#         137
  C:47C6H         LINE#         140
  C:47CFH         LINE#         144
  C:47D2H         LINE#         146
  C:47D5H         LINE#         148
  C:47D8H         LINE#         150
  C:47DBH         LINE#         152
  C:47DEH         LINE#         154
  C:47E7H         LINE#         155
  C:47F0H         LINE#         159
  C:47F3H         LINE#         161
  C:47FCH         LINE#         165
  C:47FCH         LINE#         166
  C:47FCH         LINE#         168
  C:4805H         LINE#         170
  C:4818H         LINE#         171
  C:4818H         LINE#         172
  C:4821H         LINE#         173
  C:4823H         LINE#         174
  C:4823H         LINE#         176
BL51 BANKED LINKER/LOCATER V6.22                                                      04/28/2019  12:55:31  PAGE 30


  C:4836H         LINE#         177
  C:4836H         LINE#         179
  C:483EH         LINE#         180
  C:483EH         LINE#         181
  C:484EH         LINE#         182
  C:4854H         LINE#         183
  C:4854H         LINE#         186
  C:485DH         LINE#         189
  C:4866H         LINE#         192
  C:488CH         LINE#         204
  C:488CH         LINE#         206
  C:488FH         LINE#         208
  C:4898H         LINE#         210
  -------         ENDPROC       MAIN
  -------         ENDMOD        MAIN

  -------         MODULE        SERIALIZER
  C:0000H         SYMBOL        _ICE_DUMMY_
  X:02E4H         PUBLIC        serializer_state_machine
  D:0090H         PUBLIC        P1
  X:02FCH         PUBLIC        is_processing
  X:02FDH         PUBLIC        robot_position
  C:5C32H         PUBLIC        _serializer_receive
  D:00E8H         PUBLIC        ADC0CN
  D:00A8H         PUBLIC        IE
  C:5DD8H         PUBLIC        serializer_clear_serial
  C:560CH         PUBLIC        _rotate
  D:00D8H         PUBLIC        PCA0CN
  D:00B8H         PUBLIC        IP
  D:00E3H         PUBLIC        XBR2
  C:000EH         PUBLIC        _idle
  C:502AH         PUBLIC        _moveAngle
  D:00E5H         PUBLIC        RCAP4H
  D:00C0H         PUBLIC        SMB0CN
  C:2C91H         PUBLIC        _serializer_process
  C:5E93H         PUBLIC        init_serializer_UART1
  D:00E4H         PUBLIC        RCAP4L
  D:00F8H         PUBLIC        SPI0CN
  D:0088H         PUBLIC        TCON
  X:0302H         PUBLIC        pids_timer
  C:5DC0H         PUBLIC        serializer_init_serial
  C:4CD7H         PUBLIC        is_PID_processing
  C:5930H         SYMBOL        _?ix1000
  C:5935H         SYMBOL        _?ix1001
  X:0304H         PUBLIC        serializer_state
  C:2673H         PUBLIC        _idle_next_state
  C:5CCBH         PUBLIC        _stop
  C:5EA5H         PUBLIC        _UART_send
  B:0098H.1       PUBLIC        TI0
  C:5E06H         PUBLIC        _serializer_send
  C:5736H         PUBLIC        _serializer_print
  C:3F33H         PUBLIC        _navigate
  C:4F84H         PUBLIC        _translate
  C:5678H         PUBLIC        _setMotors
  D:0099H         PUBLIC        SBUF0
  D:00F2H         PUBLIC        SBUF1
  D:0098H         PUBLIC        SCON0
BL51 BANKED LINKER/LOCATER V6.22                                                      04/28/2019  12:55:31  PAGE 31


  D:00F1H         PUBLIC        SCON1
  D:00C8H         PUBLIC        T2CON
  D:00C9H         PUBLIC        T4CON
  X:0305H         PUBLIC        is_navigating
  D:00D0H         PUBLIC        PSW
  C:46A4H         PUBLIC        _moveTo
  -------         PROC          INIT_SERIALIZER_UART1
  C:5E93H         LINE#         37
  C:5E93H         LINE#         38
  C:5E93H         LINE#         41
  C:5E96H         LINE#         45
  C:5E99H         LINE#         48
  C:5E9CH         LINE#         50
  C:5E9FH         LINE#         51
  C:5EA2H         LINE#         53
  C:5EA4H         LINE#         54
  -------         ENDPROC       INIT_SERIALIZER_UART1
  -------         PROC          _SERIALIZER_RECEIVE
  X:004DH         SYMBOL        read_byte
  C:5C32H         LINE#         56
  C:5C3DH         LINE#         57
  C:5C3DH         LINE#         58
  C:5C42H         LINE#         59
  C:5C42H         LINE#         60
  C:5C52H         LINE#         61
  C:5C55H         LINE#         62
  C:5C56H         LINE#         63
  C:5C66H         LINE#         64
  C:5C66H         LINE#         65
  -------         ENDPROC       _SERIALIZER_RECEIVE
  -------         PROC          _SERIALIZER_SEND
  X:0051H         SYMBOL        ch
  C:5E06H         LINE#         67
  C:5E0BH         LINE#         68
  C:5E0BH         LINE#         69
  C:5E12H         LINE#         70
  C:5E17H         LINE#         71
  C:5E1AH         LINE#         72
  -------         ENDPROC       _SERIALIZER_SEND
  -------         PROC          _UART_SEND
  X:004DH         SYMBOL        ch
  C:5EA5H         LINE#         74
  C:5EAAH         LINE#         75
  C:5EAAH         LINE#         76
  C:5EB1H         LINE#         77
  C:5EB4H         LINE#         78
  C:5EB6H         LINE#         79
  -------         ENDPROC       _UART_SEND
  -------         PROC          _SERIALIZER_PRINT
  X:004DH         SYMBOL        str
  -------         DO            
  X:0050H         SYMBOL        i
  -------         ENDDO         
  C:5736H         LINE#         81
  C:5741H         LINE#         82
  C:5741H         LINE#         83
  C:5746H         LINE#         84
BL51 BANKED LINKER/LOCATER V6.22                                                      04/28/2019  12:55:31  PAGE 32


  C:5767H         LINE#         85
  C:5767H         LINE#         87
  C:5783H         LINE#         88
  C:578BH         LINE#         90
  C:5790H         LINE#         92
  -------         ENDPROC       _SERIALIZER_PRINT
  -------         PROC          SERIALIZER_INIT_SERIAL
  -------         DO            
  X:0012H         SYMBOL        c
  -------         ENDDO         
  C:5DC0H         LINE#         94
  C:5DC0H         LINE#         95
  C:5DC0H         LINE#         96
  C:5DC5H         LINE#         98
  C:5DC5H         LINE#         99
  C:5DCEH         LINE#         101
  C:5DD7H         LINE#         103
  -------         ENDPROC       SERIALIZER_INIT_SERIAL
  -------         PROC          SERIALIZER_CLEAR_SERIAL
  -------         DO            
  X:003AH         SYMBOL        c
  -------         ENDDO         
  C:5DD8H         LINE#         105
  C:5DD8H         LINE#         106
  C:5DD8H         LINE#         107
  C:5DDDH         LINE#         110
  C:5DDDH         LINE#         111
  C:5DE6H         LINE#         113
  C:5DEFH         LINE#         115
  -------         ENDPROC       SERIALIZER_CLEAR_SERIAL
  -------         PROC          _SERIALIZER_PROCESS
  X:0012H         SYMBOL        parser
  -------         DO            
  X:0015H         SYMBOL        pts
  -------         ENDDO         
  C:2C91H         LINE#         124
  C:2C9CH         LINE#         125
  C:2C9CH         LINE#         126
  C:2CC1H         LINE#         129
  C:2CE3H         LINE#         130
  C:2CE3H         LINE#         131
  C:2CE9H         LINE#         132
  C:2CEEH         LINE#         133
  C:2D0CH         LINE#         134
  C:2D0FH         LINE#         135
  C:2D33H         LINE#         136
  C:2D33H         LINE#         138
  C:2D52H         LINE#         139
  C:2D52H         LINE#         140
  C:2D52H         LINE#         141
  C:2D86H         LINE#         142
  C:2D89H         LINE#         144
  C:2D89H         LINE#         145
  C:2D92H         LINE#         146
  C:2D92H         LINE#         147
  C:2D98H         LINE#         148
  C:2D9BH         LINE#         150
BL51 BANKED LINKER/LOCATER V6.22                                                      04/28/2019  12:55:31  PAGE 33


  C:2D9BH         LINE#         151
  C:2DA1H         LINE#         152
  C:2DA1H         LINE#         153
  C:2DA4H         LINE#         155
  C:2DA4H         LINE#         157
  C:2DADH         LINE#         158
  C:2DADH         LINE#         159
  C:2DB3H         LINE#         160
  C:2DB6H         LINE#         162
  C:2DB6H         LINE#         163
  C:2DBCH         LINE#         164
  C:2DBCH         LINE#         165
  C:2DBFH         LINE#         167
  C:2DBFH         LINE#         168
  C:2DC8H         LINE#         169
  C:2DC8H         LINE#         170
  C:2DCEH         LINE#         171
  C:2DD1H         LINE#         173
[...]
  -------         ENDPROC       _CHOOSE_ADC_INPUT
  -------         PROC          DD_MESURE
  -------         DO            
  X:0009H         SYMBOL        d
  X:000DH         SYMBOL        V_mes
  -------         ENDDO         
  C:5791H         LINE#         314
  C:5791H         LINE#         320
  C:5794H         LINE#         321
  C:5797H         LINE#         323
  C:57B0H         LINE#         326
  C:57DAH         LINE#         328
  C:57E8H         LINE#         330
  -------         ENDPROC       DD_MESURE
  -------         PROC          DD_START_CONVERSION
  -------         DO            
  X:0003H         SYMBOL        conv
  X:0007H         SYMBOL        j
  -------         ENDDO         
  C:593AH         LINE#         333
  C:593AH         LINE#         336
  C:593CH         LINE#         337
  C:593EH         LINE#         338
  C:5941H         LINE#         339
  C:5943H         LINE#         341
  C:596CH         LINE#         343
  C:596EH         LINE#         344
  C:5970H         LINE#         345
  C:5979H         LINE#         346
  C:597BH         LINE#         348
BL51 BANKED LINKER/LOCATER V6.22                                                      04/28/2019  12:55:31  PAGE 45


  C:5989H         LINE#         349
  -------         ENDPROC       DD_START_CONVERSION
  -------         ENDMOD        DISTANCE_DETECTOR

  -------         MODULE        SPI_MASTER
  C:0000H         SYMBOL        _ICE_DUMMY_
  D:009DH         PUBLIC        SPI0CKR
  D:0090H         PUBLIC        P1
  X:0306H         PUBLIC        spi_data_in
  X:030BH         PUBLIC        spi_data_out
  D:00E6H         PUBLIC        EIE1
  D:00E8H         PUBLIC        ADC0CN
  D:00A4H         PUBLIC        P0MDOUT
  D:00A5H         PUBLIC        P1MDOUT
  D:00A8H         PUBLIC        IE
  D:00D8H         PUBLIC        PCA0CN
  D:00B8H         PUBLIC        IP
  C:54ACH         PUBLIC        _spi_cmd_light_OFF
  B:00F8H.3       PUBLIC        TXBSY
  D:00E1H         PUBLIC        XBR0
  C:4C0DH         PUBLIC        _spi_cmd_generate_sound
  D:00C0H         PUBLIC        SMB0CN
  C:4B3DH         PUBLIC        _spi_transmit
  D:00F8H         PUBLIC        SPI0CN
  C:33D3H         PUBLIC        _spi_process
  B:00F8H.7       PUBLIC        SPIF
  D:0088H         PUBLIC        TCON
  X:0310H         PUBLIC        spi_data_in_ptr
  C:5D6DH         PUBLIC        spi_error
  C:5E45H         PUBLIC        _spi_send_char
  C:5432H         PUBLIC        _spi_cmd_light_ON
  C:5D8CH         PUBLIC        Init_SPI
  D:0098H         PUBLIC        SCON0
  B:0090H.0       PUBLIC        slave_selector
  D:00C8H         PUBLIC        T2CON
  D:009AH         PUBLIC        SPI0CFG
  C:4E34H         PUBLIC        _spi_cmd_servo
  D:009BH         PUBLIC        SPI0DAT
  C:5C99H         PUBLIC        spi_int
  D:00D0H         PUBLIC        PSW
  C:5597H         PUBLIC        spi_validate
  -------         PROC          SPI_INT
  C:5C99H         LINE#         30
  C:5CA6H         LINE#         33
  C:5CA8H         LINE#         36
  C:5CBAH         LINE#         38
  C:5CC0H         LINE#         40
  -------         ENDPROC       SPI_INT
  -------         PROC          INIT_SPI
  C:5D8CH         LINE#         48
  C:5D8CH         LINE#         49
  C:5D8CH         LINE#         55
  C:5D8FH         LINE#         59
  C:5D92H         LINE#         60
  C:5D95H         LINE#         61
  C:5D98H         LINE#         63
  C:5D9BH         LINE#         64
BL51 BANKED LINKER/LOCATER V6.22                                                      04/28/2019  12:55:31  PAGE 46


  C:5D9EH         LINE#         65
  C:5DA1H         LINE#         67
  C:5DA3H         LINE#         69
  C:5DA6H         LINE#         70
  -------         ENDPROC       INIT_SPI
  -------         PROC          _SPI_SEND_CHAR
  X:001DH         SYMBOL        a
  C:5E45H         LINE#         78
  C:5E4AH         LINE#         79
  C:5E4CH         LINE#         81
  C:5E53H         LINE#         83
  C:5E56H         LINE#         85
  C:5E58H         LINE#         86
  -------         ENDPROC       _SPI_SEND_CHAR
  -------         PROC          _SPI_TRANSMIT
  X:0018H         SYMBOL        spi_packet
  -------         DO            
  X:001BH         SYMBOL        ptr
  X:001CH         SYMBOL        _delay
  -------         ENDDO         
  C:4B3DH         LINE#         88
  C:4B48H         LINE#         89
  C:4B48H         LINE#         90
  C:4B4DH         LINE#         91
  C:4B52H         LINE#         94
  C:4B64H         LINE#         95
  C:4B69H         LINE#         98
  C:4B6CH         LINE#         100
  C:4B77H         LINE#         101
  C:4B77H         LINE#         102
  C:4B9EH         LINE#         103
  C:4BA4H         LINE#         105
  C:4BBCH         LINE#         106
  C:4BBCH         LINE#         109
  C:4BBFH         LINE#         112
  C:4BC5H         LINE#         113
  C:4BC5H         LINE#         114
  C:4BC8H         LINE#         115
  C:4BCAH         LINE#         116
  C:4BCAH         LINE#         117
  C:4BE0H         LINE#         118
  C:4BE0H         LINE#         121
  C:4BFAH         LINE#         123
  C:4C0CH         LINE#         125
  -------         ENDPROC       _SPI_TRANSMIT
  -------         PROC          _SPI_PROCESS
  X:0012H         SYMBOL        cmd
  X:0015H         SYMBOL        spi_packet
  C:33D3H         LINE#         127
  C:33DEH         LINE#         128
  C:33DEH         LINE#         129
  C:33FBH         LINE#         130
  C:33FBH         LINE#         132
  C:33FBH         LINE#         133
  C:3414H         LINE#         134
  C:3414H         LINE#         135
  C:3444H         LINE#         136
BL51 BANKED LINKER/LOCATER V6.22                                                      04/28/2019  12:55:31  PAGE 47


  C:3459H         LINE#         137
  C:346FH         LINE#         138
  C:3472H         LINE#         139
  C:348DH         LINE#         140
  C:348DH         LINE#         141
  C:34A6H         LINE#         142
  C:34A6H         LINE#         143
  C:34D6H         LINE#         144
  C:34EBH         LINE#         145
  C:3501H         LINE#         146
  C:3504H         LINE#         148
  C:3504H         LINE#         149
  C:3534H         LINE#         150
  C:3549H         LINE#         151
  C:355FH         LINE#         152
  C:355FH         LINE#         153
  C:3561H         LINE#         154
  C:357AH         LINE#         155
  C:357AH         LINE#         156
  C:35AAH         LINE#         157
  C:35BFH         LINE#         158
  C:35D5H         LINE#         159
  C:35D5H         LINE#         160
  C:35D5H         LINE#         161
  C:35D5H         LINE#         163
  C:35D5H         LINE#         165
  C:35D5H         LINE#         167
  C:35D5H         LINE#         169
  C:35EEH         LINE#         170
  C:35EEH         LINE#         171
  C:35FCH         LINE#         172
  C:3611H         LINE#         173
  C:3611H         LINE#         175
  -------         ENDPROC       _SPI_PROCESS
  -------         PROC          _SPI_CMD_SERVO
  X:0018H         SYMBOL        cmd
  X:001BH         SYMBOL        spi_packet
  C:4E34H         LINE#         177
  C:4E3FH         LINE#         178
  C:4E3FH         LINE#         179
  C:4E55H         LINE#         180
  C:4E7FH         LINE#         181
  C:4EB2H         LINE#         182
  C:4EC7H         LINE#         183
  C:4EDCH         LINE#         184
  -------         ENDPROC       _SPI_CMD_SERVO
  -------         PROC          _SPI_CMD_LIGHT_ON
  X:0018H         SYMBOL        cmd
  X:001BH         SYMBOL        spi_packet
  C:5432H         LINE#         186
  C:543DH         LINE#         187
  C:543DH         LINE#         194
  C:5453H         LINE#         195
  C:5469H         LINE#         196
  C:547FH         LINE#         197
  C:5495H         LINE#         198
  C:54ABH         LINE#         200
BL51 BANKED LINKER/LOCATER V6.22                                                      04/28/2019  12:55:31  PAGE 48


  -------         ENDPROC       _SPI_CMD_LIGHT_ON
  -------         PROC          _SPI_CMD_LIGHT_OFF
  X:0018H         SYMBOL        cmd
  X:001BH         SYMBOL        spi_packet
  C:54ACH         LINE#         202
  C:54B7H         LINE#         203
  C:54B7H         LINE#         204
  C:54CDH         LINE#         205
  C:54E2H         LINE#         206
  C:54F7H         LINE#         207
  C:550CH         LINE#         208
  C:5521H         LINE#         210
  -------         ENDPROC       _SPI_CMD_LIGHT_OFF
  -------         PROC          _SPI_CMD_GENERATE_SOUND
  X:0018H         SYMBOL        cmd
  X:001BH         SYMBOL        spi_packet
  C:4C0DH         LINE#         212
  C:4C18H         LINE#         213
  C:4C18H         LINE#         214
  C:4C2EH         LINE#         215
  C:4C58H         LINE#         216
  C:4C82H         LINE#         217
  C:4CACH         LINE#         218
  C:4CD6H         LINE#         219
  -------         ENDPROC       _SPI_CMD_GENERATE_SOUND
  -------         PROC          SPI_VALIDATE
  -------         DO            
  X:001DH         SYMBOL        hash
  X:001FH         SYMBOL        i
  -------         ENDDO         
  C:5597H         LINE#         221
  C:5597H         LINE#         222
  C:5597H         LINE#         223
  C:55A7H         LINE#         225
  C:55C2H         LINE#         226
  C:55C2H         LINE#         227
  C:55E4H         LINE#         228
  C:55F4H         LINE#         230
  C:5606H         LINE#         231
  C:5606H         LINE#         232
  C:5609H         LINE#         233
  C:5609H         LINE#         235
  C:5609H         LINE#         236
  C:560BH         LINE#         237
  C:560BH         LINE#         238
  -------         ENDPROC       SPI_VALIDATE
  -------         PROC          SPI_ERROR
  C:5D6DH         LINE#         240
  C:5D6DH         LINE#         241
  C:5D6DH         LINE#         242
  C:5D73H         LINE#         243
  C:5D79H         LINE#         244
  C:5D7FH         LINE#         245
  C:5D85H         LINE#         246
  C:5D8BH         LINE#         247
  -------         ENDPROC       SPI_ERROR
  -------         ENDMOD        SPI_MASTER
BL51 BANKED LINKER/LOCATER V6.22                                                      04/28/2019  12:55:31  PAGE 49



  -------         MODULE        ?C?FPADD
  C:003DH         PUBLIC        ?C?FPADD
  C:0039H         PUBLIC        ?C?FPSUB
  -------         ENDMOD        ?C?FPADD

  -------         MODULE        ?C?FPMUL
  C:012EH         PUBLIC        ?C?FPMUL
  -------         ENDMOD        ?C?FPMUL

  -------         MODULE        ?C?FPDIV
  C:0237H         PUBLIC        ?C?FPDIV
  -------         ENDMOD        ?C?FPDIV

  -------         MODULE        ?C?FPCMP
  C:02D6H         PUBLIC        ?C?FPCMP
  C:02D4H         PUBLIC        ?C?FPCMP3
  -------         ENDMOD        ?C?FPCMP

  -------         MODULE        ?C?FCAST
  C:0357H         PUBLIC        ?C?FCASTC
  C:0352H         PUBLIC        ?C?FCASTI
  C:034DH         PUBLIC        ?C?FCASTL
  -------         ENDMOD        ?C?FCAST

  -------         MODULE        ?C?CASTF
  C:038BH         PUBLIC        ?C?CASTF
  -------         ENDMOD        ?C?CASTF

  -------         MODULE        PRINTF
  X:003AH         PUBLIC        ?_PRINTF?BYTE
  X:003AH         PUBLIC        ?_SPRINTF?BYTE
  C:1BC8H         PUBLIC        _PRINTF
  C:1BC2H         PUBLIC        _SPRINTF
  -------         ENDMOD        PRINTF

  -------         MODULE        SCANF
  X:0114H         PUBLIC        ?_SCANF?BYTE
  X:0114H         PUBLIC        ?_SSCANF?BYTE
  C:206DH         PUBLIC        _SCANF
  C:2069H         PUBLIC        _SSCANF
  -------         ENDMOD        SCANF

  -------         MODULE        SQRT
  C:4D8CH         PUBLIC        _SQRT
  -------         ENDMOD        SQRT

  -------         MODULE        ATAN
  C:449CH         PUBLIC        _ATAN
  -------         ENDMOD        ATAN

  -------         MODULE        ?C?FPROUND
  C:040CH         PUBLIC        ?C?FPROUND
  -------         ENDMOD        ?C?FPROUND

  -------         MODULE        ?C?FPCONVERT
  C:0449H         PUBLIC        ?C?FPCONVERT
BL51 BANKED LINKER/LOCATER V6.22                                                      04/28/2019  12:55:31  PAGE 50


  -------         ENDMOD        ?C?FPCONVERT

  -------         MODULE        ?C?FPNEG
  C:059BH         PUBLIC        ?C?FPNEG
  -------         ENDMOD        ?C?FPNEG

  -------         MODULE        ?C?FTNPWR
  C:05DCH         PUBLIC        ?C?FTNPWR
  -------         ENDMOD        ?C?FTNPWR

  -------         MODULE        ?C?COPY
  C:06ECH         PUBLIC        ?C?COPY
  -------         ENDMOD        ?C?COPY

  -------         MODULE        ?C?CLDPTR
  C:0712H         PUBLIC        ?C?CLDPTR
  -------         ENDMOD        ?C?CLDPTR

  -------         MODULE        ?C?CLDOPTR
  C:072BH         PUBLIC        ?C?CLDOPTR
  -------         ENDMOD        ?C?CLDOPTR

  -------         MODULE        ?C?CSTPTR
  C:0758H         PUBLIC        ?C?CSTPTR
  -------         ENDMOD        ?C?CSTPTR

  -------         MODULE        ?C?CSTOPTR
  C:076AH         PUBLIC        ?C?CSTOPTR
  -------         ENDMOD        ?C?CSTOPTR

  -------         MODULE        ?C?IMUL
  C:078CH         PUBLIC        ?C?IMUL
  -------         ENDMOD        ?C?IMUL

  -------         MODULE        ?C?ILDPTR
  C:079EH         PUBLIC        ?C?ILDPTR
  -------         ENDMOD        ?C?ILDPTR

  -------         MODULE        ?C?ILDOPTR
  C:07C9H         PUBLIC        ?C?ILDOPTR
  -------         ENDMOD        ?C?ILDOPTR

  -------         MODULE        ?C?ISTPTR
  C:0801H         PUBLIC        ?C?ISTPTR
  -------         ENDMOD        ?C?ISTPTR

  -------         MODULE        ?C?ISTOPTR
  C:0820H         PUBLIC        ?C?ISTOPTR
  -------         ENDMOD        ?C?ISTOPTR

  -------         MODULE        ?C?LNEG
  C:084DH         PUBLIC        ?C?LNEG
  -------         ENDMOD        ?C?LNEG

  -------         MODULE        ?C?LLDOPTR
  C:085BH         PUBLIC        ?C?LLDOPTR
  -------         ENDMOD        ?C?LLDOPTR
BL51 BANKED LINKER/LOCATER V6.22                                                      04/28/2019  12:55:31  PAGE 51



  -------         MODULE        ?C?LSTPTR
  C:088BH         PUBLIC        ?C?LSTPTR
  -------         ENDMOD        ?C?LSTPTR

  -------         MODULE        ?C?LSTOPTR
  C:08A5H         PUBLIC        ?C?LSTOPTR
  -------         ENDMOD        ?C?LSTOPTR

  -------         MODULE        ?C?LLDXDATA
  C:08C9H         PUBLIC        ?C?LLDXDATA
  -------         ENDMOD        ?C?LLDXDATA

  -------         MODULE        ?C?LLDCODE
  C:08D5H         PUBLIC        ?C?LLDCODE
  -------         ENDMOD        ?C?LLDCODE

  -------         MODULE        ?C?LLDXDATA0
  C:08E5H         PUBLIC        ?C?LLDXDATA0
  -------         ENDMOD        ?C?LLDXDATA0

  -------         MODULE        ?C?LLDCODE0
  C:08F1H         PUBLIC        ?C?LLDCODE0
  -------         ENDMOD        ?C?LLDCODE0

  -------         MODULE        ?C?LSTXDATA
  C:0901H         PUBLIC        ?C?LSTXDATA
  -------         ENDMOD        ?C?LSTXDATA

  -------         MODULE        ?C?LSTKXDATA
  C:090DH         PUBLIC        ?C?LSTKXDATA
  -------         ENDMOD        ?C?LSTKXDATA

  -------         MODULE        ?C?OFFXADD
  C:093EH         PUBLIC        ?C?OFFXADD
  -------         ENDMOD        ?C?OFFXADD

  -------         MODULE        ?C?PLDXDATA
  C:094AH         PUBLIC        ?C?PLDXDATA
  -------         ENDMOD        ?C?PLDXDATA

  -------         MODULE        ?C?PLDIXDATA
  C:0953H         PUBLIC        ?C?PLDIXDATA
  -------         ENDMOD        ?C?PLDIXDATA

  -------         MODULE        ?C?PILDXDATA
  C:096AH         PUBLIC        ?C?PILDXDATA
  -------         ENDMOD        ?C?PILDXDATA

  -------         MODULE        ?C?PSTXDATA
  C:0981H         PUBLIC        ?C?PSTXDATA
  -------         ENDMOD        ?C?PSTXDATA

  -------         MODULE        ?C?PLDPTR
  C:098AH         PUBLIC        ?C?PLDPTR
  -------         ENDMOD        ?C?PLDPTR

BL51 BANKED LINKER/LOCATER V6.22                                                      04/28/2019  12:55:31  PAGE 52


  -------         MODULE        ?C?PSTPTR
  C:09AAH         PUBLIC        ?C?PSTPTR
  -------         ENDMOD        ?C?PSTPTR

  -------         MODULE        ?C?PLDOPTR
  C:09F9H         PUBLIC        ?C?PLDOPTR
  -------         ENDMOD        ?C?PLDOPTR

  -------         MODULE        ?C?PSTOPTR
  C:0A29H         PUBLIC        ?C?PSTOPTR
  -------         ENDMOD        ?C?PSTOPTR

  -------         MODULE        ?C?CCASE
  C:0A82H         PUBLIC        ?C?CCASE
  -------         ENDMOD        ?C?CCASE

  -------         MODULE        ?C?ICALL
  C:0AA8H         PUBLIC        ?C?ICALL
  C:0AACH         PUBLIC        ?C?ICALL2
  -------         ENDMOD        ?C?ICALL

  -------         MODULE        PUTCHAR
  C:5D20H         PUBLIC        _PUTCHAR
  -------         ENDMOD        PUTCHAR

  -------         MODULE        GETCHAR
  B:0022H.6       PUBLIC        ?C?CHARLOADED
  X:0311H         PUBLIC        ?_UNGETCHAR?BYTE
  C:5E59H         PUBLIC        GETCHAR
  -------         ENDMOD        GETCHAR

  -------         MODULE        UNGETC
  C:0003H         PUBLIC        _UNGETCHAR
  -------         ENDMOD        UNGETC

  -------         MODULE        ISSPACE
  C:5E6DH         PUBLIC        _isspace
  -------         ENDMOD        ISSPACE

  -------         MODULE        ?C?STRCMP
  C:0C2CH         PUBLIC        ?C?STRCMP
  -------         ENDMOD        ?C?STRCMP

  -------         MODULE        STRLEN
  C:5E30H         PUBLIC        _STRLEN
  -------         ENDMOD        STRLEN

  -------         MODULE        ?C?MEMSET
  C:0C49H         PUBLIC        ?C?MEMSET
  -------         ENDMOD        ?C?MEMSET

  -------         MODULE        ?C?LLDIDATA
  C:0C75H         PUBLIC        ?C?LLDIDATA
  -------         ENDMOD        ?C?LLDIDATA

  -------         MODULE        ?C?LLDPDATA
  C:0C81H         PUBLIC        ?C?LLDPDATA
BL51 BANKED LINKER/LOCATER V6.22                                                      04/28/2019  12:55:31  PAGE 53


  -------         ENDMOD        ?C?LLDPDATA

  -------         MODULE        ?C?LSTIDATA
  C:0C8DH         PUBLIC        ?C?LSTIDATA
  -------         ENDMOD        ?C?LSTIDATA

  -------         MODULE        ?C?LSTPDATA
  C:0C99H         PUBLIC        ?C?LSTPDATA
  -------         ENDMOD        ?C?LSTPDATA

  -------         MODULE        ?C?PLDIDATA
  C:0CA5H         PUBLIC        ?C?PLDIDATA
  -------         ENDMOD        ?C?PLDIDATA

  -------         MODULE        ?C?PSTIDATA
  C:0CAEH         PUBLIC        ?C?PSTIDATA
  -------         ENDMOD        ?C?PSTIDATA

  -------         MODULE        ?C?PLDPDATA
  C:0CB7H         PUBLIC        ?C?PLDPDATA
  -------         ENDMOD        ?C?PLDPDATA

  -------         MODULE        ?C?PSTPDATA
  C:0CC0H         PUBLIC        ?C?PSTPDATA
  -------         ENDMOD        ?C?PSTPDATA

  -------         MODULE        ?C?PLDCODE
  C:0CC9H         PUBLIC        ?C?PLDCODE
  -------         ENDMOD        ?C?PLDCODE

  -------         MODULE        _GETKEY
  C:5F03H         PUBLIC        _GETKEY
  -------         ENDMOD        _GETKEY

*** WARNING L15: MULTIPLE CALL TO SEGMENT
    SEGMENT: ?PR?SCANF?SCANF
    CALLER1: ?C_C51STARTUP
    CALLER2: ?PR?_MOVE_TO_CMD?COMMANDS

*** WARNING L15: MULTIPLE CALL TO SEGMENT
    SEGMENT: ?PR??C?ATOF??C?ATOF
    CALLER1: ?C_C51STARTUP
    CALLER2: ?PR?_MOVE_TO_CMD?COMMANDS

*** WARNING L1: UNRESOLVED EXTERNAL SYMBOL
    SYMBOL:  _DD_OBS_DETECTION
    MODULE:  .\Objects\distance_detector.obj (DISTANCE_DETECTOR)

*** WARNING L2: REFERENCE MADE TO UNRESOLVED EXTERNAL
    SYMBOL:  _DD_OBS_DETECTION
    MODULE:  .\Objects\distance_detector.obj (DISTANCE_DETECTOR)
    ADDRESS: 3BEDH

Program Size: data=33.7 xdata=786 code=24337
LINK/LOCATE RUN COMPLETE.  4 WARNING(S),  0 ERROR(S)
