BL51 BANKED LINKER/LOCATER V6.22                                                        05/14/2019  09:17:26  PAGE 1


BL51 BANKED LINKER/LOCATER V6.22, INVOKED BY:
C:\KEIL_V5\C51\BIN\BL51.EXE .\Objects\STARTUP.obj, .\Objects\commands.obj, .\Objects\commands_parser.obj, .\Objects\main
>> .obj, .\Objects\serializer.obj, .\Objects\motion.obj, .\Objects\distance_detector.obj, .\Objects\spi_master.obj, .\Ob
>> jects\power_sensor.obj, .\Objects\adc.obj TO .\Objects\robot_V1 PRINT (.\Listings\robot_V1.m51) RAMSIZE (256) OVERLAY
>>  (* ! MOVE_TO_CMD)


MEMORY MODEL: LARGE WITH FLOATING POINT ARITHMETIC


INPUT MODULES INCLUDED:
  .\Objects\STARTUP.obj (?C_STARTUP)
  .\Objects\commands.obj (COMMANDS)
  .\Objects\commands_parser.obj (COMMANDS_PARSER)
  .\Objects\main.obj (MAIN)
  .\Objects\serializer.obj (SERIALIZER)
  .\Objects\motion.obj (MOTION)
  .\Objects\distance_detector.obj (DISTANCE_DETECTOR)
  .\Objects\spi_master.obj (SPI_MASTER)
  .\Objects\power_sensor.obj (POWER_SENSOR)
  .\Objects\adc.obj (ADC)
  C:\KEIL_V5\C51\LIB\C51FPL.LIB (?C?FPADD)
  C:\KEIL_V5\C51\LIB\C51FPL.LIB (?C?FPMUL)
  C:\KEIL_V5\C51\LIB\C51FPL.LIB (?C?FPDIV)
  C:\KEIL_V5\C51\LIB\C51FPL.LIB (?C?FPCMP)
  C:\KEIL_V5\C51\LIB\C51FPL.LIB (?C?FCAST)
  C:\KEIL_V5\C51\LIB\C51FPL.LIB (?C?CASTF)
  C:\KEIL_V5\C51\LIB\C51FPL.LIB (PRINTF)
  C:\KEIL_V5\C51\LIB\C51FPL.LIB (SCANF)
  C:\KEIL_V5\C51\LIB\C51FPL.LIB (SQRT)
  C:\KEIL_V5\C51\LIB\C51FPL.LIB (ATAN)
  C:\KEIL_V5\C51\LIB\C51FPL.LIB (?C?FPGETOPN)
  C:\KEIL_V5\C51\LIB\C51FPL.LIB (?C?FPROUND)
  C:\KEIL_V5\C51\LIB\C51FPL.LIB (?C?FPCONVERT)
  C:\KEIL_V5\C51\LIB\C51FPL.LIB (?C?ATOF)
  C:\KEIL_V5\C51\LIB\C51FPL.LIB (?C?FPSERIES)
  C:\KEIL_V5\C51\LIB\C51FPL.LIB (?C?FPNEG)
  C:\KEIL_V5\C51\LIB\C51FPL.LIB (?C?FTNPWR)
  C:\KEIL_V5\C51\LIB\C51L.LIB (?C_INIT)
  C:\KEIL_V5\C51\LIB\C51L.LIB (?C?COPY)
  C:\KEIL_V5\C51\LIB\C51L.LIB (?C?CLDPTR)
  C:\KEIL_V5\C51\LIB\C51L.LIB (?C?CLDOPTR)
  C:\KEIL_V5\C51\LIB\C51L.LIB (?C?CSTPTR)
  C:\KEIL_V5\C51\LIB\C51L.LIB (?C?CSTOPTR)
  C:\KEIL_V5\C51\LIB\C51L.LIB (?C?IMUL)
  C:\KEIL_V5\C51\LIB\C51L.LIB (?C?ILDPTR)
  C:\KEIL_V5\C51\LIB\C51L.LIB (?C?ILDOPTR)
  C:\KEIL_V5\C51\LIB\C51L.LIB (?C?ISTPTR)
  C:\KEIL_V5\C51\LIB\C51L.LIB (?C?ISTOPTR)
  C:\KEIL_V5\C51\LIB\C51L.LIB (?C?LNEG)
  C:\KEIL_V5\C51\LIB\C51L.LIB (?C?LLDOPTR)
  C:\KEIL_V5\C51\LIB\C51L.LIB (?C?LSTPTR)
  C:\KEIL_V5\C51\LIB\C51L.LIB (?C?LSTOPTR)
  C:\KEIL_V5\C51\LIB\C51L.LIB (?C?LLDXDATA)
  C:\KEIL_V5\C51\LIB\C51L.LIB (?C?LLDCODE)
  C:\KEIL_V5\C51\LIB\C51L.LIB (?C?LLDXDATA0)
  C:\KEIL_V5\C51\LIB\C51L.LIB (?C?LLDCODE0)
  C:\KEIL_V5\C51\LIB\C51L.LIB (?C?LSTXDATA)
BL51 BANKED LINKER/LOCATER V6.22                                                      05/14/2019  09:17:26  PAGE 2


  C:\KEIL_V5\C51\LIB\C51L.LIB (?C?LSTKXDATA)
  C:\KEIL_V5\C51\LIB\C51L.LIB (?C?OFFXADD)
  C:\KEIL_V5\C51\LIB\C51L.LIB (?C?PLDXDATA)
  C:\KEIL_V5\C51\LIB\C51L.LIB (?C?PLDIXDATA)
  C:\KEIL_V5\C51\LIB\C51L.LIB (?C?PILDXDATA)
  C:\KEIL_V5\C51\LIB\C51L.LIB (?C?PSTXDATA)
  C:\KEIL_V5\C51\LIB\C51L.LIB (?C?PLDPTR)
  C:\KEIL_V5\C51\LIB\C51L.LIB (?C?PSTPTR)
  C:\KEIL_V5\C51\LIB\C51L.LIB (?C?PLDOPTR)
  C:\KEIL_V5\C51\LIB\C51L.LIB (?C?PSTOPTR)
  C:\KEIL_V5\C51\LIB\C51L.LIB (?C?CCASE)
  C:\KEIL_V5\C51\LIB\C51L.LIB (?C?ICALL)
  C:\KEIL_V5\C51\LIB\C51L.LIB (PUTCHAR)
  C:\KEIL_V5\C51\LIB\C51L.LIB (GETCHAR)
  C:\KEIL_V5\C51\LIB\C51L.LIB (UNGETC)
  C:\KEIL_V5\C51\LIB\C51L.LIB (ISSPACE)
  C:\KEIL_V5\C51\LIB\C51L.LIB (?C?STRCMP)
  C:\KEIL_V5\C51\LIB\C51L.LIB (STRLEN)
  C:\KEIL_V5\C51\LIB\C51L.LIB (?C?MEMSET)
  C:\KEIL_V5\C51\LIB\C51L.LIB (?C?LLDIDATA)
  C:\KEIL_V5\C51\LIB\C51L.LIB (?C?LLDPDATA)
  C:\KEIL_V5\C51\LIB\C51L.LIB (?C?LSTIDATA)
  C:\KEIL_V5\C51\LIB\C51L.LIB (?C?LSTPDATA)
  C:\KEIL_V5\C51\LIB\C51L.LIB (?C?PLDIDATA)
  C:\KEIL_V5\C51\LIB\C51L.LIB (?C?PSTIDATA)
  C:\KEIL_V5\C51\LIB\C51L.LIB (?C?PLDPDATA)
  C:\KEIL_V5\C51\LIB\C51L.LIB (?C?PSTPDATA)
  C:\KEIL_V5\C51\LIB\C51L.LIB (?C?PLDCODE)
  C:\KEIL_V5\C51\LIB\C51L.LIB (_GETKEY)


LINK MAP OF MODULE:  .\Objects\robot_V1 (?C_STARTUP)


            TYPE    BASE      LENGTH    RELOCATION   SEGMENT NAME
            -----------------------------------------------------

            * * * * * * *   D A T A   M E M O R Y   * * * * * * *
            REG     0000H     0008H     ABSOLUTE     "REG BANK 0"
            DATA    0008H     0016H     UNIT         _DATA_GROUP_
                    001EH     0002H                  *** GAP ***
            BIT     0020H.0   0002H.6   UNIT         _BIT_GROUP_
            BIT     0022H.6   0000H.1   UNIT         ?BI?GETCHAR
                    0022H.7   0000H.1                *** GAP ***
            IDATA   0023H     0001H     UNIT         ?STACK

            * * * * * * *  X D A T A   M E M O R Y  * * * * * * *
            XDATA   0000H     0139H     UNIT         _XDATA_GROUP_
            XDATA   0139H     012CH     UNIT         ?XD?COMMANDS_PARSER
            XDATA   0265H     006EH     UNIT         ?XD?SERIALIZER
            XDATA   02D3H     0059H     UNIT         ?XD?MAIN
            XDATA   032CH     0037H     UNIT         ?XD?DISTANCE_DETECTOR
            XDATA   0363H     000CH     UNIT         ?XD?POWER_SENSOR
            XDATA   036FH     000BH     UNIT         ?XD?_SEND_KOB_MOU?COMMANDS_PARSER
            XDATA   037AH     000BH     UNIT         ?XD?SPI_MASTER
            XDATA   0385H     0003H     UNIT         ?XD?_SEND_INFORMATIONS?COMMANDS_PARSER
            XDATA   0388H     0003H     UNIT         ?XD?_SEND_MI_RESULT?COMMANDS_PARSER
BL51 BANKED LINKER/LOCATER V6.22                                                      05/14/2019  09:17:26  PAGE 3


            XDATA   038BH     0003H     UNIT         ?XD?_SEND_ME_RESULT?COMMANDS_PARSER
            XDATA   038EH     0001H     UNIT         ?XD?GETCHAR

            * * * * * * *   C O D E   M E M O R Y   * * * * * * *
            CODE    0000H     0003H     ABSOLUTE     
            CODE    0003H     0008H     UNIT         ?PR?GETCHAR?UNGETCHAR
            CODE    000BH     0003H     ABSOLUTE     
            CODE    000EH     000DH     UNIT         ?PR?PS_INIT_TIMER1?POWER_SENSOR
            CODE    001BH     0003H     ABSOLUTE     
            CODE    001EH     0015H     UNIT         ?PR?_SERIALIZER_SEND?SERIALIZER
            CODE    0033H     0003H     ABSOLUTE     
            CODE    0036H     0C9FH     UNIT         ?C?LIB_CODE
            CODE    0CD5H     052AH     UNIT         ?PR?_DELTA_ANGLE?MOTION
            CODE    11FFH     04B1H     UNIT         ?PR?_GENERATE_SOUND_CMD?COMMANDS
            CODE    16B0H     04ADH     UNIT         ?PR?_LIGHT_BEAM_ON_CMD?COMMANDS
            CODE    1B5DH     0483H     UNIT         ?PR?PRINTF?PRINTF
            CODE    1FE0H     035AH     UNIT         ?PR?SCANF?SCANF
            CODE    233AH     0339H     UNIT         ?PR?_MOVE_TO_CMD?COMMANDS
            CODE    2673H     0330H     UNIT         ?PR?_SPI_PROCESS?SPI_MASTER
            CODE    29A3H     032FH     UNIT         ?PR?_ANGLE_CALIBRATION_PROCESS?SERIALIZER
            CODE    2CD2H     0319H     UNIT         ?PR?_IDLE_NEXT_STATE?SERIALIZER
            CODE    2FEBH     0305H     UNIT         ?PR?_PHOTO_CMD?COMMANDS
            CODE    32F0H     02A7H     UNIT         ?PR?_SERIALIZER_PROCESS?SERIALIZER
            CODE    3597H     0254H     UNIT         ?PR?_SEND_KOB_MOU?COMMANDS_PARSER
            CODE    37EBH     0247H     UNIT         ?PR?_PARSE?COMMANDS_PARSER
            CODE    3A32H     0220H     UNIT         ?PR?_SEND_INFORMATIONS?COMMANDS_PARSER
            CODE    3C52H     0212H     UNIT         ?PR?_AUX_CMD?COMMANDS
            CODE    3E64H     0202H     UNIT         ?C_INITSEG
            CODE    4066H     01F8H     UNIT         ?PR?_DD_SINGLE_MEASURE?DISTANCE_DETECTOR
            CODE    425EH     01A8H     UNIT         ?PR?_SERVO_MOVE_CMD?COMMANDS
            CODE    4406H     017CH     UNIT         ?PR?_ANGLE_ROTATION_CMD?COMMANDS
            CODE    4582H     0167H     UNIT         ?PR?_NAVIGATE?SERIALIZER
            CODE    46E9H     0154H     UNIT         ?PR?_MOVE_FORWARD_CMD?COMMANDS
            CODE    483DH     0154H     UNIT         ?PR?_MOVE_BACKWARD_CMD?COMMANDS
            CODE    4991H     013AH     UNIT         ?PR?_COMPLETE_ROTATION_CMD?COMMANDS
            CODE    4ACBH     0132H     UNIT         ?PR?MAIN?MAIN
            CODE    4BFDH     0122H     UNIT         ?PR?ATAN?ATAN
            CODE    4D1FH     0106H     UNIT         ?PR?_EPREUVE_CMD?COMMANDS
            CODE    4E25H     0100H     UNIT         ?PR?TIMER_0_INT?DISTANCE_DETECTOR
            CODE    4F25H     00FEH     UNIT         ?PR?_MOVETO?SERIALIZER
            CODE    5023H     00E6H     UNIT         ?PR??C?ATOF??C?ATOF
            CODE    5109H     00D3H     UNIT         ?PR?_POWER_SENSOR_PROCESS?POWER_SENSOR
            CODE    51DCH     00D0H     UNIT         ?PR?_SET_DEFAULT_SPEED_CMD?COMMANDS
            CODE    52ACH     00D0H     UNIT         ?PR?_SPI_TRANSMIT?SPI_MASTER
            CODE    537CH     00CBH     UNIT         ?PR?_SPI_CMD_PHOTO_ON?SPI_MASTER
            CODE    5447H     00CAH     UNIT         ?PR?_SPI_CMD_LIGHT_ON?SPI_MASTER
            CODE    5511H     00CAH     UNIT         ?PR?_SPI_CMD_GENERATE_SOUND?SPI_MASTER
            CODE    55DBH     00C5H     UNIT         ?CO?SERIALIZER
            CODE    56A0H     00B8H     UNIT         ?CO?COMMANDS_PARSER
            CODE    5758H     00B1H     UNIT         ?PR?IS_PID_PROCESSING?SERIALIZER
            CODE    5809H     00ACH     UNIT         ?PR?SQRT?SQRT
            CODE    58B5H     00A9H     UNIT         ?PR?_SPI_CMD_SERVO?SPI_MASTER
            CODE    595EH     00A6H     UNIT         ?PR?_TRANSLATE?SERIALIZER
            CODE    5A04H     00A4H     UNIT         ?PR?_MOVEANGLE?SERIALIZER
            CODE    5AA8H     009EH     UNIT         ?PR?_DD_IDLE?DISTANCE_DETECTOR
            CODE    5B46H     009CH     UNIT         ?PR?_WAIT?COMMANDS_PARSER
            CODE    5BE2H     0096H     UNIT         ?PR?_ANGLE_TARGET?MOTION
BL51 BANKED LINKER/LOCATER V6.22                                                      05/14/2019  09:17:26  PAGE 4


            CODE    5C78H     0092H     UNIT         ?PR?_DD_MOVE_SERVO_H?DISTANCE_DETECTOR
            CODE    5D0AH     008CH     UNIT         ?C_C51STARTUP
            CODE    5D96H     008CH     UNIT         ?PR?_SPI_CMD_LIGHT_OFF?SPI_MASTER
            CODE    5E22H     008CH     UNIT         ?PR?_SPI_CMD_PHOTO_OFF?SPI_MASTER
            CODE    5EAEH     0080H     UNIT         ?CO?MAIN
            CODE    5F2EH     0075H     UNIT         ?PR?_DD_SLEW_DETECTION?DISTANCE_DETECTOR
            CODE    5FA3H     0075H     UNIT         ?PR?SPI_VALIDATE?SPI_MASTER
            CODE    6018H     0074H     UNIT         ?PR?TIMER_1_INT?POWER_SENSOR
            CODE    608CH     006CH     UNIT         ?PR?_ROTATE?SERIALIZER
            CODE    60F8H     0063H     UNIT         ?PR?_SETMOTORS?SERIALIZER
            CODE    615BH     0062H     UNIT         ?CO?COMMANDS
            CODE    61BDH     005BH     UNIT         ?PR?_SERIALIZER_PRINT?SERIALIZER
            CODE    6218H     005AH     UNIT         ?PR?_SEND_MI_RESULT?COMMANDS_PARSER
            CODE    6272H     005AH     UNIT         ?PR?_SEND_ME_RESULT?COMMANDS_PARSER
            CODE    62CCH     005AH     UNIT         ?PR?__PRINT?SERIALIZER
            CODE    6326H     0056H     UNIT         ?PR?_USART_PRINT?COMMANDS_PARSER
            CODE    637CH     0055H     UNIT         ?PR?_INIT_PARSER?COMMANDS_PARSER
            CODE    63D1H     0055H     UNIT         ?PR?DD_MESURE?DISTANCE_DETECTOR
            CODE    6426H     0050H     UNIT         ?PR?DD_START_CONVERSION?DISTANCE_DETECTOR
            CODE    6476H     004BH     UNIT         ?PR?_CMD_PARSER_PROCESS?COMMANDS_PARSER
            CODE    64C1H     0048H     UNIT         ?PR?_MOVE_STOP_CMD?COMMANDS
            CODE    6509H     0048H     UNIT         ?PR?_RIGTH_ROTATION_CMD?COMMANDS
            CODE    6551H     0048H     UNIT         ?PR?_LEFT_ROTATION_CMD?COMMANDS
            CODE    6599H     0048H     UNIT         ?PR?_CURRENT_MEASURE?COMMANDS
            CODE    65E1H     0048H     UNIT         ?PR?_ENERGY_MEASURE?COMMANDS
            CODE    6629H     0048H     UNIT         ?PR?_DETECTE_OBSTACLE?COMMANDS
            CODE    6671H     0048H     UNIT         ?PR?_LIGHT_BEAM_OFF_CMD?COMMANDS
            CODE    66B9H     0048H     UNIT         ?PR?_PHOTO_OFF_CMD?COMMANDS
            CODE    6701H     0045H     UNIT         ?PR?_SAFETY_BREAK_CMD?COMMANDS
            CODE    6746H     0045H     UNIT         ?PR?_DISTANCE_DETECTOR_PROCESS?DISTANCE_DETECTOR
            CODE    678BH     0043H     UNIT         ?PR?_GET_COMMAND?COMMANDS_PARSER
            CODE    67CEH     0043H     UNIT         ?PR?SHUNT_MEASURE?POWER_SENSOR
            CODE    6811H     003AH     UNIT         ?PR?_DISTANCE?MOTION
            CODE    684BH     0039H     UNIT         ?PR?CLEAR_VAL_OBS_BUFFER?DISTANCE_DETECTOR
            CODE    6884H     0035H     UNIT         ?PR?_SERIALIZER_RECEIVE?SERIALIZER
            CODE    68B9H     0032H     UNIT         ?PR?_USART_RECEIVE?COMMANDS_PARSER
            CODE    68EBH     0032H     UNIT         ?PR?SPI_INT?SPI_MASTER
            CODE    691DH     002EH     UNIT         ?PR?_STOP?SERIALIZER
            CODE    694BH     0027H     UNIT         ?PR?_DEFAULT_PROCESS?COMMANDS
            CODE    6972H     0027H     UNIT         ?PR?PUTCHAR?PUTCHAR
            CODE    6999H     0026H     UNIT         ?PR?_EPREUVE_STOP?COMMANDS
            CODE    69BFH     0022H     UNIT         ?PR?_IDLE?SERIALIZER
            CODE    69E1H     0022H     UNIT         ?PR?_CHOOSE_ADC_INPUT?ADC
            CODE    6A03H     001FH     UNIT         ?PR?SPI_ERROR?SPI_MASTER
            CODE    6A22H     001DH     UNIT         ?PR?READ_ADC0?ADC
            CODE    6A3FH     001BH     UNIT         ?PR?INIT_SPI?SPI_MASTER
            CODE    6A5AH     0019H     UNIT         ?PR?_DD_SET_ANGLE?DISTANCE_DETECTOR
            CODE    6A73H     0018H     UNIT         ?PR?SERIALIZER_INIT_SERIAL?SERIALIZER
            CODE    6A8BH     0018H     UNIT         ?PR?SERIALIZER_CLEAR_SERIAL?SERIALIZER
            CODE    6AA3H     0016H     UNIT         ?PR?INIT_ADC0?ADC
            CODE    6AB9H     0015H     UNIT         ?PR?_STRLEN?STRLEN
            CODE    6ACEH     0014H     UNIT         ?PR?_SPI_SEND_CHAR?SPI_MASTER
            CODE    6AE2H     0014H     UNIT         ?PR?GETCHAR?GETCHAR
            CODE    6AF6H     0014H     UNIT         ?PR?_ISSPACE?ISSPACE
            CODE    6B0AH     0012H     UNIT         ?PR?_USART_SEND?COMMANDS_PARSER
            CODE    6B1CH     0012H     UNIT         ?PR?INIT_SERIALIZER_UART1?SERIALIZER
            CODE    6B2EH     0012H     UNIT         ?PR?_UART_SEND?SERIALIZER
BL51 BANKED LINKER/LOCATER V6.22                                                      05/14/2019  09:17:26  PAGE 5


            CODE    6B40H     0010H     UNIT         ?PR?VALID_CMD_FLAG?COMMANDS_PARSER
            CODE    6B50H     0010H     UNIT         ?PR?ERROR_CMD_FLAG?COMMANDS_PARSER
            CODE    6B60H     000FH     UNIT         ?PR?INIT_EXTERNAL_CLK?MAIN
            CODE    6B6FH     000FH     UNIT         ?PR?DD_INIT_TIMER0?DISTANCE_DETECTOR
            CODE    6B7EH     000BH     UNIT         ?PR?INIT_DISTANCE_DETECTOR?DISTANCE_DETECTOR
            CODE    6B89H     000AH     UNIT         ?PR?_GETKEY?_GETKEY
            CODE    6B93H     0006H     UNIT         ?PR?INIT_POWER_SENSOR?POWER_SENSOR
            CODE    6B99H     0005H     UNIT         ?PR?_READ_ADC0?ADC
            CODE    6B9EH     0004H     UNIT         ?PR?ENABLE_CROSSBAR?MAIN
            CODE    6BA2H     0003H     UNIT         ?PR?ENABLE_GENERAL_INT?MAIN



OVERLAY MAP OF MODULE:   .\Objects\robot_V1 (?C_STARTUP)


SEGMENT                                             BIT_GROUP          DATA_GROUP          XDATA_GROUP
  +--> CALLED SEGMENT                            START    LENGTH     START    LENGTH     START    LENGTH
--------------------------------------------------------------------------------------------------------
?C_C51STARTUP                                    -----    -----      -----    -----      -----    -----
  +--> ?PR?MAIN?MAIN
  +--> ?C_INITSEG

?PR?MAIN?MAIN                                    -----    -----      -----    -----      -----    -----
  +--> ?PR?INIT_EXTERNAL_CLK?MAIN
  +--> ?PR?_INIT_PARSER?COMMANDS_PARSER
  +--> ?PR?INIT_SERIALIZER_UART1?SERIALIZER
  +--> ?PR?INIT_ADC0?ADC
  +--> ?PR?INIT_POWER_SENSOR?POWER_SENSOR
  +--> ?PR?INIT_DISTANCE_DETECTOR?DISTANCE_D...
  +--> ?PR?INIT_SPI?SPI_MASTER
  +--> ?PR?ENABLE_CROSSBAR?MAIN
  +--> ?PR?ENABLE_GENERAL_INT?MAIN
  +--> ?CO?MAIN
  +--> ?PR?_USART_PRINT?COMMANDS_PARSER
  +--> ?PR?SERIALIZER_INIT_SERIAL?SERIALIZER
  +--> ?PR?_CMD_PARSER_PROCESS?COMMANDS_PARSER
  +--> ?PR?_SERIALIZER_PROCESS?SERIALIZER
  +--> ?PR?_DISTANCE_DETECTOR_PROCESS?DISTAN...
  +--> ?PR?_SPI_PROCESS?SPI_MASTER
  +--> ?PR?_POWER_SENSOR_PROCESS?POWER_SENSOR
  +--> ?PR?_ANGLE_CALIBRATION_PROCESS?SERIAL...

?PR?_INIT_PARSER?COMMANDS_PARSER                 -----    -----      -----    -----      0000H    0003H

?PR?INIT_POWER_SENSOR?POWER_SENSOR               -----    -----      -----    -----      -----    -----
  +--> ?PR?PS_INIT_TIMER1?POWER_SENSOR

?PR?INIT_DISTANCE_DETECTOR?DISTANCE_D...         -----    -----      -----    -----      -----    -----
  +--> ?PR?DD_INIT_TIMER0?DISTANCE_DETECTOR

?PR?_USART_PRINT?COMMANDS_PARSER                 -----    -----      -----    -----      00DFH    0004H
  +--> ?PR?_STRLEN?STRLEN
  +--> ?PR?_USART_SEND?COMMANDS_PARSER

?PR?_USART_SEND?COMMANDS_PARSER                  -----    -----      -----    -----      00E3H    0001H

BL51 BANKED LINKER/LOCATER V6.22                                                      05/14/2019  09:17:26  PAGE 6


?PR?SERIALIZER_INIT_SERIAL?SERIALIZER            -----    -----      -----    -----      0000H    0001H
  +--> ?PR?_SERIALIZER_RECEIVE?SERIALIZER

?PR?_SERIALIZER_RECEIVE?SERIALIZER               -----    -----      -----    -----      004DH    0003H

?PR?_CMD_PARSER_PROCESS?COMMANDS_PARSER          -----    -----      -----    -----      0000H    0003H
  +--> ?PR?_WAIT?COMMANDS_PARSER
  +--> ?PR?_GET_COMMAND?COMMANDS_PARSER

?PR?_WAIT?COMMANDS_PARSER                        -----    -----      -----    -----      0003H    0004H
  +--> ?PR?_USART_RECEIVE?COMMANDS_PARSER
  +--> ?PR?_USART_SEND?COMMANDS_PARSER

?PR?_USART_RECEIVE?COMMANDS_PARSER               -----    -----      -----    -----      0007H    0003H

?PR?_GET_COMMAND?COMMANDS_PARSER                 -----    -----      -----    -----      0003H    0003H
  +--> ?PR?_PARSE?COMMANDS_PARSER
  +--> ?PR?ERROR_CMD_FLAG?COMMANDS_PARSER
  +--> ?PR?VALID_CMD_FLAG?COMMANDS_PARSER
  +--> ?PR?_STRLEN?STRLEN

?PR?_PARSE?COMMANDS_PARSER                       -----    -----      -----    -----      0006H    00D9H
  +--> ?CO?COMMANDS_PARSER
  +--> ?PR?_USART_PRINT?COMMANDS_PARSER

?PR?ERROR_CMD_FLAG?COMMANDS_PARSER               -----    -----      -----    -----      -----    -----
  +--> ?PR?_USART_SEND?COMMANDS_PARSER

?PR?VALID_CMD_FLAG?COMMANDS_PARSER               -----    -----      -----    -----      -----    -----
  +--> ?PR?_USART_SEND?COMMANDS_PARSER

?PR?_SERIALIZER_PROCESS?SERIALIZER               -----    -----      -----    -----      0000H    0008H
  +--> ?CO?SERIALIZER
  +--> ?PR?_IDLE_NEXT_STATE?SERIALIZER

?PR?_IDLE_NEXT_STATE?SERIALIZER                  -----    -----      -----    -----      0008H    0006H

?PR?_DISTANCE_DETECTOR_PROCESS?DISTAN...         -----    -----      -----    -----      0000H    0003H

?PR?_SPI_PROCESS?SPI_MASTER                      -----    -----      -----    -----      0000H    0006H
  +--> ?PR?_SPI_CMD_GENERATE_SOUND?SPI_MASTER
  +--> ?PR?_SPI_CMD_LIGHT_ON?SPI_MASTER
  +--> ?PR?_SPI_CMD_LIGHT_OFF?SPI_MASTER
  +--> ?PR?_SPI_CMD_SERVO?SPI_MASTER
  +--> ?PR?_SPI_CMD_PHOTO_ON?SPI_MASTER
  +--> ?PR?_SPI_CMD_PHOTO_OFF?SPI_MASTER
  +--> ?PR?_SPI_TRANSMIT?SPI_MASTER

?PR?_SPI_CMD_GENERATE_SOUND?SPI_MASTER           -----    -----      -----    -----      0006H    0006H

?PR?_SPI_CMD_LIGHT_ON?SPI_MASTER                 -----    -----      -----    -----      0006H    0006H

?PR?_SPI_CMD_LIGHT_OFF?SPI_MASTER                -----    -----      -----    -----      0006H    0006H

?PR?_SPI_CMD_SERVO?SPI_MASTER                    -----    -----      -----    -----      0006H    0006H

?PR?_SPI_CMD_PHOTO_ON?SPI_MASTER                 -----    -----      -----    -----      0006H    0006H
BL51 BANKED LINKER/LOCATER V6.22                                                      05/14/2019  09:17:26  PAGE 7



?PR?_SPI_CMD_PHOTO_OFF?SPI_MASTER                -----    -----      -----    -----      0006H    0006H

?PR?_SPI_TRANSMIT?SPI_MASTER                     -----    -----      -----    -----      0006H    0005H
  +--> ?PR?_SPI_SEND_CHAR?SPI_MASTER
  +--> ?PR?SPI_VALIDATE?SPI_MASTER
  +--> ?PR?SPI_ERROR?SPI_MASTER

?PR?_SPI_SEND_CHAR?SPI_MASTER                    -----    -----      -----    -----      000BH    0001H

?PR?SPI_VALIDATE?SPI_MASTER                      -----    -----      -----    -----      000BH    0004H

?PR?_POWER_SENSOR_PROCESS?POWER_SENSOR           -----    -----      -----    -----      0000H    0006H

?PR?_ANGLE_CALIBRATION_PROCESS?SERIAL...         -----    -----      -----    -----      0000H    0029H
  +--> ?CO?SERIALIZER
  +--> ?PR?PRINTF?PRINTF
  +--> ?PR?__PRINT?SERIALIZER

?PR?PRINTF?PRINTF                                0020H.0  0001H.1    0008H    0005H      003AH    0030H
  +--> ?PR?PUTCHAR?PUTCHAR

?PR?__PRINT?SERIALIZER                           -----    -----      -----    -----      0029H    0004H
  +--> ?PR?_STRLEN?STRLEN

?C_INITSEG                                       -----    -----      -----    -----      -----    -----
  +--> ?CO?COMMANDS_PARSER
  +--> ?PR?_EPREUVE_CMD?COMMANDS
  +--> ?PR?_EPREUVE_STOP?COMMANDS
  +--> ?PR?_SAFETY_BREAK_CMD?COMMANDS
  +--> ?PR?_SET_DEFAULT_SPEED_CMD?COMMANDS
  +--> ?PR?_MOVE_FORWARD_CMD?COMMANDS
  +--> ?PR?_MOVE_BACKWARD_CMD?COMMANDS
  +--> ?PR?_MOVE_STOP_CMD?COMMANDS
  +--> ?PR?_RIGTH_ROTATION_CMD?COMMANDS
  +--> ?PR?_LEFT_ROTATION_CMD?COMMANDS
  +--> ?PR?_COMPLETE_ROTATION_CMD?COMMANDS
  +--> ?PR?_ANGLE_ROTATION_CMD?COMMANDS
  +--> ?PR?_DEFAULT_PROCESS?COMMANDS
  +--> ?PR?_CURRENT_MEASURE?COMMANDS
  +--> ?PR?_ENERGY_MEASURE?COMMANDS
  +--> ?PR?_DETECTE_OBSTACLE?COMMANDS
  +--> ?PR?_GENERATE_SOUND_CMD?COMMANDS
  +--> ?PR?_LIGHT_BEAM_ON_CMD?COMMANDS
  +--> ?PR?_LIGHT_BEAM_OFF_CMD?COMMANDS
  +--> ?PR?_SERVO_MOVE_CMD?COMMANDS
  +--> ?PR?_PHOTO_CMD?COMMANDS
  +--> ?PR?_PHOTO_OFF_CMD?COMMANDS
  +--> ?PR?_AUX_CMD?COMMANDS
  +--> ?PR?_WAIT?COMMANDS_PARSER
  +--> ?PR?_GET_COMMAND?COMMANDS_PARSER
  +--> ?CO?MAIN
  +--> ?PR?_IDLE?SERIALIZER
  +--> ?PR?_TRANSLATE?SERIALIZER
  +--> ?PR?_MOVETO?SERIALIZER
  +--> ?PR?_ROTATE?SERIALIZER
  +--> ?PR?_NAVIGATE?SERIALIZER
BL51 BANKED LINKER/LOCATER V6.22                                                      05/14/2019  09:17:26  PAGE 8


  +--> ?PR?_STOP?SERIALIZER
  +--> ?PR?_DD_IDLE?DISTANCE_DETECTOR
  +--> ?PR?_DD_MOVE_SERVO_H?DISTANCE_DETECTOR
  +--> ?PR?_DD_SINGLE_MEASURE?DISTANCE_DETECTOR
  +--> ?PR?_DD_SLEW_DETECTION?DISTANCE_DETECTOR

?PR?_EPREUVE_CMD?COMMANDS                        -----    -----      -----    -----      0000H    0005H
  +--> ?CO?COMMANDS
  +--> ?PR?SCANF?SCANF

?PR?SCANF?SCANF                                  0021H.3  0000H.6    0013H    0009H      0102H    002EH
  +--> ?PR?GETCHAR?UNGETCHAR
  +--> ?PR?_ISSPACE?ISSPACE
  +--> ?PR?GETCHAR?GETCHAR
  +--> ?PR??C?ATOF??C?ATOF

?PR?GETCHAR?GETCHAR                              -----    -----      -----    -----      -----    -----
  +--> ?PR?_GETKEY?_GETKEY
  +--> ?PR?PUTCHAR?PUTCHAR

?PR??C?ATOF??C?ATOF                              0022H.1  0000H.5    001CH    0002H      -----    -----

?PR?_EPREUVE_STOP?COMMANDS                       -----    -----      -----    -----      0000H    0003H

?PR?_SAFETY_BREAK_CMD?COMMANDS                   -----    -----      -----    -----      0000H    0003H

?PR?_SET_DEFAULT_SPEED_CMD?COMMANDS              -----    -----      -----    -----      0000H    0005H
  +--> ?CO?COMMANDS
  +--> ?PR?SCANF?SCANF

?PR?_MOVE_FORWARD_CMD?COMMANDS                   -----    -----      -----    -----      0000H    0005H
  +--> ?CO?COMMANDS
  +--> ?PR?SCANF?SCANF

?PR?_MOVE_BACKWARD_CMD?COMMANDS                  -----    -----      -----    -----      0000H    0005H
  +--> ?CO?COMMANDS
  +--> ?PR?SCANF?SCANF

?PR?_MOVE_STOP_CMD?COMMANDS                      -----    -----      -----    -----      0000H    0003H

?PR?_RIGTH_ROTATION_CMD?COMMANDS                 -----    -----      -----    -----      0000H    0003H

?PR?_LEFT_ROTATION_CMD?COMMANDS                  -----    -----      -----    -----      0000H    0003H

?PR?_COMPLETE_ROTATION_CMD?COMMANDS              -----    -----      -----    -----      0000H    0003H
  +--> ?CO?COMMANDS

?PR?_ANGLE_ROTATION_CMD?COMMANDS                 -----    -----      -----    -----      0000H    0005H
  +--> ?CO?COMMANDS
  +--> ?PR?SCANF?SCANF

?PR?_DEFAULT_PROCESS?COMMANDS                    -----    -----      -----    -----      0000H    0003H

?PR?_CURRENT_MEASURE?COMMANDS                    -----    -----      -----    -----      0000H    0003H

?PR?_ENERGY_MEASURE?COMMANDS                     -----    -----      -----    -----      0000H    0003H

BL51 BANKED LINKER/LOCATER V6.22                                                      05/14/2019  09:17:26  PAGE 9


?PR?_DETECTE_OBSTACLE?COMMANDS                   -----    -----      -----    -----      0000H    0003H

?PR?_GENERATE_SOUND_CMD?COMMANDS                 -----    -----      -----    -----      0000H    0025H
  +--> ?CO?COMMANDS
  +--> ?PR?SCANF?SCANF

?PR?_LIGHT_BEAM_ON_CMD?COMMANDS                  -----    -----      -----    -----      0000H    0025H
  +--> ?CO?COMMANDS
  +--> ?PR?SCANF?SCANF

?PR?_LIGHT_BEAM_OFF_CMD?COMMANDS                 -----    -----      -----    -----      0000H    0003H

?PR?_SERVO_MOVE_CMD?COMMANDS                     -----    -----      -----    -----      0000H    0005H
  +--> ?CO?COMMANDS
  +--> ?PR?SCANF?SCANF

?PR?_PHOTO_CMD?COMMANDS                          -----    -----      -----    -----      0000H    001EH
  +--> ?CO?COMMANDS
  +--> ?PR?SCANF?SCANF

?PR?_PHOTO_OFF_CMD?COMMANDS                      -----    -----      -----    -----      0000H    0003H

?PR?_AUX_CMD?COMMANDS                            -----    -----      -----    -----      0000H    0014H
  +--> ?CO?COMMANDS
  +--> ?PR?SCANF?SCANF

?PR?_IDLE?SERIALIZER                             -----    -----      -----    -----      0000H    0003H

?PR?_TRANSLATE?SERIALIZER                        -----    -----      -----    -----      0000H    0004H
  +--> ?PR?_SETMOTORS?SERIALIZER

?PR?_SETMOTORS?SERIALIZER                        -----    -----      -----    -----      0004H    0018H
  +--> ?CO?SERIALIZER
  +--> ?PR?PRINTF?PRINTF
  +--> ?PR?_SERIALIZER_PRINT?SERIALIZER
  +--> ?PR?SERIALIZER_CLEAR_SERIAL?SERIALIZER

?PR?_SERIALIZER_PRINT?SERIALIZER                 -----    -----      -----    -----      004DH    0004H
  +--> ?PR?_STRLEN?STRLEN
  +--> ?PR?_SERIALIZER_SEND?SERIALIZER

?PR?_SERIALIZER_SEND?SERIALIZER                  -----    -----      -----    -----      0051H    0001H

?PR?SERIALIZER_CLEAR_SERIAL?SERIALIZER           -----    -----      -----    -----      003AH    0001H
  +--> ?PR?_SERIALIZER_RECEIVE?SERIALIZER

?PR?_MOVETO?SERIALIZER                           -----    -----      -----    -----      0008H    002DH
  +--> ?PR?_DISTANCE?MOTION
  +--> ?CO?SERIALIZER
  +--> ?PR?PRINTF?PRINTF
  +--> ?PR?_SERIALIZER_PRINT?SERIALIZER
  +--> ?PR?SERIALIZER_CLEAR_SERIAL?SERIALIZER
  +--> ?PR?IS_PID_PROCESSING?SERIALIZER

?PR?_DISTANCE?MOTION                             -----    -----      -----    -----      0035H    0002H
  +--> ?PR?SQRT?SQRT

BL51 BANKED LINKER/LOCATER V6.22                                                      05/14/2019  09:17:26  PAGE 10


?PR?SQRT?SQRT                                    -----    -----      -----    -----      0037H    0004H

?PR?IS_PID_PROCESSING?SERIALIZER                 -----    -----      -----    -----      0035H    0018H
  +--> ?CO?SERIALIZER
  +--> ?PR?_SERIALIZER_PRINT?SERIALIZER
  +--> ?PR?_SERIALIZER_RECEIVE?SERIALIZER
  +--> ?PR?_UART_SEND?SERIALIZER
  +--> ?PR?SCANF?SCANF

?PR?_UART_SEND?SERIALIZER                        -----    -----      -----    -----      004DH    0001H

?PR?_ROTATE?SERIALIZER                           -----    -----      -----    -----      0008H    0004H
  +--> ?PR?_MOVEANGLE?SERIALIZER
  +--> ?PR?IS_PID_PROCESSING?SERIALIZER

?PR?_MOVEANGLE?SERIALIZER                        -----    -----      -----    -----      000CH    002EH
  +--> ?CO?SERIALIZER
  +--> ?PR?PRINTF?PRINTF
  +--> ?PR?_SERIALIZER_PRINT?SERIALIZER
  +--> ?PR?SERIALIZER_CLEAR_SERIAL?SERIALIZER

?PR?_NAVIGATE?SERIALIZER                         -----    -----      -----    -----      0000H    0008H
  +--> ?CO?SERIALIZER
  +--> ?PR?_ANGLE_TARGET?MOTION
  +--> ?PR?_DELTA_ANGLE?MOTION
  +--> ?PR?_ROTATE?SERIALIZER
  +--> ?PR?_MOVETO?SERIALIZER

?PR?_ANGLE_TARGET?MOTION                         -----    -----      -----    -----      0008H    0008H
  +--> ?PR?ATAN?ATAN

?PR?ATAN?ATAN                                    0020H.0  0000H.2    -----    -----      0010H    0004H

?PR?_DELTA_ANGLE?MOTION                          -----    -----      -----    -----      0008H    0008H

?PR?_STOP?SERIALIZER                             -----    -----      -----    -----      0000H    0003H
  +--> ?CO?SERIALIZER
  +--> ?PR?_SERIALIZER_PRINT?SERIALIZER
  +--> ?PR?SERIALIZER_CLEAR_SERIAL?SERIALIZER

?PR?_DD_IDLE?DISTANCE_DETECTOR                   -----    -----      -----    -----      0000H    0003H

?PR?_DD_MOVE_SERVO_H?DISTANCE_DETECTOR           -----    -----      -----    -----      0000H    0003H
  +--> ?PR?_DD_SET_ANGLE?DISTANCE_DETECTOR

?PR?_DD_SET_ANGLE?DISTANCE_DETECTOR              -----    -----      -----    -----      0003H    0002H

?PR?_DD_SINGLE_MEASURE?DISTANCE_DETECTOR         -----    -----      -----    -----      0000H    0003H
  +--> ?PR?CLEAR_VAL_OBS_BUFFER?DISTANCE_DET...
  +--> ?PR?_CHOOSE_ADC_INPUT?ADC
  +--> ?PR?DD_START_CONVERSION?DISTANCE_DETE...

?PR?CLEAR_VAL_OBS_BUFFER?DISTANCE_DET...         -----    -----      -----    -----      0003H    0001H

?PR?_CHOOSE_ADC_INPUT?ADC                        -----    -----      -----    -----      0134H    0001H

?PR?DD_START_CONVERSION?DISTANCE_DETE...         -----    -----      -----    -----      0003H    0006H
BL51 BANKED LINKER/LOCATER V6.22                                                      05/14/2019  09:17:26  PAGE 11


  +--> ?PR?DD_MESURE?DISTANCE_DETECTOR

?PR?DD_MESURE?DISTANCE_DETECTOR                  -----    -----      -----    -----      0009H    0008H
  +--> ?PR?_READ_ADC0?ADC

?PR?_DD_SLEW_DETECTION?DISTANCE_DETECTOR         -----    -----      -----    -----      0000H    0003H
  +--> ?PR?_DD_SET_ANGLE?DISTANCE_DETECTOR

*** NEW ROOT ***************************************************

?PR?_MOVE_TO_CMD?COMMANDS                        -----    -----      -----    -----      00E4H    001EH
  +--> ?CO?COMMANDS
  +--> ?PR?SCANF?SCANF

*** NEW ROOT ***************************************************

?PR?TIMER_0_INT?DISTANCE_DETECTOR                -----    -----      -----    -----      0130H    0004H

*** NEW ROOT ***************************************************

?PR?TIMER_1_INT?POWER_SENSOR                     -----    -----      -----    -----      -----    -----
  +--> ?PR?_CHOOSE_ADC_INPUT?ADC
  +--> ?PR?SHUNT_MEASURE?POWER_SENSOR

?PR?SHUNT_MEASURE?POWER_SENSOR                   -----    -----      -----    -----      0134H    0004H
  +--> ?PR?READ_ADC0?ADC

?PR?READ_ADC0?ADC                                -----    -----      -----    -----      0138H    0001H



UNRESOLVED EXTERNAL SYMBOLS:
   _DD_OBS_DETECTION



SYMBOL TABLE OF MODULE:  .\Objects\robot_V1 (?C_STARTUP)

  VALUE           TYPE          NAME
  ----------------------------------

  -------         MODULE        ?C_STARTUP
  C:5D0AH         SEGMENT       ?C_C51STARTUP
  I:0023H         SEGMENT       ?STACK
  C:0000H         PUBLIC        ?C_STARTUP
  D:00E0H         SYMBOL        ACC
  D:00F0H         SYMBOL        B
  D:0083H         SYMBOL        DPH
  D:0082H         SYMBOL        DPL
  N:0000H         SYMBOL        IBPSTACK
  N:0100H         SYMBOL        IBPSTACKTOP
  N:0080H         SYMBOL        IDATALEN
  C:5D0DH         SYMBOL        IDATALOOP
  N:0000H         SYMBOL        PBPSTACK
  N:0100H         SYMBOL        PBPSTACKTOP
  N:0000H         SYMBOL        PDATALEN
  N:0000H         SYMBOL        PDATASTART
BL51 BANKED LINKER/LOCATER V6.22                                                      05/14/2019  09:17:26  PAGE 12


  N:0000H         SYMBOL        PPAGE
  N:0000H         SYMBOL        PPAGEENABLE
  D:00A0H         SYMBOL        PPAGE_SFR
  D:0081H         SYMBOL        SP
  C:5D0AH         SYMBOL        STARTUP1
  N:0000H         SYMBOL        XBPSTACK
  N:0000H         SYMBOL        XBPSTACKTOP
  N:0000H         SYMBOL        XDATALEN
  N:0000H         SYMBOL        XDATASTART
  C:0000H         LINE#         126
  C:5D0AH         LINE#         133
  C:5D0CH         LINE#         134
  C:5D0DH         LINE#         135
  C:5D0EH         LINE#         136
  C:5D10H         LINE#         186
  C:5D13H         LINE#         197
  -------         ENDMOD        ?C_STARTUP

  -------         MODULE        COMMANDS
  C:0000H         SYMBOL        _ICE_DUMMY_
  C:66B9H         PUBLIC        _photo_OFF_cmd
  C:6509H         PUBLIC        _rigth_rotation_cmd
  C:6701H         PUBLIC        _safety_break_cmd
  C:233AH         PUBLIC        _move_to_cmd
  C:6629H         PUBLIC        _detecte_obstacle
  C:4D1FH         PUBLIC        _epreuve_cmd
  C:6551H         PUBLIC        _left_rotation_cmd
  C:51DCH         PUBLIC        _set_default_speed_cmd
  C:16B0H         PUBLIC        _light_beam_ON_cmd
  C:46E9H         PUBLIC        _move_forward_cmd
  C:6999H         PUBLIC        _epreuve_stop
  C:616BH         SYMBOL        _?ix1000
  C:2FEBH         PUBLIC        _photo_cmd
  C:617AH         SYMBOL        _?ix1001
  C:618EH         SYMBOL        _?ix1002
  C:61A2H         SYMBOL        _?ix1003
  C:61B1H         SYMBOL        _?ix1004
  C:4991H         PUBLIC        _complete_rotation_cmd
  C:694BH         PUBLIC        _default_process
  C:6599H         PUBLIC        _current_measure
  C:425EH         PUBLIC        _servo_move_cmd
  C:3C52H         PUBLIC        _aux_cmd
  C:6671H         PUBLIC        _light_beam_OFF_cmd
  C:65E1H         PUBLIC        _energy_measure
  C:11FFH         PUBLIC        _generate_sound_cmd
  C:483DH         PUBLIC        _move_backward_cmd
  C:4406H         PUBLIC        _angle_rotation_cmd
  C:64C1H         PUBLIC        _move_stop_cmd
  -------         PROC          _DEFAULT_PROCESS
  X:0000H         SYMBOL        cmd_packet
  C:694BH         LINE#         6
  C:6956H         LINE#         7
  C:6956H         LINE#         9
  C:696FH         LINE#         11
  C:6971H         LINE#         12
  -------         ENDPROC       _DEFAULT_PROCESS
  -------         PROC          _EPREUVE_CMD
BL51 BANKED LINKER/LOCATER V6.22                                                      05/14/2019  09:17:26  PAGE 13


  X:0000H         SYMBOL        cmd_packet
  -------         DO            
  X:0003H         SYMBOL        epreuve_index
  -------         ENDDO         
  C:4D1FH         LINE#         18
  C:4D2AH         LINE#         19
  C:4D2AH         LINE#         20
  C:4D33H         LINE#         23
  C:4D4EH         LINE#         24
  C:4D4EH         LINE#         25
  C:4D51H         LINE#         26
  C:4D51H         LINE#         29
  C:4D6EH         LINE#         30
  C:4D6EH         LINE#         32
  C:4DBBH         LINE#         33
  C:4DBBH         LINE#         34
  C:4DBEH         LINE#         35
  C:4DBEH         LINE#         38
  C:4DE4H         LINE#         39
  C:4DE4H         LINE#         40
  C:4DE7H         LINE#         41
  C:4DE7H         LINE#         43
  C:4E07H         LINE#         44
  C:4E09H         LINE#         46
  C:4E09H         LINE#         47
  C:4E22H         LINE#         48
  C:4E22H         LINE#         49
  C:4E24H         LINE#         50
  -------         ENDPROC       _EPREUVE_CMD
  -------         PROC          _EPREUVE_STOP
  X:0000H         SYMBOL        cmd_packet
  C:6999H         LINE#         52
  C:69A4H         LINE#         53
  C:69A4H         LINE#         55
  C:69BCH         LINE#         57
  C:69BEH         LINE#         58
  -------         ENDPROC       _EPREUVE_STOP
  -------         PROC          _SAFETY_BREAK_CMD
  X:0000H         SYMBOL        cmd_packet
  C:6701H         LINE#         61
  C:670CH         LINE#         62
  C:670CH         LINE#         64
  C:6727H         LINE#         65
  C:6727H         LINE#         66
  C:672AH         LINE#         67
  C:672AH         LINE#         69
  C:6743H         LINE#         71
  C:6745H         LINE#         72
  -------         ENDPROC       _SAFETY_BREAK_CMD
  -------         PROC          _SET_DEFAULT_SPEED_CMD
  X:0000H         SYMBOL        cmd_packet
  -------         DO            
  X:0003H         SYMBOL        motor_speed
  -------         ENDDO         
  C:51DCH         LINE#         74
  C:51E7H         LINE#         75
  C:51E7H         LINE#         76
BL51 BANKED LINKER/LOCATER V6.22                                                      05/14/2019  09:17:26  PAGE 14


  C:51F0H         LINE#         79
  C:520AH         LINE#         80
  C:520AH         LINE#         81
  C:520DH         LINE#         82
  C:520DH         LINE#         85
  C:525AH         LINE#         86
  C:525AH         LINE#         87
  C:525DH         LINE#         88
  C:525DH         LINE#         91
  C:5280H         LINE#         92
  C:5280H         LINE#         93
  C:5283H         LINE#         94
  C:5283H         LINE#         96
  C:52A9H         LINE#         98
  C:52ABH         LINE#         99
  -------         ENDPROC       _SET_DEFAULT_SPEED_CMD
  -------         PROC          _MOVE_FORWARD_CMD
  X:0000H         SYMBOL        cmd_packet
  -------         DO            
  X:0003H         SYMBOL        motor_speed
  -------         ENDDO         
  C:46E9H         LINE#         101
  C:46F4H         LINE#         102
  C:46F4H         LINE#         103
  C:46FDH         LINE#         105
  C:4718H         LINE#         106
  C:4718H         LINE#         107
  C:471BH         LINE#         108
  C:471BH         LINE#         110
  C:473AH         LINE#         112
  C:4757H         LINE#         113
  C:4757H         LINE#         115
  C:47A2H         LINE#         116
  C:47A2H         LINE#         117
  C:47A5H         LINE#         118
  C:47A5H         LINE#         121
  C:47C8H         LINE#         122
  C:47C8H         LINE#         123
  C:47CBH         LINE#         124
  C:47CBH         LINE#         126
  C:47F1H         LINE#         127
  C:47F3H         LINE#         128
  C:4814H         LINE#         129
  C:4814H         LINE#         130
  C:483AH         LINE#         131
  C:483AH         LINE#         132
  C:483AH         LINE#         133
  C:483CH         LINE#         134
  -------         ENDPROC       _MOVE_FORWARD_CMD
  -------         PROC          _MOVE_BACKWARD_CMD
  X:0000H         SYMBOL        cmd_packet
  -------         DO            
  X:0003H         SYMBOL        motor_speed
  -------         ENDDO         
  C:483DH         LINE#         136
  C:4848H         LINE#         137
  C:4848H         LINE#         138
BL51 BANKED LINKER/LOCATER V6.22                                                      05/14/2019  09:17:26  PAGE 15


  C:4851H         LINE#         140
  C:486CH         LINE#         141
  C:486CH         LINE#         142
  C:486FH         LINE#         143
  C:486FH         LINE#         145
  C:488EH         LINE#         147
  C:48ABH         LINE#         148
  C:48ABH         LINE#         150
  C:48F6H         LINE#         151
  C:48F6H         LINE#         152
  C:48F9H         LINE#         153
  C:48F9H         LINE#         156
  C:491CH         LINE#         157
  C:491CH         LINE#         158
  C:491FH         LINE#         159
  C:491FH         LINE#         161
  C:4945H         LINE#         162
  C:4947H         LINE#         163
  C:4968H         LINE#         164
  C:4968H         LINE#         165
  C:498EH         LINE#         166
  C:498EH         LINE#         167
  C:498EH         LINE#         168
  C:4990H         LINE#         169
  -------         ENDPROC       _MOVE_BACKWARD_CMD
  -------         PROC          _MOVE_STOP_CMD
  X:0000H         SYMBOL        cmd_packet
  C:64C1H         LINE#         171
  C:64CCH         LINE#         172
  C:64CCH         LINE#         173
  C:64E4H         LINE#         174
  C:64E4H         LINE#         175
  C:64E7H         LINE#         176
  C:64E7H         LINE#         177
  C:6506H         LINE#         178
  C:6508H         LINE#         179
  -------         ENDPROC       _MOVE_STOP_CMD
  -------         PROC          _RIGTH_ROTATION_CMD
  X:0000H         SYMBOL        cmd_packet
  C:6509H         LINE#         181
  C:6514H         LINE#         182
  C:6514H         LINE#         183
  C:652CH         LINE#         184
  C:652CH         LINE#         185
  C:652FH         LINE#         186
  C:652FH         LINE#         188
  C:654EH         LINE#         189
  C:6550H         LINE#         190
  -------         ENDPROC       _RIGTH_ROTATION_CMD
  -------         PROC          _LEFT_ROTATION_CMD
  X:0000H         SYMBOL        cmd_packet
  C:6551H         LINE#         192
  C:655CH         LINE#         193
  C:655CH         LINE#         194
  C:6574H         LINE#         195
  C:6574H         LINE#         196
  C:6577H         LINE#         197
BL51 BANKED LINKER/LOCATER V6.22                                                      05/14/2019  09:17:26  PAGE 16


  C:6577H         LINE#         199
  C:6596H         LINE#         200
  C:6598H         LINE#         201
  -------         ENDPROC       _LEFT_ROTATION_CMD
  -------         PROC          _COMPLETE_ROTATION_CMD
  X:0000H         SYMBOL        cmd_packet
  C:4991H         LINE#         203
  C:499CH         LINE#         204
  C:499CH         LINE#         205
  C:49B7H         LINE#         206
  C:49B7H         LINE#         207
  C:49BAH         LINE#         208
  C:49BAH         LINE#         210
  C:49D7H         LINE#         211
  C:49D7H         LINE#         213
  C:4A3FH         LINE#         215
  C:4A3FH         LINE#         216
  C:4A62H         LINE#         217
  C:4A62H         LINE#         218
  C:4A62H         LINE#         219
  C:4A81H         LINE#         220
  C:4A83H         LINE#         221
  C:4A83H         LINE#         222
  C:4AA2H         LINE#         223
  C:4AA4H         LINE#         224
  C:4AA4H         LINE#         225
  C:4AA6H         LINE#         226
  C:4AA9H         LINE#         227
  C:4AA9H         LINE#         229
  C:4AA9H         LINE#         230
  C:4AC8H         LINE#         231
  C:4AC8H         LINE#         232
  C:4ACAH         LINE#         233
  -------         ENDPROC       _COMPLETE_ROTATION_CMD
  -------         PROC          _ANGLE_ROTATION_CMD
  X:0000H         SYMBOL        cmd_packet
  -------         DO            
  X:0003H         SYMBOL        angle
  -------         ENDDO         
  C:4406H         LINE#         235
  C:4411H         LINE#         236
  C:4411H         LINE#         237
  C:4419H         LINE#         239
  C:4433H         LINE#         240
  C:4433H         LINE#         241
  C:4436H         LINE#         242
  C:4436H         LINE#         244
  C:44A1H         LINE#         246
  C:44A1H         LINE#         247
  C:44C4H         LINE#         248
  C:44C4H         LINE#         249
  C:44C4H         LINE#         250
  C:44E3H         LINE#         251
  C:44E5H         LINE#         252
  C:44E5H         LINE#         253
  C:4504H         LINE#         254
  C:4504H         LINE#         255
BL51 BANKED LINKER/LOCATER V6.22                                                      05/14/2019  09:17:26  PAGE 17


  C:4504H         LINE#         257
  C:454FH         LINE#         258
  C:454FH         LINE#         259
  C:4552H         LINE#         260
  C:4552H         LINE#         262
  C:457AH         LINE#         263
  C:457CH         LINE#         264
  C:457FH         LINE#         265
  C:457FH         LINE#         266
  C:4581H         LINE#         267
  -------         ENDPROC       _ANGLE_ROTATION_CMD
  -------         PROC          _MOVE_TO_CMD
  X:00E4H         SYMBOL        cmd_packet
  -------         DO            
  X:00E7H         SYMBOL        i
  X:00E8H         SYMBOL        j
  X:00E9H         SYMBOL        params
  X:00F8H         SYMBOL        angle
  X:00FAH         SYMBOL        x
  X:00FCH         SYMBOL        y
  X:00FEH         SYMBOL        param_find
  X:00FFH         SYMBOL        str
  -------         ENDDO         
  C:233AH         LINE#         277
  C:2345H         LINE#         278
  C:2345H         LINE#         279
  C:234FH         LINE#         280
  C:2374H         LINE#         281
  C:238CH         LINE#         282
  C:2391H         LINE#         283
  C:23A2H         LINE#         287
  C:23BCH         LINE#         288
  C:23BCH         LINE#         289
  C:23BFH         LINE#         290
  C:23BFH         LINE#         293
  C:23D2H         LINE#         294
  C:23D2H         LINE#         295
  C:240EH         LINE#         298
  C:2421H         LINE#         299
  C:2421H         LINE#         300
  C:245FH         LINE#         301
  C:245FH         LINE#         302
  C:2475H         LINE#         303
  C:2475H         LINE#         304
  C:2475H         LINE#         305
  C:24DEH         LINE#         306
  C:24DEH         LINE#         307
  C:24E1H         LINE#         308
  C:24E1H         LINE#         309
  C:24E1H         LINE#         311
  C:24E1H         LINE#         312
  C:2547H         LINE#         313
  C:2547H         LINE#         314
  C:254AH         LINE#         315
  C:254AH         LINE#         316
  C:254AH         LINE#         318
  C:254AH         LINE#         319
BL51 BANKED LINKER/LOCATER V6.22                                                      05/14/2019  09:17:26  PAGE 18


  C:25B0H         LINE#         320
  C:25B0H         LINE#         321
  C:25B3H         LINE#         322
  C:25B3H         LINE#         323
  C:25B3H         LINE#         325
  C:25B3H         LINE#         326
  C:25B9H         LINE#         327
  C:25BBH         LINE#         328
  C:25BBH         LINE#         329
  C:25C4H         LINE#         331
  C:25CCH         LINE#         332
  C:25CCH         LINE#         333
  C:25CFH         LINE#         334
  C:25CFH         LINE#         335
  C:25D4H         LINE#         336
  C:25D4H         LINE#         338
  C:25DDH         LINE#         340
  C:2605H         LINE#         341
  C:262BH         LINE#         342
  C:2651H         LINE#         343
  C:2670H         LINE#         344
  C:2672H         LINE#         345
  -------         ENDPROC       _MOVE_TO_CMD
  -------         PROC          _CURRENT_MEASURE
  X:0000H         SYMBOL        cmd_packet
  C:6599H         LINE#         347
  C:65A4H         LINE#         348
  C:65A4H         LINE#         349
  C:65BCH         LINE#         350
  C:65BCH         LINE#         351
  C:65BFH         LINE#         352
  C:65BFH         LINE#         354
  C:65DEH         LINE#         356
  C:65E0H         LINE#         357
  -------         ENDPROC       _CURRENT_MEASURE
  -------         PROC          _ENERGY_MEASURE
  X:0000H         SYMBOL        cmd_packet
  C:65E1H         LINE#         359
  C:65ECH         LINE#         360
  C:65ECH         LINE#         361
  C:6604H         LINE#         362
  C:6604H         LINE#         363
  C:6607H         LINE#         364
  C:6607H         LINE#         366
  C:6626H         LINE#         368
  C:6628H         LINE#         369
  -------         ENDPROC       _ENERGY_MEASURE
  -------         PROC          _DETECTE_OBSTACLE
  X:0000H         SYMBOL        cmd_packet
  C:6629H         LINE#         372
  C:6634H         LINE#         373
  C:6634H         LINE#         374
  C:664CH         LINE#         375
  C:664CH         LINE#         376
  C:664FH         LINE#         377
  C:664FH         LINE#         379
  C:666EH         LINE#         380
BL51 BANKED LINKER/LOCATER V6.22                                                      05/14/2019  09:17:26  PAGE 19


  C:6670H         LINE#         381
  -------         ENDPROC       _DETECTE_OBSTACLE
  -------         PROC          _SERVO_MOVE_CMD
  X:0000H         SYMBOL        cmd_packet
  -------         DO            
  X:0003H         SYMBOL        angle
  -------         ENDDO         
  C:425EH         LINE#         383
  C:4269H         LINE#         384
  C:4269H         LINE#         385
  C:4272H         LINE#         387
  C:428DH         LINE#         388
  C:428DH         LINE#         389
  C:4290H         LINE#         390
  C:4290H         LINE#         392
  C:42F8H         LINE#         394
  C:42F8H         LINE#         395
  C:431BH         LINE#         396
  C:431BH         LINE#         397
  C:431BH         LINE#         398
  C:433AH         LINE#         399
  C:433CH         LINE#         400
  C:433CH         LINE#         401
  C:435BH         LINE#         402
  C:435BH         LINE#         403
  C:435BH         LINE#         405
  C:435BH         LINE#         407
  C:438FH         LINE#         408
  C:438FH         LINE#         409
  C:43DAH         LINE#         410
  C:43DAH         LINE#         411
  C:43DDH         LINE#         412
  C:43DDH         LINE#         414
  C:4403H         LINE#         415
  C:4403H         LINE#         417
  C:4405H         LINE#         418
  -------         ENDPROC       _SERVO_MOVE_CMD
  -------         PROC          _LIGHT_BEAM_ON_CMD
  X:0000H         SYMBOL        cmd_packet
  -------         DO            
  X:0003H         SYMBOL        i
  X:0004H         SYMBOL        j
  X:0005H         SYMBOL        params
  X:0019H         SYMBOL        intensity
  X:001BH         SYMBOL        delay_on
  X:001DH         SYMBOL        delay_off
  X:001FH         SYMBOL        nbr_flash
  X:0021H         SYMBOL        param_find
  X:0022H         SYMBOL        str
  -------         ENDDO         
  C:16B0H         LINE#         420
  C:16BBH         LINE#         421
  C:16BBH         LINE#         422
  C:16C5H         LINE#         423
  C:16EAH         LINE#         424
  C:170DH         LINE#         425
  C:1712H         LINE#         426
BL51 BANKED LINKER/LOCATER V6.22                                                      05/14/2019  09:17:26  PAGE 20


  C:1723H         LINE#         429
  C:1757H         LINE#         430
  C:1757H         LINE#         431
  C:175AH         LINE#         432
  C:175AH         LINE#         435
  C:1785H         LINE#         436
  C:1785H         LINE#         437
  C:17C1H         LINE#         440
  C:17D4H         LINE#         441
  C:17D4H         LINE#         442
  C:1812H         LINE#         443
  C:1812H         LINE#         444
  C:182BH         LINE#         445
  C:182BH         LINE#         446
  C:182BH         LINE#         447
  C:1891H         LINE#         448
  C:1891H         LINE#         449
  C:1894H         LINE#         450
  C:1894H         LINE#         452
  C:1894H         LINE#         454
  C:18BDH         LINE#         455
  C:18BDH         LINE#         456
  C:18C0H         LINE#         457
  C:18C0H         LINE#         458
  C:18C0H         LINE#         459
  C:18C0H         LINE#         461
  C:18C0H         LINE#         462
  C:1926H         LINE#         463
  C:1926H         LINE#         464
  C:1929H         LINE#         465
  C:1929H         LINE#         467
  C:1929H         LINE#         469
  C:1952H         LINE#         470
  C:1952H         LINE#         471
  C:1955H         LINE#         472
  C:1955H         LINE#         473
  C:1955H         LINE#         474
  C:1955H         LINE#         476
  C:1955H         LINE#         477
  C:19BBH         LINE#         478
  C:19BBH         LINE#         479
  C:19BEH         LINE#         480
  C:19BEH         LINE#         482
  C:19BEH         LINE#         484
  C:19E4H         LINE#         485
  C:19E4H         LINE#         486
  C:19E7H         LINE#         487
  C:19E7H         LINE#         488
  C:19E7H         LINE#         489
  C:19E7H         LINE#         491
  C:19E7H         LINE#         492
  C:1A4DH         LINE#         493
  C:1A4DH         LINE#         494
  C:1A50H         LINE#         495
  C:1A50H         LINE#         497
  C:1A50H         LINE#         499
  C:1A76H         LINE#         500
BL51 BANKED LINKER/LOCATER V6.22                                                      05/14/2019  09:17:26  PAGE 21


  C:1A76H         LINE#         501
  C:1A79H         LINE#         502
  C:1A79H         LINE#         503
  C:1A79H         LINE#         504
  C:1A79H         LINE#         505
  C:1A79H         LINE#         506
  C:1A7FH         LINE#         507
  C:1A81H         LINE#         508
  C:1A81H         LINE#         509
  C:1A8AH         LINE#         511
  C:1A92H         LINE#         512
  C:1A92H         LINE#         513
  C:1A95H         LINE#         514
  C:1A95H         LINE#         515
  C:1A9AH         LINE#         516
  C:1A9AH         LINE#         518
  C:1AA3H         LINE#         520
  C:1AC2H         LINE#         521
  C:1AE8H         LINE#         522
  C:1B0EH         LINE#         523
  C:1B34H         LINE#         524
  C:1B5AH         LINE#         526
  C:1B5CH         LINE#         527
  -------         ENDPROC       _LIGHT_BEAM_ON_CMD
  -------         PROC          _LIGHT_BEAM_OFF_CMD
  X:0000H         SYMBOL        cmd_packet
  C:6671H         LINE#         529
  C:667CH         LINE#         530
  C:667CH         LINE#         532
  C:6694H         LINE#         533
  C:6694H         LINE#         534
  C:6697H         LINE#         535
  C:6697H         LINE#         537
  C:66B6H         LINE#         539
  C:66B8H         LINE#         540
  -------         ENDPROC       _LIGHT_BEAM_OFF_CMD
  -------         PROC          _GENERATE_SOUND_CMD
  X:0000H         SYMBOL        cmd_packet
  -------         DO            
  X:0003H         SYMBOL        i
  X:0004H         SYMBOL        j
  X:0005H         SYMBOL        params
  X:0019H         SYMBOL        frequency_code
  X:001BH         SYMBOL        delay_son
  X:001DH         SYMBOL        delay_silence
  X:001FH         SYMBOL        nbr_bip
  X:0021H         SYMBOL        param_find
  X:0022H         SYMBOL        str
  -------         ENDDO         
  C:11FFH         LINE#         542
  C:120AH         LINE#         543
  C:120AH         LINE#         544
  C:1214H         LINE#         545
  C:1239H         LINE#         546
  C:125DH         LINE#         547
  C:1262H         LINE#         548
  C:1273H         LINE#         551
BL51 BANKED LINKER/LOCATER V6.22                                                      05/14/2019  09:17:26  PAGE 22


  C:12A7H         LINE#         552
  C:12A7H         LINE#         553
  C:12AAH         LINE#         554
  C:12AAH         LINE#         557
  C:12D5H         LINE#         558
  C:12D5H         LINE#         559
  C:1311H         LINE#         562
  C:1324H         LINE#         563
  C:1324H         LINE#         564
  C:1362H         LINE#         565
  C:1362H         LINE#         566
  C:137BH         LINE#         567
  C:137BH         LINE#         568
  C:137BH         LINE#         569
  C:13E1H         LINE#         570
  C:13E1H         LINE#         571
  C:13E4H         LINE#         572
  C:13E4H         LINE#         574
  C:13E4H         LINE#         576
  C:140DH         LINE#         577
  C:140DH         LINE#         578
  C:1410H         LINE#         579
  C:1410H         LINE#         580
  C:1410H         LINE#         581
  C:1410H         LINE#         583
  C:1410H         LINE#         584
  C:1476H         LINE#         585
  C:1476H         LINE#         586
  C:1479H         LINE#         587
  C:1479H         LINE#         589
  C:1479H         LINE#         591
  C:14A2H         LINE#         592
  C:14A2H         LINE#         593
  C:14A5H         LINE#         594
  C:14A5H         LINE#         595
  C:14A5H         LINE#         596
  C:14A5H         LINE#         598
  C:14A5H         LINE#         599
  C:150BH         LINE#         600
  C:150BH         LINE#         601
  C:150EH         LINE#         602
  C:150EH         LINE#         604
  C:150EH         LINE#         606
  C:1537H         LINE#         607
  C:1537H         LINE#         608
  C:153AH         LINE#         609
  C:153AH         LINE#         610
  C:153AH         LINE#         611
  C:153AH         LINE#         613
  C:153AH         LINE#         614
  C:15A0H         LINE#         615
  C:15A0H         LINE#         616
  C:15A3H         LINE#         617
  C:15A3H         LINE#         619
  C:15A3H         LINE#         621
  C:15C9H         LINE#         622
  C:15C9H         LINE#         623
BL51 BANKED LINKER/LOCATER V6.22                                                      05/14/2019  09:17:26  PAGE 23


  C:15CCH         LINE#         624
  C:15CCH         LINE#         625
  C:15CCH         LINE#         626
  C:15CCH         LINE#         627
  C:15CCH         LINE#         628
  C:15D2H         LINE#         629
  C:15D4H         LINE#         630
  C:15D4H         LINE#         631
  C:15DDH         LINE#         633
  C:15E5H         LINE#         634
  C:15E5H         LINE#         635
  C:15E8H         LINE#         636
  C:15E8H         LINE#         637
  C:15EDH         LINE#         638
  C:15EDH         LINE#         640
  C:15F6H         LINE#         642
  C:1615H         LINE#         643
  C:163BH         LINE#         644
  C:1661H         LINE#         645
  C:1687H         LINE#         646
  C:16ADH         LINE#         648
  C:16AFH         LINE#         650
  -------         ENDPROC       _GENERATE_SOUND_CMD
  -------         PROC          _PHOTO_CMD
  X:0000H         SYMBOL        cmd_packet
  -------         DO            
  X:0003H         SYMBOL        i
  X:0004H         SYMBOL        j
  X:0005H         SYMBOL        params
  X:0014H         SYMBOL        duree_photo
  X:0016H         SYMBOL        nbr_photo
  X:0018H         SYMBOL        mode
  X:001AH         SYMBOL        param_find
  X:001BH         SYMBOL        str
  -------         ENDDO         
  C:2FEBH         LINE#         652
  C:2FF6H         LINE#         653
  C:2FF6H         LINE#         654
  C:3001H         LINE#         655
  C:3026H         LINE#         656
  C:3041H         LINE#         657
  C:3046H         LINE#         658
  C:3057H         LINE#         662
  C:3072H         LINE#         663
  C:3072H         LINE#         664
  C:3075H         LINE#         665
  C:3075H         LINE#         669
  C:3097H         LINE#         670
  C:3097H         LINE#         671
  C:30C4H         LINE#         674
  C:30D7H         LINE#         675
  C:30D7H         LINE#         676
  C:3115H         LINE#         677
  C:3115H         LINE#         678
  C:3131H         LINE#         679
  C:3131H         LINE#         680
  C:3131H         LINE#         681
BL51 BANKED LINKER/LOCATER V6.22                                                      05/14/2019  09:17:26  PAGE 24


  C:3190H         LINE#         682
  C:3190H         LINE#         683
  C:3193H         LINE#         684
  C:3193H         LINE#         685
  C:319AH         LINE#         686
  C:319DH         LINE#         688
  C:319DH         LINE#         689
  C:31FCH         LINE#         690
  C:31FCH         LINE#         691
  C:31FFH         LINE#         692
  C:31FFH         LINE#         693
  C:3206H         LINE#         694
  C:3208H         LINE#         695
  C:3208H         LINE#         696
  C:3211H         LINE#         697
  C:3217H         LINE#         698
  C:3219H         LINE#         699
  C:3219H         LINE#         700
  C:3222H         LINE#         701
  C:3228H         LINE#         702
  C:322AH         LINE#         703
  C:322AH         LINE#         704
  C:3233H         LINE#         705
  C:3239H         LINE#         706
  C:3239H         LINE#         707
  C:3239H         LINE#         708
  C:323FH         LINE#         709
  C:3241H         LINE#         710
  C:3241H         LINE#         711
  C:324AH         LINE#         713
  C:3252H         LINE#         714
  C:3252H         LINE#         715
  C:3255H         LINE#         716
  C:3255H         LINE#         717
  C:325AH         LINE#         718
  C:325AH         LINE#         720
  C:325DH         LINE#         722
  C:3283H         LINE#         723
  C:32A9H         LINE#         724
  C:32EDH         LINE#         725
  C:32EFH         LINE#         726
  -------         ENDPROC       _PHOTO_CMD
  -------         PROC          _PHOTO_OFF_CMD
  X:0000H         SYMBOL        cmd_packet
  C:66B9H         LINE#         728
  C:66C4H         LINE#         729
  C:66C4H         LINE#         731
  C:66DCH         LINE#         732
  C:66DCH         LINE#         733
  C:66DFH         LINE#         734
  C:66DFH         LINE#         736
  C:66FEH         LINE#         738
  C:6700H         LINE#         739
  -------         ENDPROC       _PHOTO_OFF_CMD
  -------         PROC          _AUX_CMD
  X:0000H         SYMBOL        cmd_packet
  -------         DO            
BL51 BANKED LINKER/LOCATER V6.22                                                      05/14/2019  09:17:26  PAGE 25


  X:0003H         SYMBOL        str
  X:0006H         SYMBOL        params
  X:0012H         SYMBOL        ticks_value
  -------         ENDDO         
  C:3C52H         LINE#         741
  C:3C5DH         LINE#         742
  C:3C5DH         LINE#         743
  C:3C6EH         LINE#         744
  C:3C93H         LINE#         745
  C:3C9BH         LINE#         747
  C:3CBCH         LINE#         750
  C:3CE8H         LINE#         751
  C:3CE8H         LINE#         752
  C:3D33H         LINE#         753
  C:3D33H         LINE#         754
  C:3D36H         LINE#         755
  C:3D36H         LINE#         756
  C:3D55H         LINE#         757
  C:3D7DH         LINE#         758
  C:3D80H         LINE#         759
  C:3D80H         LINE#         762
  C:3DA9H         LINE#         763
  C:3DA9H         LINE#         764
  C:3DC8H         LINE#         765
  C:3DCBH         LINE#         766
  C:3DCBH         LINE#         769
  C:3DF4H         LINE#         770
  C:3DF4H         LINE#         771
  C:3E13H         LINE#         772
  C:3E16H         LINE#         773
  C:3E16H         LINE#         776
  C:3E3FH         LINE#         777
  C:3E3FH         LINE#         778
  C:3E5EH         LINE#         779
  C:3E61H         LINE#         780
  C:3E61H         LINE#         782
  C:3E63H         LINE#         783
  -------         ENDPROC       _AUX_CMD
  -------         ENDMOD        COMMANDS

  -------         MODULE        COMMANDS_PARSER
  C:0000H         SYMBOL        _ICE_DUMMY_
  B:0098H.7       PUBLIC        SM00
  D:0090H         PUBLIC        P1
  B:0098H.6       PUBLIC        SM10
  C:6272H         PUBLIC        _send_ME_Result
  C:678BH         PUBLIC        _get_command
  C:6218H         PUBLIC        _send_MI_Result
  C:637CH         PUBLIC        _Init_parser
  D:00E8H         PUBLIC        ADC0CN
  C:6476H         PUBLIC        _cmd_parser_process
  D:00A4H         PUBLIC        P0MDOUT
  X:0179H         PUBLIC        current_state
  D:00A8H         PUBLIC        IE
  B:0098H.4       PUBLIC        REN0
  D:00D8H         PUBLIC        PCA0CN
  D:00B8H         PUBLIC        IP
BL51 BANKED LINKER/LOCATER V6.22                                                      05/14/2019  09:17:26  PAGE 26


  D:00E1H         PUBLIC        XBR0
  C:37EBH         PUBLIC        _parse
  C:6B0AH         PUBLIC        _USART_send
  C:6326H         PUBLIC        _USART_print
  D:00CBH         PUBLIC        RCAP2H
  D:00C0H         PUBLIC        SMB0CN
  C:6B40H         PUBLIC        valid_cmd_flag
  D:00CAH         PUBLIC        RCAP2L
  C:3A32H         PUBLIC        _send_informations
  D:00F8H         PUBLIC        SPI0CN
  D:0088H         PUBLIC        TCON
  C:5B46H         PUBLIC        _wait
  C:3597H         PUBLIC        _send_KOB_MOU
  C:6B50H         PUBLIC        error_cmd_flag
  X:017AH         PUBLIC        dispatch_table
  X:021CH         PUBLIC        MSG_buffer
  X:023CH         PUBLIC        raw_data
  B:0098H.0       PUBLIC        RI0
  B:0098H.1       PUBLIC        TI0
  B:00C8H.2       PUBLIC        TR2
  C:68B9H         PUBLIC        _USART_receive
  B:00C8H.5       PUBLIC        RCLK0
  B:00C8H.4       PUBLIC        TCLK0
  D:0099H         PUBLIC        SBUF0
  D:0098H         PUBLIC        SCON0
  D:00C8H         PUBLIC        T2CON
  D:008EH         PUBLIC        CKCON
  X:025CH         PUBLIC        full_state_machine
  X:0264H         PUBLIC        buffer_index
  D:00D0H         PUBLIC        PSW
  -------         PROC          _INIT_PARSER
  X:0000H         SYMBOL        parser_result
  C:637CH         LINE#         86
  C:6387H         LINE#         87
  C:6387H         LINE#         90
  C:6389H         LINE#         91
  C:638BH         LINE#         92
  C:638DH         LINE#         95
  C:6390H         LINE#         98
  C:6393H         LINE#         102
  C:6396H         LINE#         106
  C:6399H         LINE#         107
  C:639BH         LINE#         108
  C:639DH         LINE#         109
  C:63A0H         LINE#         110
  C:63A3H         LINE#         111
  C:63A5H         LINE#         114
  C:63CEH         LINE#         116
  C:63D0H         LINE#         117
  -------         ENDPROC       _INIT_PARSER
  -------         PROC          _USART_RECEIVE
  X:0007H         SYMBOL        read_byte
  C:68B9H         LINE#         119
  C:68C4H         LINE#         120
  C:68C4H         LINE#         121
  C:68C7H         LINE#         122
  C:68C7H         LINE#         123
BL51 BANKED LINKER/LOCATER V6.22                                                      05/14/2019  09:17:26  PAGE 27


  C:68D7H         LINE#         124
  C:68D9H         LINE#         125
  C:68DAH         LINE#         126
  C:68EAH         LINE#         127
  C:68EAH         LINE#         128
  -------         ENDPROC       _USART_RECEIVE
  -------         PROC          _USART_SEND
  X:00E3H         SYMBOL        ch
  C:6B0AH         LINE#         130
  C:6B0FH         LINE#         131
  C:6B0FH         LINE#         132
  C:6B16H         LINE#         133
  C:6B19H         LINE#         134
  C:6B1BH         LINE#         135
  -------         ENDPROC       _USART_SEND
  -------         PROC          _USART_PRINT
  X:00DFH         SYMBOL        str
  -------         DO            
  X:00E2H         SYMBOL        i
  -------         ENDDO         
  C:6326H         LINE#         145
  C:6331H         LINE#         146
  C:6331H         LINE#         147
  C:6336H         LINE#         148
  C:6357H         LINE#         149
  C:6357H         LINE#         150
  C:6373H         LINE#         151
  C:637BH         LINE#         152
  -------         ENDPROC       _USART_PRINT
  -------         PROC          _CMD_PARSER_PROCESS
  X:0000H         SYMBOL        result
  C:6476H         LINE#         156
  C:6481H         LINE#         157
  C:6481H         LINE#         171
  C:6494H         LINE#         172
  C:6494H         LINE#         173
  C:6494H         LINE#         174
  C:64A2H         LINE#         175
  C:64A3H         LINE#         176
  C:64A3H         LINE#         177
  C:64B1H         LINE#         178
  C:64B2H         LINE#         179
  C:64B2H         LINE#         180
  C:64C0H         LINE#         181
  C:64C0H         LINE#         183
  C:64C0H         LINE#         186
  -------         ENDPROC       _CMD_PARSER_PROCESS
  -------         PROC          _WAIT
  X:0003H         SYMBOL        parser_result
  -------         DO            
  X:0006H         SYMBOL        read_byte
  -------         ENDDO         
  C:5B46H         LINE#         188
  C:5B51H         LINE#         189
  C:5B51H         LINE#         190
  C:5B57H         LINE#         193
  C:5B60H         LINE#         196
BL51 BANKED LINKER/LOCATER V6.22                                                      05/14/2019  09:17:26  PAGE 28


  C:5B76H         LINE#         199
  C:5B80H         LINE#         200
  C:5B89H         LINE#         201
  C:5B89H         LINE#         204
  C:5B9FH         LINE#         205
  C:5BA5H         LINE#         207
  C:5BB6H         LINE#         208
  C:5BBCH         LINE#         209
  C:5BBDH         LINE#         210
  C:5BC5H         LINE#         211
  C:5BDBH         LINE#         212
  C:5BE1H         LINE#         213
  C:5BE1H         LINE#         214
  C:5BE1H         LINE#         215
  -------         ENDPROC       _WAIT
  -------         PROC          _GET_COMMAND
  X:0003H         SYMBOL        parser_result
  C:678BH         LINE#         218
  C:6796H         LINE#         219
  C:6796H         LINE#         221
  C:67A7H         LINE#         222
  C:67A7H         LINE#         224
  C:67AAH         LINE#         225
  C:67ACH         LINE#         226
  C:67AFH         LINE#         227
  C:67AFH         LINE#         230
  C:67C3H         LINE#         231
  C:67C8H         LINE#         233
  C:67CDH         LINE#         234
  -------         ENDPROC       _GET_COMMAND
  -------         PROC          _PARSE
  X:0006H         SYMBOL        parser_result
  -------         DO            
  X:0009H         SYMBOL        commands_data
  X:00D1H         SYMBOL        data_index
  X:00D2H         SYMBOL        ptr
  X:00D3H         SYMBOL        reading_ptr
  X:00D4H         SYMBOL        ret
  X:00D5H         SYMBOL        c
  X:00D6H         SYMBOL        i
  X:00D7H         SYMBOL        run
  X:00D8H         SYMBOL        cmd_packet
  -------         ENDDO         
  C:37EBH         LINE#         237
  C:37F6H         LINE#         238
  C:37F6H         LINE#         242
  C:3805H         LINE#         243
  C:380AH         LINE#         244
  C:3814H         LINE#         245
  C:381AH         LINE#         254
  C:3825H         LINE#         255
  C:3825H         LINE#         256
  C:383BH         LINE#         259
  C:3851H         LINE#         260
  C:3851H         LINE#         261
  C:3851H         LINE#         262
  C:3875H         LINE#         264
BL51 BANKED LINKER/LOCATER V6.22                                                      05/14/2019  09:17:26  PAGE 29


  C:387BH         LINE#         265
  C:3880H         LINE#         266
  C:3883H         LINE#         268
  C:3883H         LINE#         269
  C:38A7H         LINE#         271
  C:38ADH         LINE#         272
  C:38B2H         LINE#         273
  C:38B4H         LINE#         276
  C:38B4H         LINE#         277
  C:38D8H         LINE#         279
  C:38DDH         LINE#         280
  C:38DFH         LINE#         282
  C:38DFH         LINE#         283
  C:3908H         LINE#         284
  C:390EH         LINE#         285
  C:390EH         LINE#         287
  C:3914H         LINE#         288
  C:3917H         LINE#         292
  C:3928H         LINE#         293
  C:3932H         LINE#         294
  C:3951H         LINE#         298
  C:3966H         LINE#         299
  C:3966H         LINE#         300
  C:39A9H         LINE#         301
  C:39A9H         LINE#         303
  C:39EAH         LINE#         304
  C:39EAH         LINE#         305
  C:39F0H         LINE#         306
  C:39F2H         LINE#         307
  C:39FBH         LINE#         308
  C:3A00H         LINE#         309
  C:3A00H         LINE#         316
  C:3A00H         LINE#         317
  C:3A09H         LINE#         320
  C:3A18H         LINE#         321
  C:3A2CH         LINE#         324
  C:3A31H         LINE#         325
  -------         ENDPROC       _PARSE
  -------         PROC          VALID_CMD_FLAG
  C:6B40H         LINE#         327
  C:6B40H         LINE#         328
  C:6B40H         LINE#         329
  C:6B45H         LINE#         330
  C:6B4AH         LINE#         331
  C:6B4FH         LINE#         332
  -------         ENDPROC       VALID_CMD_FLAG
  -------         PROC          ERROR_CMD_FLAG
  C:6B50H         LINE#         334
  C:6B50H         LINE#         335
  C:6B50H         LINE#         336
  C:6B55H         LINE#         337
  C:6B5AH         LINE#         338
  C:6B5FH         LINE#         339
  -------         ENDPROC       ERROR_CMD_FLAG
  -------         PROC          _SEND_INFORMATIONS
  X:0385H         SYMBOL        parser_result
  C:3A32H         LINE#         342
BL51 BANKED LINKER/LOCATER V6.22                                                      05/14/2019  09:17:26  PAGE 30


  C:3A3DH         LINE#         343
  C:3A3DH         LINE#         345
  C:3A5DH         LINE#         346
  C:3A5DH         LINE#         348
  C:3A7FH         LINE#         349
  C:3A7FH         LINE#         350
  C:3AA8H         LINE#         351
  C:3AC6H         LINE#         352
  C:3AC9H         LINE#         354
  C:3AEBH         LINE#         355
  C:3AEBH         LINE#         356
  C:3B14H         LINE#         357
  C:3B32H         LINE#         358
  C:3B35H         LINE#         360
  C:3B57H         LINE#         361
  C:3B57H         LINE#         362
  C:3B80H         LINE#         363
  C:3B9EH         LINE#         364
  C:3BA0H         LINE#         367
  C:3BC2H         LINE#         368
  C:3BC2H         LINE#         369
  C:3BD0H         LINE#         370
  C:3BEEH         LINE#         371
  C:3BF0H         LINE#         381
  C:3BF0H         LINE#         382
  C:3C19H         LINE#         383
  C:3C19H         LINE#         385
  C:3C31H         LINE#         386
  C:3C51H         LINE#         388
  C:3C51H         LINE#         391
  -------         ENDPROC       _SEND_INFORMATIONS
  -------         PROC          _SEND_KOB_MOU
  X:036FH         SYMBOL        parser_result
  -------         DO            
  X:0139H         SYMBOL        msg
  X:0372H         SYMBOL        angle_front
  X:0374H         SYMBOL        angle_back
  X:0376H         SYMBOL        distance_front
  X:0378H         SYMBOL        distance_back
  -------         ENDDO         
  C:3597H         LINE#         393
  C:35A2H         LINE#         394
  C:35A2H         LINE#         397
  C:35B2H         LINE#         398
  C:35C2H         LINE#         400
  C:35D1H         LINE#         402
  C:35F8H         LINE#         403
  C:35F8H         LINE#         404
  C:3623H         LINE#         405
  C:3654H         LINE#         406
  C:369AH         LINE#         407
  C:369DH         LINE#         409
  C:369DH         LINE#         410
  C:36C8H         LINE#         411
  C:36F9H         LINE#         412
  C:372AH         LINE#         413
  C:375BH         LINE#         414
BL51 BANKED LINKER/LOCATER V6.22                                                      05/14/2019  09:17:26  PAGE 31


  C:37C1H         LINE#         415
  C:37C1H         LINE#         418
  C:37EAH         LINE#         420
  -------         ENDPROC       _SEND_KOB_MOU
  -------         PROC          _SEND_MI_RESULT
  X:0388H         SYMBOL        parser_result
  -------         DO            
  X:0159H         SYMBOL        msg
  -------         ENDDO         
  C:6218H         LINE#         422
  C:6223H         LINE#         423
  C:6223H         LINE#         426
  C:6271H         LINE#         427
  -------         ENDPROC       _SEND_MI_RESULT
  -------         PROC          _SEND_ME_RESULT
  X:038BH         SYMBOL        parser_result
  -------         DO            
  X:0169H         SYMBOL        msg
  -------         ENDDO         
  C:6272H         LINE#         429
  C:627DH         LINE#         430
  C:627DH         LINE#         433
  C:62CBH         LINE#         434
  -------         ENDPROC       _SEND_ME_RESULT
  -------         ENDMOD        COMMANDS_PARSER

  -------         MODULE        MAIN
  C:0000H         SYMBOL        _ICE_DUMMY_
  D:0090H         PUBLIC        P1
  B:00A8H.7       PUBLIC        EA
  D:00E8H         PUBLIC        ADC0CN
  D:00A8H         PUBLIC        IE
  X:02D3H         PUBLIC        epreuve_start
  X:02D4H         PUBLIC        parser_result
  D:00D8H         PUBLIC        PCA0CN
  D:00B8H         PUBLIC        IP
  D:00FFH         PUBLIC        Reg
  D:00E3H         PUBLIC        XBR2
  X:02DBH         PUBLIC        informations
  X:02F5H         PUBLIC        dd_packet
  D:00C0H         PUBLIC        SMB0CN
  C:4ACBH         PUBLIC        main
  X:0303H         PUBLIC        spi_packet
  D:00F8H         PUBLIC        SPI0CN
  D:0088H         PUBLIC        TCON
  C:6BA2H         PUBLIC        enable_general_Int
  D:00B2H         PUBLIC        OSCICN
  D:00B1H         PUBLIC        OSCXCN
  X:030CH         PUBLIC        commands
  C:6B60H         PUBLIC        Init_External_clk
  D:0098H         PUBLIC        SCON0
  D:00C8H         PUBLIC        T2CON
  C:6B9EH         PUBLIC        Enable_Crossbar
  D:008EH         PUBLIC        CKCON
  D:00D0H         PUBLIC        PSW
  -------         PROC          INIT_EXTERNAL_CLK
  C:6B60H         LINE#         120
BL51 BANKED LINKER/LOCATER V6.22                                                      05/14/2019  09:17:26  PAGE 32


  C:6B60H         LINE#         121
  C:6B60H         LINE#         123
  C:6B63H         LINE#         124
  C:6B68H         LINE#         127
  C:6B6BH         LINE#         129
  C:6B6EH         LINE#         130
  -------         ENDPROC       INIT_EXTERNAL_CLK
  -------         PROC          ENABLE_CROSSBAR
  C:6B9EH         LINE#         132
  C:6B9EH         LINE#         133
  C:6B9EH         LINE#         135
  C:6BA1H         LINE#         136
  -------         ENDPROC       ENABLE_CROSSBAR
  -------         PROC          ENABLE_GENERAL_INT
  C:6BA2H         LINE#         138
  C:6BA2H         LINE#         139
  C:6BA2H         LINE#         140
  C:6BA4H         LINE#         141
  -------         ENDPROC       ENABLE_GENERAL_INT
  -------         PROC          MAIN
  C:4ACBH         LINE#         144
  C:4ACBH         LINE#         145
  C:4ACBH         LINE#         149
  C:4ACEH         LINE#         150
  C:4AD1H         LINE#         153
  C:4AD4H         LINE#         156
  C:4ADDH         LINE#         160
  C:4AE0H         LINE#         162
  C:4AE3H         LINE#         164
  C:4AE6H         LINE#         166
  C:4AE9H         LINE#         168
  C:4AECH         LINE#         170
  C:4AEFH         LINE#         172
  C:4AF2H         LINE#         174
  C:4AFBH         LINE#         175
  C:4B04H         LINE#         179
  C:4B07H         LINE#         181
  C:4B10H         LINE#         185
  C:4B10H         LINE#         186
  C:4B10H         LINE#         188
  C:4B19H         LINE#         190
  C:4B2CH         LINE#         191
  C:4B2CH         LINE#         192
  C:4B35H         LINE#         193
  C:4B38H         LINE#         194
  C:4B38H         LINE#         196
  C:4B4FH         LINE#         197
[...]
  -------         PROC          _SPI_CMD_LIGHT_OFF
  X:0006H         SYMBOL        cmd
  X:0009H         SYMBOL        spi_packet
  C:5D96H         LINE#         208
  C:5DA1H         LINE#         209
  C:5DA1H         LINE#         211
  C:5DB7H         LINE#         213
  C:5DCDH         LINE#         214
  C:5DE2H         LINE#         215
  C:5DF7H         LINE#         216
  C:5E0CH         LINE#         217
  C:5E21H         LINE#         219
  -------         ENDPROC       _SPI_CMD_LIGHT_OFF
  -------         PROC          _SPI_CMD_GENERATE_SOUND
  X:0006H         SYMBOL        cmd
  X:0009H         SYMBOL        spi_packet
BL51 BANKED LINKER/LOCATER V6.22                                                      05/14/2019  09:17:26  PAGE 52


  C:5511H         LINE#         221
  C:551CH         LINE#         222
  C:551CH         LINE#         223
  C:5532H         LINE#         224
  C:555CH         LINE#         225
  C:5586H         LINE#         226
  C:55B0H         LINE#         227
  C:55DAH         LINE#         228
  -------         ENDPROC       _SPI_CMD_GENERATE_SOUND
  -------         PROC          _SPI_CMD_PHOTO_ON
  X:0006H         SYMBOL        cmd
  X:0009H         SYMBOL        spi_packet
  C:537CH         LINE#         230
  C:5387H         LINE#         231
  C:5387H         LINE#         233
  C:539DH         LINE#         235
  C:53B3H         LINE#         236
  C:53DDH         LINE#         237
  C:5407H         LINE#         238
  C:5431H         LINE#         239
  C:5446H         LINE#         241
  -------         ENDPROC       _SPI_CMD_PHOTO_ON
  -------         PROC          _SPI_CMD_PHOTO_OFF
  X:0006H         SYMBOL        cmd
  X:0009H         SYMBOL        spi_packet
  C:5E22H         LINE#         243
  C:5E2DH         LINE#         244
  C:5E2DH         LINE#         246
  C:5E43H         LINE#         248
  C:5E59H         LINE#         249
  C:5E6EH         LINE#         250
  C:5E83H         LINE#         251
  C:5E98H         LINE#         252
  C:5EADH         LINE#         253
  -------         ENDPROC       _SPI_CMD_PHOTO_OFF
  -------         PROC          SPI_VALIDATE
  -------         DO            
  X:000BH         SYMBOL        hash
  X:000DH         SYMBOL        i
  -------         ENDDO         
  C:5FA3H         LINE#         255
  C:5FA3H         LINE#         256
  C:5FA3H         LINE#         257
  C:5FB3H         LINE#         259
  C:5FCEH         LINE#         260
  C:5FCEH         LINE#         261
  C:5FF0H         LINE#         262
  C:6000H         LINE#         264
  C:6012H         LINE#         265
  C:6012H         LINE#         266
  C:6015H         LINE#         267
  C:6015H         LINE#         269
  C:6015H         LINE#         270
  C:6017H         LINE#         271
  C:6017H         LINE#         272
  -------         ENDPROC       SPI_VALIDATE
  -------         PROC          SPI_ERROR
BL51 BANKED LINKER/LOCATER V6.22                                                      05/14/2019  09:17:26  PAGE 53


  C:6A03H         LINE#         274
  C:6A03H         LINE#         275
  C:6A03H         LINE#         276
  C:6A09H         LINE#         277
  C:6A0FH         LINE#         278
  C:6A15H         LINE#         279
  C:6A1BH         LINE#         280
  C:6A21H         LINE#         281
  -------         ENDPROC       SPI_ERROR
  -------         ENDMOD        SPI_MASTER

  -------         MODULE        POWER_SENSOR
  C:0000H         SYMBOL        _ICE_DUMMY_
  D:0090H         PUBLIC        P1
  X:0363H         PUBLIC        Rshunt
  D:00E8H         PUBLIC        ADC0CN
  C:67CEH         PUBLIC        shunt_measure
  D:00A8H         PUBLIC        IE
  C:5109H         PUBLIC        _power_sensor_process
  D:00D8H         PUBLIC        PCA0CN
  D:00B8H         PUBLIC        IP
  D:00C0H         PUBLIC        SMB0CN
  C:6B93H         PUBLIC        Init_power_sensor
  D:00F8H         PUBLIC        SPI0CN
  C:000EH         PUBLIC        ps_init_timer1
  D:0089H         PUBLIC        TMOD
  D:0088H         PUBLIC        TCON
  B:00A8H.3       PUBLIC        ET1
  D:008DH         PUBLIC        TH1
  D:008BH         PUBLIC        TL1
  X:0367H         PUBLIC        intensite
  C:6018H         PUBLIC        timer_1_int
  X:036BH         PUBLIC        global_energy
  D:0098H         PUBLIC        SCON0
  D:00C8H         PUBLIC        T2CON
  X:036DH         PUBLIC        last_current_measure
  D:00D0H         PUBLIC        PSW
  -------         PROC          TIMER_1_INT
  C:6018H         LINE#         18
  C:6035H         LINE#         21
  C:603AH         LINE#         24
  C:6045H         LINE#         27
  C:606BH         LINE#         30
  C:606EH         LINE#         31
  C:6071H         LINE#         32
  -------         ENDPROC       TIMER_1_INT
  -------         PROC          SHUNT_MEASURE
  -------         DO            
  X:0134H         SYMBOL        v_adc
  -------         ENDDO         
  C:67CEH         LINE#         34
  C:67CEH         LINE#         35
  C:67CEH         LINE#         36
  C:67D8H         LINE#         39
  C:67F4H         LINE#         42
  C:6810H         LINE#         44
  -------         ENDPROC       SHUNT_MEASURE
BL51 BANKED LINKER/LOCATER V6.22                                                      05/14/2019  09:17:26  PAGE 54


  -------         PROC          INIT_POWER_SENSOR
  C:6B93H         LINE#         46
  C:6B93H         LINE#         47
  C:6B93H         LINE#         48
  C:6B96H         LINE#         50
  C:6B98H         LINE#         51
  -------         ENDPROC       INIT_POWER_SENSOR
  -------         PROC          PS_INIT_TIMER1
  C:000EH         LINE#         53
  C:000EH         LINE#         54
  C:000EH         LINE#         56
  C:0011H         LINE#         57
  C:0014H         LINE#         60
  C:0017H         LINE#         61
  C:001AH         LINE#         64
  -------         ENDPROC       PS_INIT_TIMER1
  -------         PROC          _POWER_SENSOR_PROCESS
  X:0000H         SYMBOL        cmd
  X:0003H         SYMBOL        info
  C:5109H         LINE#         66
  C:5114H         LINE#         67
  C:5114H         LINE#         69
  C:512DH         LINE#         70
  C:512DH         LINE#         71
  C:514CH         LINE#         72
  C:5161H         LINE#         73
  C:5177H         LINE#         74
  C:5178H         LINE#         75
  C:5191H         LINE#         76
  C:5191H         LINE#         77
  C:51B0H         LINE#         78
  C:51C5H         LINE#         79
  C:51DBH         LINE#         80
  C:51DBH         LINE#         83
  -------         ENDPROC       _POWER_SENSOR_PROCESS
  -------         ENDMOD        POWER_SENSOR

  -------         MODULE        ADC
  C:0000H         SYMBOL        _ICE_DUMMY_
  D:0090H         PUBLIC        P1
  D:00BCH         PUBLIC        ADC0CF
  D:00E8H         PUBLIC        ADC0CN
  D:00D4H         PUBLIC        DAC0CN
  D:00A8H         PUBLIC        IE
  D:00D8H         PUBLIC        PCA0CN
  D:00B8H         PUBLIC        IP
  D:00D1H         PUBLIC        REF0CN
  B:00E8H.5       PUBLIC        AD0INT
  D:00C0H         PUBLIC        SMB0CN
  D:00F8H         PUBLIC        SPI0CN
  D:0088H         PUBLIC        TCON
  D:00BBH         PUBLIC        AMX0SL
  C:69E1H         PUBLIC        _choose_ADC_input
  C:6B99H         PUBLIC        _read_ADC0
  D:0098H         PUBLIC        SCON0
  D:00C8H         PUBLIC        T2CON
  C:6AA3H         PUBLIC        Init_ADC0
BL51 BANKED LINKER/LOCATER V6.22                                                      05/14/2019  09:17:26  PAGE 55


  C:6A22H         PUBLIC        read_ADC0
  D:00BEH         PUBLIC        ADC0
  B:00E8H.4       PUBLIC        AD0BUSY
  D:00D0H         PUBLIC        PSW
  -------         PROC          INIT_ADC0
  C:6AA3H         LINE#         5
  C:6AA3H         LINE#         6
  C:6AA3H         LINE#         8
  C:6AA6H         LINE#         9
  C:6AA9H         LINE#         10
  C:6AACH         LINE#         14
  C:6AAFH         LINE#         15
  C:6AB2H         LINE#         17
  C:6AB5H         LINE#         18
  C:6AB8H         LINE#         19
  -------         ENDPROC       INIT_ADC0
  -------         PROC          _READ_ADC0
  C:6B99H         LINE#         21
  C:6B99H         LINE#         22
  C:6B99H         LINE#         23
  C:6B9DH         LINE#         24
  -------         ENDPROC       _READ_ADC0
  -------         PROC          READ_ADC0
  -------         DO            
  X:0138H         SYMBOL        adc0
  -------         ENDDO         
  C:6A22H         LINE#         26
  C:6A22H         LINE#         27
  C:6A22H         LINE#         28
  C:6A27H         LINE#         30
  C:6A29H         LINE#         31
  C:6A2BH         LINE#         34
  C:6A2EH         LINE#         36
  C:6A35H         LINE#         38
  C:6A37H         LINE#         40
  C:6A3EH         LINE#         41
  -------         ENDPROC       READ_ADC0
  -------         PROC          _CHOOSE_ADC_INPUT
  X:0134H         SYMBOL        adc_input
  C:69E1H         LINE#         43
  C:69E6H         LINE#         44
  C:69E6H         LINE#         45
  C:69EEH         LINE#         46
  C:69EEH         LINE#         47
  C:69F1H         LINE#         48
  C:69F2H         LINE#         49
  C:69FBH         LINE#         50
  C:69FBH         LINE#         51
  C:69FEH         LINE#         52
  C:69FFH         LINE#         54
  C:69FFH         LINE#         55
  C:6A02H         LINE#         56
  C:6A02H         LINE#         57
  -------         ENDPROC       _CHOOSE_ADC_INPUT
  -------         ENDMOD        ADC

  -------         MODULE        ?C?FPADD
BL51 BANKED LINKER/LOCATER V6.22                                                      05/14/2019  09:17:26  PAGE 56


  C:003DH         PUBLIC        ?C?FPADD
  C:0039H         PUBLIC        ?C?FPSUB
  -------         ENDMOD        ?C?FPADD

  -------         MODULE        ?C?FPMUL
  C:012EH         PUBLIC        ?C?FPMUL
  -------         ENDMOD        ?C?FPMUL

  -------         MODULE        ?C?FPDIV
  C:0237H         PUBLIC        ?C?FPDIV
  -------         ENDMOD        ?C?FPDIV

  -------         MODULE        ?C?FPCMP
  C:02D6H         PUBLIC        ?C?FPCMP
  C:02D4H         PUBLIC        ?C?FPCMP3
  -------         ENDMOD        ?C?FPCMP

  -------         MODULE        ?C?FCAST
  C:0357H         PUBLIC        ?C?FCASTC
  C:0352H         PUBLIC        ?C?FCASTI
  C:034DH         PUBLIC        ?C?FCASTL
  -------         ENDMOD        ?C?FCAST

  -------         MODULE        ?C?CASTF
  C:038BH         PUBLIC        ?C?CASTF
  -------         ENDMOD        ?C?CASTF

  -------         MODULE        PRINTF
  X:003AH         PUBLIC        ?_PRINTF?BYTE
  X:003AH         PUBLIC        ?_SPRINTF?BYTE
  C:1BC8H         PUBLIC        _PRINTF
  C:1BC2H         PUBLIC        _SPRINTF
  -------         ENDMOD        PRINTF

  -------         MODULE        SCANF
  X:0102H         PUBLIC        ?_SCANF?BYTE
  X:0102H         PUBLIC        ?_SSCANF?BYTE
  C:206DH         PUBLIC        _SCANF
  C:2069H         PUBLIC        _SSCANF
  -------         ENDMOD        SCANF

  -------         MODULE        SQRT
  C:580DH         PUBLIC        _SQRT
  -------         ENDMOD        SQRT

  -------         MODULE        ATAN
  C:4C1DH         PUBLIC        _ATAN
  -------         ENDMOD        ATAN

  -------         MODULE        ?C?FPROUND
  C:040CH         PUBLIC        ?C?FPROUND
  -------         ENDMOD        ?C?FPROUND

  -------         MODULE        ?C?FPCONVERT
  C:0449H         PUBLIC        ?C?FPCONVERT
  -------         ENDMOD        ?C?FPCONVERT

BL51 BANKED LINKER/LOCATER V6.22                                                      05/14/2019  09:17:26  PAGE 57


  -------         MODULE        ?C?FPNEG
  C:059BH         PUBLIC        ?C?FPNEG
  -------         ENDMOD        ?C?FPNEG

  -------         MODULE        ?C?FTNPWR
  C:05DCH         PUBLIC        ?C?FTNPWR
  -------         ENDMOD        ?C?FTNPWR

  -------         MODULE        ?C?COPY
  C:06ECH         PUBLIC        ?C?COPY
  -------         ENDMOD        ?C?COPY

  -------         MODULE        ?C?CLDPTR
  C:0712H         PUBLIC        ?C?CLDPTR
  -------         ENDMOD        ?C?CLDPTR

  -------         MODULE        ?C?CLDOPTR
  C:072BH         PUBLIC        ?C?CLDOPTR
  -------         ENDMOD        ?C?CLDOPTR

  -------         MODULE        ?C?CSTPTR
  C:0758H         PUBLIC        ?C?CSTPTR
  -------         ENDMOD        ?C?CSTPTR

  -------         MODULE        ?C?CSTOPTR
  C:076AH         PUBLIC        ?C?CSTOPTR
  -------         ENDMOD        ?C?CSTOPTR

  -------         MODULE        ?C?IMUL
  C:078CH         PUBLIC        ?C?IMUL
  -------         ENDMOD        ?C?IMUL

  -------         MODULE        ?C?ILDPTR
  C:079EH         PUBLIC        ?C?ILDPTR
  -------         ENDMOD        ?C?ILDPTR

  -------         MODULE        ?C?ILDOPTR
  C:07C9H         PUBLIC        ?C?ILDOPTR
  -------         ENDMOD        ?C?ILDOPTR

  -------         MODULE        ?C?ISTPTR
  C:0801H         PUBLIC        ?C?ISTPTR
  -------         ENDMOD        ?C?ISTPTR

  -------         MODULE        ?C?ISTOPTR
  C:0820H         PUBLIC        ?C?ISTOPTR
  -------         ENDMOD        ?C?ISTOPTR

  -------         MODULE        ?C?LNEG
  C:084DH         PUBLIC        ?C?LNEG
  -------         ENDMOD        ?C?LNEG

  -------         MODULE        ?C?LLDOPTR
  C:085BH         PUBLIC        ?C?LLDOPTR
  -------         ENDMOD        ?C?LLDOPTR

  -------         MODULE        ?C?LSTPTR
BL51 BANKED LINKER/LOCATER V6.22                                                      05/14/2019  09:17:26  PAGE 58


  C:088BH         PUBLIC        ?C?LSTPTR
  -------         ENDMOD        ?C?LSTPTR

  -------         MODULE        ?C?LSTOPTR
  C:08A5H         PUBLIC        ?C?LSTOPTR
  -------         ENDMOD        ?C?LSTOPTR

  -------         MODULE        ?C?LLDXDATA
  C:08C9H         PUBLIC        ?C?LLDXDATA
  -------         ENDMOD        ?C?LLDXDATA

  -------         MODULE        ?C?LLDCODE
  C:08D5H         PUBLIC        ?C?LLDCODE
  -------         ENDMOD        ?C?LLDCODE

  -------         MODULE        ?C?LLDXDATA0
  C:08E5H         PUBLIC        ?C?LLDXDATA0
  -------         ENDMOD        ?C?LLDXDATA0

  -------         MODULE        ?C?LLDCODE0
  C:08F1H         PUBLIC        ?C?LLDCODE0
  -------         ENDMOD        ?C?LLDCODE0

  -------         MODULE        ?C?LSTXDATA
  C:0901H         PUBLIC        ?C?LSTXDATA
  -------         ENDMOD        ?C?LSTXDATA

  -------         MODULE        ?C?LSTKXDATA
  C:090DH         PUBLIC        ?C?LSTKXDATA
  -------         ENDMOD        ?C?LSTKXDATA

  -------         MODULE        ?C?OFFXADD
  C:093EH         PUBLIC        ?C?OFFXADD
  -------         ENDMOD        ?C?OFFXADD

  -------         MODULE        ?C?PLDXDATA
  C:094AH         PUBLIC        ?C?PLDXDATA
  -------         ENDMOD        ?C?PLDXDATA

  -------         MODULE        ?C?PLDIXDATA
  C:0953H         PUBLIC        ?C?PLDIXDATA
  -------         ENDMOD        ?C?PLDIXDATA

  -------         MODULE        ?C?PILDXDATA
  C:096AH         PUBLIC        ?C?PILDXDATA
  -------         ENDMOD        ?C?PILDXDATA

  -------         MODULE        ?C?PSTXDATA
  C:0981H         PUBLIC        ?C?PSTXDATA
  -------         ENDMOD        ?C?PSTXDATA

  -------         MODULE        ?C?PLDPTR
  C:098AH         PUBLIC        ?C?PLDPTR
  -------         ENDMOD        ?C?PLDPTR

  -------         MODULE        ?C?PSTPTR
  C:09AAH         PUBLIC        ?C?PSTPTR
BL51 BANKED LINKER/LOCATER V6.22                                                      05/14/2019  09:17:26  PAGE 59


  -------         ENDMOD        ?C?PSTPTR

  -------         MODULE        ?C?PLDOPTR
  C:09F9H         PUBLIC        ?C?PLDOPTR
  -------         ENDMOD        ?C?PLDOPTR

  -------         MODULE        ?C?PSTOPTR
  C:0A29H         PUBLIC        ?C?PSTOPTR
  -------         ENDMOD        ?C?PSTOPTR

  -------         MODULE        ?C?CCASE
  C:0A82H         PUBLIC        ?C?CCASE
  -------         ENDMOD        ?C?CCASE

  -------         MODULE        ?C?ICALL
  C:0AA8H         PUBLIC        ?C?ICALL
  C:0AACH         PUBLIC        ?C?ICALL2
  -------         ENDMOD        ?C?ICALL

  -------         MODULE        PUTCHAR
  C:6972H         PUBLIC        _PUTCHAR
  -------         ENDMOD        PUTCHAR

  -------         MODULE        GETCHAR
  B:0022H.6       PUBLIC        ?C?CHARLOADED
  X:038EH         PUBLIC        ?_UNGETCHAR?BYTE
  C:6AE2H         PUBLIC        GETCHAR
  -------         ENDMOD        GETCHAR

  -------         MODULE        UNGETC
  C:0003H         PUBLIC        _UNGETCHAR
  -------         ENDMOD        UNGETC

  -------         MODULE        ISSPACE
  C:6AF6H         PUBLIC        _isspace
  -------         ENDMOD        ISSPACE

  -------         MODULE        ?C?STRCMP
  C:0C2CH         PUBLIC        ?C?STRCMP
  -------         ENDMOD        ?C?STRCMP

  -------         MODULE        STRLEN
  C:6AB9H         PUBLIC        _STRLEN
  -------         ENDMOD        STRLEN

  -------         MODULE        ?C?MEMSET
  C:0C49H         PUBLIC        ?C?MEMSET
  -------         ENDMOD        ?C?MEMSET

  -------         MODULE        ?C?LLDIDATA
  C:0C75H         PUBLIC        ?C?LLDIDATA
  -------         ENDMOD        ?C?LLDIDATA

  -------         MODULE        ?C?LLDPDATA
  C:0C81H         PUBLIC        ?C?LLDPDATA
  -------         ENDMOD        ?C?LLDPDATA

BL51 BANKED LINKER/LOCATER V6.22                                                      05/14/2019  09:17:26  PAGE 60


  -------         MODULE        ?C?LSTIDATA
  C:0C8DH         PUBLIC        ?C?LSTIDATA
  -------         ENDMOD        ?C?LSTIDATA

  -------         MODULE        ?C?LSTPDATA
  C:0C99H         PUBLIC        ?C?LSTPDATA
  -------         ENDMOD        ?C?LSTPDATA

  -------         MODULE        ?C?PLDIDATA
  C:0CA5H         PUBLIC        ?C?PLDIDATA
  -------         ENDMOD        ?C?PLDIDATA

  -------         MODULE        ?C?PSTIDATA
  C:0CAEH         PUBLIC        ?C?PSTIDATA
  -------         ENDMOD        ?C?PSTIDATA

  -------         MODULE        ?C?PLDPDATA
  C:0CB7H         PUBLIC        ?C?PLDPDATA
  -------         ENDMOD        ?C?PLDPDATA

  -------         MODULE        ?C?PSTPDATA
  C:0CC0H         PUBLIC        ?C?PSTPDATA
  -------         ENDMOD        ?C?PSTPDATA

  -------         MODULE        ?C?PLDCODE
  C:0CC9H         PUBLIC        ?C?PLDCODE
  -------         ENDMOD        ?C?PLDCODE

  -------         MODULE        _GETKEY
  C:6B89H         PUBLIC        _GETKEY
  -------         ENDMOD        _GETKEY

*** WARNING L16: UNCALLED SEGMENT, IGNORED FOR OVERLAY PROCESS
    SEGMENT: ?PR?_SEND_INFORMATIONS?COMMANDS_PARSER

*** WARNING L16: UNCALLED SEGMENT, IGNORED FOR OVERLAY PROCESS
    SEGMENT: ?PR?_SEND_MI_RESULT?COMMANDS_PARSER

*** WARNING L16: UNCALLED SEGMENT, IGNORED FOR OVERLAY PROCESS
    SEGMENT: ?PR?_SEND_ME_RESULT?COMMANDS_PARSER

*** WARNING L15: MULTIPLE CALL TO SEGMENT
    SEGMENT: ?PR?SCANF?SCANF
    CALLER1: ?C_C51STARTUP
    CALLER2: ?PR?_MOVE_TO_CMD?COMMANDS

*** WARNING L15: MULTIPLE CALL TO SEGMENT
    SEGMENT: ?PR??C?ATOF??C?ATOF
    CALLER1: ?C_C51STARTUP
    CALLER2: ?PR?_MOVE_TO_CMD?COMMANDS

*** WARNING L15: MULTIPLE CALL TO SEGMENT
    SEGMENT: ?PR?_CHOOSE_ADC_INPUT?ADC
    CALLER1: ?C_C51STARTUP
    CALLER2: ?PR?TIMER_1_INT?POWER_SENSOR

*** WARNING L1: UNRESOLVED EXTERNAL SYMBOL
BL51 BANKED LINKER/LOCATER V6.22                                                      05/14/2019  09:17:26  PAGE 61


    SYMBOL:  _DD_OBS_DETECTION
    MODULE:  .\Objects\distance_detector.obj (DISTANCE_DETECTOR)

*** WARNING L2: REFERENCE MADE TO UNRESOLVED EXTERNAL
    SYMBOL:  _DD_OBS_DETECTION
    MODULE:  .\Objects\distance_detector.obj (DISTANCE_DETECTOR)
    ADDRESS: 4030H

Program Size: data=33.7 xdata=911 code=27557
LINK/LOCATE RUN COMPLETE.  8 WARNING(S),  0 ERROR(S)
