BL51 BANKED LINKER/LOCATER V6.22                                                        04/28/2019  16:27:11  PAGE 1


BL51 BANKED LINKER/LOCATER V6.22, INVOKED BY:
C:\KEIL_V5\C51\BIN\BL51.EXE .\Objects\STARTUP.obj, .\Objects\commands.obj, .\Objects\commands_parser.obj, .\Objects\main
>> .obj, .\Objects\serializer.obj, .\Objects\motion.obj, .\Objects\distance_detector.obj, .\Objects\spi_master.obj TO .\
>> Objects\robot_V1 PRINT (.\Listings\robot_V1.m51) RAMSIZE (256) OVERLAY (* ! MOVE_TO_CMD)


MEMORY MODEL: LARGE WITH FLOATING POINT ARITHMETIC


INPUT MODULES INCLUDED:
  .\Objects\STARTUP.obj (?C_STARTUP)
  .\Objects\commands.obj (COMMANDS)
  .\Objects\commands_parser.obj (COMMANDS_PARSER)
  .\Objects\main.obj (MAIN)
  .\Objects\serializer.obj (SERIALIZER)
  .\Objects\motion.obj (MOTION)
  .\Objects\distance_detector.obj (DISTANCE_DETECTOR)
  .\Objects\spi_master.obj (SPI_MASTER)
  C:\KEIL_V5\C51\LIB\C51FPL.LIB (?C?FPADD)
  C:\KEIL_V5\C51\LIB\C51FPL.LIB (?C?FPMUL)
  C:\KEIL_V5\C51\LIB\C51FPL.LIB (?C?FPDIV)
  C:\KEIL_V5\C51\LIB\C51FPL.LIB (?C?FPCMP)
  C:\KEIL_V5\C51\LIB\C51FPL.LIB (?C?FCAST)
  C:\KEIL_V5\C51\LIB\C51FPL.LIB (?C?CASTF)
  C:\KEIL_V5\C51\LIB\C51FPL.LIB (PRINTF)
  C:\KEIL_V5\C51\LIB\C51FPL.LIB (SCANF)
  C:\KEIL_V5\C51\LIB\C51FPL.LIB (SQRT)
  C:\KEIL_V5\C51\LIB\C51FPL.LIB (ATAN)
  C:\KEIL_V5\C51\LIB\C51FPL.LIB (?C?FPGETOPN)
  C:\KEIL_V5\C51\LIB\C51FPL.LIB (?C?FPROUND)
  C:\KEIL_V5\C51\LIB\C51FPL.LIB (?C?FPCONVERT)
  C:\KEIL_V5\C51\LIB\C51FPL.LIB (?C?ATOF)
  C:\KEIL_V5\C51\LIB\C51FPL.LIB (?C?FPSERIES)
  C:\KEIL_V5\C51\LIB\C51FPL.LIB (?C?FPNEG)
  C:\KEIL_V5\C51\LIB\C51FPL.LIB (?C?FTNPWR)
  C:\KEIL_V5\C51\LIB\C51L.LIB (?C_INIT)
  C:\KEIL_V5\C51\LIB\C51L.LIB (?C?COPY)
  C:\KEIL_V5\C51\LIB\C51L.LIB (?C?CLDPTR)
  C:\KEIL_V5\C51\LIB\C51L.LIB (?C?CLDOPTR)
  C:\KEIL_V5\C51\LIB\C51L.LIB (?C?CSTPTR)
  C:\KEIL_V5\C51\LIB\C51L.LIB (?C?CSTOPTR)
  C:\KEIL_V5\C51\LIB\C51L.LIB (?C?IMUL)
  C:\KEIL_V5\C51\LIB\C51L.LIB (?C?ILDPTR)
  C:\KEIL_V5\C51\LIB\C51L.LIB (?C?ILDOPTR)
  C:\KEIL_V5\C51\LIB\C51L.LIB (?C?ISTPTR)
  C:\KEIL_V5\C51\LIB\C51L.LIB (?C?ISTOPTR)
  C:\KEIL_V5\C51\LIB\C51L.LIB (?C?LNEG)
  C:\KEIL_V5\C51\LIB\C51L.LIB (?C?LLDOPTR)
  C:\KEIL_V5\C51\LIB\C51L.LIB (?C?LSTPTR)
  C:\KEIL_V5\C51\LIB\C51L.LIB (?C?LSTOPTR)
  C:\KEIL_V5\C51\LIB\C51L.LIB (?C?LLDXDATA)
  C:\KEIL_V5\C51\LIB\C51L.LIB (?C?LLDCODE)
  C:\KEIL_V5\C51\LIB\C51L.LIB (?C?LLDXDATA0)
  C:\KEIL_V5\C51\LIB\C51L.LIB (?C?LLDCODE0)
  C:\KEIL_V5\C51\LIB\C51L.LIB (?C?LSTXDATA)
  C:\KEIL_V5\C51\LIB\C51L.LIB (?C?LSTKXDATA)
  C:\KEIL_V5\C51\LIB\C51L.LIB (?C?OFFXADD)
  C:\KEIL_V5\C51\LIB\C51L.LIB (?C?PLDXDATA)
BL51 BANKED LINKER/LOCATER V6.22                                                      04/28/2019  16:27:11  PAGE 2


  C:\KEIL_V5\C51\LIB\C51L.LIB (?C?PLDIXDATA)
  C:\KEIL_V5\C51\LIB\C51L.LIB (?C?PILDXDATA)
  C:\KEIL_V5\C51\LIB\C51L.LIB (?C?PSTXDATA)
  C:\KEIL_V5\C51\LIB\C51L.LIB (?C?PLDPTR)
  C:\KEIL_V5\C51\LIB\C51L.LIB (?C?PSTPTR)
  C:\KEIL_V5\C51\LIB\C51L.LIB (?C?PLDOPTR)
  C:\KEIL_V5\C51\LIB\C51L.LIB (?C?PSTOPTR)
  C:\KEIL_V5\C51\LIB\C51L.LIB (?C?CCASE)
  C:\KEIL_V5\C51\LIB\C51L.LIB (?C?ICALL)
  C:\KEIL_V5\C51\LIB\C51L.LIB (PUTCHAR)
  C:\KEIL_V5\C51\LIB\C51L.LIB (GETCHAR)
  C:\KEIL_V5\C51\LIB\C51L.LIB (UNGETC)
  C:\KEIL_V5\C51\LIB\C51L.LIB (ISSPACE)
  C:\KEIL_V5\C51\LIB\C51L.LIB (?C?STRCMP)
  C:\KEIL_V5\C51\LIB\C51L.LIB (STRLEN)
  C:\KEIL_V5\C51\LIB\C51L.LIB (?C?MEMSET)
  C:\KEIL_V5\C51\LIB\C51L.LIB (?C?LLDIDATA)
  C:\KEIL_V5\C51\LIB\C51L.LIB (?C?LLDPDATA)
  C:\KEIL_V5\C51\LIB\C51L.LIB (?C?LSTIDATA)
  C:\KEIL_V5\C51\LIB\C51L.LIB (?C?LSTPDATA)
  C:\KEIL_V5\C51\LIB\C51L.LIB (?C?PLDIDATA)
  C:\KEIL_V5\C51\LIB\C51L.LIB (?C?PSTIDATA)
  C:\KEIL_V5\C51\LIB\C51L.LIB (?C?PLDPDATA)
  C:\KEIL_V5\C51\LIB\C51L.LIB (?C?PSTPDATA)
  C:\KEIL_V5\C51\LIB\C51L.LIB (?C?PLDCODE)
  C:\KEIL_V5\C51\LIB\C51L.LIB (_GETKEY)


LINK MAP OF MODULE:  .\Objects\robot_V1 (?C_STARTUP)


            TYPE    BASE      LENGTH    RELOCATION   SEGMENT NAME
            -----------------------------------------------------

            * * * * * * *   D A T A   M E M O R Y   * * * * * * *
            REG     0000H     0008H     ABSOLUTE     "REG BANK 0"
            DATA    0008H     0016H     UNIT         _DATA_GROUP_
                    001EH     0002H                  *** GAP ***
            BIT     0020H.0   0002H.6   UNIT         _BIT_GROUP_
            BIT     0022H.6   0000H.1   UNIT         ?BI?GETCHAR
                    0022H.7   0000H.1                *** GAP ***
            IDATA   0023H     0001H     UNIT         ?STACK

            * * * * * * *  X D A T A   M E M O R Y  * * * * * * *
            XDATA   0000H     0146H     UNIT         _XDATA_GROUP_
            XDATA   0146H     010CH     UNIT         ?XD?COMMANDS_PARSER
            XDATA   0252H     006EH     UNIT         ?XD?SERIALIZER
            XDATA   02C0H     0059H     UNIT         ?XD?MAIN
            XDATA   0319H     0037H     UNIT         ?XD?DISTANCE_DETECTOR
            XDATA   0350H     000BH     UNIT         ?XD?SPI_MASTER
            XDATA   035BH     0001H     UNIT         ?XD?GETCHAR

            * * * * * * *   C O D E   M E M O R Y   * * * * * * *
            CODE    0000H     0003H     ABSOLUTE     
            CODE    0003H     0008H     UNIT         ?PR?GETCHAR?UNGETCHAR
            CODE    000BH     0003H     ABSOLUTE     
            CODE    000EH     0022H     UNIT         ?PR?_IDLE?SERIALIZER
BL51 BANKED LINKER/LOCATER V6.22                                                      04/28/2019  16:27:11  PAGE 3


            CODE    0030H     0003H     UNIT         ?PR?ENABLE_GENERAL_INT?MAIN
            CODE    0033H     0003H     ABSOLUTE     
            CODE    0036H     0C9FH     UNIT         ?C?LIB_CODE
            CODE    0CD5H     052AH     UNIT         ?PR?_DELTA_ANGLE?MOTION
            CODE    11FFH     04B1H     UNIT         ?PR?_GENERATE_SOUND_CMD?COMMANDS
            CODE    16B0H     04ADH     UNIT         ?PR?_LIGHT_BEAM_ON_CMD?COMMANDS
            CODE    1B5DH     0483H     UNIT         ?PR?PRINTF?PRINTF
            CODE    1FE0H     035AH     UNIT         ?PR?SCANF?SCANF
            CODE    233AH     0339H     UNIT         ?PR?_MOVE_TO_CMD?COMMANDS
            CODE    2673H     032FH     UNIT         ?PR?_ANGLE_CALIBRATION_PROCESS?SERIALIZER
            CODE    29A2H     0319H     UNIT         ?PR?_IDLE_NEXT_STATE?SERIALIZER
            CODE    2CBBH     0313H     UNIT         ?PR?_SPI_PROCESS?SPI_MASTER
            CODE    2FCEH     0305H     UNIT         ?PR?_PHOTO_CMD?COMMANDS
            CODE    32D3H     02A7H     UNIT         ?PR?_SERIALIZER_PROCESS?SERIALIZER
            CODE    357AH     0254H     UNIT         ?PR?_SEND_KOB_MOU?COMMANDS_PARSER
            CODE    37CEH     0247H     UNIT         ?PR?_PARSE?COMMANDS_PARSER
            CODE    3A15H     0220H     UNIT         ?PR?_SEND_INFORMATIONS?COMMANDS_PARSER
            CODE    3C35H     0212H     UNIT         ?PR?_AUX_CMD?COMMANDS
            CODE    3E47H     01F8H     UNIT         ?PR?_DD_SINGLE_MEASURE?DISTANCE_DETECTOR
            CODE    403FH     01EAH     UNIT         ?C_INITSEG
            CODE    4229H     01A8H     UNIT         ?PR?_SERVO_MOVE_CMD?COMMANDS
            CODE    43D1H     017CH     UNIT         ?PR?_ANGLE_ROTATION_CMD?COMMANDS
            CODE    454DH     0167H     UNIT         ?PR?_NAVIGATE?SERIALIZER
            CODE    46B4H     0154H     UNIT         ?PR?_MOVE_FORWARD_CMD?COMMANDS
            CODE    4808H     0154H     UNIT         ?PR?_MOVE_BACKWARD_CMD?COMMANDS
            CODE    495CH     013AH     UNIT         ?PR?_COMPLETE_ROTATION_CMD?COMMANDS
            CODE    4A96H     0122H     UNIT         ?PR?ATAN?ATAN
            CODE    4BB8H     011EH     UNIT         ?PR?MAIN?MAIN
            CODE    4CD6H     0106H     UNIT         ?PR?_EPREUVE_CMD?COMMANDS
            CODE    4DDCH     0100H     UNIT         ?PR?TIMER_0_INT?DISTANCE_DETECTOR
            CODE    4EDCH     00FEH     UNIT         ?PR?_MOVETO?SERIALIZER
            CODE    4FDAH     00E6H     UNIT         ?PR??C?ATOF??C?ATOF
            CODE    50C0H     00D0H     UNIT         ?PR?_SET_DEFAULT_SPEED_CMD?COMMANDS
            CODE    5190H     00D0H     UNIT         ?PR?_SPI_TRANSMIT?SPI_MASTER
            CODE    5260H     00CAH     UNIT         ?PR?_SPI_CMD_LIGHT_ON?SPI_MASTER
            CODE    532AH     00CAH     UNIT         ?PR?_SPI_CMD_GENERATE_SOUND?SPI_MASTER
            CODE    53F4H     00C5H     UNIT         ?CO?SERIALIZER
            CODE    54B9H     00B5H     UNIT         ?PR?_SPI_CMD_PHOTO_ON?SPI_MASTER
            CODE    556EH     00B1H     UNIT         ?PR?IS_PID_PROCESSING?SERIALIZER
            CODE    561FH     00ACH     UNIT         ?PR?SQRT?SQRT
            CODE    56CBH     00A9H     UNIT         ?PR?_SPI_CMD_SERVO?SPI_MASTER
            CODE    5774H     00A7H     UNIT         ?CO?COMMANDS_PARSER
            CODE    581BH     00A6H     UNIT         ?PR?_TRANSLATE?SERIALIZER
            CODE    58C1H     00A4H     UNIT         ?PR?_MOVEANGLE?SERIALIZER
            CODE    5965H     009EH     UNIT         ?PR?_DD_IDLE?DISTANCE_DETECTOR
            CODE    5A03H     009CH     UNIT         ?PR?_WAIT?COMMANDS_PARSER
            CODE    5A9FH     0096H     UNIT         ?PR?_ANGLE_TARGET?MOTION
            CODE    5B35H     0092H     UNIT         ?PR?_DD_MOVE_SERVO_H?DISTANCE_DETECTOR
            CODE    5BC7H     008CH     UNIT         ?C_C51STARTUP
            CODE    5C53H     0080H     UNIT         ?CO?MAIN
            CODE    5CD3H     0076H     UNIT         ?PR?_SPI_CMD_LIGHT_OFF?SPI_MASTER
            CODE    5D49H     0076H     UNIT         ?PR?_SPI_CMD_PHOTO_OFF?SPI_MASTER
            CODE    5DBFH     0075H     UNIT         ?PR?_DD_SLEW_DETECTION?DISTANCE_DETECTOR
            CODE    5E34H     0075H     UNIT         ?PR?SPI_VALIDATE?SPI_MASTER
            CODE    5EA9H     006CH     UNIT         ?PR?_ROTATE?SERIALIZER
            CODE    5F15H     0063H     UNIT         ?PR?_SETMOTORS?SERIALIZER
            CODE    5F78H     0062H     UNIT         ?CO?COMMANDS
BL51 BANKED LINKER/LOCATER V6.22                                                      04/28/2019  16:27:11  PAGE 4


            CODE    5FDAH     005BH     UNIT         ?PR?_CMD_PARSER_PROCESS?COMMANDS_PARSER
            CODE    6035H     005BH     UNIT         ?PR?_SERIALIZER_PRINT?SERIALIZER
            CODE    6090H     005AH     UNIT         ?PR?__PRINT?SERIALIZER
            CODE    60EAH     0058H     UNIT         ?PR?DD_MESURE?DISTANCE_DETECTOR
            CODE    6142H     0056H     UNIT         ?PR?_USART_PRINT?COMMANDS_PARSER
            CODE    6198H     0055H     UNIT         ?PR?_INIT_PARSER?COMMANDS_PARSER
            CODE    61EDH     0050H     UNIT         ?PR?DD_START_CONVERSION?DISTANCE_DETECTOR
            CODE    623DH     0048H     UNIT         ?PR?_MOVE_STOP_CMD?COMMANDS
            CODE    6285H     0048H     UNIT         ?PR?_RIGTH_ROTATION_CMD?COMMANDS
            CODE    62CDH     0048H     UNIT         ?PR?_LEFT_ROTATION_CMD?COMMANDS
            CODE    6315H     0048H     UNIT         ?PR?_DETECTE_OBSTACLE?COMMANDS
            CODE    635DH     0048H     UNIT         ?PR?_LIGHT_BEAM_OFF_CMD?COMMANDS
            CODE    63A5H     0048H     UNIT         ?PR?_PHOTO_OFF_CMD?COMMANDS
            CODE    63EDH     0045H     UNIT         ?PR?_SAFETY_BREAK_CMD?COMMANDS
            CODE    6432H     0045H     UNIT         ?PR?_DISTANCE_DETECTOR_PROCESS?DISTANCE_DETECTOR
            CODE    6477H     0043H     UNIT         ?PR?_GET_COMMAND?COMMANDS_PARSER
            CODE    64BAH     003AH     UNIT         ?PR?_DISTANCE?MOTION
            CODE    64F4H     0039H     UNIT         ?PR?CLEAR_VAL_OBS_BUFFER?DISTANCE_DETECTOR
            CODE    652DH     0035H     UNIT         ?PR?_SERIALIZER_RECEIVE?SERIALIZER
            CODE    6562H     0032H     UNIT         ?PR?_USART_RECEIVE?COMMANDS_PARSER
            CODE    6594H     0032H     UNIT         ?PR?SPI_INT?SPI_MASTER
            CODE    65C6H     002EH     UNIT         ?PR?_STOP?SERIALIZER
            CODE    65F4H     0027H     UNIT         ?PR?_DEFAULT_PROCESS?COMMANDS
            CODE    661BH     0027H     UNIT         ?PR?PUTCHAR?PUTCHAR
            CODE    6642H     0026H     UNIT         ?PR?_EPREUVE_STOP?COMMANDS
            CODE    6668H     001FH     UNIT         ?PR?SPI_ERROR?SPI_MASTER
            CODE    6687H     001BH     UNIT         ?PR?INIT_SPI?SPI_MASTER
            CODE    66A2H     0019H     UNIT         ?PR?_DD_SET_ANGLE?DISTANCE_DETECTOR
            CODE    66BBH     0018H     UNIT         ?PR?SERIALIZER_INIT_SERIAL?SERIALIZER
            CODE    66D3H     0018H     UNIT         ?PR?SERIALIZER_CLEAR_SERIAL?SERIALIZER
            CODE    66EBH     0016H     UNIT         ?PR?DD_CONFIG_DAC_ADC?DISTANCE_DETECTOR
            CODE    6701H     0015H     UNIT         ?PR?_SERIALIZER_SEND?SERIALIZER
            CODE    6716H     0015H     UNIT         ?PR?_CHOOSE_ADC_INPUT?DISTANCE_DETECTOR
            CODE    672BH     0015H     UNIT         ?PR?_STRLEN?STRLEN
            CODE    6740H     0014H     UNIT         ?PR?_SPI_SEND_CHAR?SPI_MASTER
            CODE    6754H     0014H     UNIT         ?PR?GETCHAR?GETCHAR
            CODE    6768H     0014H     UNIT         ?PR?_ISSPACE?ISSPACE
            CODE    677CH     0012H     UNIT         ?PR?_USART_SEND?COMMANDS_PARSER
            CODE    678EH     0012H     UNIT         ?PR?INIT_SERIALIZER_UART1?SERIALIZER
            CODE    67A0H     0012H     UNIT         ?PR?_UART_SEND?SERIALIZER
            CODE    67B2H     0010H     UNIT         ?PR?VALID_CMD_FLAG?COMMANDS_PARSER
            CODE    67C2H     0010H     UNIT         ?PR?ERROR_CMD_FLAG?COMMANDS_PARSER
            CODE    67D2H     000FH     UNIT         ?PR?INIT_EXTERNAL_CLK?MAIN
            CODE    67E1H     000FH     UNIT         ?PR?DD_INIT_TIMER0?DISTANCE_DETECTOR
            CODE    67F0H     000EH     UNIT         ?PR?INIT_DISTANCE_DETECTOR?DISTANCE_DETECTOR
            CODE    67FEH     000AH     UNIT         ?PR?_GETKEY?_GETKEY
            CODE    6808H     0004H     UNIT         ?PR?ENABLE_CROSSBAR?MAIN



OVERLAY MAP OF MODULE:   .\Objects\robot_V1 (?C_STARTUP)


SEGMENT                                             BIT_GROUP          DATA_GROUP          XDATA_GROUP
  +--> CALLED SEGMENT                            START    LENGTH     START    LENGTH     START    LENGTH
--------------------------------------------------------------------------------------------------------
?C_C51STARTUP                                    -----    -----      -----    -----      -----    -----
BL51 BANKED LINKER/LOCATER V6.22                                                      04/28/2019  16:27:11  PAGE 5


  +--> ?PR?MAIN?MAIN
  +--> ?C_INITSEG

?PR?MAIN?MAIN                                    -----    -----      -----    -----      0000H    0012H
  +--> ?PR?INIT_EXTERNAL_CLK?MAIN
  +--> ?PR?_INIT_PARSER?COMMANDS_PARSER
  +--> ?PR?INIT_SERIALIZER_UART1?SERIALIZER
  +--> ?PR?INIT_DISTANCE_DETECTOR?DISTANCE_D...
  +--> ?PR?INIT_SPI?SPI_MASTER
  +--> ?PR?ENABLE_CROSSBAR?MAIN
  +--> ?PR?ENABLE_GENERAL_INT?MAIN
  +--> ?CO?MAIN
  +--> ?PR?_USART_PRINT?COMMANDS_PARSER
  +--> ?PR?SERIALIZER_INIT_SERIAL?SERIALIZER
  +--> ?PR?_CMD_PARSER_PROCESS?COMMANDS_PARSER
  +--> ?PR?_SERIALIZER_PROCESS?SERIALIZER
  +--> ?PR?_DISTANCE_DETECTOR_PROCESS?DISTAN...
  +--> ?PR?_SPI_PROCESS?SPI_MASTER
  +--> ?PR?_ANGLE_CALIBRATION_PROCESS?SERIAL...

?PR?_INIT_PARSER?COMMANDS_PARSER                 -----    -----      -----    -----      0012H    0003H

?PR?INIT_DISTANCE_DETECTOR?DISTANCE_D...         -----    -----      -----    -----      -----    -----
  +--> ?PR?DD_CONFIG_DAC_ADC?DISTANCE_DETECTOR
  +--> ?PR?DD_INIT_TIMER0?DISTANCE_DETECTOR

?PR?_USART_PRINT?COMMANDS_PARSER                 -----    -----      -----    -----      00F1H    0004H
  +--> ?PR?_STRLEN?STRLEN
  +--> ?PR?_USART_SEND?COMMANDS_PARSER

?PR?_USART_SEND?COMMANDS_PARSER                  -----    -----      -----    -----      00F5H    0001H

?PR?SERIALIZER_INIT_SERIAL?SERIALIZER            -----    -----      -----    -----      0012H    0001H
  +--> ?PR?_SERIALIZER_RECEIVE?SERIALIZER

?PR?_SERIALIZER_RECEIVE?SERIALIZER               -----    -----      -----    -----      004DH    0003H

?PR?_CMD_PARSER_PROCESS?COMMANDS_PARSER          -----    -----      -----    -----      0012H    0003H
  +--> ?PR?_WAIT?COMMANDS_PARSER
  +--> ?PR?_GET_COMMAND?COMMANDS_PARSER
  +--> ?PR?_SEND_INFORMATIONS?COMMANDS_PARSER

?PR?_WAIT?COMMANDS_PARSER                        -----    -----      -----    -----      0015H    0004H
  +--> ?PR?_USART_RECEIVE?COMMANDS_PARSER
  +--> ?PR?_USART_SEND?COMMANDS_PARSER

?PR?_USART_RECEIVE?COMMANDS_PARSER               -----    -----      -----    -----      0019H    0003H

?PR?_GET_COMMAND?COMMANDS_PARSER                 -----    -----      -----    -----      0015H    0003H
  +--> ?PR?_PARSE?COMMANDS_PARSER
  +--> ?PR?ERROR_CMD_FLAG?COMMANDS_PARSER
  +--> ?PR?VALID_CMD_FLAG?COMMANDS_PARSER
  +--> ?PR?_STRLEN?STRLEN

?PR?_PARSE?COMMANDS_PARSER                       -----    -----      -----    -----      0018H    00D9H
  +--> ?CO?COMMANDS_PARSER
  +--> ?PR?_USART_PRINT?COMMANDS_PARSER
BL51 BANKED LINKER/LOCATER V6.22                                                      04/28/2019  16:27:11  PAGE 6



?PR?ERROR_CMD_FLAG?COMMANDS_PARSER               -----    -----      -----    -----      -----    -----
  +--> ?PR?_USART_SEND?COMMANDS_PARSER

?PR?VALID_CMD_FLAG?COMMANDS_PARSER               -----    -----      -----    -----      -----    -----
  +--> ?PR?_USART_SEND?COMMANDS_PARSER

?PR?_SEND_INFORMATIONS?COMMANDS_PARSER           -----    -----      -----    -----      0015H    0003H
  +--> ?CO?COMMANDS_PARSER
  +--> ?PR?_SEND_KOB_MOU?COMMANDS_PARSER
  +--> ?PR?_USART_PRINT?COMMANDS_PARSER

?PR?_SEND_KOB_MOU?COMMANDS_PARSER                -----    -----      -----    -----      0018H    000BH
  +--> ?CO?COMMANDS_PARSER
  +--> ?PR?PRINTF?PRINTF

?PR?PRINTF?PRINTF                                0020H.0  0001H.1    0008H    0005H      003BH    0030H
  +--> ?PR?PUTCHAR?PUTCHAR

?PR?_SERIALIZER_PROCESS?SERIALIZER               -----    -----      -----    -----      0012H    0008H
  +--> ?CO?SERIALIZER
  +--> ?PR?_IDLE_NEXT_STATE?SERIALIZER

?PR?_IDLE_NEXT_STATE?SERIALIZER                  -----    -----      -----    -----      001AH    0006H

?PR?_DISTANCE_DETECTOR_PROCESS?DISTAN...         -----    -----      -----    -----      0012H    0003H

?PR?_SPI_PROCESS?SPI_MASTER                      -----    -----      -----    -----      0012H    0006H
  +--> ?PR?_SPI_CMD_GENERATE_SOUND?SPI_MASTER
  +--> ?PR?_SPI_CMD_LIGHT_ON?SPI_MASTER
  +--> ?PR?_SPI_CMD_LIGHT_OFF?SPI_MASTER
  +--> ?PR?_SPI_CMD_SERVO?SPI_MASTER
  +--> ?PR?_SPI_CMD_PHOTO_ON?SPI_MASTER
  +--> ?PR?_SPI_CMD_PHOTO_OFF?SPI_MASTER
  +--> ?PR?_SPI_TRANSMIT?SPI_MASTER

?PR?_SPI_CMD_GENERATE_SOUND?SPI_MASTER           -----    -----      -----    -----      0018H    0006H

?PR?_SPI_CMD_LIGHT_ON?SPI_MASTER                 -----    -----      -----    -----      0018H    0006H

?PR?_SPI_CMD_LIGHT_OFF?SPI_MASTER                -----    -----      -----    -----      0018H    0006H

?PR?_SPI_CMD_SERVO?SPI_MASTER                    -----    -----      -----    -----      0018H    0006H

?PR?_SPI_CMD_PHOTO_ON?SPI_MASTER                 -----    -----      -----    -----      0018H    0006H

?PR?_SPI_CMD_PHOTO_OFF?SPI_MASTER                -----    -----      -----    -----      0018H    0006H

?PR?_SPI_TRANSMIT?SPI_MASTER                     -----    -----      -----    -----      0018H    0005H
  +--> ?PR?_SPI_SEND_CHAR?SPI_MASTER
  +--> ?PR?SPI_VALIDATE?SPI_MASTER
  +--> ?PR?SPI_ERROR?SPI_MASTER

?PR?_SPI_SEND_CHAR?SPI_MASTER                    -----    -----      -----    -----      001DH    0001H

?PR?SPI_VALIDATE?SPI_MASTER                      -----    -----      -----    -----      001DH    0004H

BL51 BANKED LINKER/LOCATER V6.22                                                      04/28/2019  16:27:11  PAGE 7


?PR?_ANGLE_CALIBRATION_PROCESS?SERIAL...         -----    -----      -----    -----      0012H    0029H
  +--> ?CO?SERIALIZER
  +--> ?PR?PRINTF?PRINTF
  +--> ?PR?__PRINT?SERIALIZER

?PR?__PRINT?SERIALIZER                           -----    -----      -----    -----      003BH    0004H
  +--> ?PR?_STRLEN?STRLEN

?C_INITSEG                                       -----    -----      -----    -----      -----    -----
  +--> ?CO?COMMANDS_PARSER
  +--> ?PR?_EPREUVE_CMD?COMMANDS
  +--> ?PR?_EPREUVE_STOP?COMMANDS
  +--> ?PR?_SAFETY_BREAK_CMD?COMMANDS
  +--> ?PR?_SET_DEFAULT_SPEED_CMD?COMMANDS
  +--> ?PR?_MOVE_FORWARD_CMD?COMMANDS
  +--> ?PR?_MOVE_BACKWARD_CMD?COMMANDS
  +--> ?PR?_MOVE_STOP_CMD?COMMANDS
  +--> ?PR?_RIGTH_ROTATION_CMD?COMMANDS
  +--> ?PR?_LEFT_ROTATION_CMD?COMMANDS
  +--> ?PR?_COMPLETE_ROTATION_CMD?COMMANDS
  +--> ?PR?_ANGLE_ROTATION_CMD?COMMANDS
  +--> ?PR?_DEFAULT_PROCESS?COMMANDS
  +--> ?PR?_DETECTE_OBSTACLE?COMMANDS
  +--> ?PR?_GENERATE_SOUND_CMD?COMMANDS
  +--> ?PR?_LIGHT_BEAM_ON_CMD?COMMANDS
  +--> ?PR?_LIGHT_BEAM_OFF_CMD?COMMANDS
  +--> ?PR?_SERVO_MOVE_CMD?COMMANDS
  +--> ?PR?_PHOTO_CMD?COMMANDS
  +--> ?PR?_PHOTO_OFF_CMD?COMMANDS
  +--> ?PR?_AUX_CMD?COMMANDS
  +--> ?PR?_WAIT?COMMANDS_PARSER
  +--> ?PR?_GET_COMMAND?COMMANDS_PARSER
  +--> ?CO?MAIN
  +--> ?PR?_IDLE?SERIALIZER
  +--> ?PR?_TRANSLATE?SERIALIZER
  +--> ?PR?_MOVETO?SERIALIZER
  +--> ?PR?_ROTATE?SERIALIZER
  +--> ?PR?_NAVIGATE?SERIALIZER
  +--> ?PR?_STOP?SERIALIZER
  +--> ?PR?_DD_IDLE?DISTANCE_DETECTOR
  +--> ?PR?_DD_MOVE_SERVO_H?DISTANCE_DETECTOR
  +--> ?PR?_DD_SINGLE_MEASURE?DISTANCE_DETECTOR
  +--> ?PR?_DD_SLEW_DETECTION?DISTANCE_DETECTOR

?PR?_EPREUVE_CMD?COMMANDS                        -----    -----      -----    -----      0000H    0005H
  +--> ?CO?COMMANDS
  +--> ?PR?SCANF?SCANF

?PR?SCANF?SCANF                                  0021H.3  0000H.6    0013H    0009H      0114H    002EH
  +--> ?PR?GETCHAR?UNGETCHAR
  +--> ?PR?_ISSPACE?ISSPACE
  +--> ?PR?GETCHAR?GETCHAR
  +--> ?PR??C?ATOF??C?ATOF

?PR?GETCHAR?GETCHAR                              -----    -----      -----    -----      -----    -----
  +--> ?PR?_GETKEY?_GETKEY
  +--> ?PR?PUTCHAR?PUTCHAR
BL51 BANKED LINKER/LOCATER V6.22                                                      04/28/2019  16:27:11  PAGE 8



?PR??C?ATOF??C?ATOF                              0022H.1  0000H.5    001CH    0002H      -----    -----

?PR?_EPREUVE_STOP?COMMANDS                       -----    -----      -----    -----      0000H    0003H

?PR?_SAFETY_BREAK_CMD?COMMANDS                   -----    -----      -----    -----      0000H    0003H

?PR?_SET_DEFAULT_SPEED_CMD?COMMANDS              -----    -----      -----    -----      0000H    0005H
  +--> ?CO?COMMANDS
  +--> ?PR?SCANF?SCANF

?PR?_MOVE_FORWARD_CMD?COMMANDS                   -----    -----      -----    -----      0000H    0005H
  +--> ?CO?COMMANDS
  +--> ?PR?SCANF?SCANF

?PR?_MOVE_BACKWARD_CMD?COMMANDS                  -----    -----      -----    -----      0000H    0005H
  +--> ?CO?COMMANDS
  +--> ?PR?SCANF?SCANF

?PR?_MOVE_STOP_CMD?COMMANDS                      -----    -----      -----    -----      0000H    0003H

?PR?_RIGTH_ROTATION_CMD?COMMANDS                 -----    -----      -----    -----      0000H    0003H

?PR?_LEFT_ROTATION_CMD?COMMANDS                  -----    -----      -----    -----      0000H    0003H

?PR?_COMPLETE_ROTATION_CMD?COMMANDS              -----    -----      -----    -----      0000H    0003H
  +--> ?CO?COMMANDS

?PR?_ANGLE_ROTATION_CMD?COMMANDS                 -----    -----      -----    -----      0000H    0005H
  +--> ?CO?COMMANDS
  +--> ?PR?SCANF?SCANF

?PR?_DEFAULT_PROCESS?COMMANDS                    -----    -----      -----    -----      0000H    0003H

?PR?_DETECTE_OBSTACLE?COMMANDS                   -----    -----      -----    -----      0000H    0003H

?PR?_GENERATE_SOUND_CMD?COMMANDS                 -----    -----      -----    -----      0000H    0025H
  +--> ?CO?COMMANDS
  +--> ?PR?SCANF?SCANF

?PR?_LIGHT_BEAM_ON_CMD?COMMANDS                  -----    -----      -----    -----      0000H    0025H
  +--> ?CO?COMMANDS
  +--> ?PR?SCANF?SCANF

?PR?_LIGHT_BEAM_OFF_CMD?COMMANDS                 -----    -----      -----    -----      0000H    0003H

?PR?_SERVO_MOVE_CMD?COMMANDS                     -----    -----      -----    -----      0000H    0005H
  +--> ?CO?COMMANDS
  +--> ?PR?SCANF?SCANF

?PR?_PHOTO_CMD?COMMANDS                          -----    -----      -----    -----      0000H    001EH
  +--> ?CO?COMMANDS
  +--> ?PR?SCANF?SCANF

?PR?_PHOTO_OFF_CMD?COMMANDS                      -----    -----      -----    -----      0000H    0003H

?PR?_AUX_CMD?COMMANDS                            -----    -----      -----    -----      0000H    0014H
BL51 BANKED LINKER/LOCATER V6.22                                                      04/28/2019  16:27:11  PAGE 9


  +--> ?CO?COMMANDS
  +--> ?PR?SCANF?SCANF

?PR?_IDLE?SERIALIZER                             -----    -----      -----    -----      0000H    0003H

?PR?_TRANSLATE?SERIALIZER                        -----    -----      -----    -----      0000H    0004H
  +--> ?PR?_SETMOTORS?SERIALIZER

?PR?_SETMOTORS?SERIALIZER                        -----    -----      -----    -----      0004H    0018H
  +--> ?CO?SERIALIZER
  +--> ?PR?PRINTF?PRINTF
  +--> ?PR?_SERIALIZER_PRINT?SERIALIZER
  +--> ?PR?SERIALIZER_CLEAR_SERIAL?SERIALIZER

?PR?_SERIALIZER_PRINT?SERIALIZER                 -----    -----      -----    -----      004DH    0004H
  +--> ?PR?_STRLEN?STRLEN
  +--> ?PR?_SERIALIZER_SEND?SERIALIZER

?PR?_SERIALIZER_SEND?SERIALIZER                  -----    -----      -----    -----      0051H    0001H

?PR?SERIALIZER_CLEAR_SERIAL?SERIALIZER           -----    -----      -----    -----      003AH    0001H
  +--> ?PR?_SERIALIZER_RECEIVE?SERIALIZER

?PR?_MOVETO?SERIALIZER                           -----    -----      -----    -----      0008H    002DH
  +--> ?PR?_DISTANCE?MOTION
  +--> ?CO?SERIALIZER
  +--> ?PR?PRINTF?PRINTF
  +--> ?PR?_SERIALIZER_PRINT?SERIALIZER
  +--> ?PR?SERIALIZER_CLEAR_SERIAL?SERIALIZER
  +--> ?PR?IS_PID_PROCESSING?SERIALIZER

?PR?_DISTANCE?MOTION                             -----    -----      -----    -----      0035H    0002H
  +--> ?PR?SQRT?SQRT

?PR?SQRT?SQRT                                    -----    -----      -----    -----      0037H    0004H

?PR?IS_PID_PROCESSING?SERIALIZER                 -----    -----      -----    -----      0035H    0018H
  +--> ?CO?SERIALIZER
  +--> ?PR?_SERIALIZER_PRINT?SERIALIZER
  +--> ?PR?_SERIALIZER_RECEIVE?SERIALIZER
  +--> ?PR?_UART_SEND?SERIALIZER
  +--> ?PR?SCANF?SCANF

?PR?_UART_SEND?SERIALIZER                        -----    -----      -----    -----      004DH    0001H

?PR?_ROTATE?SERIALIZER                           -----    -----      -----    -----      0008H    0004H
  +--> ?PR?_MOVEANGLE?SERIALIZER
  +--> ?PR?IS_PID_PROCESSING?SERIALIZER

?PR?_MOVEANGLE?SERIALIZER                        -----    -----      -----    -----      000CH    002EH
  +--> ?CO?SERIALIZER
  +--> ?PR?PRINTF?PRINTF
  +--> ?PR?_SERIALIZER_PRINT?SERIALIZER
  +--> ?PR?SERIALIZER_CLEAR_SERIAL?SERIALIZER

?PR?_NAVIGATE?SERIALIZER                         -----    -----      -----    -----      0000H    0008H
  +--> ?CO?SERIALIZER
BL51 BANKED LINKER/LOCATER V6.22                                                      04/28/2019  16:27:11  PAGE 10


  +--> ?PR?_ANGLE_TARGET?MOTION
  +--> ?PR?_DELTA_ANGLE?MOTION
  +--> ?PR?_ROTATE?SERIALIZER
  +--> ?PR?_MOVETO?SERIALIZER

?PR?_ANGLE_TARGET?MOTION                         -----    -----      -----    -----      0008H    0008H
  +--> ?PR?ATAN?ATAN

?PR?ATAN?ATAN                                    0020H.0  0000H.2    -----    -----      0010H    0004H

?PR?_DELTA_ANGLE?MOTION                          -----    -----      -----    -----      0008H    0008H

?PR?_STOP?SERIALIZER                             -----    -----      -----    -----      0000H    0003H
  +--> ?CO?SERIALIZER
  +--> ?PR?_SERIALIZER_PRINT?SERIALIZER
  +--> ?PR?SERIALIZER_CLEAR_SERIAL?SERIALIZER

?PR?_DD_IDLE?DISTANCE_DETECTOR                   -----    -----      -----    -----      0000H    0003H

?PR?_DD_MOVE_SERVO_H?DISTANCE_DETECTOR           -----    -----      -----    -----      0000H    0003H
  +--> ?PR?_DD_SET_ANGLE?DISTANCE_DETECTOR

?PR?_DD_SET_ANGLE?DISTANCE_DETECTOR              -----    -----      -----    -----      0003H    0002H

?PR?_DD_SINGLE_MEASURE?DISTANCE_DETECTOR         -----    -----      -----    -----      0000H    0003H
  +--> ?PR?CLEAR_VAL_OBS_BUFFER?DISTANCE_DET...
  +--> ?PR?_CHOOSE_ADC_INPUT?DISTANCE_DETECTOR
  +--> ?PR?DD_START_CONVERSION?DISTANCE_DETE...

?PR?CLEAR_VAL_OBS_BUFFER?DISTANCE_DET...         -----    -----      -----    -----      0003H    0001H

?PR?_CHOOSE_ADC_INPUT?DISTANCE_DETECTOR          -----    -----      -----    -----      0003H    0001H

?PR?DD_START_CONVERSION?DISTANCE_DETE...         -----    -----      -----    -----      0003H    0006H
  +--> ?PR?DD_MESURE?DISTANCE_DETECTOR

?PR?DD_MESURE?DISTANCE_DETECTOR                  -----    -----      -----    -----      0009H    0008H

?PR?_DD_SLEW_DETECTION?DISTANCE_DETECTOR         -----    -----      -----    -----      0000H    0003H
  +--> ?PR?_DD_SET_ANGLE?DISTANCE_DETECTOR

*** NEW ROOT ***************************************************

?PR?_MOVE_TO_CMD?COMMANDS                        -----    -----      -----    -----      00F6H    001EH
  +--> ?CO?COMMANDS
  +--> ?PR?SCANF?SCANF

*** NEW ROOT ***************************************************

?PR?TIMER_0_INT?DISTANCE_DETECTOR                -----    -----      -----    -----      0142H    0004H



UNRESOLVED EXTERNAL SYMBOLS:
   _DD_OBS_DETECTION


BL51 BANKED LINKER/LOCATER V6.22                                                      04/28/2019  16:27:11  PAGE 11



SYMBOL TABLE OF MODULE:  .\Objects\robot_V1 (?C_STARTUP)

  VALUE           TYPE          NAME
  ----------------------------------

  -------         MODULE        ?C_STARTUP
  C:5BC7H         SEGMENT       ?C_C51STARTUP
  I:0023H         SEGMENT       ?STACK
  C:0000H         PUBLIC        ?C_STARTUP
  D:00E0H         SYMBOL        ACC
  D:00F0H         SYMBOL        B
  D:0083H         SYMBOL        DPH
  D:0082H         SYMBOL        DPL
  N:0000H         SYMBOL        IBPSTACK
  N:0100H         SYMBOL        IBPSTACKTOP
  N:0080H         SYMBOL        IDATALEN
  C:5BCAH         SYMBOL        IDATALOOP
  N:0000H         SYMBOL        PBPSTACK
  N:0100H         SYMBOL        PBPSTACKTOP
  N:0000H         SYMBOL        PDATALEN
  N:0000H         SYMBOL        PDATASTART
  N:0000H         SYMBOL        PPAGE
  N:0000H         SYMBOL        PPAGEENABLE
  D:00A0H         SYMBOL        PPAGE_SFR
  D:0081H         SYMBOL        SP
  C:5BC7H         SYMBOL        STARTUP1
  N:0000H         SYMBOL        XBPSTACK
  N:0000H         SYMBOL        XBPSTACKTOP
  N:0000H         SYMBOL        XDATALEN
  N:0000H         SYMBOL        XDATASTART
  C:0000H         LINE#         126
  C:5BC7H         LINE#         133
  C:5BC9H         LINE#         134
  C:5BCAH         LINE#         135
  C:5BCBH         LINE#         136
  C:5BCDH         LINE#         186
  C:5BD0H         LINE#         197
  -------         ENDMOD        ?C_STARTUP

  -------         MODULE        COMMANDS
  C:0000H         SYMBOL        _ICE_DUMMY_
  C:63A5H         PUBLIC        _photo_OFF_cmd
  C:6285H         PUBLIC        _rigth_rotation_cmd
  C:63EDH         PUBLIC        _safety_break_cmd
  C:233AH         PUBLIC        _move_to_cmd
  C:6315H         PUBLIC        _detecte_obstacle
  C:4CD6H         PUBLIC        _epreuve_cmd
  C:62CDH         PUBLIC        _left_rotation_cmd
  C:50C0H         PUBLIC        _set_default_speed_cmd
  C:16B0H         PUBLIC        _light_beam_ON_cmd
  C:46B4H         PUBLIC        _move_forward_cmd
  C:6642H         PUBLIC        _epreuve_stop
  C:5F88H         SYMBOL        _?ix1000
  C:2FCEH         PUBLIC        _photo_cmd
  C:5F97H         SYMBOL        _?ix1001
  C:5FABH         SYMBOL        _?ix1002
BL51 BANKED LINKER/LOCATER V6.22                                                      04/28/2019  16:27:11  PAGE 12


  C:5FBFH         SYMBOL        _?ix1003
  C:5FCEH         SYMBOL        _?ix1004
  C:495CH         PUBLIC        _complete_rotation_cmd
  C:65F4H         PUBLIC        _default_process
  C:4229H         PUBLIC        _servo_move_cmd
  C:3C35H         PUBLIC        _aux_cmd
  C:635DH         PUBLIC        _light_beam_OFF_cmd
  C:11FFH         PUBLIC        _generate_sound_cmd
  C:4808H         PUBLIC        _move_backward_cmd
  C:43D1H         PUBLIC        _angle_rotation_cmd
  C:623DH         PUBLIC        _move_stop_cmd
  -------         PROC          _DEFAULT_PROCESS
  X:0000H         SYMBOL        cmd_packet
  C:65F4H         LINE#         6
  C:65FFH         LINE#         7
  C:65FFH         LINE#         9
  C:6618H         LINE#         11
  C:661AH         LINE#         12
  -------         ENDPROC       _DEFAULT_PROCESS
  -------         PROC          _EPREUVE_CMD
  X:0000H         SYMBOL        cmd_packet
  -------         DO            
  X:0003H         SYMBOL        epreuve_index
  -------         ENDDO         
  C:4CD6H         LINE#         18
  C:4CE1H         LINE#         19
  C:4CE1H         LINE#         20
  C:4CEAH         LINE#         23
  C:4D05H         LINE#         24
  C:4D05H         LINE#         25
  C:4D08H         LINE#         26
  C:4D08H         LINE#         29
  C:4D25H         LINE#         30
  C:4D25H         LINE#         32
  C:4D72H         LINE#         33
  C:4D72H         LINE#         34
  C:4D75H         LINE#         35
  C:4D75H         LINE#         38
  C:4D9BH         LINE#         39
  C:4D9BH         LINE#         40
  C:4D9EH         LINE#         41
  C:4D9EH         LINE#         43
  C:4DBEH         LINE#         44
  C:4DC0H         LINE#         46
  C:4DC0H         LINE#         47
  C:4DD9H         LINE#         48
  C:4DD9H         LINE#         49
  C:4DDBH         LINE#         50
  -------         ENDPROC       _EPREUVE_CMD
  -------         PROC          _EPREUVE_STOP
  X:0000H         SYMBOL        cmd_packet
  C:6642H         LINE#         52
  C:664DH         LINE#         53
  C:664DH         LINE#         55
  C:6665H         LINE#         57
  C:6667H         LINE#         58
  -------         ENDPROC       _EPREUVE_STOP
BL51 BANKED LINKER/LOCATER V6.22                                                      04/28/2019  16:27:11  PAGE 13


  -------         PROC          _SAFETY_BREAK_CMD
  X:0000H         SYMBOL        cmd_packet
  C:63EDH         LINE#         61
  C:63F8H         LINE#         62
  C:63F8H         LINE#         64
  C:6413H         LINE#         65
  C:6413H         LINE#         66
  C:6416H         LINE#         67
  C:6416H         LINE#         69
  C:642FH         LINE#         71
  C:6431H         LINE#         72
  -------         ENDPROC       _SAFETY_BREAK_CMD
  -------         PROC          _SET_DEFAULT_SPEED_CMD
  X:0000H         SYMBOL        cmd_packet
  -------         DO            
  X:0003H         SYMBOL        motor_speed
  -------         ENDDO         
  C:50C0H         LINE#         74
  C:50CBH         LINE#         75
  C:50CBH         LINE#         76
  C:50D4H         LINE#         79
  C:50EEH         LINE#         80
  C:50EEH         LINE#         81
  C:50F1H         LINE#         82
  C:50F1H         LINE#         85
  C:513EH         LINE#         86
  C:513EH         LINE#         87
  C:5141H         LINE#         88
  C:5141H         LINE#         91
  C:5164H         LINE#         92
  C:5164H         LINE#         93
  C:5167H         LINE#         94
  C:5167H         LINE#         96
  C:518DH         LINE#         98
  C:518FH         LINE#         99
  -------         ENDPROC       _SET_DEFAULT_SPEED_CMD
  -------         PROC          _MOVE_FORWARD_CMD
  X:0000H         SYMBOL        cmd_packet
  -------         DO            
  X:0003H         SYMBOL        motor_speed
  -------         ENDDO         
  C:46B4H         LINE#         101
  C:46BFH         LINE#         102
  C:46BFH         LINE#         103
  C:46C8H         LINE#         105
  C:46E3H         LINE#         106
  C:46E3H         LINE#         107
  C:46E6H         LINE#         108
  C:46E6H         LINE#         110
  C:4705H         LINE#         112
  C:4722H         LINE#         113
  C:4722H         LINE#         115
  C:476DH         LINE#         116
  C:476DH         LINE#         117
  C:4770H         LINE#         118
  C:4770H         LINE#         121
  C:4793H         LINE#         122
BL51 BANKED LINKER/LOCATER V6.22                                                      04/28/2019  16:27:11  PAGE 14


  C:4793H         LINE#         123
  C:4796H         LINE#         124
  C:4796H         LINE#         126
  C:47BCH         LINE#         127
  C:47BEH         LINE#         128
  C:47DFH         LINE#         129
  C:47DFH         LINE#         130
  C:4805H         LINE#         131
  C:4805H         LINE#         132
  C:4805H         LINE#         133
  C:4807H         LINE#         134
  -------         ENDPROC       _MOVE_FORWARD_CMD
  -------         PROC          _MOVE_BACKWARD_CMD
  X:0000H         SYMBOL        cmd_packet
  -------         DO            
  X:0003H         SYMBOL        motor_speed
  -------         ENDDO         
  C:4808H         LINE#         136
  C:4813H         LINE#         137
  C:4813H         LINE#         138
  C:481CH         LINE#         140
  C:4837H         LINE#         141
  C:4837H         LINE#         142
  C:483AH         LINE#         143
  C:483AH         LINE#         145
  C:4859H         LINE#         147
  C:4876H         LINE#         148
  C:4876H         LINE#         150
  C:48C1H         LINE#         151
  C:48C1H         LINE#         152
  C:48C4H         LINE#         153
  C:48C4H         LINE#         156
  C:48E7H         LINE#         157
  C:48E7H         LINE#         158
  C:48EAH         LINE#         159
  C:48EAH         LINE#         161
  C:4910H         LINE#         162
  C:4912H         LINE#         163
  C:4933H         LINE#         164
  C:4933H         LINE#         165
  C:4959H         LINE#         166
  C:4959H         LINE#         167
  C:4959H         LINE#         168
  C:495BH         LINE#         169
  -------         ENDPROC       _MOVE_BACKWARD_CMD
  -------         PROC          _MOVE_STOP_CMD
  X:0000H         SYMBOL        cmd_packet
  C:623DH         LINE#         171
  C:6248H         LINE#         172
  C:6248H         LINE#         173
  C:6260H         LINE#         174
  C:6260H         LINE#         175
  C:6263H         LINE#         176
  C:6263H         LINE#         177
  C:6282H         LINE#         178
  C:6284H         LINE#         179
  -------         ENDPROC       _MOVE_STOP_CMD
BL51 BANKED LINKER/LOCATER V6.22                                                      04/28/2019  16:27:11  PAGE 15


  -------         PROC          _RIGTH_ROTATION_CMD
  X:0000H         SYMBOL        cmd_packet
  C:6285H         LINE#         181
  C:6290H         LINE#         182
  C:6290H         LINE#         183
  C:62A8H         LINE#         184
  C:62A8H         LINE#         185
  C:62ABH         LINE#         186
  C:62ABH         LINE#         188
  C:62CAH         LINE#         189
  C:62CCH         LINE#         190
  -------         ENDPROC       _RIGTH_ROTATION_CMD
  -------         PROC          _LEFT_ROTATION_CMD
  X:0000H         SYMBOL        cmd_packet
  C:62CDH         LINE#         192
  C:62D8H         LINE#         193
  C:62D8H         LINE#         194
  C:62F0H         LINE#         195
  C:62F0H         LINE#         196
  C:62F3H         LINE#         197
  C:62F3H         LINE#         199
  C:6312H         LINE#         200
  C:6314H         LINE#         201
  -------         ENDPROC       _LEFT_ROTATION_CMD
  -------         PROC          _COMPLETE_ROTATION_CMD
  X:0000H         SYMBOL        cmd_packet
  C:495CH         LINE#         203
  C:4967H         LINE#         204
  C:4967H         LINE#         205
  C:4982H         LINE#         206
  C:4982H         LINE#         207
  C:4985H         LINE#         208
  C:4985H         LINE#         210
  C:49A2H         LINE#         211
  C:49A2H         LINE#         213
  C:4A0AH         LINE#         215
  C:4A0AH         LINE#         216
  C:4A2DH         LINE#         217
  C:4A2DH         LINE#         218
  C:4A2DH         LINE#         219
  C:4A4CH         LINE#         220
  C:4A4EH         LINE#         221
  C:4A4EH         LINE#         222
  C:4A6DH         LINE#         223
  C:4A6FH         LINE#         224
  C:4A6FH         LINE#         225
  C:4A71H         LINE#         226
  C:4A74H         LINE#         227
  C:4A74H         LINE#         229
  C:4A74H         LINE#         230
  C:4A93H         LINE#         231
  C:4A93H         LINE#         232
  C:4A95H         LINE#         233
  -------         ENDPROC       _COMPLETE_ROTATION_CMD
  -------         PROC          _ANGLE_ROTATION_CMD
  X:0000H         SYMBOL        cmd_packet
  -------         DO            
BL51 BANKED LINKER/LOCATER V6.22                                                      04/28/2019  16:27:11  PAGE 16


  X:0003H         SYMBOL        angle
  -------         ENDDO         
  C:43D1H         LINE#         235
  C:43DCH         LINE#         236
  C:43DCH         LINE#         237
  C:43E4H         LINE#         239
  C:43FEH         LINE#         240
  C:43FEH         LINE#         241
  C:4401H         LINE#         242
  C:4401H         LINE#         244
  C:446CH         LINE#         246
  C:446CH         LINE#         247
  C:448FH         LINE#         248
  C:448FH         LINE#         249
  C:448FH         LINE#         250
  C:44AEH         LINE#         251
  C:44B0H         LINE#         252
  C:44B0H         LINE#         253
  C:44CFH         LINE#         254
  C:44CFH         LINE#         255
  C:44CFH         LINE#         257
  C:451AH         LINE#         258
  C:451AH         LINE#         259
  C:451DH         LINE#         260
  C:451DH         LINE#         262
  C:4545H         LINE#         263
  C:4547H         LINE#         264
  C:454AH         LINE#         265
  C:454AH         LINE#         266
  C:454CH         LINE#         267
  -------         ENDPROC       _ANGLE_ROTATION_CMD
  -------         PROC          _MOVE_TO_CMD
  X:00F6H         SYMBOL        cmd_packet
  -------         DO            
  X:00F9H         SYMBOL        i
  X:00FAH         SYMBOL        j
  X:00FBH         SYMBOL        params
  X:010AH         SYMBOL        angle
  X:010CH         SYMBOL        x
  X:010EH         SYMBOL        y
  X:0110H         SYMBOL        param_find
  X:0111H         SYMBOL        str
  -------         ENDDO         
  C:233AH         LINE#         277
  C:2345H         LINE#         278
  C:2345H         LINE#         279
  C:234FH         LINE#         280
  C:2374H         LINE#         281
  C:238CH         LINE#         282
  C:2391H         LINE#         283
  C:23A2H         LINE#         287
  C:23BCH         LINE#         288
  C:23BCH         LINE#         289
  C:23BFH         LINE#         290
  C:23BFH         LINE#         293
  C:23D2H         LINE#         294
  C:23D2H         LINE#         295
BL51 BANKED LINKER/LOCATER V6.22                                                      04/28/2019  16:27:11  PAGE 17


  C:240EH         LINE#         298
  C:2421H         LINE#         299
  C:2421H         LINE#         300
  C:245FH         LINE#         301
  C:245FH         LINE#         302
  C:2475H         LINE#         303
  C:2475H         LINE#         304
  C:2475H         LINE#         305
  C:24DEH         LINE#         306
  C:24DEH         LINE#         307
  C:24E1H         LINE#         308
  C:24E1H         LINE#         309
  C:24E1H         LINE#         311
  C:24E1H         LINE#         312
  C:2547H         LINE#         313
  C:2547H         LINE#         314
  C:254AH         LINE#         315
  C:254AH         LINE#         316
  C:254AH         LINE#         318
  C:254AH         LINE#         319
  C:25B0H         LINE#         320
  C:25B0H         LINE#         321
  C:25B3H         LINE#         322
  C:25B3H         LINE#         323
  C:25B3H         LINE#         325
  C:25B3H         LINE#         326
  C:25B9H         LINE#         327
  C:25BBH         LINE#         328
  C:25BBH         LINE#         329
  C:25C4H         LINE#         331
  C:25CCH         LINE#         332
  C:25CCH         LINE#         333
  C:25CFH         LINE#         334
  C:25CFH         LINE#         335
  C:25D4H         LINE#         336
  C:25D4H         LINE#         338
  C:25DDH         LINE#         340
  C:2605H         LINE#         341
  C:262BH         LINE#         342
  C:2651H         LINE#         343
  C:2670H         LINE#         344
  C:2672H         LINE#         345
  -------         ENDPROC       _MOVE_TO_CMD
  -------         PROC          _DETECTE_OBSTACLE
  X:0000H         SYMBOL        cmd_packet
  C:6315H         LINE#         347
  C:6320H         LINE#         348
  C:6320H         LINE#         349
  C:6338H         LINE#         350
  C:6338H         LINE#         351
  C:633BH         LINE#         352
  C:633BH         LINE#         354
  C:635AH         LINE#         355
  C:635CH         LINE#         356
  -------         ENDPROC       _DETECTE_OBSTACLE
  -------         PROC          _SERVO_MOVE_CMD
  X:0000H         SYMBOL        cmd_packet
BL51 BANKED LINKER/LOCATER V6.22                                                      04/28/2019  16:27:11  PAGE 18


  -------         DO            
  X:0003H         SYMBOL        angle
  -------         ENDDO         
  C:4229H         LINE#         358
  C:4234H         LINE#         359
  C:4234H         LINE#         360
  C:423DH         LINE#         362
  C:4258H         LINE#         363
  C:4258H         LINE#         364
  C:425BH         LINE#         365
  C:425BH         LINE#         367
  C:42C3H         LINE#         369
  C:42C3H         LINE#         370
  C:42E6H         LINE#         371
  C:42E6H         LINE#         372
  C:42E6H         LINE#         373
  C:4305H         LINE#         374
  C:4307H         LINE#         375
  C:4307H         LINE#         376
  C:4326H         LINE#         377
  C:4326H         LINE#         378
  C:4326H         LINE#         380
  C:4326H         LINE#         382
  C:435AH         LINE#         383
  C:435AH         LINE#         384
  C:43A5H         LINE#         385
  C:43A5H         LINE#         386
  C:43A8H         LINE#         387
  C:43A8H         LINE#         389
  C:43CEH         LINE#         390
  C:43CEH         LINE#         392
  C:43D0H         LINE#         393
  -------         ENDPROC       _SERVO_MOVE_CMD
  -------         PROC          _LIGHT_BEAM_ON_CMD
  X:0000H         SYMBOL        cmd_packet
  -------         DO            
  X:0003H         SYMBOL        i
  X:0004H         SYMBOL        j
  X:0005H         SYMBOL        params
  X:0019H         SYMBOL        intensity
  X:001BH         SYMBOL        delay_on
  X:001DH         SYMBOL        delay_off
  X:001FH         SYMBOL        nbr_flash
  X:0021H         SYMBOL        param_find
  X:0022H         SYMBOL        str
  -------         ENDDO         
  C:16B0H         LINE#         395
  C:16BBH         LINE#         396
  C:16BBH         LINE#         397
  C:16C5H         LINE#         398
  C:16EAH         LINE#         399
  C:170DH         LINE#         400
  C:1712H         LINE#         401
  C:1723H         LINE#         404
  C:1757H         LINE#         405
  C:1757H         LINE#         406
  C:175AH         LINE#         407
BL51 BANKED LINKER/LOCATER V6.22                                                      04/28/2019  16:27:11  PAGE 19


  C:175AH         LINE#         410
  C:1785H         LINE#         411
  C:1785H         LINE#         412
  C:17C1H         LINE#         415
  C:17D4H         LINE#         416
  C:17D4H         LINE#         417
  C:1812H         LINE#         418
  C:1812H         LINE#         419
  C:182BH         LINE#         420
  C:182BH         LINE#         421
  C:182BH         LINE#         422
  C:1891H         LINE#         423
  C:1891H         LINE#         424
  C:1894H         LINE#         425
  C:1894H         LINE#         427
  C:1894H         LINE#         429
  C:18BDH         LINE#         430
  C:18BDH         LINE#         431
  C:18C0H         LINE#         432
  C:18C0H         LINE#         433
  C:18C0H         LINE#         434
  C:18C0H         LINE#         436
  C:18C0H         LINE#         437
  C:1926H         LINE#         438
  C:1926H         LINE#         439
  C:1929H         LINE#         440
  C:1929H         LINE#         442
  C:1929H         LINE#         444
  C:1952H         LINE#         445
  C:1952H         LINE#         446
  C:1955H         LINE#         447
  C:1955H         LINE#         448
  C:1955H         LINE#         449
  C:1955H         LINE#         451
  C:1955H         LINE#         452
  C:19BBH         LINE#         453
  C:19BBH         LINE#         454
  C:19BEH         LINE#         455
  C:19BEH         LINE#         457
  C:19BEH         LINE#         459
  C:19E4H         LINE#         460
  C:19E4H         LINE#         461
  C:19E7H         LINE#         462
  C:19E7H         LINE#         463
  C:19E7H         LINE#         464
  C:19E7H         LINE#         466
  C:19E7H         LINE#         467
  C:1A4DH         LINE#         468
  C:1A4DH         LINE#         469
  C:1A50H         LINE#         470
  C:1A50H         LINE#         472
  C:1A50H         LINE#         474
  C:1A76H         LINE#         475
  C:1A76H         LINE#         476
  C:1A79H         LINE#         477
  C:1A79H         LINE#         478
  C:1A79H         LINE#         479
BL51 BANKED LINKER/LOCATER V6.22                                                      04/28/2019  16:27:11  PAGE 20


  C:1A79H         LINE#         480
  C:1A79H         LINE#         481
  C:1A7FH         LINE#         482
  C:1A81H         LINE#         483
  C:1A81H         LINE#         484
  C:1A8AH         LINE#         486
  C:1A92H         LINE#         487
  C:1A92H         LINE#         488
  C:1A95H         LINE#         489
  C:1A95H         LINE#         490
  C:1A9AH         LINE#         491
  C:1A9AH         LINE#         493
  C:1AA3H         LINE#         495
  C:1AC2H         LINE#         496
  C:1AE8H         LINE#         497
  C:1B0EH         LINE#         498
  C:1B34H         LINE#         499
  C:1B5AH         LINE#         501
  C:1B5CH         LINE#         502
  -------         ENDPROC       _LIGHT_BEAM_ON_CMD
  -------         PROC          _LIGHT_BEAM_OFF_CMD
  X:0000H         SYMBOL        cmd_packet
  C:635DH         LINE#         504
  C:6368H         LINE#         505
  C:6368H         LINE#         507
  C:6380H         LINE#         508
  C:6380H         LINE#         509
  C:6383H         LINE#         510
  C:6383H         LINE#         512
  C:63A2H         LINE#         514
  C:63A4H         LINE#         515
  -------         ENDPROC       _LIGHT_BEAM_OFF_CMD
  -------         PROC          _GENERATE_SOUND_CMD
  X:0000H         SYMBOL        cmd_packet
  -------         DO            
  X:0003H         SYMBOL        i
  X:0004H         SYMBOL        j
  X:0005H         SYMBOL        params
  X:0019H         SYMBOL        frequency_code
  X:001BH         SYMBOL        delay_son
  X:001DH         SYMBOL        delay_silence
  X:001FH         SYMBOL        nbr_bip
  X:0021H         SYMBOL        param_find
  X:0022H         SYMBOL        str
  -------         ENDDO         
  C:11FFH         LINE#         517
  C:120AH         LINE#         518
  C:120AH         LINE#         519
  C:1214H         LINE#         520
  C:1239H         LINE#         521
  C:125DH         LINE#         522
  C:1262H         LINE#         523
  C:1273H         LINE#         526
  C:12A7H         LINE#         527
  C:12A7H         LINE#         528
  C:12AAH         LINE#         529
  C:12AAH         LINE#         532
BL51 BANKED LINKER/LOCATER V6.22                                                      04/28/2019  16:27:11  PAGE 21


  C:12D5H         LINE#         533
  C:12D5H         LINE#         534
  C:1311H         LINE#         537
  C:1324H         LINE#         538
  C:1324H         LINE#         539
  C:1362H         LINE#         540
  C:1362H         LINE#         541
  C:137BH         LINE#         542
  C:137BH         LINE#         543
  C:137BH         LINE#         544
  C:13E1H         LINE#         545
  C:13E1H         LINE#         546
  C:13E4H         LINE#         547
  C:13E4H         LINE#         549
  C:13E4H         LINE#         551
  C:140DH         LINE#         552
  C:140DH         LINE#         553
  C:1410H         LINE#         554
  C:1410H         LINE#         555
  C:1410H         LINE#         556
  C:1410H         LINE#         558
  C:1410H         LINE#         559
  C:1476H         LINE#         560
  C:1476H         LINE#         561
  C:1479H         LINE#         562
  C:1479H         LINE#         564
  C:1479H         LINE#         566
  C:14A2H         LINE#         567
  C:14A2H         LINE#         568
  C:14A5H         LINE#         569
  C:14A5H         LINE#         570
  C:14A5H         LINE#         571
  C:14A5H         LINE#         573
  C:14A5H         LINE#         574
  C:150BH         LINE#         575
  C:150BH         LINE#         576
  C:150EH         LINE#         577
  C:150EH         LINE#         579
  C:150EH         LINE#         581
  C:1537H         LINE#         582
  C:1537H         LINE#         583
  C:153AH         LINE#         584
  C:153AH         LINE#         585
  C:153AH         LINE#         586
  C:153AH         LINE#         588
  C:153AH         LINE#         589
  C:15A0H         LINE#         590
  C:15A0H         LINE#         591
  C:15A3H         LINE#         592
  C:15A3H         LINE#         594
  C:15A3H         LINE#         596
  C:15C9H         LINE#         597
  C:15C9H         LINE#         598
  C:15CCH         LINE#         599
  C:15CCH         LINE#         600
  C:15CCH         LINE#         601
  C:15CCH         LINE#         602
BL51 BANKED LINKER/LOCATER V6.22                                                      04/28/2019  16:27:11  PAGE 22


  C:15CCH         LINE#         603
  C:15D2H         LINE#         604
  C:15D4H         LINE#         605
  C:15D4H         LINE#         606
  C:15DDH         LINE#         608
  C:15E5H         LINE#         609
  C:15E5H         LINE#         610
  C:15E8H         LINE#         611
  C:15E8H         LINE#         612
  C:15EDH         LINE#         613
  C:15EDH         LINE#         615
  C:15F6H         LINE#         617
  C:1615H         LINE#         618
  C:163BH         LINE#         619
  C:1661H         LINE#         620
  C:1687H         LINE#         621
  C:16ADH         LINE#         623
  C:16AFH         LINE#         625
  -------         ENDPROC       _GENERATE_SOUND_CMD
  -------         PROC          _PHOTO_CMD
  X:0000H         SYMBOL        cmd_packet
  -------         DO            
  X:0003H         SYMBOL        i
  X:0004H         SYMBOL        j
  X:0005H         SYMBOL        params
  X:0014H         SYMBOL        duree_photo
  X:0016H         SYMBOL        nbr_photo
  X:0018H         SYMBOL        mode
  X:001AH         SYMBOL        param_find
  X:001BH         SYMBOL        str
  -------         ENDDO         
  C:2FCEH         LINE#         627
  C:2FD9H         LINE#         628
  C:2FD9H         LINE#         629
  C:2FE4H         LINE#         630
  C:3009H         LINE#         631
  C:3024H         LINE#         632
  C:3029H         LINE#         633
  C:303AH         LINE#         637
  C:3055H         LINE#         638
  C:3055H         LINE#         639
  C:3058H         LINE#         640
  C:3058H         LINE#         644
  C:307AH         LINE#         645
  C:307AH         LINE#         646
  C:30A7H         LINE#         649
  C:30BAH         LINE#         650
  C:30BAH         LINE#         651
  C:30F8H         LINE#         652
  C:30F8H         LINE#         653
  C:3114H         LINE#         654
  C:3114H         LINE#         655
  C:3114H         LINE#         656
  C:3173H         LINE#         657
  C:3173H         LINE#         658
  C:3176H         LINE#         659
  C:3176H         LINE#         660
BL51 BANKED LINKER/LOCATER V6.22                                                      04/28/2019  16:27:11  PAGE 23


  C:317DH         LINE#         661
  C:3180H         LINE#         663
  C:3180H         LINE#         664
  C:31DFH         LINE#         665
  C:31DFH         LINE#         666
  C:31E2H         LINE#         667
  C:31E2H         LINE#         668
  C:31E9H         LINE#         669
  C:31EBH         LINE#         670
  C:31EBH         LINE#         671
  C:31F4H         LINE#         672
  C:31FAH         LINE#         673
  C:31FCH         LINE#         674
  C:31FCH         LINE#         675
  C:3205H         LINE#         676
  C:320BH         LINE#         677
  C:320DH         LINE#         678
  C:320DH         LINE#         679
  C:3216H         LINE#         680
  C:321CH         LINE#         681
  C:321CH         LINE#         682
  C:321CH         LINE#         683
  C:3222H         LINE#         684
  C:3224H         LINE#         685
  C:3224H         LINE#         686
  C:322DH         LINE#         688
  C:3235H         LINE#         689
  C:3235H         LINE#         690
  C:3238H         LINE#         691
  C:3238H         LINE#         692
  C:323DH         LINE#         693
  C:323DH         LINE#         695
  C:3240H         LINE#         697
  C:3266H         LINE#         698
  C:328CH         LINE#         699
  C:32D0H         LINE#         700
  C:32D2H         LINE#         701
  -------         ENDPROC       _PHOTO_CMD
  -------         PROC          _PHOTO_OFF_CMD
  X:0000H         SYMBOL        cmd_packet
  C:63A5H         LINE#         703
  C:63B0H         LINE#         704
  C:63B0H         LINE#         706
  C:63C8H         LINE#         707
  C:63C8H         LINE#         708
  C:63CBH         LINE#         709
  C:63CBH         LINE#         711
  C:63EAH         LINE#         713
  C:63ECH         LINE#         714
  -------         ENDPROC       _PHOTO_OFF_CMD
  -------         PROC          _AUX_CMD
  X:0000H         SYMBOL        cmd_packet
  -------         DO            
  X:0003H         SYMBOL        str
  X:0006H         SYMBOL        params
  X:0012H         SYMBOL        ticks_value
  -------         ENDDO         
BL51 BANKED LINKER/LOCATER V6.22                                                      04/28/2019  16:27:11  PAGE 24


  C:3C35H         LINE#         716
  C:3C40H         LINE#         717
  C:3C40H         LINE#         718
  C:3C51H         LINE#         719
  C:3C76H         LINE#         720
  C:3C7EH         LINE#         722
  C:3C9FH         LINE#         725
  C:3CCBH         LINE#         726
  C:3CCBH         LINE#         727
  C:3D16H         LINE#         728
  C:3D16H         LINE#         729
  C:3D19H         LINE#         730
  C:3D19H         LINE#         731
  C:3D38H         LINE#         732
  C:3D60H         LINE#         733
  C:3D63H         LINE#         734
  C:3D63H         LINE#         737
  C:3D8CH         LINE#         738
  C:3D8CH         LINE#         739
  C:3DABH         LINE#         740
  C:3DAEH         LINE#         741
  C:3DAEH         LINE#         744
  C:3DD7H         LINE#         745
  C:3DD7H         LINE#         746
  C:3DF6H         LINE#         747
  C:3DF9H         LINE#         748
  C:3DF9H         LINE#         751
  C:3E22H         LINE#         752
  C:3E22H         LINE#         753
  C:3E41H         LINE#         754
  C:3E44H         LINE#         755
  C:3E44H         LINE#         757
  C:3E46H         LINE#         758
  -------         ENDPROC       _AUX_CMD
  -------         ENDMOD        COMMANDS

  -------         MODULE        COMMANDS_PARSER
  C:0000H         SYMBOL        _ICE_DUMMY_
  B:0098H.7       PUBLIC        SM00
  D:0090H         PUBLIC        P1
  B:0098H.6       PUBLIC        SM10
  C:6477H         PUBLIC        _get_command
  C:6198H         PUBLIC        _Init_parser
  D:00E8H         PUBLIC        ADC0CN
  C:5FDAH         PUBLIC        _cmd_parser_process
  D:00A4H         PUBLIC        P0MDOUT
  X:0166H         PUBLIC        current_state
  D:00A8H         PUBLIC        IE
  B:0098H.4       PUBLIC        REN0
  D:00D8H         PUBLIC        PCA0CN
  D:00B8H         PUBLIC        IP
  D:00E1H         PUBLIC        XBR0
  C:37CEH         PUBLIC        _parse
  C:677CH         PUBLIC        _USART_send
  C:6142H         PUBLIC        _USART_print
  D:00CBH         PUBLIC        RCAP2H
  D:00C0H         PUBLIC        SMB0CN
BL51 BANKED LINKER/LOCATER V6.22                                                      04/28/2019  16:27:11  PAGE 25


  C:67B2H         PUBLIC        valid_cmd_flag
  D:00CAH         PUBLIC        RCAP2L
  C:3A15H         PUBLIC        _send_informations
  D:00F8H         PUBLIC        SPI0CN
  D:0088H         PUBLIC        TCON
  C:5A03H         PUBLIC        _wait
  C:357AH         PUBLIC        _send_KOB_MOU
  C:67C2H         PUBLIC        error_cmd_flag
  X:0167H         PUBLIC        dispatch_table
  X:0209H         PUBLIC        MSG_buffer
  X:0229H         PUBLIC        raw_data
  B:0098H.0       PUBLIC        RI0
  B:0098H.1       PUBLIC        TI0
  B:00C8H.2       PUBLIC        TR2
  C:6562H         PUBLIC        _USART_receive
  B:00C8H.5       PUBLIC        RCLK0
  B:00C8H.4       PUBLIC        TCLK0
  D:0099H         PUBLIC        SBUF0
  D:0098H         PUBLIC        SCON0
  D:00C8H         PUBLIC        T2CON
  D:008EH         PUBLIC        CKCON
  X:0249H         PUBLIC        full_state_machine
  X:0251H         PUBLIC        buffer_index
  D:00D0H         PUBLIC        PSW
  -------         PROC          _INIT_PARSER
  X:0012H         SYMBOL        parser_result
  C:6198H         LINE#         86
  C:61A3H         LINE#         87
  C:61A3H         LINE#         90
  C:61A5H         LINE#         91
  C:61A7H         LINE#         92
  C:61A9H         LINE#         95
  C:61ACH         LINE#         98
  C:61AFH         LINE#         102
  C:61B2H         LINE#         106
  C:61B5H         LINE#         107
  C:61B7H         LINE#         108
  C:61B9H         LINE#         109
  C:61BCH         LINE#         110
  C:61BFH         LINE#         111
  C:61C1H         LINE#         114
  C:61EAH         LINE#         116
  C:61ECH         LINE#         117
  -------         ENDPROC       _INIT_PARSER
  -------         PROC          _USART_RECEIVE
  X:0019H         SYMBOL        read_byte
  C:6562H         LINE#         119
  C:656DH         LINE#         120
  C:656DH         LINE#         121
  C:6570H         LINE#         122
  C:6570H         LINE#         123
  C:6580H         LINE#         124
  C:6582H         LINE#         125
  C:6583H         LINE#         126
  C:6593H         LINE#         127
  C:6593H         LINE#         128
  -------         ENDPROC       _USART_RECEIVE
BL51 BANKED LINKER/LOCATER V6.22                                                      04/28/2019  16:27:11  PAGE 26


  -------         PROC          _USART_SEND
  X:00F5H         SYMBOL        ch
  C:677CH         LINE#         130
  C:6781H         LINE#         131
  C:6781H         LINE#         132
  C:6788H         LINE#         133
  C:678BH         LINE#         134
  C:678DH         LINE#         135
  -------         ENDPROC       _USART_SEND
  -------         PROC          _USART_PRINT
  X:00F1H         SYMBOL        str
  -------         DO            
  X:00F4H         SYMBOL        i
  -------         ENDDO         
  C:6142H         LINE#         145
  C:614DH         LINE#         146
  C:614DH         LINE#         147
  C:6152H         LINE#         148
  C:6173H         LINE#         149
  C:6173H         LINE#         150
  C:618FH         LINE#         151
  C:6197H         LINE#         152
  -------         ENDPROC       _USART_PRINT
  -------         PROC          _CMD_PARSER_PROCESS
  X:0012H         SYMBOL        result
  C:5FDAH         LINE#         156
  C:5FE5H         LINE#         157
  C:5FE5H         LINE#         171
  C:5FF8H         LINE#         172
  C:5FF8H         LINE#         173
  C:5FF8H         LINE#         174
  C:6006H         LINE#         175
  C:6008H         LINE#         176
  C:6008H         LINE#         177
  C:6016H         LINE#         178
  C:6018H         LINE#         179
  C:6018H         LINE#         180
  C:6026H         LINE#         181
  C:6026H         LINE#         183
  C:6026H         LINE#         185
  C:6034H         LINE#         186
  -------         ENDPROC       _CMD_PARSER_PROCESS
  -------         PROC          _WAIT
  X:0015H         SYMBOL        parser_result
  -------         DO            
  X:0018H         SYMBOL        read_byte
  -------         ENDDO         
  C:5A03H         LINE#         188
  C:5A0EH         LINE#         189
  C:5A0EH         LINE#         190
  C:5A14H         LINE#         193
  C:5A1DH         LINE#         196
  C:5A33H         LINE#         199
  C:5A3DH         LINE#         200
  C:5A46H         LINE#         201
  C:5A46H         LINE#         204
  C:5A5CH         LINE#         205
BL51 BANKED LINKER/LOCATER V6.22                                                      04/28/2019  16:27:11  PAGE 27


  C:5A62H         LINE#         207
  C:5A73H         LINE#         208
  C:5A79H         LINE#         209
  C:5A7AH         LINE#         210
  C:5A82H         LINE#         211
  C:5A98H         LINE#         212
  C:5A9EH         LINE#         213
  C:5A9EH         LINE#         214
  C:5A9EH         LINE#         215
  -------         ENDPROC       _WAIT
  -------         PROC          _GET_COMMAND
  X:0015H         SYMBOL        parser_result
  C:6477H         LINE#         218
  C:6482H         LINE#         219
  C:6482H         LINE#         221
  C:6493H         LINE#         222
  C:6493H         LINE#         224
  C:6496H         LINE#         225
  C:6498H         LINE#         226
  C:649BH         LINE#         227
  C:649BH         LINE#         230
  C:64AFH         LINE#         231
  C:64B4H         LINE#         233
  C:64B9H         LINE#         234
  -------         ENDPROC       _GET_COMMAND
  -------         PROC          _PARSE
  X:0018H         SYMBOL        parser_result
  -------         DO            
  X:001BH         SYMBOL        commands_data
  X:00E3H         SYMBOL        data_index
  X:00E4H         SYMBOL        ptr
  X:00E5H         SYMBOL        reading_ptr
  X:00E6H         SYMBOL        ret
  X:00E7H         SYMBOL        c
  X:00E8H         SYMBOL        i
  X:00E9H         SYMBOL        run
  X:00EAH         SYMBOL        cmd_packet
  -------         ENDDO         
  C:37CEH         LINE#         237
  C:37D9H         LINE#         238
  C:37D9H         LINE#         242
  C:37E8H         LINE#         243
  C:37EDH         LINE#         244
  C:37F7H         LINE#         245
  C:37FDH         LINE#         254
  C:3808H         LINE#         255
  C:3808H         LINE#         256
  C:381EH         LINE#         259
  C:3834H         LINE#         260
  C:3834H         LINE#         261
  C:3834H         LINE#         262
  C:3858H         LINE#         264
  C:385EH         LINE#         265
  C:3863H         LINE#         266
  C:3866H         LINE#         268
  C:3866H         LINE#         269
  C:388AH         LINE#         271
BL51 BANKED LINKER/LOCATER V6.22                                                      04/28/2019  16:27:11  PAGE 28


  C:3890H         LINE#         272
  C:3895H         LINE#         273
  C:3897H         LINE#         276
  C:3897H         LINE#         277
  C:38BBH         LINE#         279
  C:38C0H         LINE#         280
  C:38C2H         LINE#         282
  C:38C2H         LINE#         283
  C:38EBH         LINE#         284
  C:38F1H         LINE#         285
  C:38F1H         LINE#         287
  C:38F7H         LINE#         288
  C:38FAH         LINE#         292
  C:390BH         LINE#         293
  C:3915H         LINE#         294
  C:3934H         LINE#         298
  C:3949H         LINE#         299
  C:3949H         LINE#         300
  C:398CH         LINE#         301
  C:398CH         LINE#         303
  C:39CDH         LINE#         304
  C:39CDH         LINE#         305
  C:39D3H         LINE#         306
  C:39D5H         LINE#         307
  C:39DEH         LINE#         308
  C:39E3H         LINE#         309
  C:39E3H         LINE#         316
  C:39E3H         LINE#         317
  C:39ECH         LINE#         320
  C:39FBH         LINE#         321
  C:3A0FH         LINE#         324
  C:3A14H         LINE#         325
  -------         ENDPROC       _PARSE
  -------         PROC          VALID_CMD_FLAG
  C:67B2H         LINE#         327
  C:67B2H         LINE#         328
  C:67B2H         LINE#         329
  C:67B7H         LINE#         330
  C:67BCH         LINE#         331
  C:67C1H         LINE#         332
  -------         ENDPROC       VALID_CMD_FLAG
  -------         PROC          ERROR_CMD_FLAG
  C:67C2H         LINE#         334
  C:67C2H         LINE#         335
  C:67C2H         LINE#         336
  C:67C7H         LINE#         337
  C:67CCH         LINE#         338
  C:67D1H         LINE#         339
  -------         ENDPROC       ERROR_CMD_FLAG
  -------         PROC          _SEND_INFORMATIONS
  X:0015H         SYMBOL        parser_result
  C:3A15H         LINE#         342
  C:3A20H         LINE#         343
  C:3A20H         LINE#         345
  C:3A40H         LINE#         346
  C:3A40H         LINE#         348
  C:3A62H         LINE#         349
BL51 BANKED LINKER/LOCATER V6.22                                                      04/28/2019  16:27:11  PAGE 29


  C:3A62H         LINE#         350
  C:3A8BH         LINE#         351
  C:3AA9H         LINE#         352
  C:3AACH         LINE#         354
  C:3ACEH         LINE#         355
  C:3ACEH         LINE#         356
  C:3AF7H         LINE#         357
  C:3B15H         LINE#         358
  C:3B18H         LINE#         360
  C:3B3AH         LINE#         361
  C:3B3AH         LINE#         362
  C:3B63H         LINE#         363
  C:3B81H         LINE#         364
  C:3B83H         LINE#         367
  C:3BA5H         LINE#         368
  C:3BA5H         LINE#         369
  C:3BB3H         LINE#         370
  C:3BD1H         LINE#         371
  C:3BD3H         LINE#         374
  C:3BD3H         LINE#         375
  C:3BFCH         LINE#         376
  C:3BFCH         LINE#         378
  C:3C14H         LINE#         379
  C:3C34H         LINE#         381
  C:3C34H         LINE#         384
  -------         ENDPROC       _SEND_INFORMATIONS
  -------         PROC          _SEND_KOB_MOU
  X:0018H         SYMBOL        parser_result
  -------         DO            
  X:0146H         SYMBOL        msg
  X:001BH         SYMBOL        angle_front
  X:001DH         SYMBOL        angle_back
  X:001FH         SYMBOL        distance_front
  X:0021H         SYMBOL        distance_back
  -------         ENDDO         
  C:357AH         LINE#         386
  C:3585H         LINE#         387
  C:3585H         LINE#         390
  C:3595H         LINE#         391
  C:35A5H         LINE#         393
  C:35B4H         LINE#         395
  C:35DBH         LINE#         396
  C:35DBH         LINE#         397
  C:3606H         LINE#         398
  C:3637H         LINE#         399
  C:367DH         LINE#         400
  C:3680H         LINE#         402
  C:3680H         LINE#         403
  C:36ABH         LINE#         404
  C:36DCH         LINE#         405
  C:370DH         LINE#         406
  C:373EH         LINE#         407
  C:37A4H         LINE#         408
  C:37A4H         LINE#         411
  C:37CDH         LINE#         413
  -------         ENDPROC       _SEND_KOB_MOU
  -------         ENDMOD        COMMANDS_PARSER
BL51 BANKED LINKER/LOCATER V6.22                                                      04/28/2019  16:27:11  PAGE 30



  -------         MODULE        MAIN
  C:0000H         SYMBOL        _ICE_DUMMY_
  D:0090H         PUBLIC        P1
  B:00A8H.7       PUBLIC        EA
  D:00E8H         PUBLIC        ADC0CN
  D:00A8H         PUBLIC        IE
  X:02C0H         PUBLIC        epreuve_start
  X:02C1H         PUBLIC        parser_result
  D:00D8H         PUBLIC        PCA0CN
  D:00B8H         PUBLIC        IP
  D:00FFH         PUBLIC        Reg
  D:00E3H         PUBLIC        XBR2
  X:02C8H         PUBLIC        informations
  X:02E2H         PUBLIC        dd_packet
  D:00C0H         PUBLIC        SMB0CN
  C:4BB8H         PUBLIC        main
  X:02F0H         PUBLIC        spi_packet
  D:00F8H         PUBLIC        SPI0CN
  D:0088H         PUBLIC        TCON
  C:0030H         PUBLIC        enable_general_Int
  D:00B2H         PUBLIC        OSCICN
  D:00B1H         PUBLIC        OSCXCN
  X:02F9H         PUBLIC        commands
  C:67D2H         PUBLIC        Init_External_clk
  D:0098H         PUBLIC        SCON0
  D:00C8H         PUBLIC        T2CON
  C:6808H         PUBLIC        Enable_Crossbar
  D:008EH         PUBLIC        CKCON
  D:00D0H         PUBLIC        PSW
  -------         PROC          INIT_EXTERNAL_CLK
  C:67D2H         LINE#         101
  C:67D2H         LINE#         102
  C:67D2H         LINE#         104
  C:67D5H         LINE#         105
  C:67DAH         LINE#         108
  C:67DDH         LINE#         110
  C:67E0H         LINE#         111
  -------         ENDPROC       INIT_EXTERNAL_CLK
  -------         PROC          ENABLE_CROSSBAR
  C:6808H         LINE#         113
  C:6808H         LINE#         114
  C:6808H         LINE#         116
  C:680BH         LINE#         117
  -------         ENDPROC       ENABLE_CROSSBAR
  -------         PROC          ENABLE_GENERAL_INT
  C:0030H         LINE#         119
  C:0030H         LINE#         120
  C:0030H         LINE#         121
  C:0032H         LINE#         122
  -------         ENDPROC       ENABLE_GENERAL_INT
  -------         PROC          MAIN
  -------         DO            
  X:0000H         SYMBOL        mes
  X:000AH         SYMBOL        f
  X:000EH         SYMBOL        angle
  X:0010H         SYMBOL        ij
BL51 BANKED LINKER/LOCATER V6.22                                                      04/28/2019  16:27:11  PAGE 31


  -------         ENDDO         
  C:4BB8H         LINE#         125
  C:4BB8H         LINE#         126
  C:4BB8H         LINE#         128
  C:4BC2H         LINE#         129
  C:4BCBH         LINE#         130
  C:4BD3H         LINE#         133
  C:4BD6H         LINE#         134
  C:4BD9H         LINE#         137
  C:4BDCH         LINE#         140
  C:4BE5H         LINE#         144
  C:4BE8H         LINE#         146
  C:4BEBH         LINE#         148
  C:4BEEH         LINE#         150
  C:4BF1H         LINE#         152
  C:4BF4H         LINE#         154
  C:4BFDH         LINE#         155
  C:4C06H         LINE#         159
  C:4C09H         LINE#         161
  C:4C12H         LINE#         165
  C:4C12H         LINE#         166
  C:4C12H         LINE#         168
  C:4C1BH         LINE#         170
  C:4C2EH         LINE#         171
  C:4C2EH         LINE#         172
  C:4C37H         LINE#         173
  C:4C3AH         LINE#         174
  C:4C3AH         LINE#         176
  C:4C4EH         LINE#         177
  C:4C4EH         LINE#         179
  C:4C56H         LINE#         180
  C:4C56H         LINE#         181
  C:4C66H         LINE#         182
  C:4C6CH         LINE#         183
  C:4C6CH         LINE#         186
  C:4C75H         LINE#         189
  C:4C7EH         LINE#         192
  C:4CA4H         LINE#         204
  C:4CA7H         LINE#         206
  C:4CBEH         LINE#         207
  C:4CBEH         LINE#         208
  C:4CC7H         LINE#         210
  C:4CC7H         LINE#         212
  C:4CCAH         LINE#         214
  C:4CD3H         LINE#         216
  -------         ENDPROC       MAIN
  -------         ENDMOD        MAIN

  -------         MODULE        SERIALIZER
  C:0000H         SYMBOL        _ICE_DUMMY_
  X:029EH         PUBLIC        serializer_state_machine
  D:0090H         PUBLIC        P1
  X:02B6H         PUBLIC        is_processing
  X:02B7H         PUBLIC        robot_position
  C:652DH         PUBLIC        _serializer_receive
  D:00E8H         PUBLIC        ADC0CN
  D:00A8H         PUBLIC        IE
BL51 BANKED LINKER/LOCATER V6.22                                                      04/28/2019  16:27:11  PAGE 32


  C:6090H         PUBLIC        __print
  C:66D3H         PUBLIC        serializer_clear_serial
  C:5EA9H         PUBLIC        _rotate
  D:00D8H         PUBLIC        PCA0CN
  D:00B8H         PUBLIC        IP
  D:00E3H         PUBLIC        XBR2
  C:000EH         PUBLIC        _idle
  C:58C1H         PUBLIC        _moveAngle
  D:00E5H         PUBLIC        RCAP4H
  D:00C0H         PUBLIC        SMB0CN
  C:32D3H         PUBLIC        _serializer_process
  C:678EH         PUBLIC        init_serializer_UART1
  D:00E4H         PUBLIC        RCAP4L
  D:00F8H         PUBLIC        SPI0CN
  D:0088H         PUBLIC        TCON
  X:02BCH         PUBLIC        pids_timer
  C:66BBH         PUBLIC        serializer_init_serial
  C:556EH         PUBLIC        is_PID_processing
  C:54AFH         SYMBOL        _?ix1000
  C:54B4H         SYMBOL        _?ix1001
  X:02BEH         PUBLIC        serializer_state
  C:29A2H         PUBLIC        _idle_next_state
  C:65C6H         PUBLIC        _stop
  C:67A0H         PUBLIC        _UART_send
  B:0098H.1       PUBLIC        TI0
  C:6701H         PUBLIC        _serializer_send
  C:6035H         PUBLIC        _serializer_print
  C:454DH         PUBLIC        _navigate
  C:581BH         PUBLIC        _translate
  C:5F15H         PUBLIC        _setMotors
  C:2673H         PUBLIC        _angle_calibration_process
  D:0099H         PUBLIC        SBUF0
  D:00F2H         PUBLIC        SBUF1
  D:0098H         PUBLIC        SCON0
  D:00F1H         PUBLIC        SCON1
  D:00C8H         PUBLIC        T2CON
  D:00C9H         PUBLIC        T4CON
  X:02BFH         PUBLIC        is_navigating
  D:00D0H         PUBLIC        PSW
  C:4EDCH         PUBLIC        _moveTo
  -------         PROC          INIT_SERIALIZER_UART1
  C:678EH         LINE#         37
  C:678EH         LINE#         38
  C:678EH         LINE#         41
  C:6791H         LINE#         45
  C:6794H         LINE#         48
  C:6797H         LINE#         50
  C:679AH         LINE#         51
  C:679DH         LINE#         53
  C:679FH         LINE#         54
  -------         ENDPROC       INIT_SERIALIZER_UART1
  -------         PROC          _SERIALIZER_RECEIVE
  X:004DH         SYMBOL        read_byte
  C:652DH         LINE#         56
  C:6538H         LINE#         57
  C:6538H         LINE#         58
  C:653DH         LINE#         59
BL51 BANKED LINKER/LOCATER V6.22                                                      04/28/2019  16:27:11  PAGE 33


  C:653DH         LINE#         60
  C:654DH         LINE#         61
  C:6550H         LINE#         62
  C:6551H         LINE#         63
  C:6561H         LINE#         64
  C:6561H         LINE#         65
[...]
  D:0090H         PUBLIC        P1
  X:0350H         PUBLIC        spi_data_in
  X:0355H         PUBLIC        spi_data_out
  D:00E6H         PUBLIC        EIE1
  D:00E8H         PUBLIC        ADC0CN
  D:00A4H         PUBLIC        P0MDOUT
  D:00A5H         PUBLIC        P1MDOUT
  D:00A8H         PUBLIC        IE
BL51 BANKED LINKER/LOCATER V6.22                                                      04/28/2019  16:27:11  PAGE 48


  D:00D8H         PUBLIC        PCA0CN
  D:00B8H         PUBLIC        IP
  C:5CD3H         PUBLIC        _spi_cmd_light_OFF
  B:00F8H.3       PUBLIC        TXBSY
  D:00E1H         PUBLIC        XBR0
  C:532AH         PUBLIC        _spi_cmd_generate_sound
  D:00C0H         PUBLIC        SMB0CN
  C:5190H         PUBLIC        _spi_transmit
  C:5D49H         PUBLIC        _spi_cmd_photo_OFF
  D:00F8H         PUBLIC        SPI0CN
  C:2CBBH         PUBLIC        _spi_process
  B:00F8H.7       PUBLIC        SPIF
  D:0088H         PUBLIC        TCON
  X:035AH         PUBLIC        spi_data_in_ptr
  C:6668H         PUBLIC        spi_error
  C:6740H         PUBLIC        _spi_send_char
  C:5260H         PUBLIC        _spi_cmd_light_ON
  C:6687H         PUBLIC        Init_SPI
  D:0098H         PUBLIC        SCON0
  B:0090H.0       PUBLIC        slave_selector
  D:00C8H         PUBLIC        T2CON
  D:009AH         PUBLIC        SPI0CFG
  C:54B9H         PUBLIC        _spi_cmd_photo_ON
  C:56CBH         PUBLIC        _spi_cmd_servo
  D:009BH         PUBLIC        SPI0DAT
  C:6594H         PUBLIC        spi_int
  D:00D0H         PUBLIC        PSW
  C:5E34H         PUBLIC        spi_validate
  -------         PROC          SPI_INT
  C:6594H         LINE#         30
  C:65A1H         LINE#         33
  C:65A3H         LINE#         36
  C:65B5H         LINE#         38
  C:65BBH         LINE#         40
  -------         ENDPROC       SPI_INT
  -------         PROC          INIT_SPI
  C:6687H         LINE#         48
  C:6687H         LINE#         49
  C:6687H         LINE#         55
  C:668AH         LINE#         59
  C:668DH         LINE#         60
  C:6690H         LINE#         61
  C:6693H         LINE#         63
  C:6696H         LINE#         64
  C:6699H         LINE#         65
  C:669CH         LINE#         67
  C:669EH         LINE#         69
  C:66A1H         LINE#         70
  -------         ENDPROC       INIT_SPI
  -------         PROC          _SPI_SEND_CHAR
  X:001DH         SYMBOL        a
  C:6740H         LINE#         78
  C:6745H         LINE#         79
  C:6747H         LINE#         81
  C:674EH         LINE#         83
  C:6751H         LINE#         85
  C:6753H         LINE#         86
BL51 BANKED LINKER/LOCATER V6.22                                                      04/28/2019  16:27:11  PAGE 49


  -------         ENDPROC       _SPI_SEND_CHAR
  -------         PROC          _SPI_TRANSMIT
  X:0018H         SYMBOL        spi_packet
  -------         DO            
  X:001BH         SYMBOL        ptr
  X:001CH         SYMBOL        _delay
  -------         ENDDO         
  C:5190H         LINE#         88
  C:519BH         LINE#         89
  C:519BH         LINE#         90
  C:51A0H         LINE#         91
  C:51A5H         LINE#         94
  C:51B7H         LINE#         95
  C:51BCH         LINE#         98
  C:51BFH         LINE#         100
  C:51CAH         LINE#         101
  C:51CAH         LINE#         102
  C:51F1H         LINE#         103
  C:51F7H         LINE#         105
  C:520FH         LINE#         106
  C:520FH         LINE#         109
  C:5212H         LINE#         112
  C:5218H         LINE#         113
  C:5218H         LINE#         114
  C:521BH         LINE#         115
  C:521DH         LINE#         116
  C:521DH         LINE#         117
  C:5233H         LINE#         118
  C:5233H         LINE#         121
  C:524DH         LINE#         123
  C:525FH         LINE#         125
  -------         ENDPROC       _SPI_TRANSMIT
  -------         PROC          _SPI_PROCESS
  X:0012H         SYMBOL        cmd
  X:0015H         SYMBOL        spi_packet
  C:2CBBH         LINE#         127
  C:2CC6H         LINE#         128
  C:2CC6H         LINE#         129
  C:2CE3H         LINE#         130
  C:2CE3H         LINE#         132
  C:2CE3H         LINE#         133
  C:2CFCH         LINE#         134
  C:2CFCH         LINE#         135
  C:2D2CH         LINE#         136
  C:2D41H         LINE#         137
  C:2D57H         LINE#         138
  C:2D5AH         LINE#         139
  C:2D75H         LINE#         140
  C:2D75H         LINE#         141
  C:2D8EH         LINE#         142
  C:2D8EH         LINE#         143
  C:2DBEH         LINE#         144
  C:2DD3H         LINE#         145
  C:2DE9H         LINE#         146
  C:2DECH         LINE#         148
  C:2DECH         LINE#         149
  C:2E1CH         LINE#         150
BL51 BANKED LINKER/LOCATER V6.22                                                      04/28/2019  16:27:11  PAGE 50


  C:2E31H         LINE#         151
  C:2E47H         LINE#         152
  C:2E47H         LINE#         153
  C:2E4AH         LINE#         154
  C:2E63H         LINE#         155
  C:2E63H         LINE#         156
  C:2E93H         LINE#         157
  C:2EA8H         LINE#         158
  C:2EBEH         LINE#         159
  C:2EC1H         LINE#         160
  C:2ED9H         LINE#         161
  C:2ED9H         LINE#         162
  C:2F09H         LINE#         163
  C:2F1EH         LINE#         164
  C:2F34H         LINE#         165
  C:2F36H         LINE#         167
  C:2F36H         LINE#         168
  C:2F66H         LINE#         169
  C:2F7BH         LINE#         170
  C:2F91H         LINE#         171
  C:2F91H         LINE#         174
  C:2FAAH         LINE#         175
  C:2FAAH         LINE#         176
  C:2FB8H         LINE#         177
  C:2FCDH         LINE#         178
  C:2FCDH         LINE#         180
  -------         ENDPROC       _SPI_PROCESS
  -------         PROC          _SPI_CMD_SERVO
  X:0018H         SYMBOL        cmd
  X:001BH         SYMBOL        spi_packet
  C:56CBH         LINE#         182
  C:56D6H         LINE#         183
  C:56D6H         LINE#         184
  C:56ECH         LINE#         185
  C:5716H         LINE#         186
  C:5749H         LINE#         187
  C:575EH         LINE#         188
  C:5773H         LINE#         189
  -------         ENDPROC       _SPI_CMD_SERVO
  -------         PROC          _SPI_CMD_LIGHT_ON
  X:0018H         SYMBOL        cmd
  X:001BH         SYMBOL        spi_packet
  C:5260H         LINE#         191
  C:526BH         LINE#         192
  C:526BH         LINE#         193
  C:5281H         LINE#         194
  C:52ABH         LINE#         195
  C:52D5H         LINE#         196
  C:52FFH         LINE#         197
  C:5329H         LINE#         199
  -------         ENDPROC       _SPI_CMD_LIGHT_ON
  -------         PROC          _SPI_CMD_LIGHT_OFF
  X:0018H         SYMBOL        cmd
  X:001BH         SYMBOL        spi_packet
  C:5CD3H         LINE#         201
  C:5CDEH         LINE#         202
  C:5CDEH         LINE#         203
BL51 BANKED LINKER/LOCATER V6.22                                                      04/28/2019  16:27:11  PAGE 51


  C:5CF4H         LINE#         204
  C:5D09H         LINE#         205
  C:5D1EH         LINE#         206
  C:5D33H         LINE#         207
  C:5D48H         LINE#         209
  -------         ENDPROC       _SPI_CMD_LIGHT_OFF
  -------         PROC          _SPI_CMD_GENERATE_SOUND
  X:0018H         SYMBOL        cmd
  X:001BH         SYMBOL        spi_packet
  C:532AH         LINE#         211
  C:5335H         LINE#         212
  C:5335H         LINE#         213
  C:534BH         LINE#         214
  C:5375H         LINE#         215
  C:539FH         LINE#         216
  C:53C9H         LINE#         217
  C:53F3H         LINE#         218
  -------         ENDPROC       _SPI_CMD_GENERATE_SOUND
  -------         PROC          _SPI_CMD_PHOTO_ON
  X:0018H         SYMBOL        cmd
  X:001BH         SYMBOL        spi_packet
  C:54B9H         LINE#         220
  C:54C4H         LINE#         221
  C:54C4H         LINE#         223
  C:54DAH         LINE#         224
  C:5504H         LINE#         225
  C:552EH         LINE#         226
  C:5558H         LINE#         227
  C:556DH         LINE#         229
  -------         ENDPROC       _SPI_CMD_PHOTO_ON
  -------         PROC          _SPI_CMD_PHOTO_OFF
  X:0018H         SYMBOL        cmd
  X:001BH         SYMBOL        spi_packet
  C:5D49H         LINE#         231
  C:5D54H         LINE#         232
  C:5D54H         LINE#         233
  C:5D6AH         LINE#         234
  C:5D7FH         LINE#         235
  C:5D94H         LINE#         236
  C:5DA9H         LINE#         237
  C:5DBEH         LINE#         238
  -------         ENDPROC       _SPI_CMD_PHOTO_OFF
  -------         PROC          SPI_VALIDATE
  -------         DO            
  X:001DH         SYMBOL        hash
  X:001FH         SYMBOL        i
  -------         ENDDO         
  C:5E34H         LINE#         240
  C:5E34H         LINE#         241
  C:5E34H         LINE#         242
  C:5E44H         LINE#         244
  C:5E5FH         LINE#         245
  C:5E5FH         LINE#         246
  C:5E81H         LINE#         247
  C:5E91H         LINE#         249
  C:5EA3H         LINE#         250
  C:5EA3H         LINE#         251
BL51 BANKED LINKER/LOCATER V6.22                                                      04/28/2019  16:27:11  PAGE 52


  C:5EA6H         LINE#         252
  C:5EA6H         LINE#         254
  C:5EA6H         LINE#         255
  C:5EA8H         LINE#         256
  C:5EA8H         LINE#         257
  -------         ENDPROC       SPI_VALIDATE
  -------         PROC          SPI_ERROR
  C:6668H         LINE#         259
  C:6668H         LINE#         260
  C:6668H         LINE#         261
  C:666EH         LINE#         262
  C:6674H         LINE#         263
  C:667AH         LINE#         264
  C:6680H         LINE#         265
  C:6686H         LINE#         266
  -------         ENDPROC       SPI_ERROR
  -------         ENDMOD        SPI_MASTER

  -------         MODULE        ?C?FPADD
  C:003DH         PUBLIC        ?C?FPADD
  C:0039H         PUBLIC        ?C?FPSUB
  -------         ENDMOD        ?C?FPADD

  -------         MODULE        ?C?FPMUL
  C:012EH         PUBLIC        ?C?FPMUL
  -------         ENDMOD        ?C?FPMUL

  -------         MODULE        ?C?FPDIV
  C:0237H         PUBLIC        ?C?FPDIV
  -------         ENDMOD        ?C?FPDIV

  -------         MODULE        ?C?FPCMP
  C:02D6H         PUBLIC        ?C?FPCMP
  C:02D4H         PUBLIC        ?C?FPCMP3
  -------         ENDMOD        ?C?FPCMP

  -------         MODULE        ?C?FCAST
  C:0357H         PUBLIC        ?C?FCASTC
  C:0352H         PUBLIC        ?C?FCASTI
  C:034DH         PUBLIC        ?C?FCASTL
  -------         ENDMOD        ?C?FCAST

  -------         MODULE        ?C?CASTF
  C:038BH         PUBLIC        ?C?CASTF
  -------         ENDMOD        ?C?CASTF

  -------         MODULE        PRINTF
  X:003BH         PUBLIC        ?_PRINTF?BYTE
  X:003BH         PUBLIC        ?_SPRINTF?BYTE
  C:1BC8H         PUBLIC        _PRINTF
  C:1BC2H         PUBLIC        _SPRINTF
  -------         ENDMOD        PRINTF

  -------         MODULE        SCANF
  X:0114H         PUBLIC        ?_SCANF?BYTE
  X:0114H         PUBLIC        ?_SSCANF?BYTE
  C:206DH         PUBLIC        _SCANF
BL51 BANKED LINKER/LOCATER V6.22                                                      04/28/2019  16:27:11  PAGE 53


  C:2069H         PUBLIC        _SSCANF
  -------         ENDMOD        SCANF

  -------         MODULE        SQRT
  C:5623H         PUBLIC        _SQRT
  -------         ENDMOD        SQRT

  -------         MODULE        ATAN
  C:4AB6H         PUBLIC        _ATAN
  -------         ENDMOD        ATAN

  -------         MODULE        ?C?FPROUND
  C:040CH         PUBLIC        ?C?FPROUND
  -------         ENDMOD        ?C?FPROUND

  -------         MODULE        ?C?FPCONVERT
  C:0449H         PUBLIC        ?C?FPCONVERT
  -------         ENDMOD        ?C?FPCONVERT

  -------         MODULE        ?C?FPNEG
  C:059BH         PUBLIC        ?C?FPNEG
  -------         ENDMOD        ?C?FPNEG

  -------         MODULE        ?C?FTNPWR
  C:05DCH         PUBLIC        ?C?FTNPWR
  -------         ENDMOD        ?C?FTNPWR

  -------         MODULE        ?C?COPY
  C:06ECH         PUBLIC        ?C?COPY
  -------         ENDMOD        ?C?COPY

  -------         MODULE        ?C?CLDPTR
  C:0712H         PUBLIC        ?C?CLDPTR
  -------         ENDMOD        ?C?CLDPTR

  -------         MODULE        ?C?CLDOPTR
  C:072BH         PUBLIC        ?C?CLDOPTR
  -------         ENDMOD        ?C?CLDOPTR

  -------         MODULE        ?C?CSTPTR
  C:0758H         PUBLIC        ?C?CSTPTR
  -------         ENDMOD        ?C?CSTPTR

  -------         MODULE        ?C?CSTOPTR
  C:076AH         PUBLIC        ?C?CSTOPTR
  -------         ENDMOD        ?C?CSTOPTR

  -------         MODULE        ?C?IMUL
  C:078CH         PUBLIC        ?C?IMUL
  -------         ENDMOD        ?C?IMUL

  -------         MODULE        ?C?ILDPTR
  C:079EH         PUBLIC        ?C?ILDPTR
  -------         ENDMOD        ?C?ILDPTR

  -------         MODULE        ?C?ILDOPTR
  C:07C9H         PUBLIC        ?C?ILDOPTR
BL51 BANKED LINKER/LOCATER V6.22                                                      04/28/2019  16:27:11  PAGE 54


  -------         ENDMOD        ?C?ILDOPTR

  -------         MODULE        ?C?ISTPTR
  C:0801H         PUBLIC        ?C?ISTPTR
  -------         ENDMOD        ?C?ISTPTR

  -------         MODULE        ?C?ISTOPTR
  C:0820H         PUBLIC        ?C?ISTOPTR
  -------         ENDMOD        ?C?ISTOPTR

  -------         MODULE        ?C?LNEG
  C:084DH         PUBLIC        ?C?LNEG
  -------         ENDMOD        ?C?LNEG

  -------         MODULE        ?C?LLDOPTR
  C:085BH         PUBLIC        ?C?LLDOPTR
  -------         ENDMOD        ?C?LLDOPTR

  -------         MODULE        ?C?LSTPTR
  C:088BH         PUBLIC        ?C?LSTPTR
  -------         ENDMOD        ?C?LSTPTR

  -------         MODULE        ?C?LSTOPTR
  C:08A5H         PUBLIC        ?C?LSTOPTR
  -------         ENDMOD        ?C?LSTOPTR

  -------         MODULE        ?C?LLDXDATA
  C:08C9H         PUBLIC        ?C?LLDXDATA
  -------         ENDMOD        ?C?LLDXDATA

  -------         MODULE        ?C?LLDCODE
  C:08D5H         PUBLIC        ?C?LLDCODE
  -------         ENDMOD        ?C?LLDCODE

  -------         MODULE        ?C?LLDXDATA0
  C:08E5H         PUBLIC        ?C?LLDXDATA0
  -------         ENDMOD        ?C?LLDXDATA0

  -------         MODULE        ?C?LLDCODE0
  C:08F1H         PUBLIC        ?C?LLDCODE0
  -------         ENDMOD        ?C?LLDCODE0

  -------         MODULE        ?C?LSTXDATA
  C:0901H         PUBLIC        ?C?LSTXDATA
  -------         ENDMOD        ?C?LSTXDATA

  -------         MODULE        ?C?LSTKXDATA
  C:090DH         PUBLIC        ?C?LSTKXDATA
  -------         ENDMOD        ?C?LSTKXDATA

  -------         MODULE        ?C?OFFXADD
  C:093EH         PUBLIC        ?C?OFFXADD
  -------         ENDMOD        ?C?OFFXADD

  -------         MODULE        ?C?PLDXDATA
  C:094AH         PUBLIC        ?C?PLDXDATA
  -------         ENDMOD        ?C?PLDXDATA
BL51 BANKED LINKER/LOCATER V6.22                                                      04/28/2019  16:27:11  PAGE 55



  -------         MODULE        ?C?PLDIXDATA
  C:0953H         PUBLIC        ?C?PLDIXDATA
  -------         ENDMOD        ?C?PLDIXDATA

  -------         MODULE        ?C?PILDXDATA
  C:096AH         PUBLIC        ?C?PILDXDATA
  -------         ENDMOD        ?C?PILDXDATA

  -------         MODULE        ?C?PSTXDATA
  C:0981H         PUBLIC        ?C?PSTXDATA
  -------         ENDMOD        ?C?PSTXDATA

  -------         MODULE        ?C?PLDPTR
  C:098AH         PUBLIC        ?C?PLDPTR
  -------         ENDMOD        ?C?PLDPTR

  -------         MODULE        ?C?PSTPTR
  C:09AAH         PUBLIC        ?C?PSTPTR
  -------         ENDMOD        ?C?PSTPTR

  -------         MODULE        ?C?PLDOPTR
  C:09F9H         PUBLIC        ?C?PLDOPTR
  -------         ENDMOD        ?C?PLDOPTR

  -------         MODULE        ?C?PSTOPTR
  C:0A29H         PUBLIC        ?C?PSTOPTR
  -------         ENDMOD        ?C?PSTOPTR

  -------         MODULE        ?C?CCASE
  C:0A82H         PUBLIC        ?C?CCASE
  -------         ENDMOD        ?C?CCASE

  -------         MODULE        ?C?ICALL
  C:0AA8H         PUBLIC        ?C?ICALL
  C:0AACH         PUBLIC        ?C?ICALL2
  -------         ENDMOD        ?C?ICALL

  -------         MODULE        PUTCHAR
  C:661BH         PUBLIC        _PUTCHAR
  -------         ENDMOD        PUTCHAR

  -------         MODULE        GETCHAR
  B:0022H.6       PUBLIC        ?C?CHARLOADED
  X:035BH         PUBLIC        ?_UNGETCHAR?BYTE
  C:6754H         PUBLIC        GETCHAR
  -------         ENDMOD        GETCHAR

  -------         MODULE        UNGETC
  C:0003H         PUBLIC        _UNGETCHAR
  -------         ENDMOD        UNGETC

  -------         MODULE        ISSPACE
  C:6768H         PUBLIC        _isspace
  -------         ENDMOD        ISSPACE

  -------         MODULE        ?C?STRCMP
BL51 BANKED LINKER/LOCATER V6.22                                                      04/28/2019  16:27:11  PAGE 56


  C:0C2CH         PUBLIC        ?C?STRCMP
  -------         ENDMOD        ?C?STRCMP

  -------         MODULE        STRLEN
  C:672BH         PUBLIC        _STRLEN
  -------         ENDMOD        STRLEN

  -------         MODULE        ?C?MEMSET
  C:0C49H         PUBLIC        ?C?MEMSET
  -------         ENDMOD        ?C?MEMSET

  -------         MODULE        ?C?LLDIDATA
  C:0C75H         PUBLIC        ?C?LLDIDATA
  -------         ENDMOD        ?C?LLDIDATA

  -------         MODULE        ?C?LLDPDATA
  C:0C81H         PUBLIC        ?C?LLDPDATA
  -------         ENDMOD        ?C?LLDPDATA

  -------         MODULE        ?C?LSTIDATA
  C:0C8DH         PUBLIC        ?C?LSTIDATA
  -------         ENDMOD        ?C?LSTIDATA

  -------         MODULE        ?C?LSTPDATA
  C:0C99H         PUBLIC        ?C?LSTPDATA
  -------         ENDMOD        ?C?LSTPDATA

  -------         MODULE        ?C?PLDIDATA
  C:0CA5H         PUBLIC        ?C?PLDIDATA
  -------         ENDMOD        ?C?PLDIDATA

  -------         MODULE        ?C?PSTIDATA
  C:0CAEH         PUBLIC        ?C?PSTIDATA
  -------         ENDMOD        ?C?PSTIDATA

  -------         MODULE        ?C?PLDPDATA
  C:0CB7H         PUBLIC        ?C?PLDPDATA
  -------         ENDMOD        ?C?PLDPDATA

  -------         MODULE        ?C?PSTPDATA
  C:0CC0H         PUBLIC        ?C?PSTPDATA
  -------         ENDMOD        ?C?PSTPDATA

  -------         MODULE        ?C?PLDCODE
  C:0CC9H         PUBLIC        ?C?PLDCODE
  -------         ENDMOD        ?C?PLDCODE

  -------         MODULE        _GETKEY
  C:67FEH         PUBLIC        _GETKEY
  -------         ENDMOD        _GETKEY

*** WARNING L15: MULTIPLE CALL TO SEGMENT
    SEGMENT: ?PR?SCANF?SCANF
    CALLER1: ?C_C51STARTUP
    CALLER2: ?PR?_MOVE_TO_CMD?COMMANDS

*** WARNING L15: MULTIPLE CALL TO SEGMENT
BL51 BANKED LINKER/LOCATER V6.22                                                      04/28/2019  16:27:11  PAGE 57


    SEGMENT: ?PR??C?ATOF??C?ATOF
    CALLER1: ?C_C51STARTUP
    CALLER2: ?PR?_MOVE_TO_CMD?COMMANDS

*** WARNING L1: UNRESOLVED EXTERNAL SYMBOL
    SYMBOL:  _DD_OBS_DETECTION
    MODULE:  .\Objects\distance_detector.obj (DISTANCE_DETECTOR)

*** WARNING L2: REFERENCE MADE TO UNRESOLVED EXTERNAL
    SYMBOL:  _DD_OBS_DETECTION
    MODULE:  .\Objects\distance_detector.obj (DISTANCE_DETECTOR)
    ADDRESS: 420BH

Program Size: data=33.7 xdata=860 code=26636
LINK/LOCATE RUN COMPLETE.  4 WARNING(S),  0 ERROR(S)
