BL51 BANKED LINKER/LOCATER V6.22                                                        04/28/2019  14:51:59  PAGE 1


BL51 BANKED LINKER/LOCATER V6.22, INVOKED BY:
C:\KEIL_V5\C51\BIN\BL51.EXE .\Objects\STARTUP.obj, .\Objects\commands.obj, .\Objects\commands_parser.obj, .\Objects\main
>> .obj, .\Objects\serializer.obj, .\Objects\motion.obj, .\Objects\distance_detector.obj, .\Objects\spi_master.obj TO .\
>> Objects\robot_V1 PRINT (.\Listings\robot_V1.m51) RAMSIZE (256) OVERLAY (* ! MOVE_TO_CMD)


MEMORY MODEL: LARGE WITH FLOATING POINT ARITHMETIC


INPUT MODULES INCLUDED:
  .\Objects\STARTUP.obj (?C_STARTUP)
  .\Objects\commands.obj (COMMANDS)
  .\Objects\commands_parser.obj (COMMANDS_PARSER)
  .\Objects\main.obj (MAIN)
  .\Objects\serializer.obj (SERIALIZER)
  .\Objects\motion.obj (MOTION)
  .\Objects\distance_detector.obj (DISTANCE_DETECTOR)
  .\Objects\spi_master.obj (SPI_MASTER)
  C:\KEIL_V5\C51\LIB\C51FPL.LIB (?C?FPADD)
  C:\KEIL_V5\C51\LIB\C51FPL.LIB (?C?FPMUL)
  C:\KEIL_V5\C51\LIB\C51FPL.LIB (?C?FPDIV)
  C:\KEIL_V5\C51\LIB\C51FPL.LIB (?C?FPCMP)
  C:\KEIL_V5\C51\LIB\C51FPL.LIB (?C?FCAST)
  C:\KEIL_V5\C51\LIB\C51FPL.LIB (?C?CASTF)
  C:\KEIL_V5\C51\LIB\C51FPL.LIB (PRINTF)
  C:\KEIL_V5\C51\LIB\C51FPL.LIB (SCANF)
  C:\KEIL_V5\C51\LIB\C51FPL.LIB (SQRT)
  C:\KEIL_V5\C51\LIB\C51FPL.LIB (ATAN)
  C:\KEIL_V5\C51\LIB\C51FPL.LIB (?C?FPGETOPN)
  C:\KEIL_V5\C51\LIB\C51FPL.LIB (?C?FPROUND)
  C:\KEIL_V5\C51\LIB\C51FPL.LIB (?C?FPCONVERT)
  C:\KEIL_V5\C51\LIB\C51FPL.LIB (?C?ATOF)
  C:\KEIL_V5\C51\LIB\C51FPL.LIB (?C?FPSERIES)
  C:\KEIL_V5\C51\LIB\C51FPL.LIB (?C?FPNEG)
  C:\KEIL_V5\C51\LIB\C51FPL.LIB (?C?FTNPWR)
  C:\KEIL_V5\C51\LIB\C51L.LIB (?C_INIT)
  C:\KEIL_V5\C51\LIB\C51L.LIB (?C?COPY)
  C:\KEIL_V5\C51\LIB\C51L.LIB (?C?CLDPTR)
  C:\KEIL_V5\C51\LIB\C51L.LIB (?C?CLDOPTR)
  C:\KEIL_V5\C51\LIB\C51L.LIB (?C?CSTPTR)
  C:\KEIL_V5\C51\LIB\C51L.LIB (?C?CSTOPTR)
  C:\KEIL_V5\C51\LIB\C51L.LIB (?C?IMUL)
  C:\KEIL_V5\C51\LIB\C51L.LIB (?C?ILDPTR)
  C:\KEIL_V5\C51\LIB\C51L.LIB (?C?ILDOPTR)
  C:\KEIL_V5\C51\LIB\C51L.LIB (?C?ISTPTR)
  C:\KEIL_V5\C51\LIB\C51L.LIB (?C?ISTOPTR)
  C:\KEIL_V5\C51\LIB\C51L.LIB (?C?LNEG)
  C:\KEIL_V5\C51\LIB\C51L.LIB (?C?LLDOPTR)
  C:\KEIL_V5\C51\LIB\C51L.LIB (?C?LSTPTR)
  C:\KEIL_V5\C51\LIB\C51L.LIB (?C?LSTOPTR)
  C:\KEIL_V5\C51\LIB\C51L.LIB (?C?LLDXDATA)
  C:\KEIL_V5\C51\LIB\C51L.LIB (?C?LLDCODE)
  C:\KEIL_V5\C51\LIB\C51L.LIB (?C?LLDXDATA0)
  C:\KEIL_V5\C51\LIB\C51L.LIB (?C?LLDCODE0)
  C:\KEIL_V5\C51\LIB\C51L.LIB (?C?LSTXDATA)
  C:\KEIL_V5\C51\LIB\C51L.LIB (?C?LSTKXDATA)
  C:\KEIL_V5\C51\LIB\C51L.LIB (?C?OFFXADD)
  C:\KEIL_V5\C51\LIB\C51L.LIB (?C?PLDXDATA)
BL51 BANKED LINKER/LOCATER V6.22                                                      04/28/2019  14:51:59  PAGE 2


  C:\KEIL_V5\C51\LIB\C51L.LIB (?C?PLDIXDATA)
  C:\KEIL_V5\C51\LIB\C51L.LIB (?C?PILDXDATA)
  C:\KEIL_V5\C51\LIB\C51L.LIB (?C?PSTXDATA)
  C:\KEIL_V5\C51\LIB\C51L.LIB (?C?PLDPTR)
  C:\KEIL_V5\C51\LIB\C51L.LIB (?C?PSTPTR)
  C:\KEIL_V5\C51\LIB\C51L.LIB (?C?PLDOPTR)
  C:\KEIL_V5\C51\LIB\C51L.LIB (?C?PSTOPTR)
  C:\KEIL_V5\C51\LIB\C51L.LIB (?C?CCASE)
  C:\KEIL_V5\C51\LIB\C51L.LIB (?C?ICALL)
  C:\KEIL_V5\C51\LIB\C51L.LIB (PUTCHAR)
  C:\KEIL_V5\C51\LIB\C51L.LIB (GETCHAR)
  C:\KEIL_V5\C51\LIB\C51L.LIB (UNGETC)
  C:\KEIL_V5\C51\LIB\C51L.LIB (ISSPACE)
  C:\KEIL_V5\C51\LIB\C51L.LIB (?C?STRCMP)
  C:\KEIL_V5\C51\LIB\C51L.LIB (STRLEN)
  C:\KEIL_V5\C51\LIB\C51L.LIB (?C?MEMSET)
  C:\KEIL_V5\C51\LIB\C51L.LIB (?C?LLDIDATA)
  C:\KEIL_V5\C51\LIB\C51L.LIB (?C?LLDPDATA)
  C:\KEIL_V5\C51\LIB\C51L.LIB (?C?LSTIDATA)
  C:\KEIL_V5\C51\LIB\C51L.LIB (?C?LSTPDATA)
  C:\KEIL_V5\C51\LIB\C51L.LIB (?C?PLDIDATA)
  C:\KEIL_V5\C51\LIB\C51L.LIB (?C?PSTIDATA)
  C:\KEIL_V5\C51\LIB\C51L.LIB (?C?PLDPDATA)
  C:\KEIL_V5\C51\LIB\C51L.LIB (?C?PSTPDATA)
  C:\KEIL_V5\C51\LIB\C51L.LIB (?C?PLDCODE)
  C:\KEIL_V5\C51\LIB\C51L.LIB (_GETKEY)


LINK MAP OF MODULE:  .\Objects\robot_V1 (?C_STARTUP)


            TYPE    BASE      LENGTH    RELOCATION   SEGMENT NAME
            -----------------------------------------------------

            * * * * * * *   D A T A   M E M O R Y   * * * * * * *
            REG     0000H     0008H     ABSOLUTE     "REG BANK 0"
            DATA    0008H     0016H     UNIT         _DATA_GROUP_
                    001EH     0002H                  *** GAP ***
            BIT     0020H.0   0002H.6   UNIT         _BIT_GROUP_
            BIT     0022H.6   0000H.1   UNIT         ?BI?GETCHAR
                    0022H.7   0000H.1                *** GAP ***
            IDATA   0023H     0001H     UNIT         ?STACK

            * * * * * * *  X D A T A   M E M O R Y  * * * * * * *
            XDATA   0000H     0146H     UNIT         _XDATA_GROUP_
            XDATA   0146H     010CH     UNIT         ?XD?COMMANDS_PARSER
            XDATA   0252H     0059H     UNIT         ?XD?MAIN
            XDATA   02ABH     0037H     UNIT         ?XD?DISTANCE_DETECTOR
            XDATA   02E2H     0025H     UNIT         ?XD?SERIALIZER
            XDATA   0307H     000BH     UNIT         ?XD?SPI_MASTER
            XDATA   0312H     0001H     UNIT         ?XD?GETCHAR

            * * * * * * *   C O D E   M E M O R Y   * * * * * * *
            CODE    0000H     0003H     ABSOLUTE     
            CODE    0003H     0008H     UNIT         ?PR?GETCHAR?UNGETCHAR
            CODE    000BH     0003H     ABSOLUTE     
            CODE    000EH     0022H     UNIT         ?PR?_IDLE?SERIALIZER
BL51 BANKED LINKER/LOCATER V6.22                                                      04/28/2019  14:51:59  PAGE 3


            CODE    0030H     0003H     UNIT         ?PR?ENABLE_GENERAL_INT?MAIN
            CODE    0033H     0003H     ABSOLUTE     
            CODE    0036H     0C9FH     UNIT         ?C?LIB_CODE
            CODE    0CD5H     052AH     UNIT         ?PR?_DELTA_ANGLE?MOTION
            CODE    11FFH     04B1H     UNIT         ?PR?_GENERATE_SOUND_CMD?COMMANDS
            CODE    16B0H     04ADH     UNIT         ?PR?_LIGHT_BEAM_ON_CMD?COMMANDS
            CODE    1B5DH     0483H     UNIT         ?PR?PRINTF?PRINTF
            CODE    1FE0H     035AH     UNIT         ?PR?SCANF?SCANF
            CODE    233AH     0339H     UNIT         ?PR?_MOVE_TO_CMD?COMMANDS
            CODE    2673H     0319H     UNIT         ?PR?_IDLE_NEXT_STATE?SERIALIZER
            CODE    298CH     0313H     UNIT         ?PR?_SPI_PROCESS?SPI_MASTER
            CODE    2C9FH     0305H     UNIT         ?PR?_PHOTO_CMD?COMMANDS
            CODE    2FA4H     02A7H     UNIT         ?PR?_SERIALIZER_PROCESS?SERIALIZER
            CODE    324BH     0254H     UNIT         ?PR?_SEND_KOB_MOU?COMMANDS_PARSER
            CODE    349FH     0247H     UNIT         ?PR?_PARSE?COMMANDS_PARSER
            CODE    36E6H     0220H     UNIT         ?PR?_SEND_INFORMATIONS?COMMANDS_PARSER
            CODE    3906H     01F8H     UNIT         ?PR?_DD_SINGLE_MEASURE?DISTANCE_DETECTOR
            CODE    3AFEH     01E6H     UNIT         ?C_INITSEG
            CODE    3CE4H     01A8H     UNIT         ?PR?_SERVO_MOVE_CMD?COMMANDS
            CODE    3E8CH     017CH     UNIT         ?PR?_ANGLE_ROTATION_CMD?COMMANDS
            CODE    4008H     0167H     UNIT         ?PR?_NAVIGATE?SERIALIZER
            CODE    416FH     0154H     UNIT         ?PR?_MOVE_FORWARD_CMD?COMMANDS
            CODE    42C3H     0154H     UNIT         ?PR?_MOVE_BACKWARD_CMD?COMMANDS
            CODE    4417H     013AH     UNIT         ?PR?_COMPLETE_ROTATION_CMD?COMMANDS
            CODE    4551H     0122H     UNIT         ?PR?ATAN?ATAN
            CODE    4673H     0106H     UNIT         ?PR?_EPREUVE_CMD?COMMANDS
            CODE    4779H     0100H     UNIT         ?PR?TIMER_0_INT?DISTANCE_DETECTOR
            CODE    4879H     00FEH     UNIT         ?PR?_MOVETO?SERIALIZER
            CODE    4977H     00F9H     UNIT         ?PR?MAIN?MAIN
            CODE    4A70H     00E6H     UNIT         ?PR??C?ATOF??C?ATOF
            CODE    4B56H     00D0H     UNIT         ?PR?_SET_DEFAULT_SPEED_CMD?COMMANDS
            CODE    4C26H     00D0H     UNIT         ?PR?_SPI_TRANSMIT?SPI_MASTER
            CODE    4CF6H     00CAH     UNIT         ?PR?_SPI_CMD_LIGHT_ON?SPI_MASTER
            CODE    4DC0H     00CAH     UNIT         ?PR?_SPI_CMD_GENERATE_SOUND?SPI_MASTER
            CODE    4E8AH     00B5H     UNIT         ?PR?_SPI_CMD_PHOTO_ON?SPI_MASTER
            CODE    4F3FH     00B1H     UNIT         ?PR?IS_PID_PROCESSING?SERIALIZER
            CODE    4FF0H     00ACH     UNIT         ?PR?SQRT?SQRT
            CODE    509CH     00A9H     UNIT         ?PR?_SPI_CMD_SERVO?SPI_MASTER
            CODE    5145H     00A7H     UNIT         ?CO?COMMANDS_PARSER
            CODE    51ECH     00A6H     UNIT         ?PR?_TRANSLATE?SERIALIZER
            CODE    5292H     00A4H     UNIT         ?PR?_MOVEANGLE?SERIALIZER
            CODE    5336H     009EH     UNIT         ?PR?_DD_IDLE?DISTANCE_DETECTOR
            CODE    53D4H     009CH     UNIT         ?PR?_WAIT?COMMANDS_PARSER
            CODE    5470H     0096H     UNIT         ?PR?_ANGLE_TARGET?MOTION
            CODE    5506H     0092H     UNIT         ?PR?_DD_MOVE_SERVO_H?DISTANCE_DETECTOR
            CODE    5598H     008CH     UNIT         ?C_C51STARTUP
            CODE    5624H     0080H     UNIT         ?CO?MAIN
            CODE    56A4H     0076H     UNIT         ?PR?_SPI_CMD_LIGHT_OFF?SPI_MASTER
            CODE    571AH     0076H     UNIT         ?PR?_SPI_CMD_PHOTO_OFF?SPI_MASTER
            CODE    5790H     0075H     UNIT         ?PR?_DD_SLEW_DETECTION?DISTANCE_DETECTOR
            CODE    5805H     0075H     UNIT         ?PR?SPI_VALIDATE?SPI_MASTER
            CODE    587AH     006CH     UNIT         ?PR?_ROTATE?SERIALIZER
            CODE    58E6H     0063H     UNIT         ?PR?_SETMOTORS?SERIALIZER
            CODE    5949H     005BH     UNIT         ?PR?_CMD_PARSER_PROCESS?COMMANDS_PARSER
            CODE    59A4H     005BH     UNIT         ?PR?_SERIALIZER_PRINT?SERIALIZER
            CODE    59FFH     0058H     UNIT         ?PR?DD_MESURE?DISTANCE_DETECTOR
            CODE    5A57H     0056H     UNIT         ?CO?COMMANDS
BL51 BANKED LINKER/LOCATER V6.22                                                      04/28/2019  14:51:59  PAGE 4


            CODE    5AADH     0056H     UNIT         ?PR?_USART_PRINT?COMMANDS_PARSER
            CODE    5B03H     0055H     UNIT         ?PR?_INIT_PARSER?COMMANDS_PARSER
            CODE    5B58H     0050H     UNIT         ?CO?SERIALIZER
            CODE    5BA8H     0050H     UNIT         ?PR?DD_START_CONVERSION?DISTANCE_DETECTOR
            CODE    5BF8H     0048H     UNIT         ?PR?_MOVE_STOP_CMD?COMMANDS
            CODE    5C40H     0048H     UNIT         ?PR?_RIGTH_ROTATION_CMD?COMMANDS
            CODE    5C88H     0048H     UNIT         ?PR?_LEFT_ROTATION_CMD?COMMANDS
            CODE    5CD0H     0048H     UNIT         ?PR?_DETECTE_OBSTACLE?COMMANDS
            CODE    5D18H     0048H     UNIT         ?PR?_LIGHT_BEAM_OFF_CMD?COMMANDS
            CODE    5D60H     0048H     UNIT         ?PR?_PHOTO_OFF_CMD?COMMANDS
            CODE    5DA8H     0045H     UNIT         ?PR?_SAFETY_BREAK_CMD?COMMANDS
            CODE    5DEDH     0045H     UNIT         ?PR?_DISTANCE_DETECTOR_PROCESS?DISTANCE_DETECTOR
            CODE    5E32H     0043H     UNIT         ?PR?_GET_COMMAND?COMMANDS_PARSER
            CODE    5E75H     003AH     UNIT         ?PR?_DISTANCE?MOTION
            CODE    5EAFH     0039H     UNIT         ?PR?CLEAR_VAL_OBS_BUFFER?DISTANCE_DETECTOR
            CODE    5EE8H     0035H     UNIT         ?PR?_SERIALIZER_RECEIVE?SERIALIZER
            CODE    5F1DH     0032H     UNIT         ?PR?_USART_RECEIVE?COMMANDS_PARSER
            CODE    5F4FH     0032H     UNIT         ?PR?SPI_INT?SPI_MASTER
            CODE    5F81H     002EH     UNIT         ?PR?_STOP?SERIALIZER
            CODE    5FAFH     0027H     UNIT         ?PR?_DEFAULT_PROCESS?COMMANDS
            CODE    5FD6H     0027H     UNIT         ?PR?PUTCHAR?PUTCHAR
            CODE    5FFDH     0026H     UNIT         ?PR?_EPREUVE_STOP?COMMANDS
            CODE    6023H     001FH     UNIT         ?PR?SPI_ERROR?SPI_MASTER
            CODE    6042H     001BH     UNIT         ?PR?INIT_SPI?SPI_MASTER
            CODE    605DH     0019H     UNIT         ?PR?_DD_SET_ANGLE?DISTANCE_DETECTOR
            CODE    6076H     0018H     UNIT         ?PR?SERIALIZER_INIT_SERIAL?SERIALIZER
            CODE    608EH     0018H     UNIT         ?PR?SERIALIZER_CLEAR_SERIAL?SERIALIZER
            CODE    60A6H     0016H     UNIT         ?PR?DD_CONFIG_DAC_ADC?DISTANCE_DETECTOR
            CODE    60BCH     0015H     UNIT         ?PR?_SERIALIZER_SEND?SERIALIZER
            CODE    60D1H     0015H     UNIT         ?PR?_CHOOSE_ADC_INPUT?DISTANCE_DETECTOR
            CODE    60E6H     0015H     UNIT         ?PR?_STRLEN?STRLEN
            CODE    60FBH     0014H     UNIT         ?PR?_SPI_SEND_CHAR?SPI_MASTER
            CODE    610FH     0014H     UNIT         ?PR?GETCHAR?GETCHAR
            CODE    6123H     0014H     UNIT         ?PR?_ISSPACE?ISSPACE
            CODE    6137H     0012H     UNIT         ?PR?_USART_SEND?COMMANDS_PARSER
            CODE    6149H     0012H     UNIT         ?PR?INIT_SERIALIZER_UART1?SERIALIZER
            CODE    615BH     0012H     UNIT         ?PR?_UART_SEND?SERIALIZER
            CODE    616DH     0010H     UNIT         ?PR?VALID_CMD_FLAG?COMMANDS_PARSER
            CODE    617DH     0010H     UNIT         ?PR?ERROR_CMD_FLAG?COMMANDS_PARSER
            CODE    618DH     000FH     UNIT         ?PR?INIT_EXTERNAL_CLK?MAIN
            CODE    619CH     000FH     UNIT         ?PR?DD_INIT_TIMER0?DISTANCE_DETECTOR
            CODE    61ABH     000EH     UNIT         ?PR?INIT_DISTANCE_DETECTOR?DISTANCE_DETECTOR
            CODE    61B9H     000AH     UNIT         ?PR?_GETKEY?_GETKEY
            CODE    61C3H     0004H     UNIT         ?PR?ENABLE_CROSSBAR?MAIN



OVERLAY MAP OF MODULE:   .\Objects\robot_V1 (?C_STARTUP)


SEGMENT                                             BIT_GROUP          DATA_GROUP          XDATA_GROUP
  +--> CALLED SEGMENT                            START    LENGTH     START    LENGTH     START    LENGTH
--------------------------------------------------------------------------------------------------------
?C_C51STARTUP                                    -----    -----      -----    -----      -----    -----
  +--> ?PR?MAIN?MAIN
  +--> ?C_INITSEG

BL51 BANKED LINKER/LOCATER V6.22                                                      04/28/2019  14:51:59  PAGE 5


?PR?MAIN?MAIN                                    -----    -----      -----    -----      0000H    0012H
  +--> ?PR?INIT_EXTERNAL_CLK?MAIN
  +--> ?PR?_INIT_PARSER?COMMANDS_PARSER
  +--> ?PR?INIT_SERIALIZER_UART1?SERIALIZER
  +--> ?PR?INIT_DISTANCE_DETECTOR?DISTANCE_D...
  +--> ?PR?INIT_SPI?SPI_MASTER
  +--> ?PR?ENABLE_CROSSBAR?MAIN
  +--> ?PR?ENABLE_GENERAL_INT?MAIN
  +--> ?CO?MAIN
  +--> ?PR?_USART_PRINT?COMMANDS_PARSER
  +--> ?PR?SERIALIZER_INIT_SERIAL?SERIALIZER
  +--> ?PR?_CMD_PARSER_PROCESS?COMMANDS_PARSER
  +--> ?PR?_SERIALIZER_PROCESS?SERIALIZER
  +--> ?PR?_DISTANCE_DETECTOR_PROCESS?DISTAN...
  +--> ?PR?_SPI_PROCESS?SPI_MASTER

?PR?_INIT_PARSER?COMMANDS_PARSER                 -----    -----      -----    -----      0012H    0003H

?PR?INIT_DISTANCE_DETECTOR?DISTANCE_D...         -----    -----      -----    -----      -----    -----
  +--> ?PR?DD_CONFIG_DAC_ADC?DISTANCE_DETECTOR
  +--> ?PR?DD_INIT_TIMER0?DISTANCE_DETECTOR

?PR?_USART_PRINT?COMMANDS_PARSER                 -----    -----      -----    -----      00F1H    0004H
  +--> ?PR?_STRLEN?STRLEN
  +--> ?PR?_USART_SEND?COMMANDS_PARSER

?PR?_USART_SEND?COMMANDS_PARSER                  -----    -----      -----    -----      00F5H    0001H

?PR?SERIALIZER_INIT_SERIAL?SERIALIZER            -----    -----      -----    -----      0012H    0001H
  +--> ?PR?_SERIALIZER_RECEIVE?SERIALIZER

?PR?_SERIALIZER_RECEIVE?SERIALIZER               -----    -----      -----    -----      004DH    0003H

?PR?_CMD_PARSER_PROCESS?COMMANDS_PARSER          -----    -----      -----    -----      0012H    0003H
  +--> ?PR?_WAIT?COMMANDS_PARSER
  +--> ?PR?_GET_COMMAND?COMMANDS_PARSER
  +--> ?PR?_SEND_INFORMATIONS?COMMANDS_PARSER

?PR?_WAIT?COMMANDS_PARSER                        -----    -----      -----    -----      0015H    0004H
  +--> ?PR?_USART_RECEIVE?COMMANDS_PARSER
  +--> ?PR?_USART_SEND?COMMANDS_PARSER

?PR?_USART_RECEIVE?COMMANDS_PARSER               -----    -----      -----    -----      0019H    0003H

?PR?_GET_COMMAND?COMMANDS_PARSER                 -----    -----      -----    -----      0015H    0003H
  +--> ?PR?_PARSE?COMMANDS_PARSER
  +--> ?PR?ERROR_CMD_FLAG?COMMANDS_PARSER
  +--> ?PR?VALID_CMD_FLAG?COMMANDS_PARSER
  +--> ?PR?_STRLEN?STRLEN

?PR?_PARSE?COMMANDS_PARSER                       -----    -----      -----    -----      0018H    00D9H
  +--> ?CO?COMMANDS_PARSER
  +--> ?PR?_USART_PRINT?COMMANDS_PARSER

?PR?ERROR_CMD_FLAG?COMMANDS_PARSER               -----    -----      -----    -----      -----    -----
  +--> ?PR?_USART_SEND?COMMANDS_PARSER

BL51 BANKED LINKER/LOCATER V6.22                                                      04/28/2019  14:51:59  PAGE 6


?PR?VALID_CMD_FLAG?COMMANDS_PARSER               -----    -----      -----    -----      -----    -----
  +--> ?PR?_USART_SEND?COMMANDS_PARSER

?PR?_SEND_INFORMATIONS?COMMANDS_PARSER           -----    -----      -----    -----      0015H    0003H
  +--> ?CO?COMMANDS_PARSER
  +--> ?PR?_SEND_KOB_MOU?COMMANDS_PARSER
  +--> ?PR?_USART_PRINT?COMMANDS_PARSER

?PR?_SEND_KOB_MOU?COMMANDS_PARSER                -----    -----      -----    -----      0018H    000BH
  +--> ?CO?COMMANDS_PARSER
  +--> ?PR?PRINTF?PRINTF

?PR?PRINTF?PRINTF                                0020H.0  0001H.1    0008H    0005H      003AH    0030H
  +--> ?PR?PUTCHAR?PUTCHAR

?PR?_SERIALIZER_PROCESS?SERIALIZER               -----    -----      -----    -----      0012H    0008H
  +--> ?CO?SERIALIZER
  +--> ?PR?_IDLE_NEXT_STATE?SERIALIZER

?PR?_IDLE_NEXT_STATE?SERIALIZER                  -----    -----      -----    -----      001AH    0006H

?PR?_DISTANCE_DETECTOR_PROCESS?DISTAN...         -----    -----      -----    -----      0012H    0003H

?PR?_SPI_PROCESS?SPI_MASTER                      -----    -----      -----    -----      0012H    0006H
  +--> ?PR?_SPI_CMD_GENERATE_SOUND?SPI_MASTER
  +--> ?PR?_SPI_CMD_LIGHT_ON?SPI_MASTER
  +--> ?PR?_SPI_CMD_LIGHT_OFF?SPI_MASTER
  +--> ?PR?_SPI_CMD_SERVO?SPI_MASTER
  +--> ?PR?_SPI_CMD_PHOTO_ON?SPI_MASTER
  +--> ?PR?_SPI_CMD_PHOTO_OFF?SPI_MASTER
  +--> ?PR?_SPI_TRANSMIT?SPI_MASTER

?PR?_SPI_CMD_GENERATE_SOUND?SPI_MASTER           -----    -----      -----    -----      0018H    0006H

?PR?_SPI_CMD_LIGHT_ON?SPI_MASTER                 -----    -----      -----    -----      0018H    0006H

?PR?_SPI_CMD_LIGHT_OFF?SPI_MASTER                -----    -----      -----    -----      0018H    0006H

?PR?_SPI_CMD_SERVO?SPI_MASTER                    -----    -----      -----    -----      0018H    0006H

?PR?_SPI_CMD_PHOTO_ON?SPI_MASTER                 -----    -----      -----    -----      0018H    0006H

?PR?_SPI_CMD_PHOTO_OFF?SPI_MASTER                -----    -----      -----    -----      0018H    0006H

?PR?_SPI_TRANSMIT?SPI_MASTER                     -----    -----      -----    -----      0018H    0005H
  +--> ?PR?_SPI_SEND_CHAR?SPI_MASTER
  +--> ?PR?SPI_VALIDATE?SPI_MASTER
  +--> ?PR?SPI_ERROR?SPI_MASTER

?PR?_SPI_SEND_CHAR?SPI_MASTER                    -----    -----      -----    -----      001DH    0001H

?PR?SPI_VALIDATE?SPI_MASTER                      -----    -----      -----    -----      001DH    0004H

?C_INITSEG                                       -----    -----      -----    -----      -----    -----
  +--> ?CO?COMMANDS_PARSER
  +--> ?PR?_EPREUVE_CMD?COMMANDS
  +--> ?PR?_EPREUVE_STOP?COMMANDS
BL51 BANKED LINKER/LOCATER V6.22                                                      04/28/2019  14:51:59  PAGE 7


  +--> ?PR?_SAFETY_BREAK_CMD?COMMANDS
  +--> ?PR?_SET_DEFAULT_SPEED_CMD?COMMANDS
  +--> ?PR?_MOVE_FORWARD_CMD?COMMANDS
  +--> ?PR?_MOVE_BACKWARD_CMD?COMMANDS
  +--> ?PR?_MOVE_STOP_CMD?COMMANDS
  +--> ?PR?_RIGTH_ROTATION_CMD?COMMANDS
  +--> ?PR?_LEFT_ROTATION_CMD?COMMANDS
  +--> ?PR?_COMPLETE_ROTATION_CMD?COMMANDS
  +--> ?PR?_ANGLE_ROTATION_CMD?COMMANDS
  +--> ?PR?_DEFAULT_PROCESS?COMMANDS
  +--> ?PR?_DETECTE_OBSTACLE?COMMANDS
  +--> ?PR?_GENERATE_SOUND_CMD?COMMANDS
  +--> ?PR?_LIGHT_BEAM_ON_CMD?COMMANDS
  +--> ?PR?_LIGHT_BEAM_OFF_CMD?COMMANDS
  +--> ?PR?_SERVO_MOVE_CMD?COMMANDS
  +--> ?PR?_PHOTO_CMD?COMMANDS
  +--> ?PR?_PHOTO_OFF_CMD?COMMANDS
  +--> ?PR?_WAIT?COMMANDS_PARSER
  +--> ?PR?_GET_COMMAND?COMMANDS_PARSER
  +--> ?CO?MAIN
  +--> ?PR?_IDLE?SERIALIZER
  +--> ?PR?_TRANSLATE?SERIALIZER
  +--> ?PR?_MOVETO?SERIALIZER
  +--> ?PR?_ROTATE?SERIALIZER
  +--> ?PR?_NAVIGATE?SERIALIZER
  +--> ?PR?_STOP?SERIALIZER
  +--> ?PR?_DD_IDLE?DISTANCE_DETECTOR
  +--> ?PR?_DD_MOVE_SERVO_H?DISTANCE_DETECTOR
  +--> ?PR?_DD_SINGLE_MEASURE?DISTANCE_DETECTOR
  +--> ?PR?_DD_SLEW_DETECTION?DISTANCE_DETECTOR

?PR?_EPREUVE_CMD?COMMANDS                        -----    -----      -----    -----      0000H    0005H
  +--> ?CO?COMMANDS
  +--> ?PR?SCANF?SCANF

?PR?SCANF?SCANF                                  0021H.3  0000H.6    0013H    0009H      0114H    002EH
  +--> ?PR?GETCHAR?UNGETCHAR
  +--> ?PR?_ISSPACE?ISSPACE
  +--> ?PR?GETCHAR?GETCHAR
  +--> ?PR??C?ATOF??C?ATOF

?PR?GETCHAR?GETCHAR                              -----    -----      -----    -----      -----    -----
  +--> ?PR?_GETKEY?_GETKEY
  +--> ?PR?PUTCHAR?PUTCHAR

?PR??C?ATOF??C?ATOF                              0022H.1  0000H.5    001CH    0002H      -----    -----

?PR?_EPREUVE_STOP?COMMANDS                       -----    -----      -----    -----      0000H    0003H

?PR?_SAFETY_BREAK_CMD?COMMANDS                   -----    -----      -----    -----      0000H    0003H

?PR?_SET_DEFAULT_SPEED_CMD?COMMANDS              -----    -----      -----    -----      0000H    0005H
  +--> ?CO?COMMANDS
  +--> ?PR?SCANF?SCANF

?PR?_MOVE_FORWARD_CMD?COMMANDS                   -----    -----      -----    -----      0000H    0005H
  +--> ?CO?COMMANDS
BL51 BANKED LINKER/LOCATER V6.22                                                      04/28/2019  14:51:59  PAGE 8


  +--> ?PR?SCANF?SCANF

?PR?_MOVE_BACKWARD_CMD?COMMANDS                  -----    -----      -----    -----      0000H    0005H
  +--> ?CO?COMMANDS
  +--> ?PR?SCANF?SCANF

?PR?_MOVE_STOP_CMD?COMMANDS                      -----    -----      -----    -----      0000H    0003H

?PR?_RIGTH_ROTATION_CMD?COMMANDS                 -----    -----      -----    -----      0000H    0003H

?PR?_LEFT_ROTATION_CMD?COMMANDS                  -----    -----      -----    -----      0000H    0003H

?PR?_COMPLETE_ROTATION_CMD?COMMANDS              -----    -----      -----    -----      0000H    0003H
  +--> ?CO?COMMANDS

?PR?_ANGLE_ROTATION_CMD?COMMANDS                 -----    -----      -----    -----      0000H    0005H
  +--> ?CO?COMMANDS
  +--> ?PR?SCANF?SCANF

?PR?_DEFAULT_PROCESS?COMMANDS                    -----    -----      -----    -----      0000H    0003H

?PR?_DETECTE_OBSTACLE?COMMANDS                   -----    -----      -----    -----      0000H    0003H

?PR?_GENERATE_SOUND_CMD?COMMANDS                 -----    -----      -----    -----      0000H    0025H
  +--> ?CO?COMMANDS
  +--> ?PR?SCANF?SCANF

?PR?_LIGHT_BEAM_ON_CMD?COMMANDS                  -----    -----      -----    -----      0000H    0025H
  +--> ?CO?COMMANDS
  +--> ?PR?SCANF?SCANF

?PR?_LIGHT_BEAM_OFF_CMD?COMMANDS                 -----    -----      -----    -----      0000H    0003H

?PR?_SERVO_MOVE_CMD?COMMANDS                     -----    -----      -----    -----      0000H    0005H
  +--> ?CO?COMMANDS
  +--> ?PR?SCANF?SCANF

?PR?_PHOTO_CMD?COMMANDS                          -----    -----      -----    -----      0000H    001EH
  +--> ?CO?COMMANDS
  +--> ?PR?SCANF?SCANF

?PR?_PHOTO_OFF_CMD?COMMANDS                      -----    -----      -----    -----      0000H    0003H

?PR?_IDLE?SERIALIZER                             -----    -----      -----    -----      0000H    0003H

?PR?_TRANSLATE?SERIALIZER                        -----    -----      -----    -----      0000H    0004H
  +--> ?PR?_SETMOTORS?SERIALIZER

?PR?_SETMOTORS?SERIALIZER                        -----    -----      -----    -----      0004H    0018H
  +--> ?CO?SERIALIZER
  +--> ?PR?PRINTF?PRINTF
  +--> ?PR?_SERIALIZER_PRINT?SERIALIZER
  +--> ?PR?SERIALIZER_CLEAR_SERIAL?SERIALIZER

?PR?_SERIALIZER_PRINT?SERIALIZER                 -----    -----      -----    -----      004DH    0004H
  +--> ?PR?_STRLEN?STRLEN
  +--> ?PR?_SERIALIZER_SEND?SERIALIZER
BL51 BANKED LINKER/LOCATER V6.22                                                      04/28/2019  14:51:59  PAGE 9



?PR?_SERIALIZER_SEND?SERIALIZER                  -----    -----      -----    -----      0051H    0001H

?PR?SERIALIZER_CLEAR_SERIAL?SERIALIZER           -----    -----      -----    -----      003AH    0001H
  +--> ?PR?_SERIALIZER_RECEIVE?SERIALIZER

?PR?_MOVETO?SERIALIZER                           -----    -----      -----    -----      0008H    002DH
  +--> ?PR?_DISTANCE?MOTION
  +--> ?CO?SERIALIZER
  +--> ?PR?PRINTF?PRINTF
  +--> ?PR?_SERIALIZER_PRINT?SERIALIZER
  +--> ?PR?SERIALIZER_CLEAR_SERIAL?SERIALIZER
  +--> ?PR?IS_PID_PROCESSING?SERIALIZER

?PR?_DISTANCE?MOTION                             -----    -----      -----    -----      0035H    0002H
  +--> ?PR?SQRT?SQRT

?PR?SQRT?SQRT                                    -----    -----      -----    -----      0037H    0004H

?PR?IS_PID_PROCESSING?SERIALIZER                 -----    -----      -----    -----      0035H    0018H
  +--> ?CO?SERIALIZER
  +--> ?PR?_SERIALIZER_PRINT?SERIALIZER
  +--> ?PR?_SERIALIZER_RECEIVE?SERIALIZER
  +--> ?PR?_UART_SEND?SERIALIZER
  +--> ?PR?SCANF?SCANF

?PR?_UART_SEND?SERIALIZER                        -----    -----      -----    -----      004DH    0001H

?PR?_ROTATE?SERIALIZER                           -----    -----      -----    -----      0008H    0004H
  +--> ?PR?_MOVEANGLE?SERIALIZER
  +--> ?PR?IS_PID_PROCESSING?SERIALIZER

?PR?_MOVEANGLE?SERIALIZER                        -----    -----      -----    -----      000CH    002EH
  +--> ?CO?SERIALIZER
  +--> ?PR?PRINTF?PRINTF
  +--> ?PR?_SERIALIZER_PRINT?SERIALIZER
  +--> ?PR?SERIALIZER_CLEAR_SERIAL?SERIALIZER

?PR?_NAVIGATE?SERIALIZER                         -----    -----      -----    -----      0000H    0008H
  +--> ?CO?SERIALIZER
  +--> ?PR?_ANGLE_TARGET?MOTION
  +--> ?PR?_DELTA_ANGLE?MOTION
  +--> ?PR?_ROTATE?SERIALIZER
  +--> ?PR?_MOVETO?SERIALIZER

?PR?_ANGLE_TARGET?MOTION                         -----    -----      -----    -----      0008H    0008H
  +--> ?PR?ATAN?ATAN

?PR?ATAN?ATAN                                    0020H.0  0000H.2    -----    -----      0010H    0004H

?PR?_DELTA_ANGLE?MOTION                          -----    -----      -----    -----      0008H    0008H

?PR?_STOP?SERIALIZER                             -----    -----      -----    -----      0000H    0003H
  +--> ?CO?SERIALIZER
  +--> ?PR?_SERIALIZER_PRINT?SERIALIZER
  +--> ?PR?SERIALIZER_CLEAR_SERIAL?SERIALIZER

BL51 BANKED LINKER/LOCATER V6.22                                                      04/28/2019  14:51:59  PAGE 10


?PR?_DD_IDLE?DISTANCE_DETECTOR                   -----    -----      -----    -----      0000H    0003H

?PR?_DD_MOVE_SERVO_H?DISTANCE_DETECTOR           -----    -----      -----    -----      0000H    0003H
  +--> ?PR?_DD_SET_ANGLE?DISTANCE_DETECTOR

?PR?_DD_SET_ANGLE?DISTANCE_DETECTOR              -----    -----      -----    -----      0003H    0002H

?PR?_DD_SINGLE_MEASURE?DISTANCE_DETECTOR         -----    -----      -----    -----      0000H    0003H
  +--> ?PR?CLEAR_VAL_OBS_BUFFER?DISTANCE_DET...
  +--> ?PR?_CHOOSE_ADC_INPUT?DISTANCE_DETECTOR
  +--> ?PR?DD_START_CONVERSION?DISTANCE_DETE...

?PR?CLEAR_VAL_OBS_BUFFER?DISTANCE_DET...         -----    -----      -----    -----      0003H    0001H

?PR?_CHOOSE_ADC_INPUT?DISTANCE_DETECTOR          -----    -----      -----    -----      0003H    0001H

?PR?DD_START_CONVERSION?DISTANCE_DETE...         -----    -----      -----    -----      0003H    0006H
  +--> ?PR?DD_MESURE?DISTANCE_DETECTOR

?PR?DD_MESURE?DISTANCE_DETECTOR                  -----    -----      -----    -----      0009H    0008H

?PR?_DD_SLEW_DETECTION?DISTANCE_DETECTOR         -----    -----      -----    -----      0000H    0003H
  +--> ?PR?_DD_SET_ANGLE?DISTANCE_DETECTOR

*** NEW ROOT ***************************************************

?PR?_MOVE_TO_CMD?COMMANDS                        -----    -----      -----    -----      00F6H    001EH
  +--> ?CO?COMMANDS
  +--> ?PR?SCANF?SCANF

*** NEW ROOT ***************************************************

?PR?TIMER_0_INT?DISTANCE_DETECTOR                -----    -----      -----    -----      0142H    0004H



UNRESOLVED EXTERNAL SYMBOLS:
   _DD_OBS_DETECTION



SYMBOL TABLE OF MODULE:  .\Objects\robot_V1 (?C_STARTUP)

  VALUE           TYPE          NAME
  ----------------------------------

  -------         MODULE        ?C_STARTUP
  C:5598H         SEGMENT       ?C_C51STARTUP
  I:0023H         SEGMENT       ?STACK
  C:0000H         PUBLIC        ?C_STARTUP
  D:00E0H         SYMBOL        ACC
  D:00F0H         SYMBOL        B
  D:0083H         SYMBOL        DPH
  D:0082H         SYMBOL        DPL
  N:0000H         SYMBOL        IBPSTACK
  N:0100H         SYMBOL        IBPSTACKTOP
  N:0080H         SYMBOL        IDATALEN
BL51 BANKED LINKER/LOCATER V6.22                                                      04/28/2019  14:51:59  PAGE 11


  C:559BH         SYMBOL        IDATALOOP
  N:0000H         SYMBOL        PBPSTACK
  N:0100H         SYMBOL        PBPSTACKTOP
  N:0000H         SYMBOL        PDATALEN
  N:0000H         SYMBOL        PDATASTART
  N:0000H         SYMBOL        PPAGE
  N:0000H         SYMBOL        PPAGEENABLE
  D:00A0H         SYMBOL        PPAGE_SFR
  D:0081H         SYMBOL        SP
  C:5598H         SYMBOL        STARTUP1
  N:0000H         SYMBOL        XBPSTACK
  N:0000H         SYMBOL        XBPSTACKTOP
  N:0000H         SYMBOL        XDATALEN
  N:0000H         SYMBOL        XDATASTART
  C:0000H         LINE#         126
  C:5598H         LINE#         133
  C:559AH         LINE#         134
  C:559BH         LINE#         135
  C:559CH         LINE#         136
  C:559EH         LINE#         186
  C:55A1H         LINE#         197
  -------         ENDMOD        ?C_STARTUP

  -------         MODULE        COMMANDS
  C:0000H         SYMBOL        _ICE_DUMMY_
  C:5D60H         PUBLIC        _photo_OFF_cmd
  C:5C40H         PUBLIC        _rigth_rotation_cmd
  C:5DA8H         PUBLIC        _safety_break_cmd
  C:233AH         PUBLIC        _move_to_cmd
  C:5CD0H         PUBLIC        _detecte_obstacle
  C:4673H         PUBLIC        _epreuve_cmd
  C:5C88H         PUBLIC        _left_rotation_cmd
  C:4B56H         PUBLIC        _set_default_speed_cmd
  C:16B0H         PUBLIC        _light_beam_ON_cmd
  C:416FH         PUBLIC        _move_forward_cmd
  C:5FFDH         PUBLIC        _epreuve_stop
  C:5A67H         SYMBOL        _?ix1000
  C:2C9FH         PUBLIC        _photo_cmd
  C:5A76H         SYMBOL        _?ix1001
  C:5A8AH         SYMBOL        _?ix1002
  C:5A9EH         SYMBOL        _?ix1003
  C:4417H         PUBLIC        _complete_rotation_cmd
  C:5FAFH         PUBLIC        _default_process
  C:3CE4H         PUBLIC        _servo_move_cmd
  C:5D18H         PUBLIC        _light_beam_OFF_cmd
  C:11FFH         PUBLIC        _generate_sound_cmd
  C:42C3H         PUBLIC        _move_backward_cmd
  C:3E8CH         PUBLIC        _angle_rotation_cmd
  C:5BF8H         PUBLIC        _move_stop_cmd
  -------         PROC          _DEFAULT_PROCESS
  X:0000H         SYMBOL        cmd_packet
  C:5FAFH         LINE#         6
  C:5FBAH         LINE#         7
  C:5FBAH         LINE#         9
  C:5FD3H         LINE#         11
  C:5FD5H         LINE#         12
  -------         ENDPROC       _DEFAULT_PROCESS
BL51 BANKED LINKER/LOCATER V6.22                                                      04/28/2019  14:51:59  PAGE 12


  -------         PROC          _EPREUVE_CMD
  X:0000H         SYMBOL        cmd_packet
  -------         DO            
  X:0003H         SYMBOL        epreuve_index
  -------         ENDDO         
  C:4673H         LINE#         18
  C:467EH         LINE#         19
  C:467EH         LINE#         20
  C:4687H         LINE#         23
  C:46A2H         LINE#         24
  C:46A2H         LINE#         25
  C:46A5H         LINE#         26
  C:46A5H         LINE#         29
  C:46C2H         LINE#         30
  C:46C2H         LINE#         32
  C:470FH         LINE#         33
  C:470FH         LINE#         34
  C:4712H         LINE#         35
  C:4712H         LINE#         38
  C:4738H         LINE#         39
  C:4738H         LINE#         40
  C:473BH         LINE#         41
  C:473BH         LINE#         43
  C:475BH         LINE#         44
  C:475DH         LINE#         46
  C:475DH         LINE#         47
  C:4776H         LINE#         48
  C:4776H         LINE#         49
  C:4778H         LINE#         50
  -------         ENDPROC       _EPREUVE_CMD
  -------         PROC          _EPREUVE_STOP
  X:0000H         SYMBOL        cmd_packet
  C:5FFDH         LINE#         52
  C:6008H         LINE#         53
  C:6008H         LINE#         55
  C:6020H         LINE#         57
  C:6022H         LINE#         58
  -------         ENDPROC       _EPREUVE_STOP
  -------         PROC          _SAFETY_BREAK_CMD
  X:0000H         SYMBOL        cmd_packet
  C:5DA8H         LINE#         61
  C:5DB3H         LINE#         62
  C:5DB3H         LINE#         64
  C:5DCEH         LINE#         65
  C:5DCEH         LINE#         66
  C:5DD1H         LINE#         67
  C:5DD1H         LINE#         69
  C:5DEAH         LINE#         71
  C:5DECH         LINE#         72
  -------         ENDPROC       _SAFETY_BREAK_CMD
  -------         PROC          _SET_DEFAULT_SPEED_CMD
  X:0000H         SYMBOL        cmd_packet
  -------         DO            
  X:0003H         SYMBOL        motor_speed
  -------         ENDDO         
  C:4B56H         LINE#         74
  C:4B61H         LINE#         75
BL51 BANKED LINKER/LOCATER V6.22                                                      04/28/2019  14:51:59  PAGE 13


  C:4B61H         LINE#         76
  C:4B6AH         LINE#         79
  C:4B84H         LINE#         80
  C:4B84H         LINE#         81
  C:4B87H         LINE#         82
  C:4B87H         LINE#         85
  C:4BD4H         LINE#         86
  C:4BD4H         LINE#         87
  C:4BD7H         LINE#         88
  C:4BD7H         LINE#         91
  C:4BFAH         LINE#         92
  C:4BFAH         LINE#         93
  C:4BFDH         LINE#         94
  C:4BFDH         LINE#         96
  C:4C23H         LINE#         98
  C:4C25H         LINE#         99
  -------         ENDPROC       _SET_DEFAULT_SPEED_CMD
  -------         PROC          _MOVE_FORWARD_CMD
  X:0000H         SYMBOL        cmd_packet
  -------         DO            
  X:0003H         SYMBOL        motor_speed
  -------         ENDDO         
  C:416FH         LINE#         101
  C:417AH         LINE#         102
  C:417AH         LINE#         103
  C:4183H         LINE#         105
  C:419EH         LINE#         106
  C:419EH         LINE#         107
  C:41A1H         LINE#         108
  C:41A1H         LINE#         110
  C:41C0H         LINE#         112
  C:41DDH         LINE#         113
  C:41DDH         LINE#         115
  C:4228H         LINE#         116
  C:4228H         LINE#         117
  C:422BH         LINE#         118
  C:422BH         LINE#         121
  C:424EH         LINE#         122
  C:424EH         LINE#         123
  C:4251H         LINE#         124
  C:4251H         LINE#         126
  C:4277H         LINE#         127
  C:4279H         LINE#         128
  C:429AH         LINE#         129
  C:429AH         LINE#         130
  C:42C0H         LINE#         131
  C:42C0H         LINE#         132
  C:42C0H         LINE#         133
  C:42C2H         LINE#         134
  -------         ENDPROC       _MOVE_FORWARD_CMD
  -------         PROC          _MOVE_BACKWARD_CMD
  X:0000H         SYMBOL        cmd_packet
  -------         DO            
  X:0003H         SYMBOL        motor_speed
  -------         ENDDO         
  C:42C3H         LINE#         136
  C:42CEH         LINE#         137
BL51 BANKED LINKER/LOCATER V6.22                                                      04/28/2019  14:51:59  PAGE 14


  C:42CEH         LINE#         138
  C:42D7H         LINE#         140
  C:42F2H         LINE#         141
  C:42F2H         LINE#         142
  C:42F5H         LINE#         143
  C:42F5H         LINE#         145
  C:4314H         LINE#         147
  C:4331H         LINE#         148
  C:4331H         LINE#         150
  C:437CH         LINE#         151
  C:437CH         LINE#         152
  C:437FH         LINE#         153
  C:437FH         LINE#         156
  C:43A2H         LINE#         157
  C:43A2H         LINE#         158
  C:43A5H         LINE#         159
  C:43A5H         LINE#         161
  C:43CBH         LINE#         162
  C:43CDH         LINE#         163
  C:43EEH         LINE#         164
  C:43EEH         LINE#         165
  C:4414H         LINE#         166
  C:4414H         LINE#         167
  C:4414H         LINE#         168
  C:4416H         LINE#         169
  -------         ENDPROC       _MOVE_BACKWARD_CMD
  -------         PROC          _MOVE_STOP_CMD
  X:0000H         SYMBOL        cmd_packet
  C:5BF8H         LINE#         171
  C:5C03H         LINE#         172
  C:5C03H         LINE#         173
  C:5C1BH         LINE#         174
  C:5C1BH         LINE#         175
  C:5C1EH         LINE#         176
  C:5C1EH         LINE#         177
  C:5C3DH         LINE#         178
  C:5C3FH         LINE#         179
  -------         ENDPROC       _MOVE_STOP_CMD
  -------         PROC          _RIGTH_ROTATION_CMD
  X:0000H         SYMBOL        cmd_packet
  C:5C40H         LINE#         181
  C:5C4BH         LINE#         182
  C:5C4BH         LINE#         183
  C:5C63H         LINE#         184
  C:5C63H         LINE#         185
  C:5C66H         LINE#         186
  C:5C66H         LINE#         188
  C:5C85H         LINE#         189
  C:5C87H         LINE#         190
  -------         ENDPROC       _RIGTH_ROTATION_CMD
  -------         PROC          _LEFT_ROTATION_CMD
  X:0000H         SYMBOL        cmd_packet
  C:5C88H         LINE#         192
  C:5C93H         LINE#         193
  C:5C93H         LINE#         194
  C:5CABH         LINE#         195
  C:5CABH         LINE#         196
BL51 BANKED LINKER/LOCATER V6.22                                                      04/28/2019  14:51:59  PAGE 15


  C:5CAEH         LINE#         197
  C:5CAEH         LINE#         199
  C:5CCDH         LINE#         200
  C:5CCFH         LINE#         201
  -------         ENDPROC       _LEFT_ROTATION_CMD
  -------         PROC          _COMPLETE_ROTATION_CMD
  X:0000H         SYMBOL        cmd_packet
  C:4417H         LINE#         203
  C:4422H         LINE#         204
  C:4422H         LINE#         205
  C:443DH         LINE#         206
  C:443DH         LINE#         207
  C:4440H         LINE#         208
  C:4440H         LINE#         210
  C:445DH         LINE#         211
  C:445DH         LINE#         213
  C:44C5H         LINE#         215
  C:44C5H         LINE#         216
  C:44E8H         LINE#         217
  C:44E8H         LINE#         218
  C:44E8H         LINE#         219
  C:4507H         LINE#         220
  C:4509H         LINE#         221
  C:4509H         LINE#         222
  C:4528H         LINE#         223
  C:452AH         LINE#         224
  C:452AH         LINE#         225
  C:452CH         LINE#         226
  C:452FH         LINE#         227
  C:452FH         LINE#         229
  C:452FH         LINE#         230
  C:454EH         LINE#         231
  C:454EH         LINE#         232
  C:4550H         LINE#         233
  -------         ENDPROC       _COMPLETE_ROTATION_CMD
  -------         PROC          _ANGLE_ROTATION_CMD
  X:0000H         SYMBOL        cmd_packet
  -------         DO            
  X:0003H         SYMBOL        angle
  -------         ENDDO         
  C:3E8CH         LINE#         235
  C:3E97H         LINE#         236
  C:3E97H         LINE#         237
  C:3E9FH         LINE#         239
  C:3EB9H         LINE#         240
  C:3EB9H         LINE#         241
  C:3EBCH         LINE#         242
  C:3EBCH         LINE#         244
  C:3F27H         LINE#         246
  C:3F27H         LINE#         247
  C:3F4AH         LINE#         248
  C:3F4AH         LINE#         249
  C:3F4AH         LINE#         250
  C:3F69H         LINE#         251
  C:3F6BH         LINE#         252
  C:3F6BH         LINE#         253
  C:3F8AH         LINE#         254
BL51 BANKED LINKER/LOCATER V6.22                                                      04/28/2019  14:51:59  PAGE 16


  C:3F8AH         LINE#         255
  C:3F8AH         LINE#         257
  C:3FD5H         LINE#         258
  C:3FD5H         LINE#         259
  C:3FD8H         LINE#         260
  C:3FD8H         LINE#         262
  C:4000H         LINE#         263
  C:4002H         LINE#         264
  C:4005H         LINE#         265
  C:4005H         LINE#         266
  C:4007H         LINE#         267
  -------         ENDPROC       _ANGLE_ROTATION_CMD
  -------         PROC          _MOVE_TO_CMD
  X:00F6H         SYMBOL        cmd_packet
  -------         DO            
  X:00F9H         SYMBOL        i
  X:00FAH         SYMBOL        j
  X:00FBH         SYMBOL        params
  X:010AH         SYMBOL        angle
  X:010CH         SYMBOL        x
  X:010EH         SYMBOL        y
  X:0110H         SYMBOL        param_find
  X:0111H         SYMBOL        str
  -------         ENDDO         
  C:233AH         LINE#         277
  C:2345H         LINE#         278
  C:2345H         LINE#         279
  C:234FH         LINE#         280
  C:2374H         LINE#         281
  C:238CH         LINE#         282
  C:2391H         LINE#         283
  C:23A2H         LINE#         287
  C:23BCH         LINE#         288
  C:23BCH         LINE#         289
  C:23BFH         LINE#         290
  C:23BFH         LINE#         293
  C:23D2H         LINE#         294
  C:23D2H         LINE#         295
  C:240EH         LINE#         298
  C:2421H         LINE#         299
  C:2421H         LINE#         300
  C:245FH         LINE#         301
  C:245FH         LINE#         302
  C:2475H         LINE#         303
  C:2475H         LINE#         304
  C:2475H         LINE#         305
  C:24DEH         LINE#         306
  C:24DEH         LINE#         307
  C:24E1H         LINE#         308
  C:24E1H         LINE#         309
  C:24E1H         LINE#         311
  C:24E1H         LINE#         312
  C:2547H         LINE#         313
  C:2547H         LINE#         314
  C:254AH         LINE#         315
  C:254AH         LINE#         316
  C:254AH         LINE#         318
BL51 BANKED LINKER/LOCATER V6.22                                                      04/28/2019  14:51:59  PAGE 17


  C:254AH         LINE#         319
  C:25B0H         LINE#         320
  C:25B0H         LINE#         321
  C:25B3H         LINE#         322
  C:25B3H         LINE#         323
  C:25B3H         LINE#         325
  C:25B3H         LINE#         326
  C:25B9H         LINE#         327
  C:25BBH         LINE#         328
  C:25BBH         LINE#         329
  C:25C4H         LINE#         331
  C:25CCH         LINE#         332
  C:25CCH         LINE#         333
  C:25CFH         LINE#         334
  C:25CFH         LINE#         335
  C:25D4H         LINE#         336
  C:25D4H         LINE#         338
  C:25DDH         LINE#         340
  C:2605H         LINE#         341
  C:262BH         LINE#         342
  C:2651H         LINE#         343
  C:2670H         LINE#         344
  C:2672H         LINE#         345
  -------         ENDPROC       _MOVE_TO_CMD
  -------         PROC          _DETECTE_OBSTACLE
  X:0000H         SYMBOL        cmd_packet
  C:5CD0H         LINE#         347
  C:5CDBH         LINE#         348
  C:5CDBH         LINE#         349
  C:5CF3H         LINE#         350
  C:5CF3H         LINE#         351
  C:5CF6H         LINE#         352
  C:5CF6H         LINE#         354
  C:5D15H         LINE#         355
  C:5D17H         LINE#         356
  -------         ENDPROC       _DETECTE_OBSTACLE
  -------         PROC          _SERVO_MOVE_CMD
  X:0000H         SYMBOL        cmd_packet
  -------         DO            
  X:0003H         SYMBOL        angle
  -------         ENDDO         
  C:3CE4H         LINE#         358
  C:3CEFH         LINE#         359
  C:3CEFH         LINE#         360
  C:3CF8H         LINE#         362
  C:3D13H         LINE#         363
  C:3D13H         LINE#         364
  C:3D16H         LINE#         365
  C:3D16H         LINE#         367
  C:3D7EH         LINE#         369
  C:3D7EH         LINE#         370
  C:3DA1H         LINE#         371
  C:3DA1H         LINE#         372
  C:3DA1H         LINE#         373
  C:3DC0H         LINE#         374
  C:3DC2H         LINE#         375
  C:3DC2H         LINE#         376
BL51 BANKED LINKER/LOCATER V6.22                                                      04/28/2019  14:51:59  PAGE 18


  C:3DE1H         LINE#         377
  C:3DE1H         LINE#         378
  C:3DE1H         LINE#         380
  C:3DE1H         LINE#         382
  C:3E15H         LINE#         383
  C:3E15H         LINE#         384
  C:3E60H         LINE#         385
  C:3E60H         LINE#         386
  C:3E63H         LINE#         387
  C:3E63H         LINE#         389
  C:3E89H         LINE#         390
  C:3E89H         LINE#         392
  C:3E8BH         LINE#         393
  -------         ENDPROC       _SERVO_MOVE_CMD
  -------         PROC          _LIGHT_BEAM_ON_CMD
  X:0000H         SYMBOL        cmd_packet
  -------         DO            
  X:0003H         SYMBOL        i
  X:0004H         SYMBOL        j
  X:0005H         SYMBOL        params
  X:0019H         SYMBOL        intensity
  X:001BH         SYMBOL        delay_on
  X:001DH         SYMBOL        delay_off
  X:001FH         SYMBOL        nbr_flash
  X:0021H         SYMBOL        param_find
  X:0022H         SYMBOL        str
  -------         ENDDO         
  C:16B0H         LINE#         395
  C:16BBH         LINE#         396
  C:16BBH         LINE#         397
  C:16C5H         LINE#         398
  C:16EAH         LINE#         399
  C:170DH         LINE#         400
  C:1712H         LINE#         401
  C:1723H         LINE#         404
  C:1757H         LINE#         405
  C:1757H         LINE#         406
  C:175AH         LINE#         407
  C:175AH         LINE#         410
  C:1785H         LINE#         411
  C:1785H         LINE#         412
  C:17C1H         LINE#         415
  C:17D4H         LINE#         416
  C:17D4H         LINE#         417
  C:1812H         LINE#         418
  C:1812H         LINE#         419
  C:182BH         LINE#         420
  C:182BH         LINE#         421
  C:182BH         LINE#         422
  C:1891H         LINE#         423
  C:1891H         LINE#         424
  C:1894H         LINE#         425
  C:1894H         LINE#         427
  C:1894H         LINE#         429
  C:18BDH         LINE#         430
  C:18BDH         LINE#         431
  C:18C0H         LINE#         432
BL51 BANKED LINKER/LOCATER V6.22                                                      04/28/2019  14:51:59  PAGE 19


  C:18C0H         LINE#         433
  C:18C0H         LINE#         434
  C:18C0H         LINE#         436
  C:18C0H         LINE#         437
  C:1926H         LINE#         438
  C:1926H         LINE#         439
  C:1929H         LINE#         440
  C:1929H         LINE#         442
  C:1929H         LINE#         444
  C:1952H         LINE#         445
  C:1952H         LINE#         446
  C:1955H         LINE#         447
  C:1955H         LINE#         448
  C:1955H         LINE#         449
  C:1955H         LINE#         451
  C:1955H         LINE#         452
  C:19BBH         LINE#         453
  C:19BBH         LINE#         454
  C:19BEH         LINE#         455
  C:19BEH         LINE#         457
  C:19BEH         LINE#         459
  C:19E4H         LINE#         460
  C:19E4H         LINE#         461
  C:19E7H         LINE#         462
  C:19E7H         LINE#         463
  C:19E7H         LINE#         464
  C:19E7H         LINE#         466
  C:19E7H         LINE#         467
  C:1A4DH         LINE#         468
  C:1A4DH         LINE#         469
  C:1A50H         LINE#         470
  C:1A50H         LINE#         472
  C:1A50H         LINE#         474
  C:1A76H         LINE#         475
  C:1A76H         LINE#         476
  C:1A79H         LINE#         477
  C:1A79H         LINE#         478
  C:1A79H         LINE#         479
  C:1A79H         LINE#         480
  C:1A79H         LINE#         481
  C:1A7FH         LINE#         482
  C:1A81H         LINE#         483
  C:1A81H         LINE#         484
  C:1A8AH         LINE#         486
  C:1A92H         LINE#         487
  C:1A92H         LINE#         488
  C:1A95H         LINE#         489
  C:1A95H         LINE#         490
  C:1A9AH         LINE#         491
  C:1A9AH         LINE#         493
  C:1AA3H         LINE#         495
  C:1AC2H         LINE#         496
  C:1AE8H         LINE#         497
  C:1B0EH         LINE#         498
  C:1B34H         LINE#         499
  C:1B5AH         LINE#         501
  C:1B5CH         LINE#         502
BL51 BANKED LINKER/LOCATER V6.22                                                      04/28/2019  14:51:59  PAGE 20


  -------         ENDPROC       _LIGHT_BEAM_ON_CMD
  -------         PROC          _LIGHT_BEAM_OFF_CMD
  X:0000H         SYMBOL        cmd_packet
  C:5D18H         LINE#         504
  C:5D23H         LINE#         505
  C:5D23H         LINE#         507
  C:5D3BH         LINE#         508
  C:5D3BH         LINE#         509
  C:5D3EH         LINE#         510
  C:5D3EH         LINE#         512
  C:5D5DH         LINE#         514
  C:5D5FH         LINE#         515
  -------         ENDPROC       _LIGHT_BEAM_OFF_CMD
  -------         PROC          _GENERATE_SOUND_CMD
  X:0000H         SYMBOL        cmd_packet
  -------         DO            
  X:0003H         SYMBOL        i
  X:0004H         SYMBOL        j
  X:0005H         SYMBOL        params
  X:0019H         SYMBOL        frequency_code
  X:001BH         SYMBOL        delay_son
  X:001DH         SYMBOL        delay_silence
  X:001FH         SYMBOL        nbr_bip
  X:0021H         SYMBOL        param_find
  X:0022H         SYMBOL        str
  -------         ENDDO         
  C:11FFH         LINE#         517
  C:120AH         LINE#         518
  C:120AH         LINE#         519
  C:1214H         LINE#         520
  C:1239H         LINE#         521
  C:125DH         LINE#         522
  C:1262H         LINE#         523
  C:1273H         LINE#         526
  C:12A7H         LINE#         527
  C:12A7H         LINE#         528
  C:12AAH         LINE#         529
  C:12AAH         LINE#         532
  C:12D5H         LINE#         533
  C:12D5H         LINE#         534
  C:1311H         LINE#         537
  C:1324H         LINE#         538
  C:1324H         LINE#         539
  C:1362H         LINE#         540
  C:1362H         LINE#         541
  C:137BH         LINE#         542
  C:137BH         LINE#         543
  C:137BH         LINE#         544
  C:13E1H         LINE#         545
  C:13E1H         LINE#         546
  C:13E4H         LINE#         547
  C:13E4H         LINE#         549
  C:13E4H         LINE#         551
  C:140DH         LINE#         552
  C:140DH         LINE#         553
  C:1410H         LINE#         554
  C:1410H         LINE#         555
BL51 BANKED LINKER/LOCATER V6.22                                                      04/28/2019  14:51:59  PAGE 21


  C:1410H         LINE#         556
  C:1410H         LINE#         558
  C:1410H         LINE#         559
  C:1476H         LINE#         560
  C:1476H         LINE#         561
  C:1479H         LINE#         562
  C:1479H         LINE#         564
  C:1479H         LINE#         566
  C:14A2H         LINE#         567
  C:14A2H         LINE#         568
  C:14A5H         LINE#         569
  C:14A5H         LINE#         570
  C:14A5H         LINE#         571
  C:14A5H         LINE#         573
  C:14A5H         LINE#         574
  C:150BH         LINE#         575
  C:150BH         LINE#         576
  C:150EH         LINE#         577
  C:150EH         LINE#         579
  C:150EH         LINE#         581
  C:1537H         LINE#         582
  C:1537H         LINE#         583
  C:153AH         LINE#         584
  C:153AH         LINE#         585
  C:153AH         LINE#         586
  C:153AH         LINE#         588
  C:153AH         LINE#         589
  C:15A0H         LINE#         590
  C:15A0H         LINE#         591
  C:15A3H         LINE#         592
  C:15A3H         LINE#         594
  C:15A3H         LINE#         596
  C:15C9H         LINE#         597
  C:15C9H         LINE#         598
  C:15CCH         LINE#         599
  C:15CCH         LINE#         600
  C:15CCH         LINE#         601
  C:15CCH         LINE#         602
  C:15CCH         LINE#         603
  C:15D2H         LINE#         604
  C:15D4H         LINE#         605
  C:15D4H         LINE#         606
  C:15DDH         LINE#         608
  C:15E5H         LINE#         609
  C:15E5H         LINE#         610
  C:15E8H         LINE#         611
  C:15E8H         LINE#         612
  C:15EDH         LINE#         613
  C:15EDH         LINE#         615
  C:15F6H         LINE#         617
  C:1615H         LINE#         618
  C:163BH         LINE#         619
  C:1661H         LINE#         620
  C:1687H         LINE#         621
  C:16ADH         LINE#         623
  C:16AFH         LINE#         625
  -------         ENDPROC       _GENERATE_SOUND_CMD
BL51 BANKED LINKER/LOCATER V6.22                                                      04/28/2019  14:51:59  PAGE 22


  -------         PROC          _PHOTO_CMD
  X:0000H         SYMBOL        cmd_packet
  -------         DO            
  X:0003H         SYMBOL        i
  X:0004H         SYMBOL        j
  X:0005H         SYMBOL        params
  X:0014H         SYMBOL        duree_photo
  X:0016H         SYMBOL        nbr_photo
  X:0018H         SYMBOL        mode
  X:001AH         SYMBOL        param_find
  X:001BH         SYMBOL        str
  -------         ENDDO         
  C:2C9FH         LINE#         627
  C:2CAAH         LINE#         628
  C:2CAAH         LINE#         629
  C:2CB5H         LINE#         630
  C:2CDAH         LINE#         631
  C:2CF5H         LINE#         632
  C:2CFAH         LINE#         633
  C:2D0BH         LINE#         637
  C:2D26H         LINE#         638
  C:2D26H         LINE#         639
  C:2D29H         LINE#         640
  C:2D29H         LINE#         644
  C:2D4BH         LINE#         645
  C:2D4BH         LINE#         646
  C:2D78H         LINE#         649
  C:2D8BH         LINE#         650
  C:2D8BH         LINE#         651
  C:2DC9H         LINE#         652
  C:2DC9H         LINE#         653
  C:2DE5H         LINE#         654
  C:2DE5H         LINE#         655
  C:2DE5H         LINE#         656
  C:2E44H         LINE#         657
  C:2E44H         LINE#         658
  C:2E47H         LINE#         659
  C:2E47H         LINE#         660
  C:2E4EH         LINE#         661
  C:2E51H         LINE#         663
  C:2E51H         LINE#         664
  C:2EB0H         LINE#         665
  C:2EB0H         LINE#         666
  C:2EB3H         LINE#         667
  C:2EB3H         LINE#         668
  C:2EBAH         LINE#         669
  C:2EBCH         LINE#         670
  C:2EBCH         LINE#         671
  C:2EC5H         LINE#         672
  C:2ECBH         LINE#         673
  C:2ECDH         LINE#         674
  C:2ECDH         LINE#         675
  C:2ED6H         LINE#         676
  C:2EDCH         LINE#         677
  C:2EDEH         LINE#         678
  C:2EDEH         LINE#         679
  C:2EE7H         LINE#         680
BL51 BANKED LINKER/LOCATER V6.22                                                      04/28/2019  14:51:59  PAGE 23


  C:2EEDH         LINE#         681
  C:2EEDH         LINE#         682
  C:2EEDH         LINE#         683
  C:2EF3H         LINE#         684
  C:2EF5H         LINE#         685
  C:2EF5H         LINE#         686
  C:2EFEH         LINE#         688
  C:2F06H         LINE#         689
  C:2F06H         LINE#         690
  C:2F09H         LINE#         691
  C:2F09H         LINE#         692
  C:2F0EH         LINE#         693
  C:2F0EH         LINE#         695
  C:2F11H         LINE#         697
  C:2F37H         LINE#         698
  C:2F5DH         LINE#         699
  C:2FA1H         LINE#         700
  C:2FA3H         LINE#         701
  -------         ENDPROC       _PHOTO_CMD
  -------         PROC          _PHOTO_OFF_CMD
  X:0000H         SYMBOL        cmd_packet
  C:5D60H         LINE#         703
  C:5D6BH         LINE#         704
  C:5D6BH         LINE#         706
  C:5D83H         LINE#         707
  C:5D83H         LINE#         708
  C:5D86H         LINE#         709
  C:5D86H         LINE#         711
  C:5DA5H         LINE#         713
  C:5DA7H         LINE#         714
  -------         ENDPROC       _PHOTO_OFF_CMD
  -------         ENDMOD        COMMANDS

  -------         MODULE        COMMANDS_PARSER
  C:0000H         SYMBOL        _ICE_DUMMY_
  B:0098H.7       PUBLIC        SM00
  D:0090H         PUBLIC        P1
  B:0098H.6       PUBLIC        SM10
  C:5E32H         PUBLIC        _get_command
  C:5B03H         PUBLIC        _Init_parser
  D:00E8H         PUBLIC        ADC0CN
  C:5949H         PUBLIC        _cmd_parser_process
  D:00A4H         PUBLIC        P0MDOUT
  X:0166H         PUBLIC        current_state
  D:00A8H         PUBLIC        IE
  B:0098H.4       PUBLIC        REN0
  D:00D8H         PUBLIC        PCA0CN
  D:00B8H         PUBLIC        IP
  D:00E1H         PUBLIC        XBR0
  C:349FH         PUBLIC        _parse
  C:6137H         PUBLIC        _USART_send
  C:5AADH         PUBLIC        _USART_print
  D:00CBH         PUBLIC        RCAP2H
  D:00C0H         PUBLIC        SMB0CN
  C:616DH         PUBLIC        valid_cmd_flag
  D:00CAH         PUBLIC        RCAP2L
  C:36E6H         PUBLIC        _send_informations
BL51 BANKED LINKER/LOCATER V6.22                                                      04/28/2019  14:51:59  PAGE 24


  D:00F8H         PUBLIC        SPI0CN
  D:0088H         PUBLIC        TCON
  C:53D4H         PUBLIC        _wait
  C:324BH         PUBLIC        _send_KOB_MOU
  C:617DH         PUBLIC        error_cmd_flag
  X:0167H         PUBLIC        dispatch_table
  X:0209H         PUBLIC        MSG_buffer
  X:0229H         PUBLIC        raw_data
  B:0098H.0       PUBLIC        RI0
  B:0098H.1       PUBLIC        TI0
  B:00C8H.2       PUBLIC        TR2
  C:5F1DH         PUBLIC        _USART_receive
  B:00C8H.5       PUBLIC        RCLK0
  B:00C8H.4       PUBLIC        TCLK0
  D:0099H         PUBLIC        SBUF0
  D:0098H         PUBLIC        SCON0
  D:00C8H         PUBLIC        T2CON
  D:008EH         PUBLIC        CKCON
  X:0249H         PUBLIC        full_state_machine
  X:0251H         PUBLIC        buffer_index
  D:00D0H         PUBLIC        PSW
  -------         PROC          _INIT_PARSER
  X:0012H         SYMBOL        parser_result
  C:5B03H         LINE#         86
  C:5B0EH         LINE#         87
  C:5B0EH         LINE#         90
  C:5B10H         LINE#         91
  C:5B12H         LINE#         92
  C:5B14H         LINE#         95
  C:5B17H         LINE#         98
  C:5B1AH         LINE#         102
  C:5B1DH         LINE#         106
  C:5B20H         LINE#         107
  C:5B22H         LINE#         108
  C:5B24H         LINE#         109
  C:5B27H         LINE#         110
  C:5B2AH         LINE#         111
  C:5B2CH         LINE#         114
  C:5B55H         LINE#         116
  C:5B57H         LINE#         117
  -------         ENDPROC       _INIT_PARSER
  -------         PROC          _USART_RECEIVE
  X:0019H         SYMBOL        read_byte
  C:5F1DH         LINE#         119
  C:5F28H         LINE#         120
  C:5F28H         LINE#         121
  C:5F2BH         LINE#         122
  C:5F2BH         LINE#         123
  C:5F3BH         LINE#         124
  C:5F3DH         LINE#         125
  C:5F3EH         LINE#         126
  C:5F4EH         LINE#         127
  C:5F4EH         LINE#         128
  -------         ENDPROC       _USART_RECEIVE
  -------         PROC          _USART_SEND
  X:00F5H         SYMBOL        ch
  C:6137H         LINE#         130
BL51 BANKED LINKER/LOCATER V6.22                                                      04/28/2019  14:51:59  PAGE 25


  C:613CH         LINE#         131
  C:613CH         LINE#         132
  C:6143H         LINE#         133
  C:6146H         LINE#         134
  C:6148H         LINE#         135
  -------         ENDPROC       _USART_SEND
  -------         PROC          _USART_PRINT
  X:00F1H         SYMBOL        str
  -------         DO            
  X:00F4H         SYMBOL        i
  -------         ENDDO         
  C:5AADH         LINE#         145
  C:5AB8H         LINE#         146
  C:5AB8H         LINE#         147
  C:5ABDH         LINE#         148
  C:5ADEH         LINE#         149
  C:5ADEH         LINE#         150
  C:5AFAH         LINE#         151
  C:5B02H         LINE#         152
  -------         ENDPROC       _USART_PRINT
  -------         PROC          _CMD_PARSER_PROCESS
  X:0012H         SYMBOL        result
  C:5949H         LINE#         156
  C:5954H         LINE#         157
  C:5954H         LINE#         171
  C:5967H         LINE#         172
  C:5967H         LINE#         173
  C:5967H         LINE#         174
  C:5975H         LINE#         175
  C:5977H         LINE#         176
  C:5977H         LINE#         177
  C:5985H         LINE#         178
  C:5987H         LINE#         179
  C:5987H         LINE#         180
  C:5995H         LINE#         181
  C:5995H         LINE#         183
  C:5995H         LINE#         185
  C:59A3H         LINE#         186
  -------         ENDPROC       _CMD_PARSER_PROCESS
  -------         PROC          _WAIT
  X:0015H         SYMBOL        parser_result
  -------         DO            
  X:0018H         SYMBOL        read_byte
  -------         ENDDO         
  C:53D4H         LINE#         188
  C:53DFH         LINE#         189
  C:53DFH         LINE#         190
  C:53E5H         LINE#         193
  C:53EEH         LINE#         196
  C:5404H         LINE#         199
  C:540EH         LINE#         200
  C:5417H         LINE#         201
  C:5417H         LINE#         204
  C:542DH         LINE#         205
  C:5433H         LINE#         207
  C:5444H         LINE#         208
  C:544AH         LINE#         209
BL51 BANKED LINKER/LOCATER V6.22                                                      04/28/2019  14:51:59  PAGE 26


  C:544BH         LINE#         210
  C:5453H         LINE#         211
  C:5469H         LINE#         212
  C:546FH         LINE#         213
  C:546FH         LINE#         214
  C:546FH         LINE#         215
  -------         ENDPROC       _WAIT
  -------         PROC          _GET_COMMAND
  X:0015H         SYMBOL        parser_result
  C:5E32H         LINE#         218
  C:5E3DH         LINE#         219
  C:5E3DH         LINE#         221
  C:5E4EH         LINE#         222
  C:5E4EH         LINE#         224
  C:5E51H         LINE#         225
  C:5E53H         LINE#         226
  C:5E56H         LINE#         227
  C:5E56H         LINE#         230
  C:5E6AH         LINE#         231
  C:5E6FH         LINE#         233
  C:5E74H         LINE#         234
  -------         ENDPROC       _GET_COMMAND
  -------         PROC          _PARSE
  X:0018H         SYMBOL        parser_result
  -------         DO            
  X:001BH         SYMBOL        commands_data
  X:00E3H         SYMBOL        data_index
  X:00E4H         SYMBOL        ptr
  X:00E5H         SYMBOL        reading_ptr
  X:00E6H         SYMBOL        ret
  X:00E7H         SYMBOL        c
  X:00E8H         SYMBOL        i
  X:00E9H         SYMBOL        run
  X:00EAH         SYMBOL        cmd_packet
  -------         ENDDO         
  C:349FH         LINE#         237
  C:34AAH         LINE#         238
  C:34AAH         LINE#         242
  C:34B9H         LINE#         243
  C:34BEH         LINE#         244
  C:34C8H         LINE#         245
  C:34CEH         LINE#         254
  C:34D9H         LINE#         255
  C:34D9H         LINE#         256
  C:34EFH         LINE#         259
  C:3505H         LINE#         260
  C:3505H         LINE#         261
  C:3505H         LINE#         262
  C:3529H         LINE#         264
  C:352FH         LINE#         265
  C:3534H         LINE#         266
  C:3537H         LINE#         268
  C:3537H         LINE#         269
  C:355BH         LINE#         271
  C:3561H         LINE#         272
  C:3566H         LINE#         273
  C:3568H         LINE#         276
BL51 BANKED LINKER/LOCATER V6.22                                                      04/28/2019  14:51:59  PAGE 27


  C:3568H         LINE#         277
  C:358CH         LINE#         279
  C:3591H         LINE#         280
  C:3593H         LINE#         282
  C:3593H         LINE#         283
  C:35BCH         LINE#         284
  C:35C2H         LINE#         285
  C:35C2H         LINE#         287
  C:35C8H         LINE#         288
  C:35CBH         LINE#         292
  C:35DCH         LINE#         293
  C:35E6H         LINE#         294
  C:3605H         LINE#         298
  C:361AH         LINE#         299
  C:361AH         LINE#         300
  C:365DH         LINE#         301
  C:365DH         LINE#         303
  C:369EH         LINE#         304
  C:369EH         LINE#         305
  C:36A4H         LINE#         306
  C:36A6H         LINE#         307
  C:36AFH         LINE#         308
  C:36B4H         LINE#         309
  C:36B4H         LINE#         316
  C:36B4H         LINE#         317
  C:36BDH         LINE#         320
  C:36CCH         LINE#         321
  C:36E0H         LINE#         324
  C:36E5H         LINE#         325
  -------         ENDPROC       _PARSE
  -------         PROC          VALID_CMD_FLAG
  C:616DH         LINE#         327
  C:616DH         LINE#         328
  C:616DH         LINE#         329
  C:6172H         LINE#         330
  C:6177H         LINE#         331
  C:617CH         LINE#         332
  -------         ENDPROC       VALID_CMD_FLAG
  -------         PROC          ERROR_CMD_FLAG
  C:617DH         LINE#         334
  C:617DH         LINE#         335
  C:617DH         LINE#         336
  C:6182H         LINE#         337
  C:6187H         LINE#         338
  C:618CH         LINE#         339
  -------         ENDPROC       ERROR_CMD_FLAG
  -------         PROC          _SEND_INFORMATIONS
  X:0015H         SYMBOL        parser_result
  C:36E6H         LINE#         342
  C:36F1H         LINE#         343
  C:36F1H         LINE#         345
  C:3711H         LINE#         346
  C:3711H         LINE#         348
  C:3733H         LINE#         349
  C:3733H         LINE#         350
  C:375CH         LINE#         351
  C:377AH         LINE#         352
BL51 BANKED LINKER/LOCATER V6.22                                                      04/28/2019  14:51:59  PAGE 28


  C:377DH         LINE#         354
  C:379FH         LINE#         355
  C:379FH         LINE#         356
  C:37C8H         LINE#         357
  C:37E6H         LINE#         358
  C:37E9H         LINE#         360
  C:380BH         LINE#         361
  C:380BH         LINE#         362
  C:3834H         LINE#         363
  C:3852H         LINE#         364
  C:3854H         LINE#         367
  C:3876H         LINE#         368
  C:3876H         LINE#         369
  C:3884H         LINE#         370
  C:38A2H         LINE#         371
  C:38A4H         LINE#         374
  C:38A4H         LINE#         375
  C:38CDH         LINE#         376
  C:38CDH         LINE#         378
  C:38E5H         LINE#         379
  C:3905H         LINE#         381
  C:3905H         LINE#         384
  -------         ENDPROC       _SEND_INFORMATIONS
  -------         PROC          _SEND_KOB_MOU
  X:0018H         SYMBOL        parser_result
  -------         DO            
  X:0146H         SYMBOL        msg
  X:001BH         SYMBOL        angle_front
  X:001DH         SYMBOL        angle_back
  X:001FH         SYMBOL        distance_front
  X:0021H         SYMBOL        distance_back
  -------         ENDDO         
  C:324BH         LINE#         386
  C:3256H         LINE#         387
  C:3256H         LINE#         390
  C:3266H         LINE#         391
  C:3276H         LINE#         393
  C:3285H         LINE#         395
  C:32ACH         LINE#         396
  C:32ACH         LINE#         397
  C:32D7H         LINE#         398
  C:3308H         LINE#         399
  C:334EH         LINE#         400
  C:3351H         LINE#         402
  C:3351H         LINE#         403
  C:337CH         LINE#         404
  C:33ADH         LINE#         405
  C:33DEH         LINE#         406
  C:340FH         LINE#         407
  C:3475H         LINE#         408
  C:3475H         LINE#         411
  C:349EH         LINE#         413
  -------         ENDPROC       _SEND_KOB_MOU
  -------         ENDMOD        COMMANDS_PARSER

  -------         MODULE        MAIN
  C:0000H         SYMBOL        _ICE_DUMMY_
BL51 BANKED LINKER/LOCATER V6.22                                                      04/28/2019  14:51:59  PAGE 29


  D:0090H         PUBLIC        P1
  B:00A8H.7       PUBLIC        EA
  D:00E8H         PUBLIC        ADC0CN
  D:00A8H         PUBLIC        IE
  X:0252H         PUBLIC        epreuve_start
  X:0253H         PUBLIC        parser_result
  D:00D8H         PUBLIC        PCA0CN
  D:00B8H         PUBLIC        IP
  D:00FFH         PUBLIC        Reg
  D:00E3H         PUBLIC        XBR2
  X:025AH         PUBLIC        informations
  X:0274H         PUBLIC        dd_packet
  D:00C0H         PUBLIC        SMB0CN
  C:4977H         PUBLIC        main
  X:0282H         PUBLIC        spi_packet
  D:00F8H         PUBLIC        SPI0CN
  D:0088H         PUBLIC        TCON
  C:0030H         PUBLIC        enable_general_Int
  D:00B2H         PUBLIC        OSCICN
  D:00B1H         PUBLIC        OSCXCN
  X:028BH         PUBLIC        commands
  C:618DH         PUBLIC        Init_External_clk
  D:0098H         PUBLIC        SCON0
  D:00C8H         PUBLIC        T2CON
  C:61C3H         PUBLIC        Enable_Crossbar
  D:008EH         PUBLIC        CKCON
  D:00D0H         PUBLIC        PSW
  -------         PROC          INIT_EXTERNAL_CLK
  C:618DH         LINE#         101
  C:618DH         LINE#         102
  C:618DH         LINE#         104
  C:6190H         LINE#         105
  C:6195H         LINE#         108
  C:6198H         LINE#         110
  C:619BH         LINE#         111
  -------         ENDPROC       INIT_EXTERNAL_CLK
  -------         PROC          ENABLE_CROSSBAR
  C:61C3H         LINE#         113
  C:61C3H         LINE#         114
  C:61C3H         LINE#         116
  C:61C6H         LINE#         117
  -------         ENDPROC       ENABLE_CROSSBAR
  -------         PROC          ENABLE_GENERAL_INT
  C:0030H         LINE#         119
  C:0030H         LINE#         120
  C:0030H         LINE#         121
  C:0032H         LINE#         122
  -------         ENDPROC       ENABLE_GENERAL_INT
  -------         PROC          MAIN
  -------         DO            
  X:0000H         SYMBOL        mes
  X:000AH         SYMBOL        f
  X:000EH         SYMBOL        angle
  X:0010H         SYMBOL        ij
  -------         ENDDO         
  C:4977H         LINE#         125
  C:4977H         LINE#         126
BL51 BANKED LINKER/LOCATER V6.22                                                      04/28/2019  14:51:59  PAGE 30


  C:4977H         LINE#         128
  C:4981H         LINE#         129
  C:498AH         LINE#         130
  C:4992H         LINE#         133
  C:4995H         LINE#         134
  C:4998H         LINE#         137
  C:499BH         LINE#         140
  C:49A4H         LINE#         144
  C:49A7H         LINE#         146
  C:49AAH         LINE#         148
  C:49ADH         LINE#         150
  C:49B0H         LINE#         152
  C:49B3H         LINE#         154
  C:49BCH         LINE#         155
  C:49C5H         LINE#         159
  C:49C8H         LINE#         161
  C:49D1H         LINE#         165
  C:49D1H         LINE#         166
  C:49D1H         LINE#         168
  C:49DAH         LINE#         170
  C:49EDH         LINE#         171
  C:49EDH         LINE#         172
  C:49F6H         LINE#         173
  C:49F8H         LINE#         174
  C:49F8H         LINE#         176
  C:4A0BH         LINE#         177
  C:4A0BH         LINE#         179
  C:4A13H         LINE#         180
  C:4A13H         LINE#         181
  C:4A23H         LINE#         182
  C:4A29H         LINE#         183
  C:4A29H         LINE#         186
  C:4A32H         LINE#         189
  C:4A3BH         LINE#         192
  C:4A61H         LINE#         204
  C:4A61H         LINE#         206
  C:4A64H         LINE#         208
  C:4A6DH         LINE#         210
  -------         ENDPROC       MAIN
  -------         ENDMOD        MAIN

  -------         MODULE        SERIALIZER
  C:0000H         SYMBOL        _ICE_DUMMY_
  X:02E5H         PUBLIC        serializer_state_machine
  D:0090H         PUBLIC        P1
  X:02FDH         PUBLIC        is_processing
  X:02FEH         PUBLIC        robot_position
  C:5EE8H         PUBLIC        _serializer_receive
  D:00E8H         PUBLIC        ADC0CN
  D:00A8H         PUBLIC        IE
  C:608EH         PUBLIC        serializer_clear_serial
  C:587AH         PUBLIC        _rotate
  D:00D8H         PUBLIC        PCA0CN
  D:00B8H         PUBLIC        IP
  D:00E3H         PUBLIC        XBR2
  C:000EH         PUBLIC        _idle
  C:5292H         PUBLIC        _moveAngle
BL51 BANKED LINKER/LOCATER V6.22                                                      04/28/2019  14:51:59  PAGE 31


  D:00E5H         PUBLIC        RCAP4H
  D:00C0H         PUBLIC        SMB0CN
  C:2FA4H         PUBLIC        _serializer_process
  C:6149H         PUBLIC        init_serializer_UART1
  D:00E4H         PUBLIC        RCAP4L
  D:00F8H         PUBLIC        SPI0CN
  D:0088H         PUBLIC        TCON
  X:0303H         PUBLIC        pids_timer
  C:6076H         PUBLIC        serializer_init_serial
  C:4F3FH         PUBLIC        is_PID_processing
  C:5B9EH         SYMBOL        _?ix1000
  C:5BA3H         SYMBOL        _?ix1001
  X:0305H         PUBLIC        serializer_state
  C:2673H         PUBLIC        _idle_next_state
  C:5F81H         PUBLIC        _stop
  C:615BH         PUBLIC        _UART_send
  B:0098H.1       PUBLIC        TI0
  C:60BCH         PUBLIC        _serializer_send
  C:59A4H         PUBLIC        _serializer_print
  C:4008H         PUBLIC        _navigate
  C:51ECH         PUBLIC        _translate
  C:58E6H         PUBLIC        _setMotors
  D:0099H         PUBLIC        SBUF0
  D:00F2H         PUBLIC        SBUF1
  D:0098H         PUBLIC        SCON0
  D:00F1H         PUBLIC        SCON1
  D:00C8H         PUBLIC        T2CON
  D:00C9H         PUBLIC        T4CON
  X:0306H         PUBLIC        is_navigating
  D:00D0H         PUBLIC        PSW
  C:4879H         PUBLIC        _moveTo
  -------         PROC          INIT_SERIALIZER_UART1
  C:6149H         LINE#         37
  C:6149H         LINE#         38
  C:6149H         LINE#         41
  C:614CH         LINE#         45
  C:614FH         LINE#         48
  C:6152H         LINE#         50
  C:6155H         LINE#         51
  C:6158H         LINE#         53
  C:615AH         LINE#         54
  -------         ENDPROC       INIT_SERIALIZER_UART1
  -------         PROC          _SERIALIZER_RECEIVE
  X:004DH         SYMBOL        read_byte
  C:5EE8H         LINE#         56
  C:5EF3H         LINE#         57
  C:5EF3H         LINE#         58
  C:5EF8H         LINE#         59
  C:5EF8H         LINE#         60
  C:5F08H         LINE#         61
  C:5F0BH         LINE#         62
  C:5F0CH         LINE#         63
  C:5F1CH         LINE#         64
  C:5F1CH         LINE#         65
  -------         ENDPROC       _SERIALIZER_RECEIVE
  -------         PROC          _SERIALIZER_SEND
  X:0051H         SYMBOL        ch
BL51 BANKED LINKER/LOCATER V6.22                                                      04/28/2019  14:51:59  PAGE 32


  C:60BCH         LINE#         67
  C:60C1H         LINE#         68
  C:60C1H         LINE#         69
  C:60C8H         LINE#         70
  C:60CDH         LINE#         71
  C:60D0H         LINE#         72
  -------         ENDPROC       _SERIALIZER_SEND
  -------         PROC          _UART_SEND
  X:004DH         SYMBOL        ch
  C:615BH         LINE#         74
  C:6160H         LINE#         75
  C:6160H         LINE#         76
  C:6167H         LINE#         77
  C:616AH         LINE#         78
  C:616CH         LINE#         79
  -------         ENDPROC       _UART_SEND
  -------         PROC          _SERIALIZER_PRINT
  X:004DH         SYMBOL        str
  -------         DO            
  X:0050H         SYMBOL        i
  -------         ENDDO         
  C:59A4H         LINE#         81
  C:59AFH         LINE#         82
  C:59AFH         LINE#         83
  C:59B4H         LINE#         84
  C:59D5H         LINE#         85
  C:59D5H         LINE#         87
  C:59F1H         LINE#         88
  C:59F9H         LINE#         90
  C:59FEH         LINE#         92
  -------         ENDPROC       _SERIALIZER_PRINT
  -------         PROC          SERIALIZER_INIT_SERIAL
  -------         DO            
  X:0012H         SYMBOL        c
  -------         ENDDO         
  C:6076H         LINE#         94
  C:6076H         LINE#         95
  C:6076H         LINE#         96
  C:607BH         LINE#         98
  C:607BH         LINE#         99
  C:6084H         LINE#         101
  C:608DH         LINE#         103
  -------         ENDPROC       SERIALIZER_INIT_SERIAL
  -------         PROC          SERIALIZER_CLEAR_SERIAL
  -------         DO            
  X:003AH         SYMBOL        c
  -------         ENDDO         
  C:608EH         LINE#         105
  C:608EH         LINE#         106
  C:608EH         LINE#         107
  C:6093H         LINE#         110
  C:6093H         LINE#         111
  C:609CH         LINE#         113
  C:60A5H         LINE#         115
  -------         ENDPROC       SERIALIZER_CLEAR_SERIAL
  -------         PROC          _SERIALIZER_PROCESS
  X:0012H         SYMBOL        parser
BL51 BANKED LINKER/LOCATER V6.22                                                      04/28/2019  14:51:59  PAGE 33


  -------         DO            
  X:0015H         SYMBOL        pts
  -------         ENDDO         
  C:2FA4H         LINE#         124
  C:2FAFH         LINE#         125
  C:2FAFH         LINE#         126
  C:2FD4H         LINE#         129
  C:2FF6H         LINE#         130
  C:2FF6H         LINE#         131
  C:2FFCH         LINE#         132
[...]

  -------         MODULE        SPI_MASTER
  C:0000H         SYMBOL        _ICE_DUMMY_
  D:009DH         PUBLIC        SPI0CKR
  D:0090H         PUBLIC        P1
  X:0307H         PUBLIC        spi_data_in
  X:030CH         PUBLIC        spi_data_out
  D:00E6H         PUBLIC        EIE1
  D:00E8H         PUBLIC        ADC0CN
  D:00A4H         PUBLIC        P0MDOUT
  D:00A5H         PUBLIC        P1MDOUT
  D:00A8H         PUBLIC        IE
  D:00D8H         PUBLIC        PCA0CN
  D:00B8H         PUBLIC        IP
  C:56A4H         PUBLIC        _spi_cmd_light_OFF
  B:00F8H.3       PUBLIC        TXBSY
  D:00E1H         PUBLIC        XBR0
  C:4DC0H         PUBLIC        _spi_cmd_generate_sound
  D:00C0H         PUBLIC        SMB0CN
  C:4C26H         PUBLIC        _spi_transmit
  C:571AH         PUBLIC        _spi_cmd_photo_OFF
  D:00F8H         PUBLIC        SPI0CN
  C:298CH         PUBLIC        _spi_process
  B:00F8H.7       PUBLIC        SPIF
  D:0088H         PUBLIC        TCON
  X:0311H         PUBLIC        spi_data_in_ptr
  C:6023H         PUBLIC        spi_error
  C:60FBH         PUBLIC        _spi_send_char
BL51 BANKED LINKER/LOCATER V6.22                                                      04/28/2019  14:51:59  PAGE 46


  C:4CF6H         PUBLIC        _spi_cmd_light_ON
  C:6042H         PUBLIC        Init_SPI
  D:0098H         PUBLIC        SCON0
  B:0090H.0       PUBLIC        slave_selector
  D:00C8H         PUBLIC        T2CON
  D:009AH         PUBLIC        SPI0CFG
  C:4E8AH         PUBLIC        _spi_cmd_photo_ON
  C:509CH         PUBLIC        _spi_cmd_servo
  D:009BH         PUBLIC        SPI0DAT
  C:5F4FH         PUBLIC        spi_int
  D:00D0H         PUBLIC        PSW
  C:5805H         PUBLIC        spi_validate
  -------         PROC          SPI_INT
  C:5F4FH         LINE#         30
  C:5F5CH         LINE#         33
  C:5F5EH         LINE#         36
  C:5F70H         LINE#         38
  C:5F76H         LINE#         40
  -------         ENDPROC       SPI_INT
  -------         PROC          INIT_SPI
  C:6042H         LINE#         48
  C:6042H         LINE#         49
  C:6042H         LINE#         55
  C:6045H         LINE#         59
  C:6048H         LINE#         60
  C:604BH         LINE#         61
  C:604EH         LINE#         63
  C:6051H         LINE#         64
  C:6054H         LINE#         65
  C:6057H         LINE#         67
  C:6059H         LINE#         69
  C:605CH         LINE#         70
  -------         ENDPROC       INIT_SPI
  -------         PROC          _SPI_SEND_CHAR
  X:001DH         SYMBOL        a
  C:60FBH         LINE#         78
  C:6100H         LINE#         79
  C:6102H         LINE#         81
  C:6109H         LINE#         83
  C:610CH         LINE#         85
  C:610EH         LINE#         86
  -------         ENDPROC       _SPI_SEND_CHAR
  -------         PROC          _SPI_TRANSMIT
  X:0018H         SYMBOL        spi_packet
  -------         DO            
  X:001BH         SYMBOL        ptr
  X:001CH         SYMBOL        _delay
  -------         ENDDO         
  C:4C26H         LINE#         88
  C:4C31H         LINE#         89
  C:4C31H         LINE#         90
  C:4C36H         LINE#         91
  C:4C3BH         LINE#         94
  C:4C4DH         LINE#         95
  C:4C52H         LINE#         98
  C:4C55H         LINE#         100
  C:4C60H         LINE#         101
BL51 BANKED LINKER/LOCATER V6.22                                                      04/28/2019  14:51:59  PAGE 47


  C:4C60H         LINE#         102
  C:4C87H         LINE#         103
  C:4C8DH         LINE#         105
  C:4CA5H         LINE#         106
  C:4CA5H         LINE#         109
  C:4CA8H         LINE#         112
  C:4CAEH         LINE#         113
  C:4CAEH         LINE#         114
  C:4CB1H         LINE#         115
  C:4CB3H         LINE#         116
  C:4CB3H         LINE#         117
  C:4CC9H         LINE#         118
  C:4CC9H         LINE#         121
  C:4CE3H         LINE#         123
  C:4CF5H         LINE#         125
  -------         ENDPROC       _SPI_TRANSMIT
  -------         PROC          _SPI_PROCESS
  X:0012H         SYMBOL        cmd
  X:0015H         SYMBOL        spi_packet
  C:298CH         LINE#         127
  C:2997H         LINE#         128
  C:2997H         LINE#         129
  C:29B4H         LINE#         130
  C:29B4H         LINE#         132
  C:29B4H         LINE#         133
  C:29CDH         LINE#         134
  C:29CDH         LINE#         135
  C:29FDH         LINE#         136
  C:2A12H         LINE#         137
  C:2A28H         LINE#         138
  C:2A2BH         LINE#         139
  C:2A46H         LINE#         140
  C:2A46H         LINE#         141
  C:2A5FH         LINE#         142
  C:2A5FH         LINE#         143
  C:2A8FH         LINE#         144
  C:2AA4H         LINE#         145
  C:2ABAH         LINE#         146
  C:2ABDH         LINE#         148
  C:2ABDH         LINE#         149
  C:2AEDH         LINE#         150
  C:2B02H         LINE#         151
  C:2B18H         LINE#         152
  C:2B18H         LINE#         153
  C:2B1BH         LINE#         154
  C:2B34H         LINE#         155
  C:2B34H         LINE#         156
  C:2B64H         LINE#         157
  C:2B79H         LINE#         158
  C:2B8FH         LINE#         159
  C:2B92H         LINE#         160
  C:2BAAH         LINE#         161
  C:2BAAH         LINE#         162
  C:2BDAH         LINE#         163
  C:2BEFH         LINE#         164
  C:2C05H         LINE#         165
  C:2C07H         LINE#         167
BL51 BANKED LINKER/LOCATER V6.22                                                      04/28/2019  14:51:59  PAGE 48


  C:2C07H         LINE#         168
  C:2C37H         LINE#         169
  C:2C4CH         LINE#         170
  C:2C62H         LINE#         171
  C:2C62H         LINE#         174
  C:2C7BH         LINE#         175
  C:2C7BH         LINE#         176
  C:2C89H         LINE#         177
  C:2C9EH         LINE#         178
  C:2C9EH         LINE#         180
  -------         ENDPROC       _SPI_PROCESS
  -------         PROC          _SPI_CMD_SERVO
  X:0018H         SYMBOL        cmd
  X:001BH         SYMBOL        spi_packet
  C:509CH         LINE#         182
  C:50A7H         LINE#         183
  C:50A7H         LINE#         184
  C:50BDH         LINE#         185
  C:50E7H         LINE#         186
  C:511AH         LINE#         187
  C:512FH         LINE#         188
  C:5144H         LINE#         189
  -------         ENDPROC       _SPI_CMD_SERVO
  -------         PROC          _SPI_CMD_LIGHT_ON
  X:0018H         SYMBOL        cmd
  X:001BH         SYMBOL        spi_packet
  C:4CF6H         LINE#         191
  C:4D01H         LINE#         192
  C:4D01H         LINE#         193
  C:4D17H         LINE#         194
  C:4D41H         LINE#         195
  C:4D6BH         LINE#         196
  C:4D95H         LINE#         197
  C:4DBFH         LINE#         199
  -------         ENDPROC       _SPI_CMD_LIGHT_ON
  -------         PROC          _SPI_CMD_LIGHT_OFF
  X:0018H         SYMBOL        cmd
  X:001BH         SYMBOL        spi_packet
  C:56A4H         LINE#         201
  C:56AFH         LINE#         202
  C:56AFH         LINE#         203
  C:56C5H         LINE#         204
  C:56DAH         LINE#         205
  C:56EFH         LINE#         206
  C:5704H         LINE#         207
  C:5719H         LINE#         209
  -------         ENDPROC       _SPI_CMD_LIGHT_OFF
  -------         PROC          _SPI_CMD_GENERATE_SOUND
  X:0018H         SYMBOL        cmd
  X:001BH         SYMBOL        spi_packet
  C:4DC0H         LINE#         211
  C:4DCBH         LINE#         212
  C:4DCBH         LINE#         213
  C:4DE1H         LINE#         214
  C:4E0BH         LINE#         215
  C:4E35H         LINE#         216
  C:4E5FH         LINE#         217
BL51 BANKED LINKER/LOCATER V6.22                                                      04/28/2019  14:51:59  PAGE 49


  C:4E89H         LINE#         218
  -------         ENDPROC       _SPI_CMD_GENERATE_SOUND
  -------         PROC          _SPI_CMD_PHOTO_ON
  X:0018H         SYMBOL        cmd
  X:001BH         SYMBOL        spi_packet
  C:4E8AH         LINE#         220
  C:4E95H         LINE#         221
  C:4E95H         LINE#         223
  C:4EABH         LINE#         224
  C:4ED5H         LINE#         225
  C:4EFFH         LINE#         226
  C:4F29H         LINE#         227
  C:4F3EH         LINE#         229
  -------         ENDPROC       _SPI_CMD_PHOTO_ON
  -------         PROC          _SPI_CMD_PHOTO_OFF
  X:0018H         SYMBOL        cmd
  X:001BH         SYMBOL        spi_packet
  C:571AH         LINE#         231
  C:5725H         LINE#         232
  C:5725H         LINE#         233
  C:573BH         LINE#         234
  C:5750H         LINE#         235
  C:5765H         LINE#         236
  C:577AH         LINE#         237
  C:578FH         LINE#         238
  -------         ENDPROC       _SPI_CMD_PHOTO_OFF
  -------         PROC          SPI_VALIDATE
  -------         DO            
  X:001DH         SYMBOL        hash
  X:001FH         SYMBOL        i
  -------         ENDDO         
  C:5805H         LINE#         240
  C:5805H         LINE#         241
  C:5805H         LINE#         242
  C:5815H         LINE#         244
  C:5830H         LINE#         245
  C:5830H         LINE#         246
  C:5852H         LINE#         247
  C:5862H         LINE#         249
  C:5874H         LINE#         250
  C:5874H         LINE#         251
  C:5877H         LINE#         252
  C:5877H         LINE#         254
  C:5877H         LINE#         255
  C:5879H         LINE#         256
  C:5879H         LINE#         257
  -------         ENDPROC       SPI_VALIDATE
  -------         PROC          SPI_ERROR
  C:6023H         LINE#         259
  C:6023H         LINE#         260
  C:6023H         LINE#         261
  C:6029H         LINE#         262
  C:602FH         LINE#         263
  C:6035H         LINE#         264
  C:603BH         LINE#         265
  C:6041H         LINE#         266
  -------         ENDPROC       SPI_ERROR
BL51 BANKED LINKER/LOCATER V6.22                                                      04/28/2019  14:51:59  PAGE 50


  -------         ENDMOD        SPI_MASTER

  -------         MODULE        ?C?FPADD
  C:003DH         PUBLIC        ?C?FPADD
  C:0039H         PUBLIC        ?C?FPSUB
  -------         ENDMOD        ?C?FPADD

  -------         MODULE        ?C?FPMUL
  C:012EH         PUBLIC        ?C?FPMUL
  -------         ENDMOD        ?C?FPMUL

  -------         MODULE        ?C?FPDIV
  C:0237H         PUBLIC        ?C?FPDIV
  -------         ENDMOD        ?C?FPDIV

  -------         MODULE        ?C?FPCMP
  C:02D6H         PUBLIC        ?C?FPCMP
  C:02D4H         PUBLIC        ?C?FPCMP3
  -------         ENDMOD        ?C?FPCMP

  -------         MODULE        ?C?FCAST
  C:0357H         PUBLIC        ?C?FCASTC
  C:0352H         PUBLIC        ?C?FCASTI
  C:034DH         PUBLIC        ?C?FCASTL
  -------         ENDMOD        ?C?FCAST

  -------         MODULE        ?C?CASTF
  C:038BH         PUBLIC        ?C?CASTF
  -------         ENDMOD        ?C?CASTF

  -------         MODULE        PRINTF
  X:003AH         PUBLIC        ?_PRINTF?BYTE
  X:003AH         PUBLIC        ?_SPRINTF?BYTE
  C:1BC8H         PUBLIC        _PRINTF
  C:1BC2H         PUBLIC        _SPRINTF
  -------         ENDMOD        PRINTF

  -------         MODULE        SCANF
  X:0114H         PUBLIC        ?_SCANF?BYTE
  X:0114H         PUBLIC        ?_SSCANF?BYTE
  C:206DH         PUBLIC        _SCANF
  C:2069H         PUBLIC        _SSCANF
  -------         ENDMOD        SCANF

  -------         MODULE        SQRT
  C:4FF4H         PUBLIC        _SQRT
  -------         ENDMOD        SQRT

  -------         MODULE        ATAN
  C:4571H         PUBLIC        _ATAN
  -------         ENDMOD        ATAN

  -------         MODULE        ?C?FPROUND
  C:040CH         PUBLIC        ?C?FPROUND
  -------         ENDMOD        ?C?FPROUND

  -------         MODULE        ?C?FPCONVERT
BL51 BANKED LINKER/LOCATER V6.22                                                      04/28/2019  14:51:59  PAGE 51


  C:0449H         PUBLIC        ?C?FPCONVERT
  -------         ENDMOD        ?C?FPCONVERT

  -------         MODULE        ?C?FPNEG
  C:059BH         PUBLIC        ?C?FPNEG
  -------         ENDMOD        ?C?FPNEG

  -------         MODULE        ?C?FTNPWR
  C:05DCH         PUBLIC        ?C?FTNPWR
  -------         ENDMOD        ?C?FTNPWR

  -------         MODULE        ?C?COPY
  C:06ECH         PUBLIC        ?C?COPY
  -------         ENDMOD        ?C?COPY

  -------         MODULE        ?C?CLDPTR
  C:0712H         PUBLIC        ?C?CLDPTR
  -------         ENDMOD        ?C?CLDPTR

  -------         MODULE        ?C?CLDOPTR
  C:072BH         PUBLIC        ?C?CLDOPTR
  -------         ENDMOD        ?C?CLDOPTR

  -------         MODULE        ?C?CSTPTR
  C:0758H         PUBLIC        ?C?CSTPTR
  -------         ENDMOD        ?C?CSTPTR

  -------         MODULE        ?C?CSTOPTR
  C:076AH         PUBLIC        ?C?CSTOPTR
  -------         ENDMOD        ?C?CSTOPTR

  -------         MODULE        ?C?IMUL
  C:078CH         PUBLIC        ?C?IMUL
  -------         ENDMOD        ?C?IMUL

  -------         MODULE        ?C?ILDPTR
  C:079EH         PUBLIC        ?C?ILDPTR
  -------         ENDMOD        ?C?ILDPTR

  -------         MODULE        ?C?ILDOPTR
  C:07C9H         PUBLIC        ?C?ILDOPTR
  -------         ENDMOD        ?C?ILDOPTR

  -------         MODULE        ?C?ISTPTR
  C:0801H         PUBLIC        ?C?ISTPTR
  -------         ENDMOD        ?C?ISTPTR

  -------         MODULE        ?C?ISTOPTR
  C:0820H         PUBLIC        ?C?ISTOPTR
  -------         ENDMOD        ?C?ISTOPTR

  -------         MODULE        ?C?LNEG
  C:084DH         PUBLIC        ?C?LNEG
  -------         ENDMOD        ?C?LNEG

  -------         MODULE        ?C?LLDOPTR
  C:085BH         PUBLIC        ?C?LLDOPTR
BL51 BANKED LINKER/LOCATER V6.22                                                      04/28/2019  14:51:59  PAGE 52


  -------         ENDMOD        ?C?LLDOPTR

  -------         MODULE        ?C?LSTPTR
  C:088BH         PUBLIC        ?C?LSTPTR
  -------         ENDMOD        ?C?LSTPTR

  -------         MODULE        ?C?LSTOPTR
  C:08A5H         PUBLIC        ?C?LSTOPTR
  -------         ENDMOD        ?C?LSTOPTR

  -------         MODULE        ?C?LLDXDATA
  C:08C9H         PUBLIC        ?C?LLDXDATA
  -------         ENDMOD        ?C?LLDXDATA

  -------         MODULE        ?C?LLDCODE
  C:08D5H         PUBLIC        ?C?LLDCODE
  -------         ENDMOD        ?C?LLDCODE

  -------         MODULE        ?C?LLDXDATA0
  C:08E5H         PUBLIC        ?C?LLDXDATA0
  -------         ENDMOD        ?C?LLDXDATA0

  -------         MODULE        ?C?LLDCODE0
  C:08F1H         PUBLIC        ?C?LLDCODE0
  -------         ENDMOD        ?C?LLDCODE0

  -------         MODULE        ?C?LSTXDATA
  C:0901H         PUBLIC        ?C?LSTXDATA
  -------         ENDMOD        ?C?LSTXDATA

  -------         MODULE        ?C?LSTKXDATA
  C:090DH         PUBLIC        ?C?LSTKXDATA
  -------         ENDMOD        ?C?LSTKXDATA

  -------         MODULE        ?C?OFFXADD
  C:093EH         PUBLIC        ?C?OFFXADD
  -------         ENDMOD        ?C?OFFXADD

  -------         MODULE        ?C?PLDXDATA
  C:094AH         PUBLIC        ?C?PLDXDATA
  -------         ENDMOD        ?C?PLDXDATA

  -------         MODULE        ?C?PLDIXDATA
  C:0953H         PUBLIC        ?C?PLDIXDATA
  -------         ENDMOD        ?C?PLDIXDATA

  -------         MODULE        ?C?PILDXDATA
  C:096AH         PUBLIC        ?C?PILDXDATA
  -------         ENDMOD        ?C?PILDXDATA

  -------         MODULE        ?C?PSTXDATA
  C:0981H         PUBLIC        ?C?PSTXDATA
  -------         ENDMOD        ?C?PSTXDATA

  -------         MODULE        ?C?PLDPTR
  C:098AH         PUBLIC        ?C?PLDPTR
  -------         ENDMOD        ?C?PLDPTR
BL51 BANKED LINKER/LOCATER V6.22                                                      04/28/2019  14:51:59  PAGE 53



  -------         MODULE        ?C?PSTPTR
  C:09AAH         PUBLIC        ?C?PSTPTR
  -------         ENDMOD        ?C?PSTPTR

  -------         MODULE        ?C?PLDOPTR
  C:09F9H         PUBLIC        ?C?PLDOPTR
  -------         ENDMOD        ?C?PLDOPTR

  -------         MODULE        ?C?PSTOPTR
  C:0A29H         PUBLIC        ?C?PSTOPTR
  -------         ENDMOD        ?C?PSTOPTR

  -------         MODULE        ?C?CCASE
  C:0A82H         PUBLIC        ?C?CCASE
  -------         ENDMOD        ?C?CCASE

  -------         MODULE        ?C?ICALL
  C:0AA8H         PUBLIC        ?C?ICALL
  C:0AACH         PUBLIC        ?C?ICALL2
  -------         ENDMOD        ?C?ICALL

  -------         MODULE        PUTCHAR
  C:5FD6H         PUBLIC        _PUTCHAR
  -------         ENDMOD        PUTCHAR

  -------         MODULE        GETCHAR
  B:0022H.6       PUBLIC        ?C?CHARLOADED
  X:0312H         PUBLIC        ?_UNGETCHAR?BYTE
  C:610FH         PUBLIC        GETCHAR
  -------         ENDMOD        GETCHAR

  -------         MODULE        UNGETC
  C:0003H         PUBLIC        _UNGETCHAR
  -------         ENDMOD        UNGETC

  -------         MODULE        ISSPACE
  C:6123H         PUBLIC        _isspace
  -------         ENDMOD        ISSPACE

  -------         MODULE        ?C?STRCMP
  C:0C2CH         PUBLIC        ?C?STRCMP
  -------         ENDMOD        ?C?STRCMP

  -------         MODULE        STRLEN
  C:60E6H         PUBLIC        _STRLEN
  -------         ENDMOD        STRLEN

  -------         MODULE        ?C?MEMSET
  C:0C49H         PUBLIC        ?C?MEMSET
  -------         ENDMOD        ?C?MEMSET

  -------         MODULE        ?C?LLDIDATA
  C:0C75H         PUBLIC        ?C?LLDIDATA
  -------         ENDMOD        ?C?LLDIDATA

  -------         MODULE        ?C?LLDPDATA
BL51 BANKED LINKER/LOCATER V6.22                                                      04/28/2019  14:51:59  PAGE 54


  C:0C81H         PUBLIC        ?C?LLDPDATA
  -------         ENDMOD        ?C?LLDPDATA

  -------         MODULE        ?C?LSTIDATA
  C:0C8DH         PUBLIC        ?C?LSTIDATA
  -------         ENDMOD        ?C?LSTIDATA

  -------         MODULE        ?C?LSTPDATA
  C:0C99H         PUBLIC        ?C?LSTPDATA
  -------         ENDMOD        ?C?LSTPDATA

  -------         MODULE        ?C?PLDIDATA
  C:0CA5H         PUBLIC        ?C?PLDIDATA
  -------         ENDMOD        ?C?PLDIDATA

  -------         MODULE        ?C?PSTIDATA
  C:0CAEH         PUBLIC        ?C?PSTIDATA
  -------         ENDMOD        ?C?PSTIDATA

  -------         MODULE        ?C?PLDPDATA
  C:0CB7H         PUBLIC        ?C?PLDPDATA
  -------         ENDMOD        ?C?PLDPDATA

  -------         MODULE        ?C?PSTPDATA
  C:0CC0H         PUBLIC        ?C?PSTPDATA
  -------         ENDMOD        ?C?PSTPDATA

  -------         MODULE        ?C?PLDCODE
  C:0CC9H         PUBLIC        ?C?PLDCODE
  -------         ENDMOD        ?C?PLDCODE

  -------         MODULE        _GETKEY
  C:61B9H         PUBLIC        _GETKEY
  -------         ENDMOD        _GETKEY

*** WARNING L15: MULTIPLE CALL TO SEGMENT
    SEGMENT: ?PR?SCANF?SCANF
    CALLER1: ?C_C51STARTUP
    CALLER2: ?PR?_MOVE_TO_CMD?COMMANDS

*** WARNING L15: MULTIPLE CALL TO SEGMENT
    SEGMENT: ?PR??C?ATOF??C?ATOF
    CALLER1: ?C_C51STARTUP
    CALLER2: ?PR?_MOVE_TO_CMD?COMMANDS

*** WARNING L1: UNRESOLVED EXTERNAL SYMBOL
    SYMBOL:  _DD_OBS_DETECTION
    MODULE:  .\Objects\distance_detector.obj (DISTANCE_DETECTOR)

*** WARNING L2: REFERENCE MADE TO UNRESOLVED EXTERNAL
    SYMBOL:  _DD_OBS_DETECTION
    MODULE:  .\Objects\distance_detector.obj (DISTANCE_DETECTOR)
    ADDRESS: 3CC6H

Program Size: data=33.7 xdata=787 code=25031
LINK/LOCATE RUN COMPLETE.  4 WARNING(S),  0 ERROR(S)
