BL51 BANKED LINKER/LOCATER V6.22                                                        05/11/2019  14:41:51  PAGE 1


BL51 BANKED LINKER/LOCATER V6.22, INVOKED BY:
C:\KEIL_V5\C51\BIN\BL51.EXE .\Objects\STARTUP.obj, .\Objects\commands.obj, .\Objects\commands_parser.obj, .\Objects\main
>> .obj, .\Objects\serializer.obj, .\Objects\motion.obj, .\Objects\distance_detector.obj, .\Objects\spi_master.obj, .\Ob
>> jects\power_sensor.obj, .\Objects\adc.obj TO .\Objects\robot_V1 PRINT (.\Listings\robot_V1.m51) RAMSIZE (256) OVERLAY
>>  (* ! MOVE_TO_CMD)


MEMORY MODEL: LARGE WITH FLOATING POINT ARITHMETIC


INPUT MODULES INCLUDED:
  .\Objects\STARTUP.obj (?C_STARTUP)
  .\Objects\commands.obj (COMMANDS)
  .\Objects\commands_parser.obj (COMMANDS_PARSER)
  .\Objects\main.obj (MAIN)
  .\Objects\serializer.obj (SERIALIZER)
  .\Objects\motion.obj (MOTION)
  .\Objects\distance_detector.obj (DISTANCE_DETECTOR)
  .\Objects\spi_master.obj (SPI_MASTER)
  .\Objects\power_sensor.obj (POWER_SENSOR)
  .\Objects\adc.obj (ADC)
  C:\KEIL_V5\C51\LIB\C51FPL.LIB (?C?FPADD)
  C:\KEIL_V5\C51\LIB\C51FPL.LIB (?C?FPMUL)
  C:\KEIL_V5\C51\LIB\C51FPL.LIB (?C?FPDIV)
  C:\KEIL_V5\C51\LIB\C51FPL.LIB (?C?FPCMP)
  C:\KEIL_V5\C51\LIB\C51FPL.LIB (?C?FCAST)
  C:\KEIL_V5\C51\LIB\C51FPL.LIB (?C?CASTF)
  C:\KEIL_V5\C51\LIB\C51FPL.LIB (PRINTF)
  C:\KEIL_V5\C51\LIB\C51FPL.LIB (SCANF)
  C:\KEIL_V5\C51\LIB\C51FPL.LIB (SQRT)
  C:\KEIL_V5\C51\LIB\C51FPL.LIB (ATAN)
  C:\KEIL_V5\C51\LIB\C51FPL.LIB (?C?FPGETOPN)
  C:\KEIL_V5\C51\LIB\C51FPL.LIB (?C?FPROUND)
  C:\KEIL_V5\C51\LIB\C51FPL.LIB (?C?FPCONVERT)
  C:\KEIL_V5\C51\LIB\C51FPL.LIB (?C?ATOF)
  C:\KEIL_V5\C51\LIB\C51FPL.LIB (?C?FPSERIES)
  C:\KEIL_V5\C51\LIB\C51FPL.LIB (?C?FPNEG)
  C:\KEIL_V5\C51\LIB\C51FPL.LIB (?C?FTNPWR)
  C:\KEIL_V5\C51\LIB\C51L.LIB (?C_INIT)
  C:\KEIL_V5\C51\LIB\C51L.LIB (?C?COPY)
  C:\KEIL_V5\C51\LIB\C51L.LIB (?C?CLDPTR)
  C:\KEIL_V5\C51\LIB\C51L.LIB (?C?CLDOPTR)
  C:\KEIL_V5\C51\LIB\C51L.LIB (?C?CSTPTR)
  C:\KEIL_V5\C51\LIB\C51L.LIB (?C?CSTOPTR)
  C:\KEIL_V5\C51\LIB\C51L.LIB (?C?IMUL)
  C:\KEIL_V5\C51\LIB\C51L.LIB (?C?ILDPTR)
  C:\KEIL_V5\C51\LIB\C51L.LIB (?C?ILDOPTR)
  C:\KEIL_V5\C51\LIB\C51L.LIB (?C?ISTPTR)
  C:\KEIL_V5\C51\LIB\C51L.LIB (?C?ISTOPTR)
  C:\KEIL_V5\C51\LIB\C51L.LIB (?C?LNEG)
  C:\KEIL_V5\C51\LIB\C51L.LIB (?C?LLDOPTR)
  C:\KEIL_V5\C51\LIB\C51L.LIB (?C?LSTPTR)
  C:\KEIL_V5\C51\LIB\C51L.LIB (?C?LSTOPTR)
  C:\KEIL_V5\C51\LIB\C51L.LIB (?C?LLDXDATA)
  C:\KEIL_V5\C51\LIB\C51L.LIB (?C?LLDCODE)
  C:\KEIL_V5\C51\LIB\C51L.LIB (?C?LLDXDATA0)
  C:\KEIL_V5\C51\LIB\C51L.LIB (?C?LLDCODE0)
  C:\KEIL_V5\C51\LIB\C51L.LIB (?C?LSTXDATA)
BL51 BANKED LINKER/LOCATER V6.22                                                      05/11/2019  14:41:51  PAGE 2


  C:\KEIL_V5\C51\LIB\C51L.LIB (?C?LSTKXDATA)
  C:\KEIL_V5\C51\LIB\C51L.LIB (?C?OFFXADD)
  C:\KEIL_V5\C51\LIB\C51L.LIB (?C?PLDXDATA)
  C:\KEIL_V5\C51\LIB\C51L.LIB (?C?PLDIXDATA)
  C:\KEIL_V5\C51\LIB\C51L.LIB (?C?PILDXDATA)
  C:\KEIL_V5\C51\LIB\C51L.LIB (?C?PSTXDATA)
  C:\KEIL_V5\C51\LIB\C51L.LIB (?C?PLDPTR)
  C:\KEIL_V5\C51\LIB\C51L.LIB (?C?PSTPTR)
  C:\KEIL_V5\C51\LIB\C51L.LIB (?C?PLDOPTR)
  C:\KEIL_V5\C51\LIB\C51L.LIB (?C?PSTOPTR)
  C:\KEIL_V5\C51\LIB\C51L.LIB (?C?CCASE)
  C:\KEIL_V5\C51\LIB\C51L.LIB (?C?ICALL)
  C:\KEIL_V5\C51\LIB\C51L.LIB (PUTCHAR)
  C:\KEIL_V5\C51\LIB\C51L.LIB (GETCHAR)
  C:\KEIL_V5\C51\LIB\C51L.LIB (UNGETC)
  C:\KEIL_V5\C51\LIB\C51L.LIB (ISSPACE)
  C:\KEIL_V5\C51\LIB\C51L.LIB (?C?STRCMP)
  C:\KEIL_V5\C51\LIB\C51L.LIB (STRLEN)
  C:\KEIL_V5\C51\LIB\C51L.LIB (?C?MEMSET)
  C:\KEIL_V5\C51\LIB\C51L.LIB (?C?LLDIDATA)
  C:\KEIL_V5\C51\LIB\C51L.LIB (?C?LLDPDATA)
  C:\KEIL_V5\C51\LIB\C51L.LIB (?C?LSTIDATA)
  C:\KEIL_V5\C51\LIB\C51L.LIB (?C?LSTPDATA)
  C:\KEIL_V5\C51\LIB\C51L.LIB (?C?PLDIDATA)
  C:\KEIL_V5\C51\LIB\C51L.LIB (?C?PSTIDATA)
  C:\KEIL_V5\C51\LIB\C51L.LIB (?C?PLDPDATA)
  C:\KEIL_V5\C51\LIB\C51L.LIB (?C?PSTPDATA)
  C:\KEIL_V5\C51\LIB\C51L.LIB (?C?PLDCODE)
  C:\KEIL_V5\C51\LIB\C51L.LIB (_GETKEY)


LINK MAP OF MODULE:  .\Objects\robot_V1 (?C_STARTUP)


            TYPE    BASE      LENGTH    RELOCATION   SEGMENT NAME
            -----------------------------------------------------

            * * * * * * *   D A T A   M E M O R Y   * * * * * * *
            REG     0000H     0008H     ABSOLUTE     "REG BANK 0"
            DATA    0008H     0016H     UNIT         _DATA_GROUP_
                    001EH     0002H                  *** GAP ***
            BIT     0020H.0   0002H.6   UNIT         _BIT_GROUP_
            BIT     0022H.6   0000H.1   UNIT         ?BI?GETCHAR
                    0022H.7   0000H.1                *** GAP ***
            IDATA   0023H     0001H     UNIT         ?STACK

            * * * * * * *  X D A T A   M E M O R Y  * * * * * * *
            XDATA   0000H     014BH     UNIT         _XDATA_GROUP_
            XDATA   014BH     012CH     UNIT         ?XD?COMMANDS_PARSER
            XDATA   0277H     006EH     UNIT         ?XD?SERIALIZER
            XDATA   02E5H     0059H     UNIT         ?XD?MAIN
            XDATA   033EH     0037H     UNIT         ?XD?DISTANCE_DETECTOR
            XDATA   0375H     000CH     UNIT         ?XD?POWER_SENSOR
            XDATA   0381H     000BH     UNIT         ?XD?SPI_MASTER
            XDATA   038CH     0003H     UNIT         ?XD?_ENERGY_MEASURE?COMMANDS
            XDATA   038FH     0003H     UNIT         ?XD?_SEND_MI_RESULT?COMMANDS_PARSER
            XDATA   0392H     0003H     UNIT         ?XD?_SEND_ME_RESULT?COMMANDS_PARSER
BL51 BANKED LINKER/LOCATER V6.22                                                      05/11/2019  14:41:51  PAGE 3


            XDATA   0395H     0001H     UNIT         ?XD?GETCHAR

            * * * * * * *   C O D E   M E M O R Y   * * * * * * *
            CODE    0000H     0003H     ABSOLUTE     
            CODE    0003H     0008H     UNIT         ?PR?GETCHAR?UNGETCHAR
            CODE    000BH     0003H     ABSOLUTE     
            CODE    000EH     000DH     UNIT         ?PR?PS_INIT_TIMER1?POWER_SENSOR
            CODE    001BH     0003H     ABSOLUTE     
            CODE    001EH     0015H     UNIT         ?PR?_SERIALIZER_SEND?SERIALIZER
            CODE    0033H     0003H     ABSOLUTE     
            CODE    0036H     0C9FH     UNIT         ?C?LIB_CODE
            CODE    0CD5H     052AH     UNIT         ?PR?_DELTA_ANGLE?MOTION
            CODE    11FFH     04B1H     UNIT         ?PR?_GENERATE_SOUND_CMD?COMMANDS
            CODE    16B0H     04ADH     UNIT         ?PR?_LIGHT_BEAM_ON_CMD?COMMANDS
            CODE    1B5DH     0483H     UNIT         ?PR?PRINTF?PRINTF
            CODE    1FE0H     035AH     UNIT         ?PR?SCANF?SCANF
            CODE    233AH     0339H     UNIT         ?PR?_MOVE_TO_CMD?COMMANDS
            CODE    2673H     0330H     UNIT         ?PR?_SPI_PROCESS?SPI_MASTER
            CODE    29A3H     032FH     UNIT         ?PR?_ANGLE_CALIBRATION_PROCESS?SERIALIZER
            CODE    2CD2H     0319H     UNIT         ?PR?_IDLE_NEXT_STATE?SERIALIZER
            CODE    2FEBH     0305H     UNIT         ?PR?_PHOTO_CMD?COMMANDS
            CODE    32F0H     02A7H     UNIT         ?PR?_SERIALIZER_PROCESS?SERIALIZER
            CODE    3597H     0271H     UNIT         ?PR?_SEND_INFORMATIONS?COMMANDS_PARSER
            CODE    3808H     0254H     UNIT         ?PR?_SEND_KOB_MOU?COMMANDS_PARSER
            CODE    3A5CH     0247H     UNIT         ?PR?_PARSE?COMMANDS_PARSER
            CODE    3CA3H     0212H     UNIT         ?PR?_AUX_CMD?COMMANDS
            CODE    3EB5H     0202H     UNIT         ?C_INITSEG
            CODE    40B7H     01F8H     UNIT         ?PR?_DD_SINGLE_MEASURE?DISTANCE_DETECTOR
            CODE    42AFH     01A8H     UNIT         ?PR?_SERVO_MOVE_CMD?COMMANDS
            CODE    4457H     017CH     UNIT         ?PR?_ANGLE_ROTATION_CMD?COMMANDS
            CODE    45D3H     0167H     UNIT         ?PR?_NAVIGATE?SERIALIZER
            CODE    473AH     0154H     UNIT         ?PR?_MOVE_FORWARD_CMD?COMMANDS
            CODE    488EH     0154H     UNIT         ?PR?_MOVE_BACKWARD_CMD?COMMANDS
            CODE    49E2H     014DH     UNIT         ?PR?MAIN?MAIN
            CODE    4B2FH     013AH     UNIT         ?PR?_COMPLETE_ROTATION_CMD?COMMANDS
            CODE    4C69H     0122H     UNIT         ?PR?ATAN?ATAN
            CODE    4D8BH     0106H     UNIT         ?PR?_EPREUVE_CMD?COMMANDS
            CODE    4E91H     0100H     UNIT         ?PR?TIMER_0_INT?DISTANCE_DETECTOR
            CODE    4F91H     00FEH     UNIT         ?PR?_MOVETO?SERIALIZER
            CODE    508FH     00E6H     UNIT         ?PR??C?ATOF??C?ATOF
            CODE    5175H     00D3H     UNIT         ?PR?_POWER_SENSOR_PROCESS?POWER_SENSOR
            CODE    5248H     00D0H     UNIT         ?PR?_SET_DEFAULT_SPEED_CMD?COMMANDS
            CODE    5318H     00D0H     UNIT         ?PR?_SPI_TRANSMIT?SPI_MASTER
            CODE    53E8H     00CAH     UNIT         ?PR?_SPI_CMD_LIGHT_ON?SPI_MASTER
            CODE    54B2H     00CAH     UNIT         ?PR?_SPI_CMD_GENERATE_SOUND?SPI_MASTER
            CODE    557CH     00C5H     UNIT         ?CO?SERIALIZER
            CODE    5641H     00B8H     UNIT         ?CO?COMMANDS_PARSER
            CODE    56F9H     00B5H     UNIT         ?PR?_SPI_CMD_PHOTO_ON?SPI_MASTER
            CODE    57AEH     00B1H     UNIT         ?PR?IS_PID_PROCESSING?SERIALIZER
            CODE    585FH     00ACH     UNIT         ?PR?SQRT?SQRT
            CODE    590BH     00A9H     UNIT         ?PR?_SPI_CMD_SERVO?SPI_MASTER
            CODE    59B4H     00A6H     UNIT         ?PR?_TRANSLATE?SERIALIZER
            CODE    5A5AH     00A4H     UNIT         ?PR?_MOVEANGLE?SERIALIZER
            CODE    5AFEH     009EH     UNIT         ?PR?_DD_IDLE?DISTANCE_DETECTOR
            CODE    5B9CH     009CH     UNIT         ?PR?_WAIT?COMMANDS_PARSER
            CODE    5C38H     0096H     UNIT         ?PR?_ANGLE_TARGET?MOTION
            CODE    5CCEH     0092H     UNIT         ?PR?_DD_MOVE_SERVO_H?DISTANCE_DETECTOR
BL51 BANKED LINKER/LOCATER V6.22                                                      05/11/2019  14:41:51  PAGE 4


            CODE    5D60H     008CH     UNIT         ?C_C51STARTUP
            CODE    5DECH     0080H     UNIT         ?CO?MAIN
            CODE    5E6CH     0076H     UNIT         ?PR?_SPI_CMD_LIGHT_OFF?SPI_MASTER
            CODE    5EE2H     0076H     UNIT         ?PR?_SPI_CMD_PHOTO_OFF?SPI_MASTER
            CODE    5F58H     0075H     UNIT         ?PR?_DD_SLEW_DETECTION?DISTANCE_DETECTOR
            CODE    5FCDH     0075H     UNIT         ?PR?SPI_VALIDATE?SPI_MASTER
            CODE    6042H     0074H     UNIT         ?PR?TIMER_1_INT?POWER_SENSOR
            CODE    60B6H     006CH     UNIT         ?PR?_ROTATE?SERIALIZER
            CODE    6122H     0063H     UNIT         ?PR?_SETMOTORS?SERIALIZER
            CODE    6185H     0062H     UNIT         ?CO?COMMANDS
            CODE    61E7H     005BH     UNIT         ?PR?_CMD_PARSER_PROCESS?COMMANDS_PARSER
            CODE    6242H     005BH     UNIT         ?PR?_SERIALIZER_PRINT?SERIALIZER
            CODE    629DH     005AH     UNIT         ?PR?_SEND_MI_RESULT?COMMANDS_PARSER
            CODE    62F7H     005AH     UNIT         ?PR?_SEND_ME_RESULT?COMMANDS_PARSER
            CODE    6351H     005AH     UNIT         ?PR?__PRINT?SERIALIZER
            CODE    63ABH     0056H     UNIT         ?PR?_USART_PRINT?COMMANDS_PARSER
            CODE    6401H     0055H     UNIT         ?PR?_INIT_PARSER?COMMANDS_PARSER
            CODE    6456H     0055H     UNIT         ?PR?DD_MESURE?DISTANCE_DETECTOR
            CODE    64ABH     0050H     UNIT         ?PR?DD_START_CONVERSION?DISTANCE_DETECTOR
            CODE    64FBH     0048H     UNIT         ?PR?_MOVE_STOP_CMD?COMMANDS
            CODE    6543H     0048H     UNIT         ?PR?_RIGTH_ROTATION_CMD?COMMANDS
            CODE    658BH     0048H     UNIT         ?PR?_LEFT_ROTATION_CMD?COMMANDS
            CODE    65D3H     0048H     UNIT         ?PR?_CURRENT_MEASURE?COMMANDS
            CODE    661BH     0048H     UNIT         ?PR?_ENERGY_MEASURE?COMMANDS
            CODE    6663H     0048H     UNIT         ?PR?_DETECTE_OBSTACLE?COMMANDS
            CODE    66ABH     0048H     UNIT         ?PR?_LIGHT_BEAM_OFF_CMD?COMMANDS
            CODE    66F3H     0048H     UNIT         ?PR?_PHOTO_OFF_CMD?COMMANDS
            CODE    673BH     0045H     UNIT         ?PR?_SAFETY_BREAK_CMD?COMMANDS
            CODE    6780H     0045H     UNIT         ?PR?_DISTANCE_DETECTOR_PROCESS?DISTANCE_DETECTOR
            CODE    67C5H     0043H     UNIT         ?PR?_GET_COMMAND?COMMANDS_PARSER
            CODE    6808H     0043H     UNIT         ?PR?SHUNT_MEASURE?POWER_SENSOR
            CODE    684BH     003AH     UNIT         ?PR?_DISTANCE?MOTION
            CODE    6885H     0039H     UNIT         ?PR?CLEAR_VAL_OBS_BUFFER?DISTANCE_DETECTOR
            CODE    68BEH     0035H     UNIT         ?PR?_SERIALIZER_RECEIVE?SERIALIZER
            CODE    68F3H     0032H     UNIT         ?PR?_USART_RECEIVE?COMMANDS_PARSER
            CODE    6925H     0032H     UNIT         ?PR?SPI_INT?SPI_MASTER
            CODE    6957H     002EH     UNIT         ?PR?_STOP?SERIALIZER
            CODE    6985H     0027H     UNIT         ?PR?_DEFAULT_PROCESS?COMMANDS
            CODE    69ACH     0027H     UNIT         ?PR?PUTCHAR?PUTCHAR
            CODE    69D3H     0026H     UNIT         ?PR?_EPREUVE_STOP?COMMANDS
            CODE    69F9H     0022H     UNIT         ?PR?_IDLE?SERIALIZER
            CODE    6A1BH     0022H     UNIT         ?PR?_CHOOSE_ADC_INPUT?ADC
            CODE    6A3DH     001FH     UNIT         ?PR?SPI_ERROR?SPI_MASTER
            CODE    6A5CH     001DH     UNIT         ?PR?READ_ADC0?ADC
            CODE    6A79H     001BH     UNIT         ?PR?INIT_SPI?SPI_MASTER
            CODE    6A94H     0019H     UNIT         ?PR?_DD_SET_ANGLE?DISTANCE_DETECTOR
            CODE    6AADH     0018H     UNIT         ?PR?SERIALIZER_INIT_SERIAL?SERIALIZER
            CODE    6AC5H     0018H     UNIT         ?PR?SERIALIZER_CLEAR_SERIAL?SERIALIZER
            CODE    6ADDH     0016H     UNIT         ?PR?INIT_ADC0?ADC
            CODE    6AF3H     0015H     UNIT         ?PR?_STRLEN?STRLEN
            CODE    6B08H     0014H     UNIT         ?PR?_SPI_SEND_CHAR?SPI_MASTER
            CODE    6B1CH     0014H     UNIT         ?PR?GETCHAR?GETCHAR
            CODE    6B30H     0014H     UNIT         ?PR?_ISSPACE?ISSPACE
            CODE    6B44H     0012H     UNIT         ?PR?_USART_SEND?COMMANDS_PARSER
            CODE    6B56H     0012H     UNIT         ?PR?INIT_SERIALIZER_UART1?SERIALIZER
            CODE    6B68H     0012H     UNIT         ?PR?_UART_SEND?SERIALIZER
            CODE    6B7AH     0010H     UNIT         ?PR?VALID_CMD_FLAG?COMMANDS_PARSER
BL51 BANKED LINKER/LOCATER V6.22                                                      05/11/2019  14:41:51  PAGE 5


            CODE    6B8AH     0010H     UNIT         ?PR?ERROR_CMD_FLAG?COMMANDS_PARSER
            CODE    6B9AH     000FH     UNIT         ?PR?INIT_EXTERNAL_CLK?MAIN
            CODE    6BA9H     000FH     UNIT         ?PR?DD_INIT_TIMER0?DISTANCE_DETECTOR
            CODE    6BB8H     000BH     UNIT         ?PR?INIT_DISTANCE_DETECTOR?DISTANCE_DETECTOR
            CODE    6BC3H     000AH     UNIT         ?PR?_GETKEY?_GETKEY
            CODE    6BCDH     0006H     UNIT         ?PR?INIT_POWER_SENSOR?POWER_SENSOR
            CODE    6BD3H     0005H     UNIT         ?PR?_READ_ADC0?ADC
            CODE    6BD8H     0004H     UNIT         ?PR?ENABLE_CROSSBAR?MAIN
            CODE    6BDCH     0003H     UNIT         ?PR?ENABLE_GENERAL_INT?MAIN



OVERLAY MAP OF MODULE:   .\Objects\robot_V1 (?C_STARTUP)


SEGMENT                                             BIT_GROUP          DATA_GROUP          XDATA_GROUP
  +--> CALLED SEGMENT                            START    LENGTH     START    LENGTH     START    LENGTH
--------------------------------------------------------------------------------------------------------
?C_C51STARTUP                                    -----    -----      -----    -----      -----    -----
  +--> ?PR?MAIN?MAIN
  +--> ?C_INITSEG

?PR?MAIN?MAIN                                    -----    -----      -----    -----      0000H    0012H
  +--> ?PR?INIT_EXTERNAL_CLK?MAIN
  +--> ?PR?_INIT_PARSER?COMMANDS_PARSER
  +--> ?PR?INIT_SERIALIZER_UART1?SERIALIZER
  +--> ?PR?INIT_ADC0?ADC
  +--> ?PR?INIT_POWER_SENSOR?POWER_SENSOR
  +--> ?PR?INIT_DISTANCE_DETECTOR?DISTANCE_D...
  +--> ?PR?INIT_SPI?SPI_MASTER
  +--> ?PR?ENABLE_CROSSBAR?MAIN
  +--> ?PR?ENABLE_GENERAL_INT?MAIN
  +--> ?CO?MAIN
  +--> ?PR?_USART_PRINT?COMMANDS_PARSER
  +--> ?PR?SERIALIZER_INIT_SERIAL?SERIALIZER
  +--> ?PR?_CMD_PARSER_PROCESS?COMMANDS_PARSER
  +--> ?PR?_SERIALIZER_PROCESS?SERIALIZER
  +--> ?PR?_DISTANCE_DETECTOR_PROCESS?DISTAN...
  +--> ?PR?_SPI_PROCESS?SPI_MASTER
  +--> ?PR?_POWER_SENSOR_PROCESS?POWER_SENSOR
  +--> ?PR?_ANGLE_CALIBRATION_PROCESS?SERIAL...

?PR?_INIT_PARSER?COMMANDS_PARSER                 -----    -----      -----    -----      0012H    0003H

?PR?INIT_POWER_SENSOR?POWER_SENSOR               -----    -----      -----    -----      -----    -----
  +--> ?PR?PS_INIT_TIMER1?POWER_SENSOR

?PR?INIT_DISTANCE_DETECTOR?DISTANCE_D...         -----    -----      -----    -----      -----    -----
  +--> ?PR?DD_INIT_TIMER0?DISTANCE_DETECTOR

?PR?_USART_PRINT?COMMANDS_PARSER                 -----    -----      -----    -----      00F1H    0004H
  +--> ?PR?_STRLEN?STRLEN
  +--> ?PR?_USART_SEND?COMMANDS_PARSER

?PR?_USART_SEND?COMMANDS_PARSER                  -----    -----      -----    -----      00F5H    0001H

?PR?SERIALIZER_INIT_SERIAL?SERIALIZER            -----    -----      -----    -----      0012H    0001H
BL51 BANKED LINKER/LOCATER V6.22                                                      05/11/2019  14:41:51  PAGE 6


  +--> ?PR?_SERIALIZER_RECEIVE?SERIALIZER

?PR?_SERIALIZER_RECEIVE?SERIALIZER               -----    -----      -----    -----      004DH    0003H

?PR?_CMD_PARSER_PROCESS?COMMANDS_PARSER          -----    -----      -----    -----      0012H    0003H
  +--> ?PR?_WAIT?COMMANDS_PARSER
  +--> ?PR?_GET_COMMAND?COMMANDS_PARSER
  +--> ?PR?_SEND_INFORMATIONS?COMMANDS_PARSER

?PR?_WAIT?COMMANDS_PARSER                        -----    -----      -----    -----      0015H    0004H
  +--> ?PR?_USART_RECEIVE?COMMANDS_PARSER
  +--> ?PR?_USART_SEND?COMMANDS_PARSER

?PR?_USART_RECEIVE?COMMANDS_PARSER               -----    -----      -----    -----      0019H    0003H

?PR?_GET_COMMAND?COMMANDS_PARSER                 -----    -----      -----    -----      0015H    0003H
  +--> ?PR?_PARSE?COMMANDS_PARSER
  +--> ?PR?ERROR_CMD_FLAG?COMMANDS_PARSER
  +--> ?PR?VALID_CMD_FLAG?COMMANDS_PARSER
  +--> ?PR?_STRLEN?STRLEN

?PR?_PARSE?COMMANDS_PARSER                       -----    -----      -----    -----      0018H    00D9H
  +--> ?CO?COMMANDS_PARSER
  +--> ?PR?_USART_PRINT?COMMANDS_PARSER

?PR?ERROR_CMD_FLAG?COMMANDS_PARSER               -----    -----      -----    -----      -----    -----
  +--> ?PR?_USART_SEND?COMMANDS_PARSER

?PR?VALID_CMD_FLAG?COMMANDS_PARSER               -----    -----      -----    -----      -----    -----
  +--> ?PR?_USART_SEND?COMMANDS_PARSER

?PR?_SEND_INFORMATIONS?COMMANDS_PARSER           -----    -----      -----    -----      0015H    0003H
  +--> ?CO?COMMANDS_PARSER
  +--> ?PR?_SEND_KOB_MOU?COMMANDS_PARSER
  +--> ?PR?_USART_PRINT?COMMANDS_PARSER

?PR?_SEND_KOB_MOU?COMMANDS_PARSER                -----    -----      -----    -----      0018H    000BH
  +--> ?CO?COMMANDS_PARSER
  +--> ?PR?PRINTF?PRINTF

?PR?PRINTF?PRINTF                                0020H.0  0001H.1    0008H    0005H      003BH    0030H
  +--> ?PR?PUTCHAR?PUTCHAR

?PR?_SERIALIZER_PROCESS?SERIALIZER               -----    -----      -----    -----      0012H    0008H
  +--> ?CO?SERIALIZER
  +--> ?PR?_IDLE_NEXT_STATE?SERIALIZER

?PR?_IDLE_NEXT_STATE?SERIALIZER                  -----    -----      -----    -----      001AH    0006H

?PR?_DISTANCE_DETECTOR_PROCESS?DISTAN...         -----    -----      -----    -----      0012H    0003H

?PR?_SPI_PROCESS?SPI_MASTER                      -----    -----      -----    -----      0012H    0006H
  +--> ?PR?_SPI_CMD_GENERATE_SOUND?SPI_MASTER
  +--> ?PR?_SPI_CMD_LIGHT_ON?SPI_MASTER
  +--> ?PR?_SPI_CMD_LIGHT_OFF?SPI_MASTER
  +--> ?PR?_SPI_CMD_SERVO?SPI_MASTER
  +--> ?PR?_SPI_CMD_PHOTO_ON?SPI_MASTER
BL51 BANKED LINKER/LOCATER V6.22                                                      05/11/2019  14:41:51  PAGE 7


  +--> ?PR?_SPI_CMD_PHOTO_OFF?SPI_MASTER
  +--> ?PR?_SPI_TRANSMIT?SPI_MASTER

?PR?_SPI_CMD_GENERATE_SOUND?SPI_MASTER           -----    -----      -----    -----      0018H    0006H

?PR?_SPI_CMD_LIGHT_ON?SPI_MASTER                 -----    -----      -----    -----      0018H    0006H

?PR?_SPI_CMD_LIGHT_OFF?SPI_MASTER                -----    -----      -----    -----      0018H    0006H

?PR?_SPI_CMD_SERVO?SPI_MASTER                    -----    -----      -----    -----      0018H    0006H

?PR?_SPI_CMD_PHOTO_ON?SPI_MASTER                 -----    -----      -----    -----      0018H    0006H

?PR?_SPI_CMD_PHOTO_OFF?SPI_MASTER                -----    -----      -----    -----      0018H    0006H

?PR?_SPI_TRANSMIT?SPI_MASTER                     -----    -----      -----    -----      0018H    0005H
  +--> ?PR?_SPI_SEND_CHAR?SPI_MASTER
  +--> ?PR?SPI_VALIDATE?SPI_MASTER
  +--> ?PR?SPI_ERROR?SPI_MASTER

?PR?_SPI_SEND_CHAR?SPI_MASTER                    -----    -----      -----    -----      001DH    0001H

?PR?SPI_VALIDATE?SPI_MASTER                      -----    -----      -----    -----      001DH    0004H

?PR?_POWER_SENSOR_PROCESS?POWER_SENSOR           -----    -----      -----    -----      0012H    0006H

?PR?_ANGLE_CALIBRATION_PROCESS?SERIAL...         -----    -----      -----    -----      0012H    0029H
  +--> ?CO?SERIALIZER
  +--> ?PR?PRINTF?PRINTF
  +--> ?PR?__PRINT?SERIALIZER

?PR?__PRINT?SERIALIZER                           -----    -----      -----    -----      003BH    0004H
  +--> ?PR?_STRLEN?STRLEN

?C_INITSEG                                       -----    -----      -----    -----      -----    -----
  +--> ?CO?COMMANDS_PARSER
  +--> ?PR?_EPREUVE_CMD?COMMANDS
  +--> ?PR?_EPREUVE_STOP?COMMANDS
  +--> ?PR?_SAFETY_BREAK_CMD?COMMANDS
  +--> ?PR?_SET_DEFAULT_SPEED_CMD?COMMANDS
  +--> ?PR?_MOVE_FORWARD_CMD?COMMANDS
  +--> ?PR?_MOVE_BACKWARD_CMD?COMMANDS
  +--> ?PR?_MOVE_STOP_CMD?COMMANDS
  +--> ?PR?_RIGTH_ROTATION_CMD?COMMANDS
  +--> ?PR?_LEFT_ROTATION_CMD?COMMANDS
  +--> ?PR?_COMPLETE_ROTATION_CMD?COMMANDS
  +--> ?PR?_ANGLE_ROTATION_CMD?COMMANDS
  +--> ?PR?_DEFAULT_PROCESS?COMMANDS
  +--> ?PR?_CURRENT_MEASURE?COMMANDS
  +--> ?PR?_DETECTE_OBSTACLE?COMMANDS
  +--> ?PR?_GENERATE_SOUND_CMD?COMMANDS
  +--> ?PR?_LIGHT_BEAM_ON_CMD?COMMANDS
  +--> ?PR?_LIGHT_BEAM_OFF_CMD?COMMANDS
  +--> ?PR?_SERVO_MOVE_CMD?COMMANDS
  +--> ?PR?_PHOTO_CMD?COMMANDS
  +--> ?PR?_PHOTO_OFF_CMD?COMMANDS
  +--> ?PR?_AUX_CMD?COMMANDS
BL51 BANKED LINKER/LOCATER V6.22                                                      05/11/2019  14:41:51  PAGE 8


  +--> ?PR?_WAIT?COMMANDS_PARSER
  +--> ?PR?_GET_COMMAND?COMMANDS_PARSER
  +--> ?CO?MAIN
  +--> ?PR?_IDLE?SERIALIZER
  +--> ?PR?_TRANSLATE?SERIALIZER
  +--> ?PR?_MOVETO?SERIALIZER
  +--> ?PR?_ROTATE?SERIALIZER
  +--> ?PR?_NAVIGATE?SERIALIZER
  +--> ?PR?_STOP?SERIALIZER
  +--> ?PR?_DD_IDLE?DISTANCE_DETECTOR
  +--> ?PR?_DD_MOVE_SERVO_H?DISTANCE_DETECTOR
  +--> ?PR?_DD_SINGLE_MEASURE?DISTANCE_DETECTOR
  +--> ?PR?_DD_SLEW_DETECTION?DISTANCE_DETECTOR

?PR?_EPREUVE_CMD?COMMANDS                        -----    -----      -----    -----      0000H    0005H
  +--> ?CO?COMMANDS
  +--> ?PR?SCANF?SCANF

?PR?SCANF?SCANF                                  0021H.3  0000H.6    0013H    0009H      0114H    002EH
  +--> ?PR?GETCHAR?UNGETCHAR
  +--> ?PR?_ISSPACE?ISSPACE
  +--> ?PR?GETCHAR?GETCHAR
  +--> ?PR??C?ATOF??C?ATOF

?PR?GETCHAR?GETCHAR                              -----    -----      -----    -----      -----    -----
  +--> ?PR?_GETKEY?_GETKEY
  +--> ?PR?PUTCHAR?PUTCHAR

?PR??C?ATOF??C?ATOF                              0022H.1  0000H.5    001CH    0002H      -----    -----

?PR?_EPREUVE_STOP?COMMANDS                       -----    -----      -----    -----      0000H    0003H

?PR?_SAFETY_BREAK_CMD?COMMANDS                   -----    -----      -----    -----      0000H    0003H

?PR?_SET_DEFAULT_SPEED_CMD?COMMANDS              -----    -----      -----    -----      0000H    0005H
  +--> ?CO?COMMANDS
  +--> ?PR?SCANF?SCANF

?PR?_MOVE_FORWARD_CMD?COMMANDS                   -----    -----      -----    -----      0000H    0005H
  +--> ?CO?COMMANDS
  +--> ?PR?SCANF?SCANF

?PR?_MOVE_BACKWARD_CMD?COMMANDS                  -----    -----      -----    -----      0000H    0005H
  +--> ?CO?COMMANDS
  +--> ?PR?SCANF?SCANF

?PR?_MOVE_STOP_CMD?COMMANDS                      -----    -----      -----    -----      0000H    0003H

?PR?_RIGTH_ROTATION_CMD?COMMANDS                 -----    -----      -----    -----      0000H    0003H

?PR?_LEFT_ROTATION_CMD?COMMANDS                  -----    -----      -----    -----      0000H    0003H

?PR?_COMPLETE_ROTATION_CMD?COMMANDS              -----    -----      -----    -----      0000H    0003H
  +--> ?CO?COMMANDS

?PR?_ANGLE_ROTATION_CMD?COMMANDS                 -----    -----      -----    -----      0000H    0005H
  +--> ?CO?COMMANDS
BL51 BANKED LINKER/LOCATER V6.22                                                      05/11/2019  14:41:51  PAGE 9


  +--> ?PR?SCANF?SCANF

?PR?_DEFAULT_PROCESS?COMMANDS                    -----    -----      -----    -----      0000H    0003H

?PR?_CURRENT_MEASURE?COMMANDS                    -----    -----      -----    -----      0000H    0003H

?PR?_DETECTE_OBSTACLE?COMMANDS                   -----    -----      -----    -----      0000H    0003H

?PR?_GENERATE_SOUND_CMD?COMMANDS                 -----    -----      -----    -----      0000H    0025H
  +--> ?CO?COMMANDS
  +--> ?PR?SCANF?SCANF

?PR?_LIGHT_BEAM_ON_CMD?COMMANDS                  -----    -----      -----    -----      0000H    0025H
  +--> ?CO?COMMANDS
  +--> ?PR?SCANF?SCANF

?PR?_LIGHT_BEAM_OFF_CMD?COMMANDS                 -----    -----      -----    -----      0000H    0003H

?PR?_SERVO_MOVE_CMD?COMMANDS                     -----    -----      -----    -----      0000H    0005H
  +--> ?CO?COMMANDS
  +--> ?PR?SCANF?SCANF

?PR?_PHOTO_CMD?COMMANDS                          -----    -----      -----    -----      0000H    001EH
  +--> ?CO?COMMANDS
  +--> ?PR?SCANF?SCANF

?PR?_PHOTO_OFF_CMD?COMMANDS                      -----    -----      -----    -----      0000H    0003H

?PR?_AUX_CMD?COMMANDS                            -----    -----      -----    -----      0000H    0014H
  +--> ?CO?COMMANDS
  +--> ?PR?SCANF?SCANF

?PR?_IDLE?SERIALIZER                             -----    -----      -----    -----      0000H    0003H

?PR?_TRANSLATE?SERIALIZER                        -----    -----      -----    -----      0000H    0004H
  +--> ?PR?_SETMOTORS?SERIALIZER

?PR?_SETMOTORS?SERIALIZER                        -----    -----      -----    -----      0004H    0018H
  +--> ?CO?SERIALIZER
  +--> ?PR?PRINTF?PRINTF
  +--> ?PR?_SERIALIZER_PRINT?SERIALIZER
  +--> ?PR?SERIALIZER_CLEAR_SERIAL?SERIALIZER

?PR?_SERIALIZER_PRINT?SERIALIZER                 -----    -----      -----    -----      004DH    0004H
  +--> ?PR?_STRLEN?STRLEN
  +--> ?PR?_SERIALIZER_SEND?SERIALIZER

?PR?_SERIALIZER_SEND?SERIALIZER                  -----    -----      -----    -----      0051H    0001H

?PR?SERIALIZER_CLEAR_SERIAL?SERIALIZER           -----    -----      -----    -----      003AH    0001H
  +--> ?PR?_SERIALIZER_RECEIVE?SERIALIZER

?PR?_MOVETO?SERIALIZER                           -----    -----      -----    -----      0008H    002DH
  +--> ?PR?_DISTANCE?MOTION
  +--> ?CO?SERIALIZER
  +--> ?PR?PRINTF?PRINTF
  +--> ?PR?_SERIALIZER_PRINT?SERIALIZER
BL51 BANKED LINKER/LOCATER V6.22                                                      05/11/2019  14:41:51  PAGE 10


  +--> ?PR?SERIALIZER_CLEAR_SERIAL?SERIALIZER
  +--> ?PR?IS_PID_PROCESSING?SERIALIZER

?PR?_DISTANCE?MOTION                             -----    -----      -----    -----      0035H    0002H
  +--> ?PR?SQRT?SQRT

?PR?SQRT?SQRT                                    -----    -----      -----    -----      0037H    0004H

?PR?IS_PID_PROCESSING?SERIALIZER                 -----    -----      -----    -----      0035H    0018H
  +--> ?CO?SERIALIZER
  +--> ?PR?_SERIALIZER_PRINT?SERIALIZER
  +--> ?PR?_SERIALIZER_RECEIVE?SERIALIZER
  +--> ?PR?_UART_SEND?SERIALIZER
  +--> ?PR?SCANF?SCANF

?PR?_UART_SEND?SERIALIZER                        -----    -----      -----    -----      004DH    0001H

?PR?_ROTATE?SERIALIZER                           -----    -----      -----    -----      0008H    0004H
  +--> ?PR?_MOVEANGLE?SERIALIZER
  +--> ?PR?IS_PID_PROCESSING?SERIALIZER

?PR?_MOVEANGLE?SERIALIZER                        -----    -----      -----    -----      000CH    002EH
  +--> ?CO?SERIALIZER
  +--> ?PR?PRINTF?PRINTF
  +--> ?PR?_SERIALIZER_PRINT?SERIALIZER
  +--> ?PR?SERIALIZER_CLEAR_SERIAL?SERIALIZER

?PR?_NAVIGATE?SERIALIZER                         -----    -----      -----    -----      0000H    0008H
  +--> ?CO?SERIALIZER
  +--> ?PR?_ANGLE_TARGET?MOTION
  +--> ?PR?_DELTA_ANGLE?MOTION
  +--> ?PR?_ROTATE?SERIALIZER
  +--> ?PR?_MOVETO?SERIALIZER

?PR?_ANGLE_TARGET?MOTION                         -----    -----      -----    -----      0008H    0008H
  +--> ?PR?ATAN?ATAN

?PR?ATAN?ATAN                                    0020H.0  0000H.2    -----    -----      0010H    0004H

?PR?_DELTA_ANGLE?MOTION                          -----    -----      -----    -----      0008H    0008H

?PR?_STOP?SERIALIZER                             -----    -----      -----    -----      0000H    0003H
  +--> ?CO?SERIALIZER
  +--> ?PR?_SERIALIZER_PRINT?SERIALIZER
  +--> ?PR?SERIALIZER_CLEAR_SERIAL?SERIALIZER

?PR?_DD_IDLE?DISTANCE_DETECTOR                   -----    -----      -----    -----      0000H    0003H

?PR?_DD_MOVE_SERVO_H?DISTANCE_DETECTOR           -----    -----      -----    -----      0000H    0003H
  +--> ?PR?_DD_SET_ANGLE?DISTANCE_DETECTOR

?PR?_DD_SET_ANGLE?DISTANCE_DETECTOR              -----    -----      -----    -----      0003H    0002H

?PR?_DD_SINGLE_MEASURE?DISTANCE_DETECTOR         -----    -----      -----    -----      0000H    0003H
  +--> ?PR?CLEAR_VAL_OBS_BUFFER?DISTANCE_DET...
  +--> ?PR?_CHOOSE_ADC_INPUT?ADC
  +--> ?PR?DD_START_CONVERSION?DISTANCE_DETE...
BL51 BANKED LINKER/LOCATER V6.22                                                      05/11/2019  14:41:51  PAGE 11



?PR?CLEAR_VAL_OBS_BUFFER?DISTANCE_DET...         -----    -----      -----    -----      0003H    0001H

?PR?_CHOOSE_ADC_INPUT?ADC                        -----    -----      -----    -----      0146H    0001H

?PR?DD_START_CONVERSION?DISTANCE_DETE...         -----    -----      -----    -----      0003H    0006H
  +--> ?PR?DD_MESURE?DISTANCE_DETECTOR

?PR?DD_MESURE?DISTANCE_DETECTOR                  -----    -----      -----    -----      0009H    0008H
  +--> ?PR?_READ_ADC0?ADC

?PR?_DD_SLEW_DETECTION?DISTANCE_DETECTOR         -----    -----      -----    -----      0000H    0003H
  +--> ?PR?_DD_SET_ANGLE?DISTANCE_DETECTOR

*** NEW ROOT ***************************************************

?PR?_MOVE_TO_CMD?COMMANDS                        -----    -----      -----    -----      00F6H    001EH
  +--> ?CO?COMMANDS
  +--> ?PR?SCANF?SCANF

*** NEW ROOT ***************************************************

?PR?TIMER_0_INT?DISTANCE_DETECTOR                -----    -----      -----    -----      0142H    0004H

*** NEW ROOT ***************************************************

?PR?TIMER_1_INT?POWER_SENSOR                     -----    -----      -----    -----      -----    -----
  +--> ?PR?_CHOOSE_ADC_INPUT?ADC
  +--> ?PR?SHUNT_MEASURE?POWER_SENSOR

?PR?SHUNT_MEASURE?POWER_SENSOR                   -----    -----      -----    -----      0146H    0004H
  +--> ?PR?READ_ADC0?ADC

?PR?READ_ADC0?ADC                                -----    -----      -----    -----      014AH    0001H



UNRESOLVED EXTERNAL SYMBOLS:
   _DD_OBS_DETECTION



SYMBOL TABLE OF MODULE:  .\Objects\robot_V1 (?C_STARTUP)

  VALUE           TYPE          NAME
  ----------------------------------

  -------         MODULE        ?C_STARTUP
  C:5D60H         SEGMENT       ?C_C51STARTUP
  I:0023H         SEGMENT       ?STACK
  C:0000H         PUBLIC        ?C_STARTUP
  D:00E0H         SYMBOL        ACC
  D:00F0H         SYMBOL        B
  D:0083H         SYMBOL        DPH
  D:0082H         SYMBOL        DPL
  N:0000H         SYMBOL        IBPSTACK
  N:0100H         SYMBOL        IBPSTACKTOP
BL51 BANKED LINKER/LOCATER V6.22                                                      05/11/2019  14:41:51  PAGE 12


  N:0080H         SYMBOL        IDATALEN
  C:5D63H         SYMBOL        IDATALOOP
  N:0000H         SYMBOL        PBPSTACK
  N:0100H         SYMBOL        PBPSTACKTOP
  N:0000H         SYMBOL        PDATALEN
  N:0000H         SYMBOL        PDATASTART
  N:0000H         SYMBOL        PPAGE
  N:0000H         SYMBOL        PPAGEENABLE
  D:00A0H         SYMBOL        PPAGE_SFR
  D:0081H         SYMBOL        SP
  C:5D60H         SYMBOL        STARTUP1
  N:0000H         SYMBOL        XBPSTACK
  N:0000H         SYMBOL        XBPSTACKTOP
  N:0000H         SYMBOL        XDATALEN
  N:0000H         SYMBOL        XDATASTART
  C:0000H         LINE#         126
  C:5D60H         LINE#         133
  C:5D62H         LINE#         134
  C:5D63H         LINE#         135
  C:5D64H         LINE#         136
  C:5D66H         LINE#         186
  C:5D69H         LINE#         197
  -------         ENDMOD        ?C_STARTUP

  -------         MODULE        COMMANDS
  C:0000H         SYMBOL        _ICE_DUMMY_
  C:66F3H         PUBLIC        _photo_OFF_cmd
  C:6543H         PUBLIC        _rigth_rotation_cmd
  C:673BH         PUBLIC        _safety_break_cmd
  C:233AH         PUBLIC        _move_to_cmd
  C:6663H         PUBLIC        _detecte_obstacle
  C:4D8BH         PUBLIC        _epreuve_cmd
  C:658BH         PUBLIC        _left_rotation_cmd
  C:5248H         PUBLIC        _set_default_speed_cmd
  C:16B0H         PUBLIC        _light_beam_ON_cmd
  C:473AH         PUBLIC        _move_forward_cmd
  C:69D3H         PUBLIC        _epreuve_stop
  C:6195H         SYMBOL        _?ix1000
  C:2FEBH         PUBLIC        _photo_cmd
  C:61A4H         SYMBOL        _?ix1001
  C:61B8H         SYMBOL        _?ix1002
  C:61CCH         SYMBOL        _?ix1003
  C:61DBH         SYMBOL        _?ix1004
  C:4B2FH         PUBLIC        _complete_rotation_cmd
  C:6985H         PUBLIC        _default_process
  C:65D3H         PUBLIC        _current_measure
  C:42AFH         PUBLIC        _servo_move_cmd
  C:3CA3H         PUBLIC        _aux_cmd
  C:66ABH         PUBLIC        _light_beam_OFF_cmd
  C:661BH         PUBLIC        _energy_measure
  C:11FFH         PUBLIC        _generate_sound_cmd
  C:488EH         PUBLIC        _move_backward_cmd
  C:4457H         PUBLIC        _angle_rotation_cmd
  C:64FBH         PUBLIC        _move_stop_cmd
  -------         PROC          _DEFAULT_PROCESS
  X:0000H         SYMBOL        cmd_packet
  C:6985H         LINE#         6
BL51 BANKED LINKER/LOCATER V6.22                                                      05/11/2019  14:41:51  PAGE 13


  C:6990H         LINE#         7
  C:6990H         LINE#         9
  C:69A9H         LINE#         11
  C:69ABH         LINE#         12
  -------         ENDPROC       _DEFAULT_PROCESS
  -------         PROC          _EPREUVE_CMD
  X:0000H         SYMBOL        cmd_packet
  -------         DO            
  X:0003H         SYMBOL        epreuve_index
  -------         ENDDO         
  C:4D8BH         LINE#         18
  C:4D96H         LINE#         19
  C:4D96H         LINE#         20
  C:4D9FH         LINE#         23
  C:4DBAH         LINE#         24
  C:4DBAH         LINE#         25
  C:4DBDH         LINE#         26
  C:4DBDH         LINE#         29
  C:4DDAH         LINE#         30
  C:4DDAH         LINE#         32
  C:4E27H         LINE#         33
  C:4E27H         LINE#         34
  C:4E2AH         LINE#         35
  C:4E2AH         LINE#         38
  C:4E50H         LINE#         39
  C:4E50H         LINE#         40
  C:4E53H         LINE#         41
  C:4E53H         LINE#         43
  C:4E73H         LINE#         44
  C:4E75H         LINE#         46
  C:4E75H         LINE#         47
  C:4E8EH         LINE#         48
  C:4E8EH         LINE#         49
  C:4E90H         LINE#         50
  -------         ENDPROC       _EPREUVE_CMD
  -------         PROC          _EPREUVE_STOP
  X:0000H         SYMBOL        cmd_packet
  C:69D3H         LINE#         52
  C:69DEH         LINE#         53
  C:69DEH         LINE#         55
  C:69F6H         LINE#         57
  C:69F8H         LINE#         58
  -------         ENDPROC       _EPREUVE_STOP
  -------         PROC          _SAFETY_BREAK_CMD
  X:0000H         SYMBOL        cmd_packet
  C:673BH         LINE#         61
  C:6746H         LINE#         62
  C:6746H         LINE#         64
  C:6761H         LINE#         65
  C:6761H         LINE#         66
  C:6764H         LINE#         67
  C:6764H         LINE#         69
  C:677DH         LINE#         71
  C:677FH         LINE#         72
  -------         ENDPROC       _SAFETY_BREAK_CMD
  -------         PROC          _SET_DEFAULT_SPEED_CMD
  X:0000H         SYMBOL        cmd_packet
BL51 BANKED LINKER/LOCATER V6.22                                                      05/11/2019  14:41:51  PAGE 14


  -------         DO            
  X:0003H         SYMBOL        motor_speed
  -------         ENDDO         
  C:5248H         LINE#         74
  C:5253H         LINE#         75
  C:5253H         LINE#         76
  C:525CH         LINE#         79
  C:5276H         LINE#         80
  C:5276H         LINE#         81
  C:5279H         LINE#         82
  C:5279H         LINE#         85
  C:52C6H         LINE#         86
  C:52C6H         LINE#         87
  C:52C9H         LINE#         88
  C:52C9H         LINE#         91
  C:52ECH         LINE#         92
  C:52ECH         LINE#         93
  C:52EFH         LINE#         94
  C:52EFH         LINE#         96
  C:5315H         LINE#         98
  C:5317H         LINE#         99
  -------         ENDPROC       _SET_DEFAULT_SPEED_CMD
  -------         PROC          _MOVE_FORWARD_CMD
  X:0000H         SYMBOL        cmd_packet
  -------         DO            
  X:0003H         SYMBOL        motor_speed
  -------         ENDDO         
  C:473AH         LINE#         101
  C:4745H         LINE#         102
  C:4745H         LINE#         103
  C:474EH         LINE#         105
  C:4769H         LINE#         106
  C:4769H         LINE#         107
  C:476CH         LINE#         108
  C:476CH         LINE#         110
  C:478BH         LINE#         112
  C:47A8H         LINE#         113
  C:47A8H         LINE#         115
  C:47F3H         LINE#         116
  C:47F3H         LINE#         117
  C:47F6H         LINE#         118
  C:47F6H         LINE#         121
  C:4819H         LINE#         122
  C:4819H         LINE#         123
  C:481CH         LINE#         124
  C:481CH         LINE#         126
  C:4842H         LINE#         127
  C:4844H         LINE#         128
  C:4865H         LINE#         129
  C:4865H         LINE#         130
  C:488BH         LINE#         131
  C:488BH         LINE#         132
  C:488BH         LINE#         133
  C:488DH         LINE#         134
  -------         ENDPROC       _MOVE_FORWARD_CMD
  -------         PROC          _MOVE_BACKWARD_CMD
  X:0000H         SYMBOL        cmd_packet
BL51 BANKED LINKER/LOCATER V6.22                                                      05/11/2019  14:41:51  PAGE 15


  -------         DO            
  X:0003H         SYMBOL        motor_speed
  -------         ENDDO         
  C:488EH         LINE#         136
  C:4899H         LINE#         137
  C:4899H         LINE#         138
  C:48A2H         LINE#         140
  C:48BDH         LINE#         141
  C:48BDH         LINE#         142
  C:48C0H         LINE#         143
  C:48C0H         LINE#         145
  C:48DFH         LINE#         147
  C:48FCH         LINE#         148
  C:48FCH         LINE#         150
  C:4947H         LINE#         151
  C:4947H         LINE#         152
  C:494AH         LINE#         153
  C:494AH         LINE#         156
  C:496DH         LINE#         157
  C:496DH         LINE#         158
  C:4970H         LINE#         159
  C:4970H         LINE#         161
  C:4996H         LINE#         162
  C:4998H         LINE#         163
  C:49B9H         LINE#         164
  C:49B9H         LINE#         165
  C:49DFH         LINE#         166
  C:49DFH         LINE#         167
  C:49DFH         LINE#         168
  C:49E1H         LINE#         169
  -------         ENDPROC       _MOVE_BACKWARD_CMD
  -------         PROC          _MOVE_STOP_CMD
  X:0000H         SYMBOL        cmd_packet
  C:64FBH         LINE#         171
  C:6506H         LINE#         172
  C:6506H         LINE#         173
  C:651EH         LINE#         174
  C:651EH         LINE#         175
  C:6521H         LINE#         176
  C:6521H         LINE#         177
  C:6540H         LINE#         178
  C:6542H         LINE#         179
  -------         ENDPROC       _MOVE_STOP_CMD
  -------         PROC          _RIGTH_ROTATION_CMD
  X:0000H         SYMBOL        cmd_packet
  C:6543H         LINE#         181
  C:654EH         LINE#         182
  C:654EH         LINE#         183
  C:6566H         LINE#         184
  C:6566H         LINE#         185
  C:6569H         LINE#         186
  C:6569H         LINE#         188
  C:6588H         LINE#         189
  C:658AH         LINE#         190
  -------         ENDPROC       _RIGTH_ROTATION_CMD
  -------         PROC          _LEFT_ROTATION_CMD
  X:0000H         SYMBOL        cmd_packet
BL51 BANKED LINKER/LOCATER V6.22                                                      05/11/2019  14:41:51  PAGE 16


  C:658BH         LINE#         192
  C:6596H         LINE#         193
  C:6596H         LINE#         194
  C:65AEH         LINE#         195
  C:65AEH         LINE#         196
  C:65B1H         LINE#         197
  C:65B1H         LINE#         199
  C:65D0H         LINE#         200
  C:65D2H         LINE#         201
  -------         ENDPROC       _LEFT_ROTATION_CMD
  -------         PROC          _COMPLETE_ROTATION_CMD
  X:0000H         SYMBOL        cmd_packet
  C:4B2FH         LINE#         203
  C:4B3AH         LINE#         204
  C:4B3AH         LINE#         205
  C:4B55H         LINE#         206
  C:4B55H         LINE#         207
  C:4B58H         LINE#         208
  C:4B58H         LINE#         210
  C:4B75H         LINE#         211
  C:4B75H         LINE#         213
  C:4BDDH         LINE#         215
  C:4BDDH         LINE#         216
  C:4C00H         LINE#         217
  C:4C00H         LINE#         218
  C:4C00H         LINE#         219
  C:4C1FH         LINE#         220
  C:4C21H         LINE#         221
  C:4C21H         LINE#         222
  C:4C40H         LINE#         223
  C:4C42H         LINE#         224
  C:4C42H         LINE#         225
  C:4C44H         LINE#         226
  C:4C47H         LINE#         227
  C:4C47H         LINE#         229
  C:4C47H         LINE#         230
  C:4C66H         LINE#         231
  C:4C66H         LINE#         232
  C:4C68H         LINE#         233
  -------         ENDPROC       _COMPLETE_ROTATION_CMD
  -------         PROC          _ANGLE_ROTATION_CMD
  X:0000H         SYMBOL        cmd_packet
  -------         DO            
  X:0003H         SYMBOL        angle
  -------         ENDDO         
  C:4457H         LINE#         235
  C:4462H         LINE#         236
  C:4462H         LINE#         237
  C:446AH         LINE#         239
  C:4484H         LINE#         240
  C:4484H         LINE#         241
  C:4487H         LINE#         242
  C:4487H         LINE#         244
  C:44F2H         LINE#         246
  C:44F2H         LINE#         247
  C:4515H         LINE#         248
  C:4515H         LINE#         249
BL51 BANKED LINKER/LOCATER V6.22                                                      05/11/2019  14:41:51  PAGE 17


  C:4515H         LINE#         250
  C:4534H         LINE#         251
  C:4536H         LINE#         252
  C:4536H         LINE#         253
  C:4555H         LINE#         254
  C:4555H         LINE#         255
  C:4555H         LINE#         257
  C:45A0H         LINE#         258
  C:45A0H         LINE#         259
  C:45A3H         LINE#         260
  C:45A3H         LINE#         262
  C:45CBH         LINE#         263
  C:45CDH         LINE#         264
  C:45D0H         LINE#         265
  C:45D0H         LINE#         266
  C:45D2H         LINE#         267
  -------         ENDPROC       _ANGLE_ROTATION_CMD
  -------         PROC          _MOVE_TO_CMD
  X:00F6H         SYMBOL        cmd_packet
  -------         DO            
  X:00F9H         SYMBOL        i
  X:00FAH         SYMBOL        j
  X:00FBH         SYMBOL        params
  X:010AH         SYMBOL        angle
  X:010CH         SYMBOL        x
  X:010EH         SYMBOL        y
  X:0110H         SYMBOL        param_find
  X:0111H         SYMBOL        str
  -------         ENDDO         
  C:233AH         LINE#         277
  C:2345H         LINE#         278
  C:2345H         LINE#         279
  C:234FH         LINE#         280
  C:2374H         LINE#         281
  C:238CH         LINE#         282
  C:2391H         LINE#         283
  C:23A2H         LINE#         287
  C:23BCH         LINE#         288
  C:23BCH         LINE#         289
  C:23BFH         LINE#         290
  C:23BFH         LINE#         293
  C:23D2H         LINE#         294
  C:23D2H         LINE#         295
  C:240EH         LINE#         298
  C:2421H         LINE#         299
  C:2421H         LINE#         300
  C:245FH         LINE#         301
  C:245FH         LINE#         302
  C:2475H         LINE#         303
  C:2475H         LINE#         304
  C:2475H         LINE#         305
  C:24DEH         LINE#         306
  C:24DEH         LINE#         307
  C:24E1H         LINE#         308
  C:24E1H         LINE#         309
  C:24E1H         LINE#         311
  C:24E1H         LINE#         312
BL51 BANKED LINKER/LOCATER V6.22                                                      05/11/2019  14:41:51  PAGE 18


  C:2547H         LINE#         313
  C:2547H         LINE#         314
  C:254AH         LINE#         315
  C:254AH         LINE#         316
  C:254AH         LINE#         318
  C:254AH         LINE#         319
  C:25B0H         LINE#         320
  C:25B0H         LINE#         321
  C:25B3H         LINE#         322
  C:25B3H         LINE#         323
  C:25B3H         LINE#         325
  C:25B3H         LINE#         326
  C:25B9H         LINE#         327
  C:25BBH         LINE#         328
  C:25BBH         LINE#         329
  C:25C4H         LINE#         331
  C:25CCH         LINE#         332
  C:25CCH         LINE#         333
  C:25CFH         LINE#         334
  C:25CFH         LINE#         335
  C:25D4H         LINE#         336
  C:25D4H         LINE#         338
  C:25DDH         LINE#         340
  C:2605H         LINE#         341
  C:262BH         LINE#         342
  C:2651H         LINE#         343
  C:2670H         LINE#         344
  C:2672H         LINE#         345
  -------         ENDPROC       _MOVE_TO_CMD
  -------         PROC          _CURRENT_MEASURE
  X:0000H         SYMBOL        cmd_packet
  C:65D3H         LINE#         347
  C:65DEH         LINE#         348
  C:65DEH         LINE#         349
  C:65F6H         LINE#         350
  C:65F6H         LINE#         351
  C:65F9H         LINE#         352
  C:65F9H         LINE#         354
  C:6618H         LINE#         356
  C:661AH         LINE#         357
  -------         ENDPROC       _CURRENT_MEASURE
  -------         PROC          _ENERGY_MEASURE
  X:038CH         SYMBOL        cmd_packet
  C:661BH         LINE#         359
  C:6626H         LINE#         360
  C:6626H         LINE#         361
  C:663EH         LINE#         362
  C:663EH         LINE#         363
  C:6641H         LINE#         364
  C:6641H         LINE#         366
  C:6660H         LINE#         368
  C:6662H         LINE#         369
  -------         ENDPROC       _ENERGY_MEASURE
  -------         PROC          _DETECTE_OBSTACLE
  X:0000H         SYMBOL        cmd_packet
  C:6663H         LINE#         372
  C:666EH         LINE#         373
BL51 BANKED LINKER/LOCATER V6.22                                                      05/11/2019  14:41:51  PAGE 19


  C:666EH         LINE#         374
  C:6686H         LINE#         375
  C:6686H         LINE#         376
  C:6689H         LINE#         377
  C:6689H         LINE#         379
  C:66A8H         LINE#         380
  C:66AAH         LINE#         381
  -------         ENDPROC       _DETECTE_OBSTACLE
  -------         PROC          _SERVO_MOVE_CMD
  X:0000H         SYMBOL        cmd_packet
  -------         DO            
  X:0003H         SYMBOL        angle
  -------         ENDDO         
  C:42AFH         LINE#         383
  C:42BAH         LINE#         384
  C:42BAH         LINE#         385
  C:42C3H         LINE#         387
  C:42DEH         LINE#         388
  C:42DEH         LINE#         389
  C:42E1H         LINE#         390
  C:42E1H         LINE#         392
  C:4349H         LINE#         394
  C:4349H         LINE#         395
  C:436CH         LINE#         396
  C:436CH         LINE#         397
  C:436CH         LINE#         398
  C:438BH         LINE#         399
  C:438DH         LINE#         400
  C:438DH         LINE#         401
  C:43ACH         LINE#         402
  C:43ACH         LINE#         403
  C:43ACH         LINE#         405
  C:43ACH         LINE#         407
  C:43E0H         LINE#         408
  C:43E0H         LINE#         409
  C:442BH         LINE#         410
  C:442BH         LINE#         411
  C:442EH         LINE#         412
  C:442EH         LINE#         414
  C:4454H         LINE#         415
  C:4454H         LINE#         417
  C:4456H         LINE#         418
  -------         ENDPROC       _SERVO_MOVE_CMD
  -------         PROC          _LIGHT_BEAM_ON_CMD
  X:0000H         SYMBOL        cmd_packet
  -------         DO            
  X:0003H         SYMBOL        i
  X:0004H         SYMBOL        j
  X:0005H         SYMBOL        params
  X:0019H         SYMBOL        intensity
  X:001BH         SYMBOL        delay_on
  X:001DH         SYMBOL        delay_off
  X:001FH         SYMBOL        nbr_flash
  X:0021H         SYMBOL        param_find
  X:0022H         SYMBOL        str
  -------         ENDDO         
  C:16B0H         LINE#         420
BL51 BANKED LINKER/LOCATER V6.22                                                      05/11/2019  14:41:51  PAGE 20


  C:16BBH         LINE#         421
  C:16BBH         LINE#         422
  C:16C5H         LINE#         423
  C:16EAH         LINE#         424
  C:170DH         LINE#         425
  C:1712H         LINE#         426
  C:1723H         LINE#         429
  C:1757H         LINE#         430
  C:1757H         LINE#         431
  C:175AH         LINE#         432
  C:175AH         LINE#         435
  C:1785H         LINE#         436
  C:1785H         LINE#         437
  C:17C1H         LINE#         440
  C:17D4H         LINE#         441
  C:17D4H         LINE#         442
  C:1812H         LINE#         443
  C:1812H         LINE#         444
  C:182BH         LINE#         445
  C:182BH         LINE#         446
  C:182BH         LINE#         447
  C:1891H         LINE#         448
  C:1891H         LINE#         449
  C:1894H         LINE#         450
  C:1894H         LINE#         452
  C:1894H         LINE#         454
  C:18BDH         LINE#         455
  C:18BDH         LINE#         456
  C:18C0H         LINE#         457
  C:18C0H         LINE#         458
  C:18C0H         LINE#         459
  C:18C0H         LINE#         461
  C:18C0H         LINE#         462
  C:1926H         LINE#         463
  C:1926H         LINE#         464
  C:1929H         LINE#         465
  C:1929H         LINE#         467
  C:1929H         LINE#         469
  C:1952H         LINE#         470
  C:1952H         LINE#         471
  C:1955H         LINE#         472
  C:1955H         LINE#         473
  C:1955H         LINE#         474
  C:1955H         LINE#         476
  C:1955H         LINE#         477
  C:19BBH         LINE#         478
  C:19BBH         LINE#         479
  C:19BEH         LINE#         480
  C:19BEH         LINE#         482
  C:19BEH         LINE#         484
  C:19E4H         LINE#         485
  C:19E4H         LINE#         486
  C:19E7H         LINE#         487
  C:19E7H         LINE#         488
  C:19E7H         LINE#         489
  C:19E7H         LINE#         491
  C:19E7H         LINE#         492
BL51 BANKED LINKER/LOCATER V6.22                                                      05/11/2019  14:41:51  PAGE 21


  C:1A4DH         LINE#         493
  C:1A4DH         LINE#         494
  C:1A50H         LINE#         495
  C:1A50H         LINE#         497
  C:1A50H         LINE#         499
  C:1A76H         LINE#         500
  C:1A76H         LINE#         501
  C:1A79H         LINE#         502
  C:1A79H         LINE#         503
  C:1A79H         LINE#         504
  C:1A79H         LINE#         505
  C:1A79H         LINE#         506
  C:1A7FH         LINE#         507
  C:1A81H         LINE#         508
  C:1A81H         LINE#         509
  C:1A8AH         LINE#         511
  C:1A92H         LINE#         512
  C:1A92H         LINE#         513
  C:1A95H         LINE#         514
  C:1A95H         LINE#         515
  C:1A9AH         LINE#         516
  C:1A9AH         LINE#         518
  C:1AA3H         LINE#         520
  C:1AC2H         LINE#         521
  C:1AE8H         LINE#         522
  C:1B0EH         LINE#         523
  C:1B34H         LINE#         524
  C:1B5AH         LINE#         526
  C:1B5CH         LINE#         527
  -------         ENDPROC       _LIGHT_BEAM_ON_CMD
  -------         PROC          _LIGHT_BEAM_OFF_CMD
  X:0000H         SYMBOL        cmd_packet
  C:66ABH         LINE#         529
  C:66B6H         LINE#         530
  C:66B6H         LINE#         532
  C:66CEH         LINE#         533
  C:66CEH         LINE#         534
  C:66D1H         LINE#         535
  C:66D1H         LINE#         537
  C:66F0H         LINE#         539
  C:66F2H         LINE#         540
  -------         ENDPROC       _LIGHT_BEAM_OFF_CMD
  -------         PROC          _GENERATE_SOUND_CMD
  X:0000H         SYMBOL        cmd_packet
  -------         DO            
  X:0003H         SYMBOL        i
  X:0004H         SYMBOL        j
  X:0005H         SYMBOL        params
  X:0019H         SYMBOL        frequency_code
  X:001BH         SYMBOL        delay_son
  X:001DH         SYMBOL        delay_silence
  X:001FH         SYMBOL        nbr_bip
  X:0021H         SYMBOL        param_find
  X:0022H         SYMBOL        str
  -------         ENDDO         
  C:11FFH         LINE#         542
  C:120AH         LINE#         543
BL51 BANKED LINKER/LOCATER V6.22                                                      05/11/2019  14:41:51  PAGE 22


  C:120AH         LINE#         544
  C:1214H         LINE#         545
  C:1239H         LINE#         546
  C:125DH         LINE#         547
  C:1262H         LINE#         548
  C:1273H         LINE#         551
  C:12A7H         LINE#         552
  C:12A7H         LINE#         553
  C:12AAH         LINE#         554
  C:12AAH         LINE#         557
  C:12D5H         LINE#         558
  C:12D5H         LINE#         559
  C:1311H         LINE#         562
  C:1324H         LINE#         563
  C:1324H         LINE#         564
  C:1362H         LINE#         565
  C:1362H         LINE#         566
  C:137BH         LINE#         567
  C:137BH         LINE#         568
  C:137BH         LINE#         569
  C:13E1H         LINE#         570
  C:13E1H         LINE#         571
  C:13E4H         LINE#         572
  C:13E4H         LINE#         574
  C:13E4H         LINE#         576
  C:140DH         LINE#         577
  C:140DH         LINE#         578
  C:1410H         LINE#         579
  C:1410H         LINE#         580
  C:1410H         LINE#         581
  C:1410H         LINE#         583
  C:1410H         LINE#         584
  C:1476H         LINE#         585
  C:1476H         LINE#         586
  C:1479H         LINE#         587
  C:1479H         LINE#         589
  C:1479H         LINE#         591
  C:14A2H         LINE#         592
  C:14A2H         LINE#         593
  C:14A5H         LINE#         594
  C:14A5H         LINE#         595
  C:14A5H         LINE#         596
  C:14A5H         LINE#         598
  C:14A5H         LINE#         599
  C:150BH         LINE#         600
  C:150BH         LINE#         601
  C:150EH         LINE#         602
  C:150EH         LINE#         604
  C:150EH         LINE#         606
  C:1537H         LINE#         607
  C:1537H         LINE#         608
  C:153AH         LINE#         609
  C:153AH         LINE#         610
  C:153AH         LINE#         611
  C:153AH         LINE#         613
  C:153AH         LINE#         614
  C:15A0H         LINE#         615
BL51 BANKED LINKER/LOCATER V6.22                                                      05/11/2019  14:41:51  PAGE 23


  C:15A0H         LINE#         616
  C:15A3H         LINE#         617
  C:15A3H         LINE#         619
  C:15A3H         LINE#         621
  C:15C9H         LINE#         622
  C:15C9H         LINE#         623
  C:15CCH         LINE#         624
  C:15CCH         LINE#         625
  C:15CCH         LINE#         626
  C:15CCH         LINE#         627
  C:15CCH         LINE#         628
  C:15D2H         LINE#         629
  C:15D4H         LINE#         630
  C:15D4H         LINE#         631
  C:15DDH         LINE#         633
  C:15E5H         LINE#         634
  C:15E5H         LINE#         635
  C:15E8H         LINE#         636
  C:15E8H         LINE#         637
  C:15EDH         LINE#         638
  C:15EDH         LINE#         640
  C:15F6H         LINE#         642
  C:1615H         LINE#         643
  C:163BH         LINE#         644
  C:1661H         LINE#         645
  C:1687H         LINE#         646
  C:16ADH         LINE#         648
  C:16AFH         LINE#         650
  -------         ENDPROC       _GENERATE_SOUND_CMD
  -------         PROC          _PHOTO_CMD
  X:0000H         SYMBOL        cmd_packet
  -------         DO            
  X:0003H         SYMBOL        i
  X:0004H         SYMBOL        j
  X:0005H         SYMBOL        params
  X:0014H         SYMBOL        duree_photo
  X:0016H         SYMBOL        nbr_photo
  X:0018H         SYMBOL        mode
  X:001AH         SYMBOL        param_find
  X:001BH         SYMBOL        str
  -------         ENDDO         
  C:2FEBH         LINE#         652
  C:2FF6H         LINE#         653
  C:2FF6H         LINE#         654
  C:3001H         LINE#         655
  C:3026H         LINE#         656
  C:3041H         LINE#         657
  C:3046H         LINE#         658
  C:3057H         LINE#         662
  C:3072H         LINE#         663
  C:3072H         LINE#         664
  C:3075H         LINE#         665
  C:3075H         LINE#         669
  C:3097H         LINE#         670
  C:3097H         LINE#         671
  C:30C4H         LINE#         674
  C:30D7H         LINE#         675
BL51 BANKED LINKER/LOCATER V6.22                                                      05/11/2019  14:41:51  PAGE 24


  C:30D7H         LINE#         676
  C:3115H         LINE#         677
  C:3115H         LINE#         678
  C:3131H         LINE#         679
  C:3131H         LINE#         680
  C:3131H         LINE#         681
  C:3190H         LINE#         682
  C:3190H         LINE#         683
  C:3193H         LINE#         684
  C:3193H         LINE#         685
  C:319AH         LINE#         686
  C:319DH         LINE#         688
  C:319DH         LINE#         689
  C:31FCH         LINE#         690
  C:31FCH         LINE#         691
  C:31FFH         LINE#         692
  C:31FFH         LINE#         693
  C:3206H         LINE#         694
  C:3208H         LINE#         695
  C:3208H         LINE#         696
  C:3211H         LINE#         697
  C:3217H         LINE#         698
  C:3219H         LINE#         699
  C:3219H         LINE#         700
  C:3222H         LINE#         701
  C:3228H         LINE#         702
  C:322AH         LINE#         703
  C:322AH         LINE#         704
  C:3233H         LINE#         705
  C:3239H         LINE#         706
  C:3239H         LINE#         707
  C:3239H         LINE#         708
  C:323FH         LINE#         709
  C:3241H         LINE#         710
  C:3241H         LINE#         711
  C:324AH         LINE#         713
  C:3252H         LINE#         714
  C:3252H         LINE#         715
  C:3255H         LINE#         716
  C:3255H         LINE#         717
  C:325AH         LINE#         718
  C:325AH         LINE#         720
  C:325DH         LINE#         722
  C:3283H         LINE#         723
  C:32A9H         LINE#         724
  C:32EDH         LINE#         725
  C:32EFH         LINE#         726
  -------         ENDPROC       _PHOTO_CMD
  -------         PROC          _PHOTO_OFF_CMD
  X:0000H         SYMBOL        cmd_packet
  C:66F3H         LINE#         728
  C:66FEH         LINE#         729
  C:66FEH         LINE#         731
  C:6716H         LINE#         732
  C:6716H         LINE#         733
  C:6719H         LINE#         734
  C:6719H         LINE#         736
BL51 BANKED LINKER/LOCATER V6.22                                                      05/11/2019  14:41:51  PAGE 25


  C:6738H         LINE#         738
  C:673AH         LINE#         739
  -------         ENDPROC       _PHOTO_OFF_CMD
  -------         PROC          _AUX_CMD
  X:0000H         SYMBOL        cmd_packet
  -------         DO            
  X:0003H         SYMBOL        str
  X:0006H         SYMBOL        params
  X:0012H         SYMBOL        ticks_value
  -------         ENDDO         
  C:3CA3H         LINE#         741
  C:3CAEH         LINE#         742
  C:3CAEH         LINE#         743
  C:3CBFH         LINE#         744
  C:3CE4H         LINE#         745
  C:3CECH         LINE#         747
  C:3D0DH         LINE#         750
  C:3D39H         LINE#         751
  C:3D39H         LINE#         752
  C:3D84H         LINE#         753
  C:3D84H         LINE#         754
  C:3D87H         LINE#         755
  C:3D87H         LINE#         756
  C:3DA6H         LINE#         757
  C:3DCEH         LINE#         758
  C:3DD1H         LINE#         759
  C:3DD1H         LINE#         762
  C:3DFAH         LINE#         763
  C:3DFAH         LINE#         764
  C:3E19H         LINE#         765
  C:3E1CH         LINE#         766
  C:3E1CH         LINE#         769
  C:3E45H         LINE#         770
  C:3E45H         LINE#         771
  C:3E64H         LINE#         772
  C:3E67H         LINE#         773
  C:3E67H         LINE#         776
  C:3E90H         LINE#         777
  C:3E90H         LINE#         778
  C:3EAFH         LINE#         779
  C:3EB2H         LINE#         780
  C:3EB2H         LINE#         782
  C:3EB4H         LINE#         783
  -------         ENDPROC       _AUX_CMD
  -------         ENDMOD        COMMANDS

  -------         MODULE        COMMANDS_PARSER
  C:0000H         SYMBOL        _ICE_DUMMY_
  B:0098H.7       PUBLIC        SM00
  D:0090H         PUBLIC        P1
  B:0098H.6       PUBLIC        SM10
  C:62F7H         PUBLIC        _send_ME_Result
  C:67C5H         PUBLIC        _get_command
  C:629DH         PUBLIC        _send_MI_Result
  C:6401H         PUBLIC        _Init_parser
  D:00E8H         PUBLIC        ADC0CN
  C:61E7H         PUBLIC        _cmd_parser_process
BL51 BANKED LINKER/LOCATER V6.22                                                      05/11/2019  14:41:51  PAGE 26


  D:00A4H         PUBLIC        P0MDOUT
  X:018BH         PUBLIC        current_state
  D:00A8H         PUBLIC        IE
  B:0098H.4       PUBLIC        REN0
  D:00D8H         PUBLIC        PCA0CN
  D:00B8H         PUBLIC        IP
  D:00E1H         PUBLIC        XBR0
  C:3A5CH         PUBLIC        _parse
  C:6B44H         PUBLIC        _USART_send
  C:63ABH         PUBLIC        _USART_print
  D:00CBH         PUBLIC        RCAP2H
  D:00C0H         PUBLIC        SMB0CN
  C:6B7AH         PUBLIC        valid_cmd_flag
  D:00CAH         PUBLIC        RCAP2L
  C:3597H         PUBLIC        _send_informations
  D:00F8H         PUBLIC        SPI0CN
  D:0088H         PUBLIC        TCON
  C:5B9CH         PUBLIC        _wait
  C:3808H         PUBLIC        _send_KOB_MOU
  C:6B8AH         PUBLIC        error_cmd_flag
  X:018CH         PUBLIC        dispatch_table
  X:022EH         PUBLIC        MSG_buffer
  X:024EH         PUBLIC        raw_data
  B:0098H.0       PUBLIC        RI0
  B:0098H.1       PUBLIC        TI0
  B:00C8H.2       PUBLIC        TR2
  C:68F3H         PUBLIC        _USART_receive
  B:00C8H.5       PUBLIC        RCLK0
  B:00C8H.4       PUBLIC        TCLK0
  D:0099H         PUBLIC        SBUF0
  D:0098H         PUBLIC        SCON0
  D:00C8H         PUBLIC        T2CON
  D:008EH         PUBLIC        CKCON
  X:026EH         PUBLIC        full_state_machine
  X:0276H         PUBLIC        buffer_index
  D:00D0H         PUBLIC        PSW
  -------         PROC          _INIT_PARSER
  X:0012H         SYMBOL        parser_result
  C:6401H         LINE#         86
  C:640CH         LINE#         87
  C:640CH         LINE#         90
  C:640EH         LINE#         91
  C:6410H         LINE#         92
  C:6412H         LINE#         95
  C:6415H         LINE#         98
  C:6418H         LINE#         102
  C:641BH         LINE#         106
  C:641EH         LINE#         107
  C:6420H         LINE#         108
  C:6422H         LINE#         109
  C:6425H         LINE#         110
  C:6428H         LINE#         111
  C:642AH         LINE#         114
  C:6453H         LINE#         116
  C:6455H         LINE#         117
  -------         ENDPROC       _INIT_PARSER
  -------         PROC          _USART_RECEIVE
BL51 BANKED LINKER/LOCATER V6.22                                                      05/11/2019  14:41:51  PAGE 27


  X:0019H         SYMBOL        read_byte
  C:68F3H         LINE#         119
  C:68FEH         LINE#         120
  C:68FEH         LINE#         121
  C:6901H         LINE#         122
  C:6901H         LINE#         123
  C:6911H         LINE#         124
  C:6913H         LINE#         125
  C:6914H         LINE#         126
  C:6924H         LINE#         127
  C:6924H         LINE#         128
  -------         ENDPROC       _USART_RECEIVE
  -------         PROC          _USART_SEND
  X:00F5H         SYMBOL        ch
  C:6B44H         LINE#         130
  C:6B49H         LINE#         131
  C:6B49H         LINE#         132
  C:6B50H         LINE#         133
  C:6B53H         LINE#         134
  C:6B55H         LINE#         135
  -------         ENDPROC       _USART_SEND
  -------         PROC          _USART_PRINT
  X:00F1H         SYMBOL        str
  -------         DO            
  X:00F4H         SYMBOL        i
  -------         ENDDO         
  C:63ABH         LINE#         145
  C:63B6H         LINE#         146
  C:63B6H         LINE#         147
  C:63BBH         LINE#         148
  C:63DCH         LINE#         149
  C:63DCH         LINE#         150
  C:63F8H         LINE#         151
  C:6400H         LINE#         152
  -------         ENDPROC       _USART_PRINT
  -------         PROC          _CMD_PARSER_PROCESS
  X:0012H         SYMBOL        result
  C:61E7H         LINE#         156
  C:61F2H         LINE#         157
  C:61F2H         LINE#         171
  C:6205H         LINE#         172
  C:6205H         LINE#         173
  C:6205H         LINE#         174
  C:6213H         LINE#         175
  C:6215H         LINE#         176
  C:6215H         LINE#         177
  C:6223H         LINE#         178
  C:6225H         LINE#         179
  C:6225H         LINE#         180
  C:6233H         LINE#         181
  C:6233H         LINE#         183
  C:6233H         LINE#         185
  C:6241H         LINE#         186
  -------         ENDPROC       _CMD_PARSER_PROCESS
  -------         PROC          _WAIT
  X:0015H         SYMBOL        parser_result
  -------         DO            
BL51 BANKED LINKER/LOCATER V6.22                                                      05/11/2019  14:41:51  PAGE 28


  X:0018H         SYMBOL        read_byte
  -------         ENDDO         
  C:5B9CH         LINE#         188
  C:5BA7H         LINE#         189
  C:5BA7H         LINE#         190
  C:5BADH         LINE#         193
  C:5BB6H         LINE#         196
  C:5BCCH         LINE#         199
  C:5BD6H         LINE#         200
  C:5BDFH         LINE#         201
  C:5BDFH         LINE#         204
  C:5BF5H         LINE#         205
  C:5BFBH         LINE#         207
  C:5C0CH         LINE#         208
  C:5C12H         LINE#         209
  C:5C13H         LINE#         210
  C:5C1BH         LINE#         211
  C:5C31H         LINE#         212
  C:5C37H         LINE#         213
  C:5C37H         LINE#         214
  C:5C37H         LINE#         215
  -------         ENDPROC       _WAIT
  -------         PROC          _GET_COMMAND
  X:0015H         SYMBOL        parser_result
  C:67C5H         LINE#         218
  C:67D0H         LINE#         219
  C:67D0H         LINE#         221
  C:67E1H         LINE#         222
  C:67E1H         LINE#         224
  C:67E4H         LINE#         225
  C:67E6H         LINE#         226
  C:67E9H         LINE#         227
  C:67E9H         LINE#         230
  C:67FDH         LINE#         231
  C:6802H         LINE#         233
  C:6807H         LINE#         234
  -------         ENDPROC       _GET_COMMAND
  -------         PROC          _PARSE
  X:0018H         SYMBOL        parser_result
  -------         DO            
  X:001BH         SYMBOL        commands_data
  X:00E3H         SYMBOL        data_index
  X:00E4H         SYMBOL        ptr
  X:00E5H         SYMBOL        reading_ptr
  X:00E6H         SYMBOL        ret
  X:00E7H         SYMBOL        c
  X:00E8H         SYMBOL        i
  X:00E9H         SYMBOL        run
  X:00EAH         SYMBOL        cmd_packet
  -------         ENDDO         
  C:3A5CH         LINE#         237
  C:3A67H         LINE#         238
  C:3A67H         LINE#         242
  C:3A76H         LINE#         243
  C:3A7BH         LINE#         244
  C:3A85H         LINE#         245
  C:3A8BH         LINE#         254
BL51 BANKED LINKER/LOCATER V6.22                                                      05/11/2019  14:41:51  PAGE 29


  C:3A96H         LINE#         255
  C:3A96H         LINE#         256
  C:3AACH         LINE#         259
  C:3AC2H         LINE#         260
  C:3AC2H         LINE#         261
  C:3AC2H         LINE#         262
  C:3AE6H         LINE#         264
  C:3AECH         LINE#         265
  C:3AF1H         LINE#         266
  C:3AF4H         LINE#         268
  C:3AF4H         LINE#         269
  C:3B18H         LINE#         271
  C:3B1EH         LINE#         272
  C:3B23H         LINE#         273
  C:3B25H         LINE#         276
  C:3B25H         LINE#         277
  C:3B49H         LINE#         279
  C:3B4EH         LINE#         280
  C:3B50H         LINE#         282
  C:3B50H         LINE#         283
  C:3B79H         LINE#         284
  C:3B7FH         LINE#         285
  C:3B7FH         LINE#         287
  C:3B85H         LINE#         288
  C:3B88H         LINE#         292
  C:3B99H         LINE#         293
  C:3BA3H         LINE#         294
  C:3BC2H         LINE#         298
  C:3BD7H         LINE#         299
  C:3BD7H         LINE#         300
  C:3C1AH         LINE#         301
  C:3C1AH         LINE#         303
  C:3C5BH         LINE#         304
  C:3C5BH         LINE#         305
  C:3C61H         LINE#         306
  C:3C63H         LINE#         307
  C:3C6CH         LINE#         308
  C:3C71H         LINE#         309
  C:3C71H         LINE#         316
  C:3C71H         LINE#         317
  C:3C7AH         LINE#         320
  C:3C89H         LINE#         321
  C:3C9DH         LINE#         324
  C:3CA2H         LINE#         325
  -------         ENDPROC       _PARSE
  -------         PROC          VALID_CMD_FLAG
  C:6B7AH         LINE#         327
  C:6B7AH         LINE#         328
  C:6B7AH         LINE#         329
  C:6B7FH         LINE#         330
  C:6B84H         LINE#         331
  C:6B89H         LINE#         332
  -------         ENDPROC       VALID_CMD_FLAG
  -------         PROC          ERROR_CMD_FLAG
  C:6B8AH         LINE#         334
  C:6B8AH         LINE#         335
  C:6B8AH         LINE#         336
BL51 BANKED LINKER/LOCATER V6.22                                                      05/11/2019  14:41:51  PAGE 30


  C:6B8FH         LINE#         337
  C:6B94H         LINE#         338
  C:6B99H         LINE#         339
  -------         ENDPROC       ERROR_CMD_FLAG
  -------         PROC          _SEND_INFORMATIONS
  X:0015H         SYMBOL        parser_result
  C:3597H         LINE#         342
  C:35A2H         LINE#         343
  C:35A2H         LINE#         345
  C:35C2H         LINE#         346
  C:35C2H         LINE#         348
  C:35E4H         LINE#         349
  C:35E4H         LINE#         350
  C:360DH         LINE#         351
  C:362BH         LINE#         352
  C:362EH         LINE#         354
  C:3650H         LINE#         355
  C:3650H         LINE#         356
  C:3679H         LINE#         357
  C:3697H         LINE#         358
  C:369AH         LINE#         360
  C:36BCH         LINE#         361
  C:36BCH         LINE#         362
  C:36E5H         LINE#         363
  C:3703H         LINE#         364
  C:3706H         LINE#         367
  C:3728H         LINE#         368
  C:3728H         LINE#         369
  C:3736H         LINE#         370
  C:3754H         LINE#         371
  C:3756H         LINE#         374
  C:3778H         LINE#         375
  C:3778H         LINE#         376
  C:3786H         LINE#         377
  C:37A4H         LINE#         378
  C:37A6H         LINE#         381
  C:37A6H         LINE#         382
  C:37CFH         LINE#         383
  C:37CFH         LINE#         385
  C:37E7H         LINE#         386
  C:3807H         LINE#         388
  C:3807H         LINE#         391
  -------         ENDPROC       _SEND_INFORMATIONS
  -------         PROC          _SEND_KOB_MOU
  X:0018H         SYMBOL        parser_result
  -------         DO            
  X:014BH         SYMBOL        msg
  X:001BH         SYMBOL        angle_front
  X:001DH         SYMBOL        angle_back
  X:001FH         SYMBOL        distance_front
  X:0021H         SYMBOL        distance_back
  -------         ENDDO         
  C:3808H         LINE#         393
  C:3813H         LINE#         394
  C:3813H         LINE#         397
  C:3823H         LINE#         398
  C:3833H         LINE#         400
BL51 BANKED LINKER/LOCATER V6.22                                                      05/11/2019  14:41:51  PAGE 31


  C:3842H         LINE#         402
  C:3869H         LINE#         403
  C:3869H         LINE#         404
  C:3894H         LINE#         405
  C:38C5H         LINE#         406
  C:390BH         LINE#         407
  C:390EH         LINE#         409
  C:390EH         LINE#         410
  C:3939H         LINE#         411
  C:396AH         LINE#         412
  C:399BH         LINE#         413
  C:39CCH         LINE#         414
  C:3A32H         LINE#         415
  C:3A32H         LINE#         418
  C:3A5BH         LINE#         420
  -------         ENDPROC       _SEND_KOB_MOU
  -------         PROC          _SEND_MI_RESULT
  X:038FH         SYMBOL        parser_result
  -------         DO            
  X:016BH         SYMBOL        msg
  -------         ENDDO         
  C:629DH         LINE#         422
  C:62A8H         LINE#         423
  C:62A8H         LINE#         426
  C:62F6H         LINE#         427
  -------         ENDPROC       _SEND_MI_RESULT
  -------         PROC          _SEND_ME_RESULT
  X:0392H         SYMBOL        parser_result
  -------         DO            
  X:017BH         SYMBOL        msg
  -------         ENDDO         
  C:62F7H         LINE#         429
  C:6302H         LINE#         430
  C:6302H         LINE#         433
  C:6350H         LINE#         434
  -------         ENDPROC       _SEND_ME_RESULT
  -------         ENDMOD        COMMANDS_PARSER

  -------         MODULE        MAIN
  C:0000H         SYMBOL        _ICE_DUMMY_
  D:0090H         PUBLIC        P1
  B:00A8H.7       PUBLIC        EA
  D:00E8H         PUBLIC        ADC0CN
  D:00A8H         PUBLIC        IE
  X:02E5H         PUBLIC        epreuve_start
  X:02E6H         PUBLIC        parser_result
  D:00D8H         PUBLIC        PCA0CN
  D:00B8H         PUBLIC        IP
  D:00FFH         PUBLIC        Reg
  D:00E3H         PUBLIC        XBR2
  X:02EDH         PUBLIC        informations
  X:0307H         PUBLIC        dd_packet
  D:00C0H         PUBLIC        SMB0CN
  C:49E2H         PUBLIC        main
  X:0315H         PUBLIC        spi_packet
  D:00F8H         PUBLIC        SPI0CN
  D:0088H         PUBLIC        TCON
BL51 BANKED LINKER/LOCATER V6.22                                                      05/11/2019  14:41:51  PAGE 32


  C:6BDCH         PUBLIC        enable_general_Int
  D:00B2H         PUBLIC        OSCICN
  D:00B1H         PUBLIC        OSCXCN
  X:031EH         PUBLIC        commands
  C:6B9AH         PUBLIC        Init_External_clk
  D:0098H         PUBLIC        SCON0
  D:00C8H         PUBLIC        T2CON
  C:6BD8H         PUBLIC        Enable_Crossbar
  D:008EH         PUBLIC        CKCON
  D:00D0H         PUBLIC        PSW
  -------         PROC          INIT_EXTERNAL_CLK
  C:6B9AH         LINE#         120
  C:6B9AH         LINE#         121
  C:6B9AH         LINE#         123
  C:6B9DH         LINE#         124
  C:6BA2H         LINE#         127
  C:6BA5H         LINE#         129
  C:6BA8H         LINE#         130
  -------         ENDPROC       INIT_EXTERNAL_CLK
  -------         PROC          ENABLE_CROSSBAR
  C:6BD8H         LINE#         132
  C:6BD8H         LINE#         133
  C:6BD8H         LINE#         135
  C:6BDBH         LINE#         136
  -------         ENDPROC       ENABLE_CROSSBAR
  -------         PROC          ENABLE_GENERAL_INT
  C:6BDCH         LINE#         138
  C:6BDCH         LINE#         139
  C:6BDCH         LINE#         140
  C:6BDEH         LINE#         141
  -------         ENDPROC       ENABLE_GENERAL_INT
  -------         PROC          MAIN
  -------         DO            
  X:0000H         SYMBOL        mes
  X:000AH         SYMBOL        f
  X:000EH         SYMBOL        angle
  X:0010H         SYMBOL        ij
  -------         ENDDO         
  C:49E2H         LINE#         144
  C:49E2H         LINE#         145
  C:49E2H         LINE#         147
  C:49ECH         LINE#         148
  C:49F5H         LINE#         149
  C:49FDH         LINE#         152
  C:4A00H         LINE#         153
  C:4A03H         LINE#         156
  C:4A06H         LINE#         159
  C:4A0FH         LINE#         163
[...]


  C:5433H         LINE#         202
  C:545DH         LINE#         203
  C:5487H         LINE#         204
  C:54B1H         LINE#         206
  -------         ENDPROC       _SPI_CMD_LIGHT_ON
  -------         PROC          _SPI_CMD_LIGHT_OFF
  X:0018H         SYMBOL        cmd
  X:001BH         SYMBOL        spi_packet
  C:5E6CH         LINE#         208
  C:5E77H         LINE#         209
  C:5E77H         LINE#         210
  C:5E8DH         LINE#         211
  C:5EA2H         LINE#         212
  C:5EB7H         LINE#         213
  C:5ECCH         LINE#         214
  C:5EE1H         LINE#         216
  -------         ENDPROC       _SPI_CMD_LIGHT_OFF
  -------         PROC          _SPI_CMD_GENERATE_SOUND
  X:0018H         SYMBOL        cmd
  X:001BH         SYMBOL        spi_packet
  C:54B2H         LINE#         218
  C:54BDH         LINE#         219
  C:54BDH         LINE#         220
  C:54D3H         LINE#         221
  C:54FDH         LINE#         222
  C:5527H         LINE#         223
  C:5551H         LINE#         224
  C:557BH         LINE#         225
  -------         ENDPROC       _SPI_CMD_GENERATE_SOUND
  -------         PROC          _SPI_CMD_PHOTO_ON
  X:0018H         SYMBOL        cmd
  X:001BH         SYMBOL        spi_packet
  C:56F9H         LINE#         227
  C:5704H         LINE#         228
  C:5704H         LINE#         230
  C:571AH         LINE#         231
  C:5744H         LINE#         232
  C:576EH         LINE#         233
  C:5798H         LINE#         234
  C:57ADH         LINE#         236
  -------         ENDPROC       _SPI_CMD_PHOTO_ON
  -------         PROC          _SPI_CMD_PHOTO_OFF
  X:0018H         SYMBOL        cmd
  X:001BH         SYMBOL        spi_packet
  C:5EE2H         LINE#         238
  C:5EEDH         LINE#         239
  C:5EEDH         LINE#         240
  C:5F03H         LINE#         241
  C:5F18H         LINE#         242
  C:5F2DH         LINE#         243
  C:5F42H         LINE#         244
  C:5F57H         LINE#         245
  -------         ENDPROC       _SPI_CMD_PHOTO_OFF
  -------         PROC          SPI_VALIDATE
  -------         DO            
  X:001DH         SYMBOL        hash
  X:001FH         SYMBOL        i
BL51 BANKED LINKER/LOCATER V6.22                                                      05/11/2019  14:41:51  PAGE 53


  -------         ENDDO         
  C:5FCDH         LINE#         247
  C:5FCDH         LINE#         248
  C:5FCDH         LINE#         249
  C:5FDDH         LINE#         251
  C:5FF8H         LINE#         252
  C:5FF8H         LINE#         253
  C:601AH         LINE#         254
  C:602AH         LINE#         256
  C:603CH         LINE#         257
  C:603CH         LINE#         258
  C:603FH         LINE#         259
  C:603FH         LINE#         261
  C:603FH         LINE#         262
  C:6041H         LINE#         263
  C:6041H         LINE#         264
  -------         ENDPROC       SPI_VALIDATE
  -------         PROC          SPI_ERROR
  C:6A3DH         LINE#         266
  C:6A3DH         LINE#         267
  C:6A3DH         LINE#         268
  C:6A43H         LINE#         269
  C:6A49H         LINE#         270
  C:6A4FH         LINE#         271
  C:6A55H         LINE#         272
  C:6A5BH         LINE#         273
  -------         ENDPROC       SPI_ERROR
  -------         ENDMOD        SPI_MASTER

  -------         MODULE        POWER_SENSOR
  C:0000H         SYMBOL        _ICE_DUMMY_
  D:0090H         PUBLIC        P1
  X:0375H         PUBLIC        Rshunt
  D:00E8H         PUBLIC        ADC0CN
  C:6808H         PUBLIC        shunt_measure
  D:00A8H         PUBLIC        IE
  C:5175H         PUBLIC        _power_sensor_process
  D:00D8H         PUBLIC        PCA0CN
  D:00B8H         PUBLIC        IP
  D:00C0H         PUBLIC        SMB0CN
  C:6BCDH         PUBLIC        Init_power_sensor
  D:00F8H         PUBLIC        SPI0CN
  C:000EH         PUBLIC        ps_init_timer1
  D:0089H         PUBLIC        TMOD
  D:0088H         PUBLIC        TCON
  B:00A8H.3       PUBLIC        ET1
  D:008DH         PUBLIC        TH1
  D:008BH         PUBLIC        TL1
  X:0379H         PUBLIC        intensite
  C:6042H         PUBLIC        timer_1_int
  X:037DH         PUBLIC        global_energy
  D:0098H         PUBLIC        SCON0
  D:00C8H         PUBLIC        T2CON
  X:037FH         PUBLIC        last_current_measure
  D:00D0H         PUBLIC        PSW
  -------         PROC          TIMER_1_INT
  C:6042H         LINE#         20
BL51 BANKED LINKER/LOCATER V6.22                                                      05/11/2019  14:41:51  PAGE 54


  C:605FH         LINE#         23
  C:6064H         LINE#         26
  C:606FH         LINE#         29
  C:6095H         LINE#         32
  C:6098H         LINE#         33
  C:609BH         LINE#         34
  -------         ENDPROC       TIMER_1_INT
  -------         PROC          SHUNT_MEASURE
  -------         DO            
  X:0146H         SYMBOL        v_adc
  -------         ENDDO         
  C:6808H         LINE#         36
  C:6808H         LINE#         37
  C:6808H         LINE#         38
  C:6812H         LINE#         41
  C:682EH         LINE#         44
  C:684AH         LINE#         46
  -------         ENDPROC       SHUNT_MEASURE
  -------         PROC          INIT_POWER_SENSOR
  C:6BCDH         LINE#         48
  C:6BCDH         LINE#         49
  C:6BCDH         LINE#         50
  C:6BD0H         LINE#         52
  C:6BD2H         LINE#         53
  -------         ENDPROC       INIT_POWER_SENSOR
  -------         PROC          PS_INIT_TIMER1
  C:000EH         LINE#         55
  C:000EH         LINE#         56
  C:000EH         LINE#         58
  C:0011H         LINE#         59
  C:0014H         LINE#         62
  C:0017H         LINE#         63
  C:001AH         LINE#         66
  -------         ENDPROC       PS_INIT_TIMER1
  -------         PROC          _POWER_SENSOR_PROCESS
  X:0012H         SYMBOL        cmd
  X:0015H         SYMBOL        info
  C:5175H         LINE#         68
  C:5180H         LINE#         69
  C:5180H         LINE#         71
  C:5199H         LINE#         72
  C:5199H         LINE#         73
  C:51B8H         LINE#         74
  C:51CDH         LINE#         75
  C:51E3H         LINE#         76
  C:51E4H         LINE#         77
  C:51FDH         LINE#         78
  C:51FDH         LINE#         79
  C:521CH         LINE#         80
  C:5231H         LINE#         81
  C:5247H         LINE#         82
  C:5247H         LINE#         85
  -------         ENDPROC       _POWER_SENSOR_PROCESS
  -------         ENDMOD        POWER_SENSOR

  -------         MODULE        ADC
  C:0000H         SYMBOL        _ICE_DUMMY_
BL51 BANKED LINKER/LOCATER V6.22                                                      05/11/2019  14:41:51  PAGE 55


  D:0090H         PUBLIC        P1
  D:00BCH         PUBLIC        ADC0CF
  D:00E8H         PUBLIC        ADC0CN
  D:00D4H         PUBLIC        DAC0CN
  D:00A8H         PUBLIC        IE
  D:00D8H         PUBLIC        PCA0CN
  D:00B8H         PUBLIC        IP
  D:00D1H         PUBLIC        REF0CN
  B:00E8H.5       PUBLIC        AD0INT
  D:00C0H         PUBLIC        SMB0CN
  D:00F8H         PUBLIC        SPI0CN
  D:0088H         PUBLIC        TCON
  D:00BBH         PUBLIC        AMX0SL
  C:6A1BH         PUBLIC        _choose_ADC_input
  C:6BD3H         PUBLIC        _read_ADC0
  D:0098H         PUBLIC        SCON0
  D:00C8H         PUBLIC        T2CON
  C:6ADDH         PUBLIC        Init_ADC0
  C:6A5CH         PUBLIC        read_ADC0
  D:00BEH         PUBLIC        ADC0
  B:00E8H.4       PUBLIC        AD0BUSY
  D:00D0H         PUBLIC        PSW
  -------         PROC          INIT_ADC0
  C:6ADDH         LINE#         5
  C:6ADDH         LINE#         6
  C:6ADDH         LINE#         8
  C:6AE0H         LINE#         9
  C:6AE3H         LINE#         10
  C:6AE6H         LINE#         14
  C:6AE9H         LINE#         15
  C:6AECH         LINE#         17
  C:6AEFH         LINE#         18
  C:6AF2H         LINE#         19
  -------         ENDPROC       INIT_ADC0
  -------         PROC          _READ_ADC0
  C:6BD3H         LINE#         21
  C:6BD3H         LINE#         22
  C:6BD3H         LINE#         23
  C:6BD7H         LINE#         24
  -------         ENDPROC       _READ_ADC0
  -------         PROC          READ_ADC0
  -------         DO            
  X:014AH         SYMBOL        adc0
  -------         ENDDO         
  C:6A5CH         LINE#         26
  C:6A5CH         LINE#         27
  C:6A5CH         LINE#         28
  C:6A61H         LINE#         30
  C:6A63H         LINE#         31
  C:6A65H         LINE#         34
  C:6A68H         LINE#         36
  C:6A6FH         LINE#         38
  C:6A71H         LINE#         40
  C:6A78H         LINE#         41
  -------         ENDPROC       READ_ADC0
  -------         PROC          _CHOOSE_ADC_INPUT
  X:0146H         SYMBOL        adc_input
BL51 BANKED LINKER/LOCATER V6.22                                                      05/11/2019  14:41:51  PAGE 56


  C:6A1BH         LINE#         43
  C:6A20H         LINE#         44
  C:6A20H         LINE#         45
  C:6A28H         LINE#         46
  C:6A28H         LINE#         47
  C:6A2BH         LINE#         48
  C:6A2CH         LINE#         49
  C:6A35H         LINE#         50
  C:6A35H         LINE#         51
  C:6A38H         LINE#         52
  C:6A39H         LINE#         54
  C:6A39H         LINE#         55
  C:6A3CH         LINE#         56
  C:6A3CH         LINE#         57
  -------         ENDPROC       _CHOOSE_ADC_INPUT
  -------         ENDMOD        ADC

  -------         MODULE        ?C?FPADD
  C:003DH         PUBLIC        ?C?FPADD
  C:0039H         PUBLIC        ?C?FPSUB
  -------         ENDMOD        ?C?FPADD

  -------         MODULE        ?C?FPMUL
  C:012EH         PUBLIC        ?C?FPMUL
  -------         ENDMOD        ?C?FPMUL

  -------         MODULE        ?C?FPDIV
  C:0237H         PUBLIC        ?C?FPDIV
  -------         ENDMOD        ?C?FPDIV

  -------         MODULE        ?C?FPCMP
  C:02D6H         PUBLIC        ?C?FPCMP
  C:02D4H         PUBLIC        ?C?FPCMP3
  -------         ENDMOD        ?C?FPCMP

  -------         MODULE        ?C?FCAST
  C:0357H         PUBLIC        ?C?FCASTC
  C:0352H         PUBLIC        ?C?FCASTI
  C:034DH         PUBLIC        ?C?FCASTL
  -------         ENDMOD        ?C?FCAST

  -------         MODULE        ?C?CASTF
  C:038BH         PUBLIC        ?C?CASTF
  -------         ENDMOD        ?C?CASTF

  -------         MODULE        PRINTF
  X:003BH         PUBLIC        ?_PRINTF?BYTE
  X:003BH         PUBLIC        ?_SPRINTF?BYTE
  C:1BC8H         PUBLIC        _PRINTF
  C:1BC2H         PUBLIC        _SPRINTF
  -------         ENDMOD        PRINTF

  -------         MODULE        SCANF
  X:0114H         PUBLIC        ?_SCANF?BYTE
  X:0114H         PUBLIC        ?_SSCANF?BYTE
  C:206DH         PUBLIC        _SCANF
  C:2069H         PUBLIC        _SSCANF
BL51 BANKED LINKER/LOCATER V6.22                                                      05/11/2019  14:41:51  PAGE 57


  -------         ENDMOD        SCANF

  -------         MODULE        SQRT
  C:5863H         PUBLIC        _SQRT
  -------         ENDMOD        SQRT

  -------         MODULE        ATAN
  C:4C89H         PUBLIC        _ATAN
  -------         ENDMOD        ATAN

  -------         MODULE        ?C?FPROUND
  C:040CH         PUBLIC        ?C?FPROUND
  -------         ENDMOD        ?C?FPROUND

  -------         MODULE        ?C?FPCONVERT
  C:0449H         PUBLIC        ?C?FPCONVERT
  -------         ENDMOD        ?C?FPCONVERT

  -------         MODULE        ?C?FPNEG
  C:059BH         PUBLIC        ?C?FPNEG
  -------         ENDMOD        ?C?FPNEG

  -------         MODULE        ?C?FTNPWR
  C:05DCH         PUBLIC        ?C?FTNPWR
  -------         ENDMOD        ?C?FTNPWR

  -------         MODULE        ?C?COPY
  C:06ECH         PUBLIC        ?C?COPY
  -------         ENDMOD        ?C?COPY

  -------         MODULE        ?C?CLDPTR
  C:0712H         PUBLIC        ?C?CLDPTR
  -------         ENDMOD        ?C?CLDPTR

  -------         MODULE        ?C?CLDOPTR
  C:072BH         PUBLIC        ?C?CLDOPTR
  -------         ENDMOD        ?C?CLDOPTR

  -------         MODULE        ?C?CSTPTR
  C:0758H         PUBLIC        ?C?CSTPTR
  -------         ENDMOD        ?C?CSTPTR

  -------         MODULE        ?C?CSTOPTR
  C:076AH         PUBLIC        ?C?CSTOPTR
  -------         ENDMOD        ?C?CSTOPTR

  -------         MODULE        ?C?IMUL
  C:078CH         PUBLIC        ?C?IMUL
  -------         ENDMOD        ?C?IMUL

  -------         MODULE        ?C?ILDPTR
  C:079EH         PUBLIC        ?C?ILDPTR
  -------         ENDMOD        ?C?ILDPTR

  -------         MODULE        ?C?ILDOPTR
  C:07C9H         PUBLIC        ?C?ILDOPTR
  -------         ENDMOD        ?C?ILDOPTR
BL51 BANKED LINKER/LOCATER V6.22                                                      05/11/2019  14:41:51  PAGE 58



  -------         MODULE        ?C?ISTPTR
  C:0801H         PUBLIC        ?C?ISTPTR
  -------         ENDMOD        ?C?ISTPTR

  -------         MODULE        ?C?ISTOPTR
  C:0820H         PUBLIC        ?C?ISTOPTR
  -------         ENDMOD        ?C?ISTOPTR

  -------         MODULE        ?C?LNEG
  C:084DH         PUBLIC        ?C?LNEG
  -------         ENDMOD        ?C?LNEG

  -------         MODULE        ?C?LLDOPTR
  C:085BH         PUBLIC        ?C?LLDOPTR
  -------         ENDMOD        ?C?LLDOPTR

  -------         MODULE        ?C?LSTPTR
  C:088BH         PUBLIC        ?C?LSTPTR
  -------         ENDMOD        ?C?LSTPTR

  -------         MODULE        ?C?LSTOPTR
  C:08A5H         PUBLIC        ?C?LSTOPTR
  -------         ENDMOD        ?C?LSTOPTR

  -------         MODULE        ?C?LLDXDATA
  C:08C9H         PUBLIC        ?C?LLDXDATA
  -------         ENDMOD        ?C?LLDXDATA

  -------         MODULE        ?C?LLDCODE
  C:08D5H         PUBLIC        ?C?LLDCODE
  -------         ENDMOD        ?C?LLDCODE

  -------         MODULE        ?C?LLDXDATA0
  C:08E5H         PUBLIC        ?C?LLDXDATA0
  -------         ENDMOD        ?C?LLDXDATA0

  -------         MODULE        ?C?LLDCODE0
  C:08F1H         PUBLIC        ?C?LLDCODE0
  -------         ENDMOD        ?C?LLDCODE0

  -------         MODULE        ?C?LSTXDATA
  C:0901H         PUBLIC        ?C?LSTXDATA
  -------         ENDMOD        ?C?LSTXDATA

  -------         MODULE        ?C?LSTKXDATA
  C:090DH         PUBLIC        ?C?LSTKXDATA
  -------         ENDMOD        ?C?LSTKXDATA

  -------         MODULE        ?C?OFFXADD
  C:093EH         PUBLIC        ?C?OFFXADD
  -------         ENDMOD        ?C?OFFXADD

  -------         MODULE        ?C?PLDXDATA
  C:094AH         PUBLIC        ?C?PLDXDATA
  -------         ENDMOD        ?C?PLDXDATA

BL51 BANKED LINKER/LOCATER V6.22                                                      05/11/2019  14:41:51  PAGE 59


  -------         MODULE        ?C?PLDIXDATA
  C:0953H         PUBLIC        ?C?PLDIXDATA
  -------         ENDMOD        ?C?PLDIXDATA

  -------         MODULE        ?C?PILDXDATA
  C:096AH         PUBLIC        ?C?PILDXDATA
  -------         ENDMOD        ?C?PILDXDATA

  -------         MODULE        ?C?PSTXDATA
  C:0981H         PUBLIC        ?C?PSTXDATA
  -------         ENDMOD        ?C?PSTXDATA

  -------         MODULE        ?C?PLDPTR
  C:098AH         PUBLIC        ?C?PLDPTR
  -------         ENDMOD        ?C?PLDPTR

  -------         MODULE        ?C?PSTPTR
  C:09AAH         PUBLIC        ?C?PSTPTR
  -------         ENDMOD        ?C?PSTPTR

  -------         MODULE        ?C?PLDOPTR
  C:09F9H         PUBLIC        ?C?PLDOPTR
  -------         ENDMOD        ?C?PLDOPTR

  -------         MODULE        ?C?PSTOPTR
  C:0A29H         PUBLIC        ?C?PSTOPTR
  -------         ENDMOD        ?C?PSTOPTR

  -------         MODULE        ?C?CCASE
  C:0A82H         PUBLIC        ?C?CCASE
  -------         ENDMOD        ?C?CCASE

  -------         MODULE        ?C?ICALL
  C:0AA8H         PUBLIC        ?C?ICALL
  C:0AACH         PUBLIC        ?C?ICALL2
  -------         ENDMOD        ?C?ICALL

  -------         MODULE        PUTCHAR
  C:69ACH         PUBLIC        _PUTCHAR
  -------         ENDMOD        PUTCHAR

  -------         MODULE        GETCHAR
  B:0022H.6       PUBLIC        ?C?CHARLOADED
  X:0395H         PUBLIC        ?_UNGETCHAR?BYTE
  C:6B1CH         PUBLIC        GETCHAR
  -------         ENDMOD        GETCHAR

  -------         MODULE        UNGETC
  C:0003H         PUBLIC        _UNGETCHAR
  -------         ENDMOD        UNGETC

  -------         MODULE        ISSPACE
  C:6B30H         PUBLIC        _isspace
  -------         ENDMOD        ISSPACE

  -------         MODULE        ?C?STRCMP
  C:0C2CH         PUBLIC        ?C?STRCMP
BL51 BANKED LINKER/LOCATER V6.22                                                      05/11/2019  14:41:51  PAGE 60


  -------         ENDMOD        ?C?STRCMP

  -------         MODULE        STRLEN
  C:6AF3H         PUBLIC        _STRLEN
  -------         ENDMOD        STRLEN

  -------         MODULE        ?C?MEMSET
  C:0C49H         PUBLIC        ?C?MEMSET
  -------         ENDMOD        ?C?MEMSET

  -------         MODULE        ?C?LLDIDATA
  C:0C75H         PUBLIC        ?C?LLDIDATA
  -------         ENDMOD        ?C?LLDIDATA

  -------         MODULE        ?C?LLDPDATA
  C:0C81H         PUBLIC        ?C?LLDPDATA
  -------         ENDMOD        ?C?LLDPDATA

  -------         MODULE        ?C?LSTIDATA
  C:0C8DH         PUBLIC        ?C?LSTIDATA
  -------         ENDMOD        ?C?LSTIDATA

  -------         MODULE        ?C?LSTPDATA
  C:0C99H         PUBLIC        ?C?LSTPDATA
  -------         ENDMOD        ?C?LSTPDATA

  -------         MODULE        ?C?PLDIDATA
  C:0CA5H         PUBLIC        ?C?PLDIDATA
  -------         ENDMOD        ?C?PLDIDATA

  -------         MODULE        ?C?PSTIDATA
  C:0CAEH         PUBLIC        ?C?PSTIDATA
  -------         ENDMOD        ?C?PSTIDATA

  -------         MODULE        ?C?PLDPDATA
  C:0CB7H         PUBLIC        ?C?PLDPDATA
  -------         ENDMOD        ?C?PLDPDATA

  -------         MODULE        ?C?PSTPDATA
  C:0CC0H         PUBLIC        ?C?PSTPDATA
  -------         ENDMOD        ?C?PSTPDATA

  -------         MODULE        ?C?PLDCODE
  C:0CC9H         PUBLIC        ?C?PLDCODE
  -------         ENDMOD        ?C?PLDCODE

  -------         MODULE        _GETKEY
  C:6BC3H         PUBLIC        _GETKEY
  -------         ENDMOD        _GETKEY

*** WARNING L16: UNCALLED SEGMENT, IGNORED FOR OVERLAY PROCESS
    SEGMENT: ?PR?_ENERGY_MEASURE?COMMANDS

*** WARNING L16: UNCALLED SEGMENT, IGNORED FOR OVERLAY PROCESS
    SEGMENT: ?PR?_SEND_MI_RESULT?COMMANDS_PARSER

*** WARNING L16: UNCALLED SEGMENT, IGNORED FOR OVERLAY PROCESS
BL51 BANKED LINKER/LOCATER V6.22                                                      05/11/2019  14:41:51  PAGE 61


    SEGMENT: ?PR?_SEND_ME_RESULT?COMMANDS_PARSER

*** WARNING L15: MULTIPLE CALL TO SEGMENT
    SEGMENT: ?PR?SCANF?SCANF
    CALLER1: ?C_C51STARTUP
    CALLER2: ?PR?_MOVE_TO_CMD?COMMANDS

*** WARNING L15: MULTIPLE CALL TO SEGMENT
    SEGMENT: ?PR??C?ATOF??C?ATOF
    CALLER1: ?C_C51STARTUP
    CALLER2: ?PR?_MOVE_TO_CMD?COMMANDS

*** WARNING L15: MULTIPLE CALL TO SEGMENT
    SEGMENT: ?PR?_CHOOSE_ADC_INPUT?ADC
    CALLER1: ?C_C51STARTUP
    CALLER2: ?PR?TIMER_1_INT?POWER_SENSOR

*** WARNING L1: UNRESOLVED EXTERNAL SYMBOL
    SYMBOL:  _DD_OBS_DETECTION
    MODULE:  .\Objects\distance_detector.obj (DISTANCE_DETECTOR)

*** WARNING L2: REFERENCE MADE TO UNRESOLVED EXTERNAL
    SYMBOL:  _DD_OBS_DETECTION
    MODULE:  .\Objects\distance_detector.obj (DISTANCE_DETECTOR)
    ADDRESS: 4081H

Program Size: data=33.7 xdata=918 code=27615
LINK/LOCATE RUN COMPLETE.  8 WARNING(S),  0 ERROR(S)
