BL51 BANKED LINKER/LOCATER V6.22                                                        04/21/2019  18:57:02  PAGE 1


BL51 BANKED LINKER/LOCATER V6.22, INVOKED BY:
C:\KEIL_V5\C51\BIN\BL51.EXE .\Objects\STARTUP.obj, .\Objects\commands.obj, .\Objects\commands_parser.obj, .\Objects\main
>> .obj, .\Objects\serializer.obj, .\Objects\motion.obj, .\Objects\distance_detector.obj, .\Objects\spi_master.obj TO .\
>> Objects\robot_V1 PRINT (.\Listings\robot_V1.m51) RAMSIZE (256) OVERLAY (* ! MOVE_TO_CMD)


MEMORY MODEL: LARGE WITH FLOATING POINT ARITHMETIC


INPUT MODULES INCLUDED:
  .\Objects\STARTUP.obj (?C_STARTUP)
  .\Objects\commands.obj (COMMANDS)
  .\Objects\commands_parser.obj (COMMANDS_PARSER)
  .\Objects\main.obj (MAIN)
  .\Objects\serializer.obj (SERIALIZER)
  .\Objects\motion.obj (MOTION)
  .\Objects\distance_detector.obj (DISTANCE_DETECTOR)
  .\Objects\spi_master.obj (SPI_MASTER)
  C:\KEIL_V5\C51\LIB\C51FPL.LIB (?C?FPADD)
  C:\KEIL_V5\C51\LIB\C51FPL.LIB (?C?FPMUL)
  C:\KEIL_V5\C51\LIB\C51FPL.LIB (?C?FPDIV)
  C:\KEIL_V5\C51\LIB\C51FPL.LIB (?C?FPCMP)
  C:\KEIL_V5\C51\LIB\C51FPL.LIB (?C?FCAST)
  C:\KEIL_V5\C51\LIB\C51FPL.LIB (?C?CASTF)
  C:\KEIL_V5\C51\LIB\C51FPL.LIB (PRINTF)
  C:\KEIL_V5\C51\LIB\C51FPL.LIB (SCANF)
  C:\KEIL_V5\C51\LIB\C51FPL.LIB (SQRT)
  C:\KEIL_V5\C51\LIB\C51FPL.LIB (ATAN)
  C:\KEIL_V5\C51\LIB\C51FPL.LIB (?C?FPGETOPN)
  C:\KEIL_V5\C51\LIB\C51FPL.LIB (?C?FPROUND)
  C:\KEIL_V5\C51\LIB\C51FPL.LIB (?C?FPCONVERT)
  C:\KEIL_V5\C51\LIB\C51FPL.LIB (?C?ATOF)
  C:\KEIL_V5\C51\LIB\C51FPL.LIB (?C?FPSERIES)
  C:\KEIL_V5\C51\LIB\C51FPL.LIB (?C?FPNEG)
  C:\KEIL_V5\C51\LIB\C51FPL.LIB (?C?FTNPWR)
  C:\KEIL_V5\C51\LIB\C51L.LIB (?C_INIT)
  C:\KEIL_V5\C51\LIB\C51L.LIB (?C?COPY)
  C:\KEIL_V5\C51\LIB\C51L.LIB (?C?CLDPTR)
  C:\KEIL_V5\C51\LIB\C51L.LIB (?C?CLDOPTR)
  C:\KEIL_V5\C51\LIB\C51L.LIB (?C?CSTPTR)
  C:\KEIL_V5\C51\LIB\C51L.LIB (?C?CSTOPTR)
  C:\KEIL_V5\C51\LIB\C51L.LIB (?C?IMUL)
  C:\KEIL_V5\C51\LIB\C51L.LIB (?C?ILDPTR)
  C:\KEIL_V5\C51\LIB\C51L.LIB (?C?ILDOPTR)
  C:\KEIL_V5\C51\LIB\C51L.LIB (?C?ISTPTR)
  C:\KEIL_V5\C51\LIB\C51L.LIB (?C?ISTOPTR)
  C:\KEIL_V5\C51\LIB\C51L.LIB (?C?LNEG)
  C:\KEIL_V5\C51\LIB\C51L.LIB (?C?LLDOPTR)
  C:\KEIL_V5\C51\LIB\C51L.LIB (?C?LSTPTR)
  C:\KEIL_V5\C51\LIB\C51L.LIB (?C?LSTOPTR)
  C:\KEIL_V5\C51\LIB\C51L.LIB (?C?LLDXDATA)
  C:\KEIL_V5\C51\LIB\C51L.LIB (?C?LLDCODE)
  C:\KEIL_V5\C51\LIB\C51L.LIB (?C?LLDXDATA0)
  C:\KEIL_V5\C51\LIB\C51L.LIB (?C?LLDCODE0)
  C:\KEIL_V5\C51\LIB\C51L.LIB (?C?LSTXDATA)
  C:\KEIL_V5\C51\LIB\C51L.LIB (?C?LSTKXDATA)
  C:\KEIL_V5\C51\LIB\C51L.LIB (?C?OFFXADD)
  C:\KEIL_V5\C51\LIB\C51L.LIB (?C?PLDXDATA)
BL51 BANKED LINKER/LOCATER V6.22                                                      04/21/2019  18:57:02  PAGE 2


  C:\KEIL_V5\C51\LIB\C51L.LIB (?C?PLDIXDATA)
  C:\KEIL_V5\C51\LIB\C51L.LIB (?C?PILDXDATA)
  C:\KEIL_V5\C51\LIB\C51L.LIB (?C?PSTXDATA)
  C:\KEIL_V5\C51\LIB\C51L.LIB (?C?PLDPTR)
  C:\KEIL_V5\C51\LIB\C51L.LIB (?C?PSTPTR)
  C:\KEIL_V5\C51\LIB\C51L.LIB (?C?PLDOPTR)
  C:\KEIL_V5\C51\LIB\C51L.LIB (?C?PSTOPTR)
  C:\KEIL_V5\C51\LIB\C51L.LIB (?C?CCASE)
  C:\KEIL_V5\C51\LIB\C51L.LIB (?C?ICALL)
  C:\KEIL_V5\C51\LIB\C51L.LIB (PUTCHAR)
  C:\KEIL_V5\C51\LIB\C51L.LIB (GETCHAR)
  C:\KEIL_V5\C51\LIB\C51L.LIB (UNGETC)
  C:\KEIL_V5\C51\LIB\C51L.LIB (ISSPACE)
  C:\KEIL_V5\C51\LIB\C51L.LIB (?C?STRCMP)
  C:\KEIL_V5\C51\LIB\C51L.LIB (STRLEN)
  C:\KEIL_V5\C51\LIB\C51L.LIB (?C?MEMSET)
  C:\KEIL_V5\C51\LIB\C51L.LIB (?C?LLDIDATA)
  C:\KEIL_V5\C51\LIB\C51L.LIB (?C?LLDPDATA)
  C:\KEIL_V5\C51\LIB\C51L.LIB (?C?LSTIDATA)
  C:\KEIL_V5\C51\LIB\C51L.LIB (?C?LSTPDATA)
  C:\KEIL_V5\C51\LIB\C51L.LIB (?C?PLDIDATA)
  C:\KEIL_V5\C51\LIB\C51L.LIB (?C?PSTIDATA)
  C:\KEIL_V5\C51\LIB\C51L.LIB (?C?PLDPDATA)
  C:\KEIL_V5\C51\LIB\C51L.LIB (?C?PSTPDATA)
  C:\KEIL_V5\C51\LIB\C51L.LIB (?C?PLDCODE)
  C:\KEIL_V5\C51\LIB\C51L.LIB (_GETKEY)


LINK MAP OF MODULE:  .\Objects\robot_V1 (?C_STARTUP)


            TYPE    BASE      LENGTH    RELOCATION   SEGMENT NAME
            -----------------------------------------------------

            * * * * * * *   D A T A   M E M O R Y   * * * * * * *
            REG     0000H     0008H     ABSOLUTE     "REG BANK 0"
            DATA    0008H     0016H     UNIT         _DATA_GROUP_
                    001EH     0002H                  *** GAP ***
            BIT     0020H.0   0002H.6   UNIT         _BIT_GROUP_
            BIT     0022H.6   0000H.1   UNIT         ?BI?GETCHAR
                    0022H.7   0000H.1                *** GAP ***
            IDATA   0023H     0001H     UNIT         ?STACK

            * * * * * * *  X D A T A   M E M O R Y  * * * * * * *
            XDATA   0000H     0146H     UNIT         _XDATA_GROUP_
            XDATA   0146H     00ECH     UNIT         ?XD?COMMANDS_PARSER
            XDATA   0232H     0058H     UNIT         ?XD?MAIN
            XDATA   028AH     0036H     UNIT         ?XD?DISTANCE_DETECTOR
            XDATA   02C0H     0025H     UNIT         ?XD?SERIALIZER
            XDATA   02E5H     000BH     UNIT         ?XD?SPI_MASTER
            XDATA   02F0H     0001H     UNIT         ?XD?SERIALIZER_INIT_SERIAL?SERIALIZER
            XDATA   02F1H     0001H     UNIT         ?XD?GETCHAR

            * * * * * * *   C O D E   M E M O R Y   * * * * * * *
            CODE    0000H     0003H     ABSOLUTE     
            CODE    0003H     0008H     UNIT         ?PR?GETCHAR?UNGETCHAR
            CODE    000BH     0003H     ABSOLUTE     
BL51 BANKED LINKER/LOCATER V6.22                                                      04/21/2019  18:57:02  PAGE 3


            CODE    000EH     0022H     UNIT         ?PR?_IDLE?SERIALIZER
            CODE    0030H     0003H     UNIT         ?PR?ENABLE_GENERAL_INT?MAIN
            CODE    0033H     0003H     ABSOLUTE     
            CODE    0036H     0C9FH     UNIT         ?C?LIB_CODE
            CODE    0CD5H     052AH     UNIT         ?PR?_DELTA_ANGLE?MOTION
            CODE    11FFH     04B1H     UNIT         ?PR?_GENERATE_SOUND_CMD?COMMANDS
            CODE    16B0H     04ADH     UNIT         ?PR?_LIGHT_BEAM_ON_CMD?COMMANDS
            CODE    1B5DH     0483H     UNIT         ?PR?PRINTF?PRINTF
            CODE    1FE0H     035AH     UNIT         ?PR?SCANF?SCANF
            CODE    233AH     0339H     UNIT         ?PR?_MOVE_TO_CMD?COMMANDS
            CODE    2673H     0319H     UNIT         ?PR?_IDLE_NEXT_STATE?SERIALIZER
            CODE    298CH     02A7H     UNIT         ?PR?_SERIALIZER_PROCESS?SERIALIZER
            CODE    2C33H     0247H     UNIT         ?PR?_PARSE?COMMANDS_PARSER
            CODE    2E7AH     023FH     UNIT         ?PR?_SPI_PROCESS?SPI_MASTER
            CODE    30B9H     0220H     UNIT         ?PR?_SEND_INFORMATIONS?COMMANDS_PARSER
            CODE    32D9H     01E4H     UNIT         ?C_INITSEG
            CODE    34BDH     01A8H     UNIT         ?PR?_SERVO_MOVE_CMD?COMMANDS
            CODE    3665H     017CH     UNIT         ?PR?_ANGLE_ROTATION_CMD?COMMANDS
            CODE    37E1H     0167H     UNIT         ?PR?_NAVIGATE?SERIALIZER
            CODE    3948H     0154H     UNIT         ?PR?_MOVE_FORWARD_CMD?COMMANDS
            CODE    3A9CH     0154H     UNIT         ?PR?_MOVE_BACKWARD_CMD?COMMANDS
            CODE    3BF0H     013AH     UNIT         ?PR?_COMPLETE_ROTATION_CMD?COMMANDS
            CODE    3D2AH     0137H     UNIT         ?PR?_DD_SINGLE_MEASURE?DISTANCE_DETECTOR
            CODE    3E61H     0122H     UNIT         ?PR?ATAN?ATAN
            CODE    3F83H     0106H     UNIT         ?PR?_EPREUVE_CMD?COMMANDS
            CODE    4089H     00FEH     UNIT         ?PR?_MOVETO?SERIALIZER
            CODE    4187H     00F6H     UNIT         ?PR?MAIN?MAIN
            CODE    427DH     00ECH     UNIT         ?PR?TIMER_0_INT?DISTANCE_DETECTOR
            CODE    4369H     00E6H     UNIT         ?PR??C?ATOF??C?ATOF
            CODE    444FH     00D0H     UNIT         ?PR?_SET_DEFAULT_SPEED_CMD?COMMANDS
            CODE    451FH     00D0H     UNIT         ?PR?_SPI_TRANSMIT?SPI_MASTER
            CODE    45EFH     00CAH     UNIT         ?PR?_SPI_CMD_LIGHT_ON?SPI_MASTER
            CODE    46B9H     00CAH     UNIT         ?PR?_SPI_CMD_GENERATE_SOUND?SPI_MASTER
            CODE    4783H     00B1H     UNIT         ?PR?IS_PID_PROCESSING?SERIALIZER
            CODE    4834H     00ACH     UNIT         ?PR?SQRT?SQRT
            CODE    48E0H     00A9H     UNIT         ?PR?_SPI_CMD_SERVO?SPI_MASTER
            CODE    4989H     00A6H     UNIT         ?PR?_TRANSLATE?SERIALIZER
            CODE    4A2FH     00A4H     UNIT         ?PR?_MOVEANGLE?SERIALIZER
            CODE    4AD3H     009EH     UNIT         ?PR?_DD_IDLE?DISTANCE_DETECTOR
            CODE    4B71H     009CH     UNIT         ?PR?_WAIT?COMMANDS_PARSER
            CODE    4C0DH     0096H     UNIT         ?PR?_ANGLE_TARGET?MOTION
            CODE    4CA3H     0094H     UNIT         ?CO?COMMANDS_PARSER
            CODE    4D37H     008CH     UNIT         ?C_C51STARTUP
            CODE    4DC3H     008AH     UNIT         ?PR?_SEND_KOB_MOU?COMMANDS_PARSER
            CODE    4E4DH     0088H     UNIT         ?PR?_DD_MOVE_SERVO_H?DISTANCE_DETECTOR
            CODE    4ED5H     0080H     UNIT         ?CO?MAIN
            CODE    4F55H     0076H     UNIT         ?PR?_SPI_CMD_LIGHT_OFF?SPI_MASTER
            CODE    4FCBH     0075H     UNIT         ?PR?_DD_SLEW_DETECTION?DISTANCE_DETECTOR
            CODE    5040H     0075H     UNIT         ?PR?SPI_VALIDATE?SPI_MASTER
            CODE    50B5H     006CH     UNIT         ?PR?_ROTATE?SERIALIZER
            CODE    5121H     0063H     UNIT         ?PR?_SETMOTORS?SERIALIZER
            CODE    5184H     005BH     UNIT         ?PR?_CMD_PARSER_PROCESS?COMMANDS_PARSER
            CODE    51DFH     005BH     UNIT         ?PR?_SERIALIZER_PRINT?SERIALIZER
            CODE    523AH     0058H     UNIT         ?PR?DD_MESURE?DISTANCE_DETECTOR
            CODE    5292H     0056H     UNIT         ?PR?_USART_PRINT?COMMANDS_PARSER
            CODE    52E8H     0055H     UNIT         ?PR?_INIT_PARSER?COMMANDS_PARSER
            CODE    533DH     0050H     UNIT         ?CO?SERIALIZER
BL51 BANKED LINKER/LOCATER V6.22                                                      04/21/2019  18:57:02  PAGE 4


            CODE    538DH     0050H     UNIT         ?PR?DD_START_CONVERSION?DISTANCE_DETECTOR
            CODE    53DDH     0048H     UNIT         ?PR?_MOVE_STOP_CMD?COMMANDS
            CODE    5425H     0048H     UNIT         ?PR?_RIGTH_ROTATION_CMD?COMMANDS
            CODE    546DH     0048H     UNIT         ?PR?_LEFT_ROTATION_CMD?COMMANDS
            CODE    54B5H     0048H     UNIT         ?PR?_DETECTE_OBSTACLE?COMMANDS
            CODE    54FDH     0048H     UNIT         ?PR?_LIGHT_BEAM_OFF_CMD?COMMANDS
            CODE    5545H     0047H     UNIT         ?CO?COMMANDS
            CODE    558CH     0045H     UNIT         ?PR?_SAFETY_BREAK_CMD?COMMANDS
            CODE    55D1H     0045H     UNIT         ?PR?_DISTANCE_DETECTOR_PROCESS?DISTANCE_DETECTOR
            CODE    5616H     0043H     UNIT         ?PR?_GET_COMMAND?COMMANDS_PARSER
            CODE    5659H     003AH     UNIT         ?PR?_DISTANCE?MOTION
            CODE    5693H     0039H     UNIT         ?PR?CLEAR_VAL_OBS_BUFFER?DISTANCE_DETECTOR
            CODE    56CCH     0035H     UNIT         ?PR?_SERIALIZER_RECEIVE?SERIALIZER
            CODE    5701H     0032H     UNIT         ?PR?_USART_RECEIVE?COMMANDS_PARSER
            CODE    5733H     0032H     UNIT         ?PR?SPI_INT?SPI_MASTER
            CODE    5765H     002EH     UNIT         ?PR?_STOP?SERIALIZER
            CODE    5793H     0027H     UNIT         ?PR?_DEFAULT_PROCESS?COMMANDS
            CODE    57BAH     0027H     UNIT         ?PR?PUTCHAR?PUTCHAR
            CODE    57E1H     0026H     UNIT         ?PR?_EPREUVE_STOP?COMMANDS
            CODE    5807H     001FH     UNIT         ?PR?SPI_ERROR?SPI_MASTER
            CODE    5826H     001BH     UNIT         ?PR?INIT_SPI?SPI_MASTER
            CODE    5841H     0019H     UNIT         ?PR?_DD_SET_ANGLE?DISTANCE_DETECTOR
            CODE    585AH     0018H     UNIT         ?PR?SERIALIZER_INIT_SERIAL?SERIALIZER
            CODE    5872H     0018H     UNIT         ?PR?SERIALIZER_CLEAR_SERIAL?SERIALIZER
            CODE    588AH     0016H     UNIT         ?PR?DD_CONFIG_DAC_ADC?DISTANCE_DETECTOR
            CODE    58A0H     0015H     UNIT         ?PR?_SERIALIZER_SEND?SERIALIZER
            CODE    58B5H     0015H     UNIT         ?PR?_STRLEN?STRLEN
            CODE    58CAH     0014H     UNIT         ?PR?_SPI_SEND_CHAR?SPI_MASTER
            CODE    58DEH     0014H     UNIT         ?PR?GETCHAR?GETCHAR
            CODE    58F2H     0014H     UNIT         ?PR?_ISSPACE?ISSPACE
            CODE    5906H     0012H     UNIT         ?PR?_USART_SEND?COMMANDS_PARSER
            CODE    5918H     0012H     UNIT         ?PR?INIT_SERIALIZER_UART1?SERIALIZER
            CODE    592AH     0012H     UNIT         ?PR?_UART_SEND?SERIALIZER
            CODE    593CH     0010H     UNIT         ?PR?VALID_CMD_FLAG?COMMANDS_PARSER
            CODE    594CH     0010H     UNIT         ?PR?ERROR_CMD_FLAG?COMMANDS_PARSER
            CODE    595CH     000FH     UNIT         ?PR?INIT_EXTERNAL_CLK?MAIN
            CODE    596BH     000FH     UNIT         ?PR?DD_INIT_TIMER0?DISTANCE_DETECTOR
            CODE    597AH     000EH     UNIT         ?PR?INIT_DISTANCE_DETECTOR?DISTANCE_DETECTOR
            CODE    5988H     000AH     UNIT         ?PR?_GETKEY?_GETKEY
            CODE    5992H     0004H     UNIT         ?PR?ENABLE_CROSSBAR?MAIN



OVERLAY MAP OF MODULE:   .\Objects\robot_V1 (?C_STARTUP)


SEGMENT                                             BIT_GROUP          DATA_GROUP          XDATA_GROUP
  +--> CALLED SEGMENT                            START    LENGTH     START    LENGTH     START    LENGTH
--------------------------------------------------------------------------------------------------------
?C_C51STARTUP                                    -----    -----      -----    -----      -----    -----
  +--> ?PR?MAIN?MAIN
  +--> ?C_INITSEG

?PR?MAIN?MAIN                                    -----    -----      -----    -----      0000H    0012H
  +--> ?PR?INIT_EXTERNAL_CLK?MAIN
  +--> ?PR?_INIT_PARSER?COMMANDS_PARSER
  +--> ?PR?INIT_SERIALIZER_UART1?SERIALIZER
BL51 BANKED LINKER/LOCATER V6.22                                                      04/21/2019  18:57:02  PAGE 5


  +--> ?PR?INIT_DISTANCE_DETECTOR?DISTANCE_D...
  +--> ?PR?INIT_SPI?SPI_MASTER
  +--> ?PR?ENABLE_CROSSBAR?MAIN
  +--> ?PR?ENABLE_GENERAL_INT?MAIN
  +--> ?CO?MAIN
  +--> ?PR?_USART_PRINT?COMMANDS_PARSER
  +--> ?PR?_CMD_PARSER_PROCESS?COMMANDS_PARSER
  +--> ?PR?_SERIALIZER_PROCESS?SERIALIZER
  +--> ?PR?_DISTANCE_DETECTOR_PROCESS?DISTAN...
  +--> ?PR?_SPI_PROCESS?SPI_MASTER

?PR?_INIT_PARSER?COMMANDS_PARSER                 -----    -----      -----    -----      0012H    0003H

?PR?INIT_DISTANCE_DETECTOR?DISTANCE_D...         -----    -----      -----    -----      -----    -----
  +--> ?PR?DD_CONFIG_DAC_ADC?DISTANCE_DETECTOR
  +--> ?PR?DD_INIT_TIMER0?DISTANCE_DETECTOR

?PR?_USART_PRINT?COMMANDS_PARSER                 -----    -----      -----    -----      00F1H    0004H
  +--> ?PR?_STRLEN?STRLEN
  +--> ?PR?_USART_SEND?COMMANDS_PARSER

?PR?_USART_SEND?COMMANDS_PARSER                  -----    -----      -----    -----      00F5H    0001H

?PR?_CMD_PARSER_PROCESS?COMMANDS_PARSER          -----    -----      -----    -----      0012H    0003H
  +--> ?PR?_WAIT?COMMANDS_PARSER
  +--> ?PR?_GET_COMMAND?COMMANDS_PARSER
  +--> ?PR?_SEND_INFORMATIONS?COMMANDS_PARSER

?PR?_WAIT?COMMANDS_PARSER                        -----    -----      -----    -----      0015H    0004H
  +--> ?PR?_USART_RECEIVE?COMMANDS_PARSER
  +--> ?PR?_USART_SEND?COMMANDS_PARSER

?PR?_USART_RECEIVE?COMMANDS_PARSER               -----    -----      -----    -----      0019H    0003H

?PR?_GET_COMMAND?COMMANDS_PARSER                 -----    -----      -----    -----      0015H    0003H
  +--> ?PR?_PARSE?COMMANDS_PARSER
  +--> ?PR?ERROR_CMD_FLAG?COMMANDS_PARSER
  +--> ?PR?VALID_CMD_FLAG?COMMANDS_PARSER
  +--> ?PR?_STRLEN?STRLEN

?PR?_PARSE?COMMANDS_PARSER                       -----    -----      -----    -----      0018H    00D9H
  +--> ?CO?COMMANDS_PARSER
  +--> ?PR?_USART_PRINT?COMMANDS_PARSER

?PR?ERROR_CMD_FLAG?COMMANDS_PARSER               -----    -----      -----    -----      -----    -----
  +--> ?PR?_USART_SEND?COMMANDS_PARSER

?PR?VALID_CMD_FLAG?COMMANDS_PARSER               -----    -----      -----    -----      -----    -----
  +--> ?PR?_USART_SEND?COMMANDS_PARSER

?PR?_SEND_INFORMATIONS?COMMANDS_PARSER           -----    -----      -----    -----      0015H    0003H
  +--> ?CO?COMMANDS_PARSER
  +--> ?PR?_SEND_KOB_MOU?COMMANDS_PARSER
  +--> ?PR?_USART_PRINT?COMMANDS_PARSER

?PR?_SEND_KOB_MOU?COMMANDS_PARSER                -----    -----      -----    -----      0018H    0023H
  +--> ?CO?COMMANDS_PARSER
BL51 BANKED LINKER/LOCATER V6.22                                                      04/21/2019  18:57:02  PAGE 6


  +--> ?PR?PRINTF?PRINTF

?PR?PRINTF?PRINTF                                0020H.0  0001H.1    0008H    0005H      003BH    0030H
  +--> ?PR?PUTCHAR?PUTCHAR

?PR?_SERIALIZER_PROCESS?SERIALIZER               -----    -----      -----    -----      0012H    0008H
  +--> ?CO?SERIALIZER
  +--> ?PR?_IDLE_NEXT_STATE?SERIALIZER

?PR?_IDLE_NEXT_STATE?SERIALIZER                  -----    -----      -----    -----      001AH    0006H

?PR?_DISTANCE_DETECTOR_PROCESS?DISTAN...         -----    -----      -----    -----      0012H    0003H

?PR?_SPI_PROCESS?SPI_MASTER                      -----    -----      -----    -----      0012H    0006H
  +--> ?PR?_SPI_CMD_GENERATE_SOUND?SPI_MASTER
  +--> ?PR?_SPI_CMD_LIGHT_ON?SPI_MASTER
  +--> ?PR?_SPI_CMD_LIGHT_OFF?SPI_MASTER
  +--> ?PR?_SPI_CMD_SERVO?SPI_MASTER
  +--> ?PR?_SPI_TRANSMIT?SPI_MASTER

?PR?_SPI_CMD_GENERATE_SOUND?SPI_MASTER           -----    -----      -----    -----      0018H    0006H

?PR?_SPI_CMD_LIGHT_ON?SPI_MASTER                 -----    -----      -----    -----      0018H    0006H

?PR?_SPI_CMD_LIGHT_OFF?SPI_MASTER                -----    -----      -----    -----      0018H    0006H

?PR?_SPI_CMD_SERVO?SPI_MASTER                    -----    -----      -----    -----      0018H    0006H

?PR?_SPI_TRANSMIT?SPI_MASTER                     -----    -----      -----    -----      0018H    0005H
  +--> ?PR?_SPI_SEND_CHAR?SPI_MASTER
  +--> ?PR?SPI_VALIDATE?SPI_MASTER
  +--> ?PR?SPI_ERROR?SPI_MASTER

?PR?_SPI_SEND_CHAR?SPI_MASTER                    -----    -----      -----    -----      001DH    0001H

?PR?SPI_VALIDATE?SPI_MASTER                      -----    -----      -----    -----      001DH    0004H

?C_INITSEG                                       -----    -----      -----    -----      -----    -----
  +--> ?CO?COMMANDS_PARSER
  +--> ?PR?_EPREUVE_CMD?COMMANDS
  +--> ?PR?_EPREUVE_STOP?COMMANDS
  +--> ?PR?_SAFETY_BREAK_CMD?COMMANDS
  +--> ?PR?_SET_DEFAULT_SPEED_CMD?COMMANDS
  +--> ?PR?_MOVE_FORWARD_CMD?COMMANDS
  +--> ?PR?_MOVE_BACKWARD_CMD?COMMANDS
  +--> ?PR?_MOVE_STOP_CMD?COMMANDS
  +--> ?PR?_RIGTH_ROTATION_CMD?COMMANDS
  +--> ?PR?_LEFT_ROTATION_CMD?COMMANDS
  +--> ?PR?_COMPLETE_ROTATION_CMD?COMMANDS
  +--> ?PR?_ANGLE_ROTATION_CMD?COMMANDS
  +--> ?PR?_DEFAULT_PROCESS?COMMANDS
  +--> ?PR?_DETECTE_OBSTACLE?COMMANDS
  +--> ?PR?_GENERATE_SOUND_CMD?COMMANDS
  +--> ?PR?_LIGHT_BEAM_ON_CMD?COMMANDS
  +--> ?PR?_LIGHT_BEAM_OFF_CMD?COMMANDS
  +--> ?PR?_SERVO_MOVE_CMD?COMMANDS
  +--> ?PR?_WAIT?COMMANDS_PARSER
BL51 BANKED LINKER/LOCATER V6.22                                                      04/21/2019  18:57:02  PAGE 7


  +--> ?PR?_GET_COMMAND?COMMANDS_PARSER
  +--> ?CO?MAIN
  +--> ?PR?_IDLE?SERIALIZER
  +--> ?PR?_TRANSLATE?SERIALIZER
  +--> ?PR?_MOVETO?SERIALIZER
  +--> ?PR?_ROTATE?SERIALIZER
  +--> ?PR?_NAVIGATE?SERIALIZER
  +--> ?PR?_STOP?SERIALIZER
  +--> ?PR?_DD_IDLE?DISTANCE_DETECTOR
  +--> ?PR?_DD_MOVE_SERVO_H?DISTANCE_DETECTOR
  +--> ?PR?_DD_SINGLE_MEASURE?DISTANCE_DETECTOR
  +--> ?PR?_DD_SLEW_DETECTION?DISTANCE_DETECTOR

?PR?_EPREUVE_CMD?COMMANDS                        -----    -----      -----    -----      0000H    0005H
  +--> ?CO?COMMANDS
  +--> ?PR?SCANF?SCANF

?PR?SCANF?SCANF                                  0021H.3  0000H.6    0013H    0009H      0114H    002EH
  +--> ?PR?GETCHAR?UNGETCHAR
  +--> ?PR?_ISSPACE?ISSPACE
  +--> ?PR?GETCHAR?GETCHAR
  +--> ?PR??C?ATOF??C?ATOF

?PR?GETCHAR?GETCHAR                              -----    -----      -----    -----      -----    -----
  +--> ?PR?_GETKEY?_GETKEY
  +--> ?PR?PUTCHAR?PUTCHAR

?PR??C?ATOF??C?ATOF                              0022H.1  0000H.5    001CH    0002H      -----    -----

?PR?_EPREUVE_STOP?COMMANDS                       -----    -----      -----    -----      0000H    0003H

?PR?_SAFETY_BREAK_CMD?COMMANDS                   -----    -----      -----    -----      0000H    0003H

?PR?_SET_DEFAULT_SPEED_CMD?COMMANDS              -----    -----      -----    -----      0000H    0005H
  +--> ?CO?COMMANDS
  +--> ?PR?SCANF?SCANF

?PR?_MOVE_FORWARD_CMD?COMMANDS                   -----    -----      -----    -----      0000H    0005H
  +--> ?CO?COMMANDS
  +--> ?PR?SCANF?SCANF

?PR?_MOVE_BACKWARD_CMD?COMMANDS                  -----    -----      -----    -----      0000H    0005H
  +--> ?CO?COMMANDS
  +--> ?PR?SCANF?SCANF

?PR?_MOVE_STOP_CMD?COMMANDS                      -----    -----      -----    -----      0000H    0003H

?PR?_RIGTH_ROTATION_CMD?COMMANDS                 -----    -----      -----    -----      0000H    0003H

?PR?_LEFT_ROTATION_CMD?COMMANDS                  -----    -----      -----    -----      0000H    0003H

?PR?_COMPLETE_ROTATION_CMD?COMMANDS              -----    -----      -----    -----      0000H    0003H
  +--> ?CO?COMMANDS

?PR?_ANGLE_ROTATION_CMD?COMMANDS                 -----    -----      -----    -----      0000H    0005H
  +--> ?CO?COMMANDS
  +--> ?PR?SCANF?SCANF
BL51 BANKED LINKER/LOCATER V6.22                                                      04/21/2019  18:57:02  PAGE 8



?PR?_DEFAULT_PROCESS?COMMANDS                    -----    -----      -----    -----      0000H    0003H

?PR?_DETECTE_OBSTACLE?COMMANDS                   -----    -----      -----    -----      0000H    0003H

?PR?_GENERATE_SOUND_CMD?COMMANDS                 -----    -----      -----    -----      0000H    0025H
  +--> ?CO?COMMANDS
  +--> ?PR?SCANF?SCANF

?PR?_LIGHT_BEAM_ON_CMD?COMMANDS                  -----    -----      -----    -----      0000H    0025H
  +--> ?CO?COMMANDS
  +--> ?PR?SCANF?SCANF

?PR?_LIGHT_BEAM_OFF_CMD?COMMANDS                 -----    -----      -----    -----      0000H    0003H

?PR?_SERVO_MOVE_CMD?COMMANDS                     -----    -----      -----    -----      0000H    0005H
  +--> ?CO?COMMANDS
  +--> ?PR?SCANF?SCANF

?PR?_IDLE?SERIALIZER                             -----    -----      -----    -----      0000H    0003H

?PR?_TRANSLATE?SERIALIZER                        -----    -----      -----    -----      0000H    0004H
  +--> ?PR?_SETMOTORS?SERIALIZER

?PR?_SETMOTORS?SERIALIZER                        -----    -----      -----    -----      0004H    0018H
  +--> ?CO?SERIALIZER
  +--> ?PR?PRINTF?PRINTF
  +--> ?PR?_SERIALIZER_PRINT?SERIALIZER
  +--> ?PR?SERIALIZER_CLEAR_SERIAL?SERIALIZER

?PR?_SERIALIZER_PRINT?SERIALIZER                 -----    -----      -----    -----      004DH    0004H
  +--> ?PR?_STRLEN?STRLEN
  +--> ?PR?_SERIALIZER_SEND?SERIALIZER

?PR?_SERIALIZER_SEND?SERIALIZER                  -----    -----      -----    -----      0051H    0001H

?PR?SERIALIZER_CLEAR_SERIAL?SERIALIZER           -----    -----      -----    -----      003AH    0001H
  +--> ?PR?_SERIALIZER_RECEIVE?SERIALIZER

?PR?_SERIALIZER_RECEIVE?SERIALIZER               -----    -----      -----    -----      004DH    0003H

?PR?_MOVETO?SERIALIZER                           -----    -----      -----    -----      0008H    002DH
  +--> ?PR?_DISTANCE?MOTION
  +--> ?CO?SERIALIZER
  +--> ?PR?PRINTF?PRINTF
  +--> ?PR?_SERIALIZER_PRINT?SERIALIZER
  +--> ?PR?SERIALIZER_CLEAR_SERIAL?SERIALIZER
  +--> ?PR?IS_PID_PROCESSING?SERIALIZER

?PR?_DISTANCE?MOTION                             -----    -----      -----    -----      0035H    0002H
  +--> ?PR?SQRT?SQRT

?PR?SQRT?SQRT                                    -----    -----      -----    -----      0037H    0004H

?PR?IS_PID_PROCESSING?SERIALIZER                 -----    -----      -----    -----      0035H    0018H
  +--> ?CO?SERIALIZER
  +--> ?PR?_SERIALIZER_PRINT?SERIALIZER
BL51 BANKED LINKER/LOCATER V6.22                                                      04/21/2019  18:57:02  PAGE 9


  +--> ?PR?_SERIALIZER_RECEIVE?SERIALIZER
  +--> ?PR?_UART_SEND?SERIALIZER
  +--> ?PR?SCANF?SCANF

?PR?_UART_SEND?SERIALIZER                        -----    -----      -----    -----      004DH    0001H

?PR?_ROTATE?SERIALIZER                           -----    -----      -----    -----      0008H    0004H
  +--> ?PR?_MOVEANGLE?SERIALIZER
  +--> ?PR?IS_PID_PROCESSING?SERIALIZER

?PR?_MOVEANGLE?SERIALIZER                        -----    -----      -----    -----      000CH    002EH
  +--> ?CO?SERIALIZER
  +--> ?PR?PRINTF?PRINTF
  +--> ?PR?_SERIALIZER_PRINT?SERIALIZER
  +--> ?PR?SERIALIZER_CLEAR_SERIAL?SERIALIZER

?PR?_NAVIGATE?SERIALIZER                         -----    -----      -----    -----      0000H    0008H
  +--> ?CO?SERIALIZER
  +--> ?PR?_ANGLE_TARGET?MOTION
  +--> ?PR?_DELTA_ANGLE?MOTION
  +--> ?PR?_ROTATE?SERIALIZER
  +--> ?PR?_MOVETO?SERIALIZER

?PR?_ANGLE_TARGET?MOTION                         -----    -----      -----    -----      0008H    0008H
  +--> ?PR?ATAN?ATAN

?PR?ATAN?ATAN                                    0020H.0  0000H.2    -----    -----      0010H    0004H

?PR?_DELTA_ANGLE?MOTION                          -----    -----      -----    -----      0008H    0008H

?PR?_STOP?SERIALIZER                             -----    -----      -----    -----      0000H    0003H
  +--> ?CO?SERIALIZER
  +--> ?PR?_SERIALIZER_PRINT?SERIALIZER
  +--> ?PR?SERIALIZER_CLEAR_SERIAL?SERIALIZER

?PR?_DD_IDLE?DISTANCE_DETECTOR                   -----    -----      -----    -----      0000H    0003H

?PR?_DD_MOVE_SERVO_H?DISTANCE_DETECTOR           -----    -----      -----    -----      0000H    0003H
  +--> ?PR?_DD_SET_ANGLE?DISTANCE_DETECTOR

?PR?_DD_SET_ANGLE?DISTANCE_DETECTOR              -----    -----      -----    -----      0003H    0002H

?PR?_DD_SINGLE_MEASURE?DISTANCE_DETECTOR         -----    -----      -----    -----      0000H    0003H
  +--> ?PR?DD_START_CONVERSION?DISTANCE_DETE...
  +--> ?PR?CLEAR_VAL_OBS_BUFFER?DISTANCE_DET...

?PR?DD_START_CONVERSION?DISTANCE_DETE...         -----    -----      -----    -----      0003H    0006H
  +--> ?PR?DD_MESURE?DISTANCE_DETECTOR

?PR?DD_MESURE?DISTANCE_DETECTOR                  -----    -----      -----    -----      0009H    0008H

?PR?CLEAR_VAL_OBS_BUFFER?DISTANCE_DET...         -----    -----      -----    -----      0003H    0001H

?PR?_DD_SLEW_DETECTION?DISTANCE_DETECTOR         -----    -----      -----    -----      0000H    0003H
  +--> ?PR?_DD_SET_ANGLE?DISTANCE_DETECTOR

*** NEW ROOT ***************************************************
BL51 BANKED LINKER/LOCATER V6.22                                                      04/21/2019  18:57:02  PAGE 10



?PR?_MOVE_TO_CMD?COMMANDS                        -----    -----      -----    -----      00F6H    001EH
  +--> ?CO?COMMANDS
  +--> ?PR?SCANF?SCANF

*** NEW ROOT ***************************************************

?PR?TIMER_0_INT?DISTANCE_DETECTOR                -----    -----      -----    -----      0142H    0004H



UNRESOLVED EXTERNAL SYMBOLS:
   _DD_OBS_DETECTION



SYMBOL TABLE OF MODULE:  .\Objects\robot_V1 (?C_STARTUP)

  VALUE           TYPE          NAME
  ----------------------------------

  -------         MODULE        ?C_STARTUP
  C:4D37H         SEGMENT       ?C_C51STARTUP
  I:0023H         SEGMENT       ?STACK
  C:0000H         PUBLIC        ?C_STARTUP
  D:00E0H         SYMBOL        ACC
  D:00F0H         SYMBOL        B
  D:0083H         SYMBOL        DPH
  D:0082H         SYMBOL        DPL
  N:0000H         SYMBOL        IBPSTACK
  N:0100H         SYMBOL        IBPSTACKTOP
  N:0080H         SYMBOL        IDATALEN
  C:4D3AH         SYMBOL        IDATALOOP
  N:0000H         SYMBOL        PBPSTACK
  N:0100H         SYMBOL        PBPSTACKTOP
  N:0000H         SYMBOL        PDATALEN
  N:0000H         SYMBOL        PDATASTART
  N:0000H         SYMBOL        PPAGE
  N:0000H         SYMBOL        PPAGEENABLE
  D:00A0H         SYMBOL        PPAGE_SFR
  D:0081H         SYMBOL        SP
  C:4D37H         SYMBOL        STARTUP1
  N:0000H         SYMBOL        XBPSTACK
  N:0000H         SYMBOL        XBPSTACKTOP
  N:0000H         SYMBOL        XDATALEN
  N:0000H         SYMBOL        XDATASTART
  C:0000H         LINE#         126
  C:4D37H         LINE#         133
  C:4D39H         LINE#         134
  C:4D3AH         LINE#         135
  C:4D3BH         LINE#         136
  C:4D3DH         LINE#         186
  C:4D40H         LINE#         197
  -------         ENDMOD        ?C_STARTUP

  -------         MODULE        COMMANDS
  C:0000H         SYMBOL        _ICE_DUMMY_
BL51 BANKED LINKER/LOCATER V6.22                                                      04/21/2019  18:57:02  PAGE 11


  C:5425H         PUBLIC        _rigth_rotation_cmd
  C:558CH         PUBLIC        _safety_break_cmd
  C:233AH         PUBLIC        _move_to_cmd
  C:54B5H         PUBLIC        _detecte_obstacle
  C:3F83H         PUBLIC        _epreuve_cmd
  C:546DH         PUBLIC        _left_rotation_cmd
  C:444FH         PUBLIC        _set_default_speed_cmd
  C:16B0H         PUBLIC        _light_beam_ON_cmd
  C:3948H         PUBLIC        _move_forward_cmd
  C:57E1H         PUBLIC        _epreuve_stop
  C:5555H         SYMBOL        _?ix1000
  C:5564H         SYMBOL        _?ix1001
  C:5578H         SYMBOL        _?ix1002
  C:3BF0H         PUBLIC        _complete_rotation_cmd
  C:5793H         PUBLIC        _default_process
  C:34BDH         PUBLIC        _servo_move_cmd
  C:54FDH         PUBLIC        _light_beam_OFF_cmd
  C:11FFH         PUBLIC        _generate_sound_cmd
  C:3A9CH         PUBLIC        _move_backward_cmd
  C:3665H         PUBLIC        _angle_rotation_cmd
  C:53DDH         PUBLIC        _move_stop_cmd
  -------         PROC          _DEFAULT_PROCESS
  X:0000H         SYMBOL        cmd_packet
  C:5793H         LINE#         6
  C:579EH         LINE#         7
  C:579EH         LINE#         9
  C:57B7H         LINE#         11
  C:57B9H         LINE#         12
  -------         ENDPROC       _DEFAULT_PROCESS
  -------         PROC          _EPREUVE_CMD
  X:0000H         SYMBOL        cmd_packet
  -------         DO            
  X:0003H         SYMBOL        epreuve_index
  -------         ENDDO         
  C:3F83H         LINE#         18
  C:3F8EH         LINE#         19
  C:3F8EH         LINE#         20
  C:3F97H         LINE#         23
  C:3FB2H         LINE#         24
  C:3FB2H         LINE#         25
  C:3FB5H         LINE#         26
  C:3FB5H         LINE#         29
  C:3FD2H         LINE#         30
  C:3FD2H         LINE#         32
  C:401FH         LINE#         33
  C:401FH         LINE#         34
  C:4022H         LINE#         35
  C:4022H         LINE#         38
  C:4048H         LINE#         39
  C:4048H         LINE#         40
  C:404BH         LINE#         41
  C:404BH         LINE#         43
  C:406BH         LINE#         44
  C:406DH         LINE#         46
  C:406DH         LINE#         47
  C:4086H         LINE#         48
  C:4086H         LINE#         49
BL51 BANKED LINKER/LOCATER V6.22                                                      04/21/2019  18:57:02  PAGE 12


  C:4088H         LINE#         50
  -------         ENDPROC       _EPREUVE_CMD
  -------         PROC          _EPREUVE_STOP
  X:0000H         SYMBOL        cmd_packet
  C:57E1H         LINE#         52
  C:57ECH         LINE#         53
  C:57ECH         LINE#         55
  C:5804H         LINE#         57
  C:5806H         LINE#         58
  -------         ENDPROC       _EPREUVE_STOP
  -------         PROC          _SAFETY_BREAK_CMD
  X:0000H         SYMBOL        cmd_packet
  C:558CH         LINE#         61
  C:5597H         LINE#         62
  C:5597H         LINE#         64
  C:55B2H         LINE#         65
  C:55B2H         LINE#         66
  C:55B5H         LINE#         67
  C:55B5H         LINE#         69
  C:55CEH         LINE#         71
  C:55D0H         LINE#         72
  -------         ENDPROC       _SAFETY_BREAK_CMD
  -------         PROC          _SET_DEFAULT_SPEED_CMD
  X:0000H         SYMBOL        cmd_packet
  -------         DO            
  X:0003H         SYMBOL        motor_speed
  -------         ENDDO         
  C:444FH         LINE#         74
  C:445AH         LINE#         75
  C:445AH         LINE#         76
  C:4463H         LINE#         79
  C:447DH         LINE#         80
  C:447DH         LINE#         81
  C:4480H         LINE#         82
  C:4480H         LINE#         85
  C:44CDH         LINE#         86
  C:44CDH         LINE#         87
  C:44D0H         LINE#         88
  C:44D0H         LINE#         91
  C:44F3H         LINE#         92
  C:44F3H         LINE#         93
  C:44F6H         LINE#         94
  C:44F6H         LINE#         96
  C:451CH         LINE#         98
  C:451EH         LINE#         99
  -------         ENDPROC       _SET_DEFAULT_SPEED_CMD
  -------         PROC          _MOVE_FORWARD_CMD
  X:0000H         SYMBOL        cmd_packet
  -------         DO            
  X:0003H         SYMBOL        motor_speed
  -------         ENDDO         
  C:3948H         LINE#         101
  C:3953H         LINE#         102
  C:3953H         LINE#         103
  C:395CH         LINE#         105
  C:3977H         LINE#         106
  C:3977H         LINE#         107
BL51 BANKED LINKER/LOCATER V6.22                                                      04/21/2019  18:57:02  PAGE 13


  C:397AH         LINE#         108
  C:397AH         LINE#         110
  C:3999H         LINE#         112
  C:39B6H         LINE#         113
  C:39B6H         LINE#         115
  C:3A01H         LINE#         116
  C:3A01H         LINE#         117
  C:3A04H         LINE#         118
  C:3A04H         LINE#         121
  C:3A27H         LINE#         122
  C:3A27H         LINE#         123
  C:3A2AH         LINE#         124
  C:3A2AH         LINE#         126
  C:3A50H         LINE#         127
  C:3A52H         LINE#         128
  C:3A73H         LINE#         129
  C:3A73H         LINE#         130
  C:3A99H         LINE#         131
  C:3A99H         LINE#         132
  C:3A99H         LINE#         133
  C:3A9BH         LINE#         134
  -------         ENDPROC       _MOVE_FORWARD_CMD
  -------         PROC          _MOVE_BACKWARD_CMD
  X:0000H         SYMBOL        cmd_packet
  -------         DO            
  X:0003H         SYMBOL        motor_speed
  -------         ENDDO         
  C:3A9CH         LINE#         136
  C:3AA7H         LINE#         137
  C:3AA7H         LINE#         138
  C:3AB0H         LINE#         140
  C:3ACBH         LINE#         141
  C:3ACBH         LINE#         142
  C:3ACEH         LINE#         143
  C:3ACEH         LINE#         145
  C:3AEDH         LINE#         147
  C:3B0AH         LINE#         148
  C:3B0AH         LINE#         150
  C:3B55H         LINE#         151
  C:3B55H         LINE#         152
  C:3B58H         LINE#         153
  C:3B58H         LINE#         156
  C:3B7BH         LINE#         157
  C:3B7BH         LINE#         158
  C:3B7EH         LINE#         159
  C:3B7EH         LINE#         161
  C:3BA4H         LINE#         162
  C:3BA6H         LINE#         163
  C:3BC7H         LINE#         164
  C:3BC7H         LINE#         165
  C:3BEDH         LINE#         166
  C:3BEDH         LINE#         167
  C:3BEDH         LINE#         168
  C:3BEFH         LINE#         169
  -------         ENDPROC       _MOVE_BACKWARD_CMD
  -------         PROC          _MOVE_STOP_CMD
  X:0000H         SYMBOL        cmd_packet
BL51 BANKED LINKER/LOCATER V6.22                                                      04/21/2019  18:57:02  PAGE 14


  C:53DDH         LINE#         171
  C:53E8H         LINE#         172
  C:53E8H         LINE#         173
  C:5400H         LINE#         174
  C:5400H         LINE#         175
  C:5403H         LINE#         176
  C:5403H         LINE#         177
  C:5422H         LINE#         178
  C:5424H         LINE#         179
  -------         ENDPROC       _MOVE_STOP_CMD
  -------         PROC          _RIGTH_ROTATION_CMD
  X:0000H         SYMBOL        cmd_packet
  C:5425H         LINE#         181
  C:5430H         LINE#         182
  C:5430H         LINE#         183
  C:5448H         LINE#         184
  C:5448H         LINE#         185
  C:544BH         LINE#         186
  C:544BH         LINE#         188
  C:546AH         LINE#         189
  C:546CH         LINE#         190
  -------         ENDPROC       _RIGTH_ROTATION_CMD
  -------         PROC          _LEFT_ROTATION_CMD
  X:0000H         SYMBOL        cmd_packet
  C:546DH         LINE#         192
  C:5478H         LINE#         193
  C:5478H         LINE#         194
  C:5490H         LINE#         195
  C:5490H         LINE#         196
  C:5493H         LINE#         197
  C:5493H         LINE#         199
  C:54B2H         LINE#         200
  C:54B4H         LINE#         201
  -------         ENDPROC       _LEFT_ROTATION_CMD
  -------         PROC          _COMPLETE_ROTATION_CMD
  X:0000H         SYMBOL        cmd_packet
  C:3BF0H         LINE#         203
  C:3BFBH         LINE#         204
  C:3BFBH         LINE#         205
  C:3C16H         LINE#         206
  C:3C16H         LINE#         207
  C:3C19H         LINE#         208
  C:3C19H         LINE#         210
  C:3C36H         LINE#         211
  C:3C36H         LINE#         213
  C:3C9EH         LINE#         215
  C:3C9EH         LINE#         216
  C:3CC1H         LINE#         217
  C:3CC1H         LINE#         218
  C:3CC1H         LINE#         219
  C:3CE0H         LINE#         220
  C:3CE2H         LINE#         221
  C:3CE2H         LINE#         222
  C:3D01H         LINE#         223
  C:3D03H         LINE#         224
  C:3D03H         LINE#         225
  C:3D05H         LINE#         226
BL51 BANKED LINKER/LOCATER V6.22                                                      04/21/2019  18:57:02  PAGE 15


  C:3D08H         LINE#         227
  C:3D08H         LINE#         229
  C:3D08H         LINE#         230
  C:3D27H         LINE#         231
  C:3D27H         LINE#         232
  C:3D29H         LINE#         233
  -------         ENDPROC       _COMPLETE_ROTATION_CMD
  -------         PROC          _ANGLE_ROTATION_CMD
  X:0000H         SYMBOL        cmd_packet
  -------         DO            
  X:0003H         SYMBOL        angle
  -------         ENDDO         
  C:3665H         LINE#         235
  C:3670H         LINE#         236
  C:3670H         LINE#         237
  C:3678H         LINE#         239
  C:3692H         LINE#         240
  C:3692H         LINE#         241
  C:3695H         LINE#         242
  C:3695H         LINE#         244
  C:3700H         LINE#         246
  C:3700H         LINE#         247
  C:3723H         LINE#         248
  C:3723H         LINE#         249
  C:3723H         LINE#         250
  C:3742H         LINE#         251
  C:3744H         LINE#         252
  C:3744H         LINE#         253
  C:3763H         LINE#         254
  C:3763H         LINE#         255
  C:3763H         LINE#         257
  C:37AEH         LINE#         258
  C:37AEH         LINE#         259
  C:37B1H         LINE#         260
  C:37B1H         LINE#         262
  C:37D9H         LINE#         263
  C:37DBH         LINE#         264
  C:37DEH         LINE#         265
  C:37DEH         LINE#         266
  C:37E0H         LINE#         267
  -------         ENDPROC       _ANGLE_ROTATION_CMD
  -------         PROC          _MOVE_TO_CMD
  X:00F6H         SYMBOL        cmd_packet
  -------         DO            
  X:00F9H         SYMBOL        i
  X:00FAH         SYMBOL        j
  X:00FBH         SYMBOL        params
  X:010AH         SYMBOL        angle
  X:010CH         SYMBOL        x
  X:010EH         SYMBOL        y
  X:0110H         SYMBOL        param_find
  X:0111H         SYMBOL        str
  -------         ENDDO         
  C:233AH         LINE#         277
  C:2345H         LINE#         278
  C:2345H         LINE#         279
  C:234FH         LINE#         280
BL51 BANKED LINKER/LOCATER V6.22                                                      04/21/2019  18:57:02  PAGE 16


  C:2374H         LINE#         281
  C:238CH         LINE#         282
  C:2391H         LINE#         283
  C:23A2H         LINE#         287
  C:23BCH         LINE#         288
  C:23BCH         LINE#         289
  C:23BFH         LINE#         290
  C:23BFH         LINE#         293
  C:23D2H         LINE#         294
  C:23D2H         LINE#         295
  C:240EH         LINE#         298
  C:2421H         LINE#         299
  C:2421H         LINE#         300
  C:245FH         LINE#         301
  C:245FH         LINE#         302
  C:2475H         LINE#         303
  C:2475H         LINE#         304
  C:2475H         LINE#         305
  C:24DEH         LINE#         306
  C:24DEH         LINE#         307
  C:24E1H         LINE#         308
  C:24E1H         LINE#         309
  C:24E1H         LINE#         311
  C:24E1H         LINE#         312
  C:2547H         LINE#         313
  C:2547H         LINE#         314
  C:254AH         LINE#         315
  C:254AH         LINE#         316
  C:254AH         LINE#         318
  C:254AH         LINE#         319
  C:25B0H         LINE#         320
  C:25B0H         LINE#         321
  C:25B3H         LINE#         322
  C:25B3H         LINE#         323
  C:25B3H         LINE#         325
  C:25B3H         LINE#         326
  C:25B9H         LINE#         327
  C:25BBH         LINE#         328
  C:25BBH         LINE#         329
  C:25C4H         LINE#         331
  C:25CCH         LINE#         332
  C:25CCH         LINE#         333
  C:25CFH         LINE#         334
  C:25CFH         LINE#         335
  C:25D4H         LINE#         336
  C:25D4H         LINE#         338
  C:25DDH         LINE#         340
  C:2605H         LINE#         341
  C:262BH         LINE#         342
  C:2651H         LINE#         343
  C:2670H         LINE#         344
  C:2672H         LINE#         345
  -------         ENDPROC       _MOVE_TO_CMD
  -------         PROC          _DETECTE_OBSTACLE
  X:0000H         SYMBOL        cmd_packet
  C:54B5H         LINE#         347
  C:54C0H         LINE#         348
BL51 BANKED LINKER/LOCATER V6.22                                                      04/21/2019  18:57:02  PAGE 17


  C:54C0H         LINE#         349
  C:54D8H         LINE#         350
  C:54D8H         LINE#         351
  C:54DBH         LINE#         352
  C:54DBH         LINE#         354
  C:54FAH         LINE#         355
  C:54FCH         LINE#         356
  -------         ENDPROC       _DETECTE_OBSTACLE
  -------         PROC          _SERVO_MOVE_CMD
  X:0000H         SYMBOL        cmd_packet
  -------         DO            
  X:0003H         SYMBOL        angle
  -------         ENDDO         
  C:34BDH         LINE#         358
  C:34C8H         LINE#         359
  C:34C8H         LINE#         360
  C:34D1H         LINE#         362
  C:34ECH         LINE#         363
  C:34ECH         LINE#         364
  C:34EFH         LINE#         365
  C:34EFH         LINE#         367
  C:3557H         LINE#         369
  C:3557H         LINE#         370
  C:357AH         LINE#         371
  C:357AH         LINE#         372
  C:357AH         LINE#         373
  C:3599H         LINE#         374
  C:359BH         LINE#         375
  C:359BH         LINE#         376
  C:35BAH         LINE#         377
  C:35BAH         LINE#         378
  C:35BAH         LINE#         380
  C:35BAH         LINE#         382
  C:35EEH         LINE#         383
  C:35EEH         LINE#         384
  C:3639H         LINE#         385
  C:3639H         LINE#         386
  C:363CH         LINE#         387
  C:363CH         LINE#         389
  C:3662H         LINE#         390
  C:3662H         LINE#         392
  C:3664H         LINE#         393
  -------         ENDPROC       _SERVO_MOVE_CMD
  -------         PROC          _LIGHT_BEAM_ON_CMD
  X:0000H         SYMBOL        cmd_packet
  -------         DO            
  X:0003H         SYMBOL        i
  X:0004H         SYMBOL        j
  X:0005H         SYMBOL        params
  X:0019H         SYMBOL        intensity
  X:001BH         SYMBOL        delay_on
  X:001DH         SYMBOL        delay_off
  X:001FH         SYMBOL        nbr_flash
  X:0021H         SYMBOL        param_find
  X:0022H         SYMBOL        str
  -------         ENDDO         
  C:16B0H         LINE#         395
BL51 BANKED LINKER/LOCATER V6.22                                                      04/21/2019  18:57:02  PAGE 18


  C:16BBH         LINE#         396
  C:16BBH         LINE#         397
  C:16C5H         LINE#         398
  C:16EAH         LINE#         399
  C:170DH         LINE#         400
  C:1712H         LINE#         401
  C:1723H         LINE#         404
  C:1757H         LINE#         405
  C:1757H         LINE#         406
  C:175AH         LINE#         407
  C:175AH         LINE#         410
  C:1785H         LINE#         411
  C:1785H         LINE#         412
  C:17C1H         LINE#         415
  C:17D4H         LINE#         416
  C:17D4H         LINE#         417
  C:1812H         LINE#         418
  C:1812H         LINE#         419
  C:182BH         LINE#         420
  C:182BH         LINE#         421
  C:182BH         LINE#         422
  C:1891H         LINE#         423
  C:1891H         LINE#         424
  C:1894H         LINE#         425
  C:1894H         LINE#         427
  C:1894H         LINE#         429
  C:18BDH         LINE#         430
  C:18BDH         LINE#         431
  C:18C0H         LINE#         432
  C:18C0H         LINE#         433
  C:18C0H         LINE#         434
  C:18C0H         LINE#         436
  C:18C0H         LINE#         437
  C:1926H         LINE#         438
  C:1926H         LINE#         439
  C:1929H         LINE#         440
  C:1929H         LINE#         442
  C:1929H         LINE#         444
  C:1952H         LINE#         445
  C:1952H         LINE#         446
  C:1955H         LINE#         447
  C:1955H         LINE#         448
  C:1955H         LINE#         449
  C:1955H         LINE#         451
  C:1955H         LINE#         452
  C:19BBH         LINE#         453
  C:19BBH         LINE#         454
  C:19BEH         LINE#         455
  C:19BEH         LINE#         457
  C:19BEH         LINE#         459
  C:19E4H         LINE#         460
  C:19E4H         LINE#         461
  C:19E7H         LINE#         462
  C:19E7H         LINE#         463
  C:19E7H         LINE#         464
  C:19E7H         LINE#         466
  C:19E7H         LINE#         467
BL51 BANKED LINKER/LOCATER V6.22                                                      04/21/2019  18:57:02  PAGE 19


  C:1A4DH         LINE#         468
  C:1A4DH         LINE#         469
  C:1A50H         LINE#         470
  C:1A50H         LINE#         472
  C:1A50H         LINE#         474
  C:1A76H         LINE#         475
  C:1A76H         LINE#         476
  C:1A79H         LINE#         477
  C:1A79H         LINE#         478
  C:1A79H         LINE#         479
  C:1A79H         LINE#         480
  C:1A79H         LINE#         481
  C:1A7FH         LINE#         482
  C:1A81H         LINE#         483
  C:1A81H         LINE#         484
  C:1A8AH         LINE#         486
  C:1A92H         LINE#         487
  C:1A92H         LINE#         488
  C:1A95H         LINE#         489
  C:1A95H         LINE#         490
  C:1A9AH         LINE#         491
  C:1A9AH         LINE#         493
  C:1AA3H         LINE#         495
  C:1AC2H         LINE#         496
  C:1AE8H         LINE#         497
  C:1B0EH         LINE#         498
  C:1B34H         LINE#         499
  C:1B5AH         LINE#         501
  C:1B5CH         LINE#         502
  -------         ENDPROC       _LIGHT_BEAM_ON_CMD
  -------         PROC          _LIGHT_BEAM_OFF_CMD
  X:0000H         SYMBOL        cmd_packet
  C:54FDH         LINE#         504
  C:5508H         LINE#         505
  C:5508H         LINE#         507
  C:5520H         LINE#         508
  C:5520H         LINE#         509
  C:5523H         LINE#         510
  C:5523H         LINE#         512
  C:5542H         LINE#         514
  C:5544H         LINE#         515
  -------         ENDPROC       _LIGHT_BEAM_OFF_CMD
  -------         PROC          _GENERATE_SOUND_CMD
  X:0000H         SYMBOL        cmd_packet
  -------         DO            
  X:0003H         SYMBOL        i
  X:0004H         SYMBOL        j
  X:0005H         SYMBOL        params
  X:0019H         SYMBOL        frequency_code
  X:001BH         SYMBOL        delay_son
  X:001DH         SYMBOL        delay_silence
  X:001FH         SYMBOL        nbr_bip
  X:0021H         SYMBOL        param_find
  X:0022H         SYMBOL        str
  -------         ENDDO         
  C:11FFH         LINE#         517
  C:120AH         LINE#         518
BL51 BANKED LINKER/LOCATER V6.22                                                      04/21/2019  18:57:02  PAGE 20


  C:120AH         LINE#         519
  C:1214H         LINE#         520
  C:1239H         LINE#         521
  C:125DH         LINE#         522
  C:1262H         LINE#         523
  C:1273H         LINE#         526
  C:12A7H         LINE#         527
  C:12A7H         LINE#         528
  C:12AAH         LINE#         529
  C:12AAH         LINE#         532
  C:12D5H         LINE#         533
  C:12D5H         LINE#         534
  C:1311H         LINE#         537
  C:1324H         LINE#         538
  C:1324H         LINE#         539
  C:1362H         LINE#         540
  C:1362H         LINE#         541
  C:137BH         LINE#         542
  C:137BH         LINE#         543
  C:137BH         LINE#         544
  C:13E1H         LINE#         545
  C:13E1H         LINE#         546
  C:13E4H         LINE#         547
  C:13E4H         LINE#         549
  C:13E4H         LINE#         551
  C:140DH         LINE#         552
  C:140DH         LINE#         553
  C:1410H         LINE#         554
  C:1410H         LINE#         555
  C:1410H         LINE#         556
  C:1410H         LINE#         558
  C:1410H         LINE#         559
  C:1476H         LINE#         560
  C:1476H         LINE#         561
  C:1479H         LINE#         562
  C:1479H         LINE#         564
  C:1479H         LINE#         566
  C:14A2H         LINE#         567
  C:14A2H         LINE#         568
  C:14A5H         LINE#         569
  C:14A5H         LINE#         570
  C:14A5H         LINE#         571
  C:14A5H         LINE#         573
  C:14A5H         LINE#         574
  C:150BH         LINE#         575
  C:150BH         LINE#         576
  C:150EH         LINE#         577
  C:150EH         LINE#         579
  C:150EH         LINE#         581
  C:1537H         LINE#         582
  C:1537H         LINE#         583
  C:153AH         LINE#         584
  C:153AH         LINE#         585
  C:153AH         LINE#         586
  C:153AH         LINE#         588
  C:153AH         LINE#         589
  C:15A0H         LINE#         590
BL51 BANKED LINKER/LOCATER V6.22                                                      04/21/2019  18:57:02  PAGE 21


  C:15A0H         LINE#         591
  C:15A3H         LINE#         592
  C:15A3H         LINE#         594
  C:15A3H         LINE#         596
  C:15C9H         LINE#         597
  C:15C9H         LINE#         598
  C:15CCH         LINE#         599
  C:15CCH         LINE#         600
  C:15CCH         LINE#         601
  C:15CCH         LINE#         602
  C:15CCH         LINE#         603
  C:15D2H         LINE#         604
  C:15D4H         LINE#         605
  C:15D4H         LINE#         606
  C:15DDH         LINE#         608
  C:15E5H         LINE#         609
  C:15E5H         LINE#         610
  C:15E8H         LINE#         611
  C:15E8H         LINE#         612
  C:15EDH         LINE#         613
  C:15EDH         LINE#         615
  C:15F6H         LINE#         617
  C:1615H         LINE#         618
  C:163BH         LINE#         619
  C:1661H         LINE#         620
  C:1687H         LINE#         621
  C:16ADH         LINE#         623
  C:16AFH         LINE#         625
  -------         ENDPROC       _GENERATE_SOUND_CMD
  -------         ENDMOD        COMMANDS

  -------         MODULE        COMMANDS_PARSER
  C:0000H         SYMBOL        _ICE_DUMMY_
  B:0098H.7       PUBLIC        SM00
  D:0090H         PUBLIC        P1
  B:0098H.6       PUBLIC        SM10
  C:5616H         PUBLIC        _get_command
  C:52E8H         PUBLIC        _Init_parser
  D:00E8H         PUBLIC        ADC0CN
  C:5184H         PUBLIC        _cmd_parser_process
  D:00A4H         PUBLIC        P0MDOUT
  X:0146H         PUBLIC        current_state
  D:00A8H         PUBLIC        IE
  B:0098H.4       PUBLIC        REN0
  D:00D8H         PUBLIC        PCA0CN
  D:00B8H         PUBLIC        IP
  D:00E1H         PUBLIC        XBR0
  C:2C33H         PUBLIC        _parse
  C:5906H         PUBLIC        _USART_send
  C:5292H         PUBLIC        _USART_print
  D:00CBH         PUBLIC        RCAP2H
  D:00C0H         PUBLIC        SMB0CN
  C:593CH         PUBLIC        valid_cmd_flag
  D:00CAH         PUBLIC        RCAP2L
  C:30B9H         PUBLIC        _send_informations
  D:00F8H         PUBLIC        SPI0CN
  D:0088H         PUBLIC        TCON
BL51 BANKED LINKER/LOCATER V6.22                                                      04/21/2019  18:57:02  PAGE 22


  C:4B71H         PUBLIC        _wait
  C:4DC3H         PUBLIC        _send_KOB_MOU
  C:594CH         PUBLIC        error_cmd_flag
  X:0147H         PUBLIC        dispatch_table
  X:01E9H         PUBLIC        MSG_buffer
  X:0209H         PUBLIC        raw_data
  B:0098H.0       PUBLIC        RI0
  B:0098H.1       PUBLIC        TI0
  B:00C8H.2       PUBLIC        TR2
  C:5701H         PUBLIC        _USART_receive
  B:00C8H.5       PUBLIC        RCLK0
  B:00C8H.4       PUBLIC        TCLK0
  D:0099H         PUBLIC        SBUF0
  D:0098H         PUBLIC        SCON0
  D:00C8H         PUBLIC        T2CON
  D:008EH         PUBLIC        CKCON
  X:0229H         PUBLIC        full_state_machine
  X:0231H         PUBLIC        buffer_index
  D:00D0H         PUBLIC        PSW
  -------         PROC          _INIT_PARSER
  X:0012H         SYMBOL        parser_result
  C:52E8H         LINE#         86
  C:52F3H         LINE#         87
  C:52F3H         LINE#         90
  C:52F5H         LINE#         91
  C:52F7H         LINE#         92
  C:52F9H         LINE#         95
  C:52FCH         LINE#         98
  C:52FFH         LINE#         102
  C:5302H         LINE#         106
  C:5305H         LINE#         107
  C:5307H         LINE#         108
  C:5309H         LINE#         109
  C:530CH         LINE#         110
  C:530FH         LINE#         111
  C:5311H         LINE#         114
  C:533AH         LINE#         116
  C:533CH         LINE#         117
  -------         ENDPROC       _INIT_PARSER
  -------         PROC          _USART_RECEIVE
  X:0019H         SYMBOL        read_byte
  C:5701H         LINE#         119
  C:570CH         LINE#         120
  C:570CH         LINE#         121
  C:570FH         LINE#         122
  C:570FH         LINE#         123
  C:571FH         LINE#         124
  C:5721H         LINE#         125
  C:5722H         LINE#         126
  C:5732H         LINE#         127
  C:5732H         LINE#         128
  -------         ENDPROC       _USART_RECEIVE
  -------         PROC          _USART_SEND
  X:00F5H         SYMBOL        ch
  C:5906H         LINE#         130
  C:590BH         LINE#         131
  C:590BH         LINE#         132
BL51 BANKED LINKER/LOCATER V6.22                                                      04/21/2019  18:57:02  PAGE 23


  C:5912H         LINE#         133
  C:5915H         LINE#         134
  C:5917H         LINE#         135
  -------         ENDPROC       _USART_SEND
  -------         PROC          _USART_PRINT
  X:00F1H         SYMBOL        str
  -------         DO            
  X:00F4H         SYMBOL        i
  -------         ENDDO         
  C:5292H         LINE#         145
  C:529DH         LINE#         146
  C:529DH         LINE#         147
  C:52A2H         LINE#         148
  C:52C3H         LINE#         149
  C:52C3H         LINE#         150
  C:52DFH         LINE#         151
  C:52E7H         LINE#         152
  -------         ENDPROC       _USART_PRINT
  -------         PROC          _CMD_PARSER_PROCESS
  X:0012H         SYMBOL        result
  C:5184H         LINE#         156
  C:518FH         LINE#         157
  C:518FH         LINE#         171
  C:51A2H         LINE#         172
  C:51A2H         LINE#         173
  C:51A2H         LINE#         174
  C:51B0H         LINE#         175
  C:51B2H         LINE#         176
  C:51B2H         LINE#         177
  C:51C0H         LINE#         178
  C:51C2H         LINE#         179
  C:51C2H         LINE#         180
  C:51D0H         LINE#         181
  C:51D0H         LINE#         183
  C:51D0H         LINE#         185
  C:51DEH         LINE#         186
  -------         ENDPROC       _CMD_PARSER_PROCESS
  -------         PROC          _WAIT
  X:0015H         SYMBOL        parser_result
  -------         DO            
  X:0018H         SYMBOL        read_byte
  -------         ENDDO         
  C:4B71H         LINE#         188
  C:4B7CH         LINE#         189
  C:4B7CH         LINE#         190
  C:4B82H         LINE#         193
  C:4B8BH         LINE#         196
  C:4BA1H         LINE#         199
  C:4BABH         LINE#         200
  C:4BB4H         LINE#         201
  C:4BB4H         LINE#         204
  C:4BCAH         LINE#         205
  C:4BD0H         LINE#         207
  C:4BE1H         LINE#         208
  C:4BE7H         LINE#         209
  C:4BE8H         LINE#         210
  C:4BF0H         LINE#         211
BL51 BANKED LINKER/LOCATER V6.22                                                      04/21/2019  18:57:02  PAGE 24


  C:4C06H         LINE#         212
  C:4C0CH         LINE#         213
  C:4C0CH         LINE#         214
  C:4C0CH         LINE#         215
  -------         ENDPROC       _WAIT
  -------         PROC          _GET_COMMAND
  X:0015H         SYMBOL        parser_result
  C:5616H         LINE#         218
  C:5621H         LINE#         219
  C:5621H         LINE#         221
  C:5632H         LINE#         222
  C:5632H         LINE#         224
  C:5635H         LINE#         225
  C:5637H         LINE#         226
  C:563AH         LINE#         227
  C:563AH         LINE#         230
  C:564EH         LINE#         231
  C:5653H         LINE#         233
  C:5658H         LINE#         234
  -------         ENDPROC       _GET_COMMAND
  -------         PROC          _PARSE
  X:0018H         SYMBOL        parser_result
  -------         DO            
  X:001BH         SYMBOL        commands_data
  X:00E3H         SYMBOL        data_index
  X:00E4H         SYMBOL        ptr
  X:00E5H         SYMBOL        reading_ptr
  X:00E6H         SYMBOL        ret
  X:00E7H         SYMBOL        c
  X:00E8H         SYMBOL        i
  X:00E9H         SYMBOL        run
  X:00EAH         SYMBOL        cmd_packet
  -------         ENDDO         
  C:2C33H         LINE#         237
  C:2C3EH         LINE#         238
  C:2C3EH         LINE#         242
  C:2C4DH         LINE#         243
  C:2C52H         LINE#         244
  C:2C5CH         LINE#         245
  C:2C62H         LINE#         254
  C:2C6DH         LINE#         255
  C:2C6DH         LINE#         256
  C:2C83H         LINE#         259
  C:2C99H         LINE#         260
  C:2C99H         LINE#         261
  C:2C99H         LINE#         262
  C:2CBDH         LINE#         264
  C:2CC3H         LINE#         265
  C:2CC8H         LINE#         266
  C:2CCBH         LINE#         268
  C:2CCBH         LINE#         269
  C:2CEFH         LINE#         271
  C:2CF5H         LINE#         272
  C:2CFAH         LINE#         273
  C:2CFCH         LINE#         276
  C:2CFCH         LINE#         277
  C:2D20H         LINE#         279
BL51 BANKED LINKER/LOCATER V6.22                                                      04/21/2019  18:57:02  PAGE 25


  C:2D25H         LINE#         280
  C:2D27H         LINE#         282
  C:2D27H         LINE#         283
  C:2D50H         LINE#         284
  C:2D56H         LINE#         285
  C:2D56H         LINE#         287
  C:2D5CH         LINE#         288
  C:2D5FH         LINE#         292
  C:2D70H         LINE#         293
  C:2D7AH         LINE#         294
  C:2D99H         LINE#         298
  C:2DAEH         LINE#         299
  C:2DAEH         LINE#         300
  C:2DF1H         LINE#         301
  C:2DF1H         LINE#         303
  C:2E32H         LINE#         304
  C:2E32H         LINE#         305
  C:2E38H         LINE#         306
  C:2E3AH         LINE#         307
  C:2E43H         LINE#         308
  C:2E48H         LINE#         309
  C:2E48H         LINE#         316
  C:2E48H         LINE#         317
  C:2E51H         LINE#         320
  C:2E60H         LINE#         321
  C:2E74H         LINE#         324
  C:2E79H         LINE#         325
  -------         ENDPROC       _PARSE
  -------         PROC          VALID_CMD_FLAG
  C:593CH         LINE#         327
  C:593CH         LINE#         328
  C:593CH         LINE#         329
  C:5941H         LINE#         330
  C:5946H         LINE#         331
  C:594BH         LINE#         332
  -------         ENDPROC       VALID_CMD_FLAG
  -------         PROC          ERROR_CMD_FLAG
  C:594CH         LINE#         334
  C:594CH         LINE#         335
  C:594CH         LINE#         336
  C:5951H         LINE#         337
  C:5956H         LINE#         338
  C:595BH         LINE#         339
  -------         ENDPROC       ERROR_CMD_FLAG
  -------         PROC          _SEND_INFORMATIONS
  X:0015H         SYMBOL        parser_result
  C:30B9H         LINE#         342
  C:30C4H         LINE#         343
  C:30C4H         LINE#         345
  C:30E4H         LINE#         346
  C:30E4H         LINE#         348
  C:3106H         LINE#         349
  C:3106H         LINE#         350
  C:312FH         LINE#         351
  C:314DH         LINE#         352
  C:3150H         LINE#         354
  C:3172H         LINE#         355
BL51 BANKED LINKER/LOCATER V6.22                                                      04/21/2019  18:57:02  PAGE 26


  C:3172H         LINE#         356
  C:319BH         LINE#         357
  C:31B9H         LINE#         358
  C:31BCH         LINE#         360
  C:31DEH         LINE#         361
  C:31DEH         LINE#         362
  C:3207H         LINE#         363
  C:3225H         LINE#         364
  C:3227H         LINE#         367
  C:3249H         LINE#         368
  C:3249H         LINE#         369
  C:3257H         LINE#         370
  C:3275H         LINE#         371
  C:3277H         LINE#         374
  C:3277H         LINE#         375
  C:32A0H         LINE#         376
  C:32A0H         LINE#         378
  C:32B8H         LINE#         379
  C:32D8H         LINE#         381
  C:32D8H         LINE#         384
  -------         ENDPROC       _SEND_INFORMATIONS
  -------         PROC          _SEND_KOB_MOU
  X:0018H         SYMBOL        parser_result
  -------         DO            
  X:001BH         SYMBOL        msg
  -------         ENDDO         
  C:4DC3H         LINE#         386
  C:4DCEH         LINE#         387
  C:4DCEH         LINE#         390
  C:4E4CH         LINE#         393
  -------         ENDPROC       _SEND_KOB_MOU
  -------         ENDMOD        COMMANDS_PARSER

  -------         MODULE        MAIN
  C:0000H         SYMBOL        _ICE_DUMMY_
  D:0090H         PUBLIC        P1
  B:00A8H.7       PUBLIC        EA
  D:00E8H         PUBLIC        ADC0CN
  D:00A8H         PUBLIC        IE
  X:0232H         PUBLIC        epreuve_start
  X:0233H         PUBLIC        parser_result
  D:00D8H         PUBLIC        PCA0CN
  D:00B8H         PUBLIC        IP
  D:00FFH         PUBLIC        Reg
  D:00E3H         PUBLIC        XBR2
  X:023AH         PUBLIC        informations
  X:0254H         PUBLIC        dd_packet
  D:00C0H         PUBLIC        SMB0CN
  C:4187H         PUBLIC        main
  X:0261H         PUBLIC        spi_packet
  D:00F8H         PUBLIC        SPI0CN
  D:0088H         PUBLIC        TCON
  C:0030H         PUBLIC        enable_general_Int
  D:00B2H         PUBLIC        OSCICN
  D:00B1H         PUBLIC        OSCXCN
  X:026AH         PUBLIC        commands
  C:595CH         PUBLIC        Init_External_clk
BL51 BANKED LINKER/LOCATER V6.22                                                      04/21/2019  18:57:02  PAGE 27


  D:0098H         PUBLIC        SCON0
  D:00C8H         PUBLIC        T2CON
  C:5992H         PUBLIC        Enable_Crossbar
  D:008EH         PUBLIC        CKCON
  D:00D0H         PUBLIC        PSW
  -------         PROC          INIT_EXTERNAL_CLK
  C:595CH         LINE#         101
  C:595CH         LINE#         102
  C:595CH         LINE#         104
  C:595FH         LINE#         105
  C:5964H         LINE#         108
  C:5967H         LINE#         110
  C:596AH         LINE#         111
  -------         ENDPROC       INIT_EXTERNAL_CLK
  -------         PROC          ENABLE_CROSSBAR
  C:5992H         LINE#         113
  C:5992H         LINE#         114
  C:5992H         LINE#         116
  C:5995H         LINE#         117
  -------         ENDPROC       ENABLE_CROSSBAR
  -------         PROC          ENABLE_GENERAL_INT
  C:0030H         LINE#         119
  C:0030H         LINE#         120
  C:0030H         LINE#         121
  C:0032H         LINE#         122
  -------         ENDPROC       ENABLE_GENERAL_INT
  -------         PROC          MAIN
  -------         DO            
  X:0000H         SYMBOL        mes
  X:000AH         SYMBOL        f
  X:000EH         SYMBOL        angle
  X:0010H         SYMBOL        ij
  -------         ENDDO         
  C:4187H         LINE#         125
  C:4187H         LINE#         126
  C:4187H         LINE#         128
  C:4191H         LINE#         129
  C:419AH         LINE#         130
  C:41A2H         LINE#         133
  C:41A5H         LINE#         134
  C:41A8H         LINE#         137
  C:41ABH         LINE#         140
  C:41B4H         LINE#         144
  C:41B7H         LINE#         146
  C:41BAH         LINE#         148
  C:41BDH         LINE#         150
  C:41C0H         LINE#         152
  C:41C3H         LINE#         154
  C:41CCH         LINE#         155
  C:41D5H         LINE#         161
  C:41DEH         LINE#         165
  C:41DEH         LINE#         166
  C:41DEH         LINE#         168
  C:41E7H         LINE#         170
  C:41FAH         LINE#         171
  C:41FAH         LINE#         172
  C:4203H         LINE#         173
BL51 BANKED LINKER/LOCATER V6.22                                                      04/21/2019  18:57:02  PAGE 28


  C:4205H         LINE#         174
  C:4205H         LINE#         176
  C:4218H         LINE#         177
  C:4218H         LINE#         179
  C:4220H         LINE#         180
  C:4220H         LINE#         181
  C:4230H         LINE#         182
  C:4236H         LINE#         183
  C:4236H         LINE#         186
  C:423FH         LINE#         189
  C:4248H         LINE#         192
  C:426EH         LINE#         204
  C:426EH         LINE#         206
  C:4271H         LINE#         208
  C:427AH         LINE#         210
  -------         ENDPROC       MAIN
  -------         ENDMOD        MAIN

  -------         MODULE        SERIALIZER
  C:0000H         SYMBOL        _ICE_DUMMY_
  X:02C3H         PUBLIC        serializer_state_machine
  D:0090H         PUBLIC        P1
  X:02DBH         PUBLIC        is_processing
  X:02DCH         PUBLIC        robot_position
  C:56CCH         PUBLIC        _serializer_receive
  D:00E8H         PUBLIC        ADC0CN
  D:00A8H         PUBLIC        IE
  C:5872H         PUBLIC        serializer_clear_serial
  C:50B5H         PUBLIC        _rotate
  D:00D8H         PUBLIC        PCA0CN
  D:00B8H         PUBLIC        IP
  D:00E3H         PUBLIC        XBR2
  C:000EH         PUBLIC        _idle
  C:4A2FH         PUBLIC        _moveAngle
  D:00E5H         PUBLIC        RCAP4H
  D:00C0H         PUBLIC        SMB0CN
  C:298CH         PUBLIC        _serializer_process
  C:5918H         PUBLIC        init_serializer_UART1
  D:00E4H         PUBLIC        RCAP4L
  D:00F8H         PUBLIC        SPI0CN
  D:0088H         PUBLIC        TCON
  X:02E1H         PUBLIC        pids_timer
  C:585AH         PUBLIC        serializer_init_serial
  C:4783H         PUBLIC        is_PID_processing
  C:5383H         SYMBOL        _?ix1000
  C:5388H         SYMBOL        _?ix1001
  X:02E3H         PUBLIC        serializer_state
  C:2673H         PUBLIC        _idle_next_state
  C:5765H         PUBLIC        _stop
  C:592AH         PUBLIC        _UART_send
  B:0098H.1       PUBLIC        TI0
  C:58A0H         PUBLIC        _serializer_send
  C:51DFH         PUBLIC        _serializer_print
  C:37E1H         PUBLIC        _navigate
  C:4989H         PUBLIC        _translate
  C:5121H         PUBLIC        _setMotors
  D:0099H         PUBLIC        SBUF0
BL51 BANKED LINKER/LOCATER V6.22                                                      04/21/2019  18:57:02  PAGE 29


  D:00F2H         PUBLIC        SBUF1
  D:0098H         PUBLIC        SCON0
  D:00F1H         PUBLIC        SCON1
  D:00C8H         PUBLIC        T2CON
  D:00C9H         PUBLIC        T4CON
  X:02E4H         PUBLIC        is_navigating
  D:00D0H         PUBLIC        PSW
  C:4089H         PUBLIC        _moveTo
  -------         PROC          INIT_SERIALIZER_UART1
  C:5918H         LINE#         37
  C:5918H         LINE#         38
  C:5918H         LINE#         41
  C:591BH         LINE#         45
  C:591EH         LINE#         48
  C:5921H         LINE#         50
  C:5924H         LINE#         51
  C:5927H         LINE#         53
  C:5929H         LINE#         54
  -------         ENDPROC       INIT_SERIALIZER_UART1
  -------         PROC          _SERIALIZER_RECEIVE
  X:004DH         SYMBOL        read_byte
  C:56CCH         LINE#         56
  C:56D7H         LINE#         57
  C:56D7H         LINE#         58
  C:56DCH         LINE#         59
  C:56DCH         LINE#         60
  C:56ECH         LINE#         61
  C:56EFH         LINE#         62
  C:56F0H         LINE#         63
  C:5700H         LINE#         64
  C:5700H         LINE#         65
  -------         ENDPROC       _SERIALIZER_RECEIVE
  -------         PROC          _SERIALIZER_SEND
  X:0051H         SYMBOL        ch
  C:58A0H         LINE#         67
  C:58A5H         LINE#         68
  C:58A5H         LINE#         69
  C:58ACH         LINE#         70
  C:58B1H         LINE#         71
  C:58B4H         LINE#         72
  -------         ENDPROC       _SERIALIZER_SEND
  -------         PROC          _UART_SEND
  X:004DH         SYMBOL        ch
  C:592AH         LINE#         74
  C:592FH         LINE#         75
  C:592FH         LINE#         76
  C:5936H         LINE#         77
  C:5939H         LINE#         78
  C:593BH         LINE#         79
  -------         ENDPROC       _UART_SEND
  -------         PROC          _SERIALIZER_PRINT
  X:004DH         SYMBOL        str
  -------         DO            
  X:0050H         SYMBOL        i
  -------         ENDDO         
  C:51DFH         LINE#         81
  C:51EAH         LINE#         82
BL51 BANKED LINKER/LOCATER V6.22                                                      04/21/2019  18:57:02  PAGE 30


  C:51EAH         LINE#         83
  C:51EFH         LINE#         84
  C:5210H         LINE#         85
  C:5210H         LINE#         87
  C:522CH         LINE#         88
  C:5234H         LINE#         90
  C:5239H         LINE#         92
  -------         ENDPROC       _SERIALIZER_PRINT
  -------         PROC          SERIALIZER_INIT_SERIAL
  -------         DO            
  X:02F0H         SYMBOL        c
  -------         ENDDO         
  C:585AH         LINE#         94
  C:585AH         LINE#         95
  C:585AH         LINE#         96
  C:585FH         LINE#         98
  C:585FH         LINE#         99
  C:5868H         LINE#         101
  C:5871H         LINE#         103
  -------         ENDPROC       SERIALIZER_INIT_SERIAL
  -------         PROC          SERIALIZER_CLEAR_SERIAL
  -------         DO            
  X:003AH         SYMBOL        c
  -------         ENDDO         
  C:5872H         LINE#         105
  C:5872H         LINE#         106
  C:5872H         LINE#         107
  C:5877H         LINE#         110
  C:5877H         LINE#         111
  C:5880H         LINE#         113
  C:5889H         LINE#         115
  -------         ENDPROC       SERIALIZER_CLEAR_SERIAL
  -------         PROC          _SERIALIZER_PROCESS
  X:0012H         SYMBOL        parser
  -------         DO            
  X:0015H         SYMBOL        pts
  -------         ENDDO         
  C:298CH         LINE#         124
  C:2997H         LINE#         125
  C:2997H         LINE#         126
  C:29BCH         LINE#         129
  C:29DEH         LINE#         130
  C:29DEH         LINE#         131
  C:29E4H         LINE#         132
  C:29E9H         LINE#         133
  C:2A07H         LINE#         134
  C:2A0AH         LINE#         135
  C:2A2EH         LINE#         136
  C:2A2EH         LINE#         138
  C:2A4DH         LINE#         139
  C:2A4DH         LINE#         140
  C:2A4DH         LINE#         141
  C:2A81H         LINE#         142
  C:2A84H         LINE#         144
  C:2A84H         LINE#         145
  C:2A8DH         LINE#         146
  C:2A8DH         LINE#         147
BL51 BANKED LINKER/LOCATER V6.22                                                      04/21/2019  18:57:02  PAGE 31


  C:2A93H         LINE#         148
  C:2A96H         LINE#         150
  C:2A96H         LINE#         151
  C:2A9CH         LINE#         152
  C:2A9CH         LINE#         153
  C:2A9FH         LINE#         155
  C:2A9FH         LINE#         157
  C:2AA8H         LINE#         158
  C:2AA8H         LINE#         159
  C:2AAEH         LINE#         160
  C:2AB1H         LINE#         162
  C:2AB1H         LINE#         163
  C:2AB7H         LINE#         164
  C:2AB7H         LINE#         165
  C:2ABAH         LINE#         167
  C:2ABAH         LINE#         168
  C:2AC3H         LINE#         169
  C:2AC3H         LINE#         170
  C:2AC9H         LINE#         171
  C:2ACCH         LINE#         173
  C:2ACCH         LINE#         174
  C:2AEBH         LINE#         175
  C:2B09H         LINE#         176
  C:2B31H         LINE#         177
  C:2B54H         LINE#         178
  C:2B77H         LINE#         179
  C:2B9AH         LINE#         180
  C:2B9FH         LINE#         181
  C:2B9FH         LINE#         182
  C:2BA1H         LINE#         184
  C:2BA1H         LINE#         185
  C:2BAAH         LINE#         186
  C:2BAAH         LINE#         187
  C:2BB0H         LINE#         188
  C:2BB2H         LINE#         190
  C:2BB2H         LINE#         191
  C:2BB8H         LINE#         192
  C:2BB8H         LINE#         193
  C:2BBAH         LINE#         195
  C:2BBAH         LINE#         196
  C:2BC2H         LINE#         197
  C:2BC2H         LINE#         198
  C:2BC7H         LINE#         199
  C:2BE5H         LINE#         200
  C:2BE7H         LINE#         201
  C:2BE7H         LINE#         202
  C:2BEDH         LINE#         203
  C:2BEDH         LINE#         204
  C:2BEFH         LINE#         206
  C:2BEFH         LINE#         207
  C:2BF5H         LINE#         208
  C:2BF7H         LINE#         210
  C:2BF7H         LINE#         212
  C:2BF9H         LINE#         213
  C:2BFEH         LINE#         214
  C:2BFEH         LINE#         216
  C:2C32H         LINE#         217
BL51 BANKED LINKER/LOCATER V6.22                                                      04/21/2019  18:57:02  PAGE 32


  -------         ENDPROC       _SERIALIZER_PROCESS
  -------         PROC          _IDLE_NEXT_STATE
  X:001AH         SYMBOL        cmd
  X:001DH         SYMBOL        pts
  C:2673H         LINE#         219
  C:267EH         LINE#         220
  C:267EH         LINE#         221
  C:26B9H         LINE#         222
  C:26B9H         LINE#         223
  C:26B9H         LINE#         224
  C:26BFH         LINE#         225
  C:26CFH         LINE#         226
  C:26F9H         LINE#         227
  C:26FAH         LINE#         229
  C:26FAH         LINE#         230
  C:2700H         LINE#         231
  C:2710H         LINE#         232
  C:273AH         LINE#         233
  C:273BH         LINE#         235
  C:273BH         LINE#         236
  C:2741H         LINE#         237
  C:2750H         LINE#         238
  C:2765H         LINE#         240
  C:2766H         LINE#         242
  C:2766H         LINE#         243
  C:276CH         LINE#         244
  C:2785H         LINE#         245
  C:279BH         LINE#         246
  C:279CH         LINE#         248
  C:279CH         LINE#         249
  C:27A2H         LINE#         250
  C:27BAH         LINE#         251
  C:27D0H         LINE#         252
  C:27D1H         LINE#         254
  C:27D1H         LINE#         255
  C:27D7H         LINE#         256
  C:27F0H         LINE#         257
  C:2806H         LINE#         258
  C:2807H         LINE#         260
  C:2807H         LINE#         261
  C:280DH         LINE#         262
  C:2825H         LINE#         263
  C:283BH         LINE#         264
  C:283CH         LINE#         266
  C:283CH         LINE#         267
  C:2842H         LINE#         268
  C:2877H         LINE#         269
  C:288DH         LINE#         270
  C:288EH         LINE#         272
  C:288EH         LINE#         273
  C:2894H         LINE#         274
  C:28C2H         LINE#         275
  C:28D8H         LINE#         276
  C:28D9H         LINE#         278
  C:28D9H         LINE#         279
  C:28DFH         LINE#         280
  C:290DH         LINE#         281
BL51 BANKED LINKER/LOCATER V6.22                                                      04/21/2019  18:57:02  PAGE 33


  C:2931H         LINE#         282
  C:295BH         LINE#         283
  C:2985H         LINE#         284
  C:2986H         LINE#         286
  C:2986H         LINE#         287
  C:298BH         LINE#         288
  C:298BH         LINE#         289
  C:298BH         LINE#         291
  -------         ENDPROC       _IDLE_NEXT_STATE
  -------         PROC          _IDLE
  X:0000H         SYMBOL        pts
  C:000EH         LINE#         293
  C:0019H         LINE#         294
  C:0019H         LINE#         296
  C:002FH         LINE#         299
  -------         ENDPROC       _IDLE
  -------         PROC          _TRANSLATE
  X:0000H         SYMBOL        pts
  -------         DO            
  X:0003H         SYMBOL        speed
  -------         ENDDO         
  C:4989H         LINE#         302
  C:4994H         LINE#         303
[...]
  X:0009H         SYMBOL        d
  X:000DH         SYMBOL        V_mes
  -------         ENDDO         
  C:523AH         LINE#         283
  C:523AH         LINE#         289
  C:523DH         LINE#         290
  C:5240H         LINE#         292
  C:5259H         LINE#         295
  C:5283H         LINE#         298
  C:5291H         LINE#         300
  -------         ENDPROC       DD_MESURE
  -------         PROC          DD_START_CONVERSION
  -------         DO            
  X:0003H         SYMBOL        conv
  X:0007H         SYMBOL        j
  -------         ENDDO         
  C:538DH         LINE#         303
  C:538DH         LINE#         306
  C:538FH         LINE#         307
  C:5391H         LINE#         308
  C:5394H         LINE#         309
  C:5396H         LINE#         311
  C:53BFH         LINE#         313
  C:53C1H         LINE#         314
  C:53C3H         LINE#         315
  C:53CCH         LINE#         316
  C:53CEH         LINE#         318
  C:53DCH         LINE#         319
  -------         ENDPROC       DD_START_CONVERSION
  -------         ENDMOD        DISTANCE_DETECTOR

  -------         MODULE        SPI_MASTER
  C:0000H         SYMBOL        _ICE_DUMMY_
  D:009DH         PUBLIC        SPI0CKR
  D:0090H         PUBLIC        P1
  X:02E5H         PUBLIC        spi_data_in
  X:02EAH         PUBLIC        spi_data_out
  D:00E6H         PUBLIC        EIE1
  D:00E8H         PUBLIC        ADC0CN
  D:00A4H         PUBLIC        P0MDOUT
  D:00A5H         PUBLIC        P1MDOUT
  D:00A8H         PUBLIC        IE
  D:00D8H         PUBLIC        PCA0CN
  D:00B8H         PUBLIC        IP
  C:4F55H         PUBLIC        _spi_cmd_light_OFF
  B:00F8H.3       PUBLIC        TXBSY
  D:00E1H         PUBLIC        XBR0
  C:46B9H         PUBLIC        _spi_cmd_generate_sound
  D:00C0H         PUBLIC        SMB0CN
  C:451FH         PUBLIC        _spi_transmit
  D:00F8H         PUBLIC        SPI0CN
  C:2E7AH         PUBLIC        _spi_process
BL51 BANKED LINKER/LOCATER V6.22                                                      04/21/2019  18:57:02  PAGE 43


  B:00F8H.7       PUBLIC        SPIF
  D:0088H         PUBLIC        TCON
  X:02EFH         PUBLIC        spi_data_in_ptr
  C:5807H         PUBLIC        spi_error
  C:58CAH         PUBLIC        _spi_send_char
  C:45EFH         PUBLIC        _spi_cmd_light_ON
  C:5826H         PUBLIC        Init_SPI
  D:0098H         PUBLIC        SCON0
  B:0090H.0       PUBLIC        slave_selector
  D:00C8H         PUBLIC        T2CON
  D:009AH         PUBLIC        SPI0CFG
  C:48E0H         PUBLIC        _spi_cmd_servo
  D:009BH         PUBLIC        SPI0DAT
  C:5733H         PUBLIC        spi_int
  D:00D0H         PUBLIC        PSW
  C:5040H         PUBLIC        spi_validate
  -------         PROC          SPI_INT
  C:5733H         LINE#         30
  C:5740H         LINE#         33
  C:5742H         LINE#         36
  C:5754H         LINE#         38
  C:575AH         LINE#         40
  -------         ENDPROC       SPI_INT
  -------         PROC          INIT_SPI
  C:5826H         LINE#         48
  C:5826H         LINE#         49
  C:5826H         LINE#         55
  C:5829H         LINE#         59
  C:582CH         LINE#         60
  C:582FH         LINE#         61
  C:5832H         LINE#         63
  C:5835H         LINE#         64
  C:5838H         LINE#         65
  C:583BH         LINE#         67
  C:583DH         LINE#         69
  C:5840H         LINE#         70
  -------         ENDPROC       INIT_SPI
  -------         PROC          _SPI_SEND_CHAR
  X:001DH         SYMBOL        a
  C:58CAH         LINE#         78
  C:58CFH         LINE#         79
  C:58D1H         LINE#         81
  C:58D8H         LINE#         83
  C:58DBH         LINE#         85
  C:58DDH         LINE#         86
  -------         ENDPROC       _SPI_SEND_CHAR
  -------         PROC          _SPI_TRANSMIT
  X:0018H         SYMBOL        spi_packet
  -------         DO            
  X:001BH         SYMBOL        ptr
  X:001CH         SYMBOL        _delay
  -------         ENDDO         
  C:451FH         LINE#         88
  C:452AH         LINE#         89
  C:452AH         LINE#         90
  C:452FH         LINE#         91
  C:4534H         LINE#         94
BL51 BANKED LINKER/LOCATER V6.22                                                      04/21/2019  18:57:02  PAGE 44


  C:4546H         LINE#         95
  C:454BH         LINE#         98
  C:454EH         LINE#         100
  C:4559H         LINE#         101
  C:4559H         LINE#         102
  C:4580H         LINE#         103
  C:4586H         LINE#         105
  C:459EH         LINE#         106
  C:459EH         LINE#         109
  C:45A1H         LINE#         112
  C:45A7H         LINE#         113
  C:45A7H         LINE#         114
  C:45AAH         LINE#         115
  C:45ACH         LINE#         116
  C:45ACH         LINE#         117
  C:45C2H         LINE#         118
  C:45C2H         LINE#         121
  C:45DCH         LINE#         123
  C:45EEH         LINE#         125
  -------         ENDPROC       _SPI_TRANSMIT
  -------         PROC          _SPI_PROCESS
  X:0012H         SYMBOL        cmd
  X:0015H         SYMBOL        spi_packet
  C:2E7AH         LINE#         127
  C:2E85H         LINE#         128
  C:2E85H         LINE#         129
  C:2EA2H         LINE#         130
  C:2EA2H         LINE#         132
  C:2EA2H         LINE#         133
  C:2EBBH         LINE#         134
  C:2EBBH         LINE#         135
  C:2EEBH         LINE#         136
  C:2F00H         LINE#         137
  C:2F16H         LINE#         138
  C:2F19H         LINE#         139
  C:2F34H         LINE#         140
  C:2F34H         LINE#         141
  C:2F4DH         LINE#         142
  C:2F4DH         LINE#         143
  C:2F7DH         LINE#         144
  C:2F92H         LINE#         145
  C:2FA8H         LINE#         146
  C:2FABH         LINE#         148
  C:2FABH         LINE#         149
  C:2FDBH         LINE#         150
  C:2FF0H         LINE#         151
  C:3006H         LINE#         152
  C:3006H         LINE#         153
  C:3008H         LINE#         154
  C:3021H         LINE#         155
  C:3021H         LINE#         156
  C:3051H         LINE#         157
  C:3066H         LINE#         158
  C:307CH         LINE#         159
  C:307CH         LINE#         160
  C:307CH         LINE#         161
  C:307CH         LINE#         163
BL51 BANKED LINKER/LOCATER V6.22                                                      04/21/2019  18:57:02  PAGE 45


  C:307CH         LINE#         165
  C:307CH         LINE#         167
  C:307CH         LINE#         169
  C:3095H         LINE#         170
  C:3095H         LINE#         171
  C:30A3H         LINE#         172
  C:30B8H         LINE#         173
  C:30B8H         LINE#         175
  -------         ENDPROC       _SPI_PROCESS
  -------         PROC          _SPI_CMD_SERVO
  X:0018H         SYMBOL        cmd
  X:001BH         SYMBOL        spi_packet
  C:48E0H         LINE#         177
  C:48EBH         LINE#         178
  C:48EBH         LINE#         179
  C:4901H         LINE#         180
  C:492BH         LINE#         181
  C:495EH         LINE#         182
  C:4973H         LINE#         183
  C:4988H         LINE#         184
  -------         ENDPROC       _SPI_CMD_SERVO
  -------         PROC          _SPI_CMD_LIGHT_ON
  X:0018H         SYMBOL        cmd
  X:001BH         SYMBOL        spi_packet
  C:45EFH         LINE#         186
  C:45FAH         LINE#         187
  C:45FAH         LINE#         188
  C:4610H         LINE#         189
  C:463AH         LINE#         190
  C:4664H         LINE#         191
  C:468EH         LINE#         192
  C:46B8H         LINE#         194
  -------         ENDPROC       _SPI_CMD_LIGHT_ON
  -------         PROC          _SPI_CMD_LIGHT_OFF
  X:0018H         SYMBOL        cmd
  X:001BH         SYMBOL        spi_packet
  C:4F55H         LINE#         196
  C:4F60H         LINE#         197
  C:4F60H         LINE#         198
  C:4F76H         LINE#         199
  C:4F8BH         LINE#         200
  C:4FA0H         LINE#         201
  C:4FB5H         LINE#         202
  C:4FCAH         LINE#         204
  -------         ENDPROC       _SPI_CMD_LIGHT_OFF
  -------         PROC          _SPI_CMD_GENERATE_SOUND
  X:0018H         SYMBOL        cmd
  X:001BH         SYMBOL        spi_packet
  C:46B9H         LINE#         206
  C:46C4H         LINE#         207
  C:46C4H         LINE#         208
  C:46DAH         LINE#         209
  C:4704H         LINE#         210
  C:472EH         LINE#         211
  C:4758H         LINE#         212
  C:4782H         LINE#         213
  -------         ENDPROC       _SPI_CMD_GENERATE_SOUND
BL51 BANKED LINKER/LOCATER V6.22                                                      04/21/2019  18:57:02  PAGE 46


  -------         PROC          SPI_VALIDATE
  -------         DO            
  X:001DH         SYMBOL        hash
  X:001FH         SYMBOL        i
  -------         ENDDO         
  C:5040H         LINE#         215
  C:5040H         LINE#         216
  C:5040H         LINE#         217
  C:5050H         LINE#         219
  C:506BH         LINE#         220
  C:506BH         LINE#         221
  C:508DH         LINE#         222
  C:509DH         LINE#         224
  C:50AFH         LINE#         225
  C:50AFH         LINE#         226
  C:50B2H         LINE#         227
  C:50B2H         LINE#         229
  C:50B2H         LINE#         230
  C:50B4H         LINE#         231
  C:50B4H         LINE#         232
  -------         ENDPROC       SPI_VALIDATE
  -------         PROC          SPI_ERROR
  C:5807H         LINE#         234
  C:5807H         LINE#         235
  C:5807H         LINE#         236
  C:580DH         LINE#         237
  C:5813H         LINE#         238
  C:5819H         LINE#         239
  C:581FH         LINE#         240
  C:5825H         LINE#         241
  -------         ENDPROC       SPI_ERROR
  -------         ENDMOD        SPI_MASTER

  -------         MODULE        ?C?FPADD
  C:003DH         PUBLIC        ?C?FPADD
  C:0039H         PUBLIC        ?C?FPSUB
  -------         ENDMOD        ?C?FPADD

  -------         MODULE        ?C?FPMUL
  C:012EH         PUBLIC        ?C?FPMUL
  -------         ENDMOD        ?C?FPMUL

  -------         MODULE        ?C?FPDIV
  C:0237H         PUBLIC        ?C?FPDIV
  -------         ENDMOD        ?C?FPDIV

  -------         MODULE        ?C?FPCMP
  C:02D6H         PUBLIC        ?C?FPCMP
  C:02D4H         PUBLIC        ?C?FPCMP3
  -------         ENDMOD        ?C?FPCMP

  -------         MODULE        ?C?FCAST
  C:0357H         PUBLIC        ?C?FCASTC
  C:0352H         PUBLIC        ?C?FCASTI
  C:034DH         PUBLIC        ?C?FCASTL
  -------         ENDMOD        ?C?FCAST

BL51 BANKED LINKER/LOCATER V6.22                                                      04/21/2019  18:57:02  PAGE 47


  -------         MODULE        ?C?CASTF
  C:038BH         PUBLIC        ?C?CASTF
  -------         ENDMOD        ?C?CASTF

  -------         MODULE        PRINTF
  X:003BH         PUBLIC        ?_PRINTF?BYTE
  X:003BH         PUBLIC        ?_SPRINTF?BYTE
  C:1BC8H         PUBLIC        _PRINTF
  C:1BC2H         PUBLIC        _SPRINTF
  -------         ENDMOD        PRINTF

  -------         MODULE        SCANF
  X:0114H         PUBLIC        ?_SCANF?BYTE
  X:0114H         PUBLIC        ?_SSCANF?BYTE
  C:206DH         PUBLIC        _SCANF
  C:2069H         PUBLIC        _SSCANF
  -------         ENDMOD        SCANF

  -------         MODULE        SQRT
  C:4838H         PUBLIC        _SQRT
  -------         ENDMOD        SQRT

  -------         MODULE        ATAN
  C:3E81H         PUBLIC        _ATAN
  -------         ENDMOD        ATAN

  -------         MODULE        ?C?FPROUND
  C:040CH         PUBLIC        ?C?FPROUND
  -------         ENDMOD        ?C?FPROUND

  -------         MODULE        ?C?FPCONVERT
  C:0449H         PUBLIC        ?C?FPCONVERT
  -------         ENDMOD        ?C?FPCONVERT

  -------         MODULE        ?C?FPNEG
  C:059BH         PUBLIC        ?C?FPNEG
  -------         ENDMOD        ?C?FPNEG

  -------         MODULE        ?C?FTNPWR
  C:05DCH         PUBLIC        ?C?FTNPWR
  -------         ENDMOD        ?C?FTNPWR

  -------         MODULE        ?C?COPY
  C:06ECH         PUBLIC        ?C?COPY
  -------         ENDMOD        ?C?COPY

  -------         MODULE        ?C?CLDPTR
  C:0712H         PUBLIC        ?C?CLDPTR
  -------         ENDMOD        ?C?CLDPTR

  -------         MODULE        ?C?CLDOPTR
  C:072BH         PUBLIC        ?C?CLDOPTR
  -------         ENDMOD        ?C?CLDOPTR

  -------         MODULE        ?C?CSTPTR
  C:0758H         PUBLIC        ?C?CSTPTR
  -------         ENDMOD        ?C?CSTPTR
BL51 BANKED LINKER/LOCATER V6.22                                                      04/21/2019  18:57:02  PAGE 48



  -------         MODULE        ?C?CSTOPTR
  C:076AH         PUBLIC        ?C?CSTOPTR
  -------         ENDMOD        ?C?CSTOPTR

  -------         MODULE        ?C?IMUL
  C:078CH         PUBLIC        ?C?IMUL
  -------         ENDMOD        ?C?IMUL

  -------         MODULE        ?C?ILDPTR
  C:079EH         PUBLIC        ?C?ILDPTR
  -------         ENDMOD        ?C?ILDPTR

  -------         MODULE        ?C?ILDOPTR
  C:07C9H         PUBLIC        ?C?ILDOPTR
  -------         ENDMOD        ?C?ILDOPTR

  -------         MODULE        ?C?ISTPTR
  C:0801H         PUBLIC        ?C?ISTPTR
  -------         ENDMOD        ?C?ISTPTR

  -------         MODULE        ?C?ISTOPTR
  C:0820H         PUBLIC        ?C?ISTOPTR
  -------         ENDMOD        ?C?ISTOPTR

  -------         MODULE        ?C?LNEG
  C:084DH         PUBLIC        ?C?LNEG
  -------         ENDMOD        ?C?LNEG

  -------         MODULE        ?C?LLDOPTR
  C:085BH         PUBLIC        ?C?LLDOPTR
  -------         ENDMOD        ?C?LLDOPTR

  -------         MODULE        ?C?LSTPTR
  C:088BH         PUBLIC        ?C?LSTPTR
  -------         ENDMOD        ?C?LSTPTR

  -------         MODULE        ?C?LSTOPTR
  C:08A5H         PUBLIC        ?C?LSTOPTR
  -------         ENDMOD        ?C?LSTOPTR

  -------         MODULE        ?C?LLDXDATA
  C:08C9H         PUBLIC        ?C?LLDXDATA
  -------         ENDMOD        ?C?LLDXDATA

  -------         MODULE        ?C?LLDCODE
  C:08D5H         PUBLIC        ?C?LLDCODE
  -------         ENDMOD        ?C?LLDCODE

  -------         MODULE        ?C?LLDXDATA0
  C:08E5H         PUBLIC        ?C?LLDXDATA0
  -------         ENDMOD        ?C?LLDXDATA0

  -------         MODULE        ?C?LLDCODE0
  C:08F1H         PUBLIC        ?C?LLDCODE0
  -------         ENDMOD        ?C?LLDCODE0

BL51 BANKED LINKER/LOCATER V6.22                                                      04/21/2019  18:57:02  PAGE 49


  -------         MODULE        ?C?LSTXDATA
  C:0901H         PUBLIC        ?C?LSTXDATA
  -------         ENDMOD        ?C?LSTXDATA

  -------         MODULE        ?C?LSTKXDATA
  C:090DH         PUBLIC        ?C?LSTKXDATA
  -------         ENDMOD        ?C?LSTKXDATA

  -------         MODULE        ?C?OFFXADD
  C:093EH         PUBLIC        ?C?OFFXADD
  -------         ENDMOD        ?C?OFFXADD

  -------         MODULE        ?C?PLDXDATA
  C:094AH         PUBLIC        ?C?PLDXDATA
  -------         ENDMOD        ?C?PLDXDATA

  -------         MODULE        ?C?PLDIXDATA
  C:0953H         PUBLIC        ?C?PLDIXDATA
  -------         ENDMOD        ?C?PLDIXDATA

  -------         MODULE        ?C?PILDXDATA
  C:096AH         PUBLIC        ?C?PILDXDATA
  -------         ENDMOD        ?C?PILDXDATA

  -------         MODULE        ?C?PSTXDATA
  C:0981H         PUBLIC        ?C?PSTXDATA
  -------         ENDMOD        ?C?PSTXDATA

  -------         MODULE        ?C?PLDPTR
  C:098AH         PUBLIC        ?C?PLDPTR
  -------         ENDMOD        ?C?PLDPTR

  -------         MODULE        ?C?PSTPTR
  C:09AAH         PUBLIC        ?C?PSTPTR
  -------         ENDMOD        ?C?PSTPTR

  -------         MODULE        ?C?PLDOPTR
  C:09F9H         PUBLIC        ?C?PLDOPTR
  -------         ENDMOD        ?C?PLDOPTR

  -------         MODULE        ?C?PSTOPTR
  C:0A29H         PUBLIC        ?C?PSTOPTR
  -------         ENDMOD        ?C?PSTOPTR

  -------         MODULE        ?C?CCASE
  C:0A82H         PUBLIC        ?C?CCASE
  -------         ENDMOD        ?C?CCASE

  -------         MODULE        ?C?ICALL
  C:0AA8H         PUBLIC        ?C?ICALL
  C:0AACH         PUBLIC        ?C?ICALL2
  -------         ENDMOD        ?C?ICALL

  -------         MODULE        PUTCHAR
  C:57BAH         PUBLIC        _PUTCHAR
  -------         ENDMOD        PUTCHAR

BL51 BANKED LINKER/LOCATER V6.22                                                      04/21/2019  18:57:02  PAGE 50


  -------         MODULE        GETCHAR
  B:0022H.6       PUBLIC        ?C?CHARLOADED
  X:02F1H         PUBLIC        ?_UNGETCHAR?BYTE
  C:58DEH         PUBLIC        GETCHAR
  -------         ENDMOD        GETCHAR

  -------         MODULE        UNGETC
  C:0003H         PUBLIC        _UNGETCHAR
  -------         ENDMOD        UNGETC

  -------         MODULE        ISSPACE
  C:58F2H         PUBLIC        _isspace
  -------         ENDMOD        ISSPACE

  -------         MODULE        ?C?STRCMP
  C:0C2CH         PUBLIC        ?C?STRCMP
  -------         ENDMOD        ?C?STRCMP

  -------         MODULE        STRLEN
  C:58B5H         PUBLIC        _STRLEN
  -------         ENDMOD        STRLEN

  -------         MODULE        ?C?MEMSET
  C:0C49H         PUBLIC        ?C?MEMSET
  -------         ENDMOD        ?C?MEMSET

  -------         MODULE        ?C?LLDIDATA
  C:0C75H         PUBLIC        ?C?LLDIDATA
  -------         ENDMOD        ?C?LLDIDATA

  -------         MODULE        ?C?LLDPDATA
  C:0C81H         PUBLIC        ?C?LLDPDATA
  -------         ENDMOD        ?C?LLDPDATA

  -------         MODULE        ?C?LSTIDATA
  C:0C8DH         PUBLIC        ?C?LSTIDATA
  -------         ENDMOD        ?C?LSTIDATA

  -------         MODULE        ?C?LSTPDATA
  C:0C99H         PUBLIC        ?C?LSTPDATA
  -------         ENDMOD        ?C?LSTPDATA

  -------         MODULE        ?C?PLDIDATA
  C:0CA5H         PUBLIC        ?C?PLDIDATA
  -------         ENDMOD        ?C?PLDIDATA

  -------         MODULE        ?C?PSTIDATA
  C:0CAEH         PUBLIC        ?C?PSTIDATA
  -------         ENDMOD        ?C?PSTIDATA

  -------         MODULE        ?C?PLDPDATA
  C:0CB7H         PUBLIC        ?C?PLDPDATA
  -------         ENDMOD        ?C?PLDPDATA

  -------         MODULE        ?C?PSTPDATA
  C:0CC0H         PUBLIC        ?C?PSTPDATA
  -------         ENDMOD        ?C?PSTPDATA
BL51 BANKED LINKER/LOCATER V6.22                                                      04/21/2019  18:57:02  PAGE 51



  -------         MODULE        ?C?PLDCODE
  C:0CC9H         PUBLIC        ?C?PLDCODE
  -------         ENDMOD        ?C?PLDCODE

  -------         MODULE        _GETKEY
  C:5988H         PUBLIC        _GETKEY
  -------         ENDMOD        _GETKEY

*** WARNING L16: UNCALLED SEGMENT, IGNORED FOR OVERLAY PROCESS
    SEGMENT: ?PR?SERIALIZER_INIT_SERIAL?SERIALIZER

*** WARNING L15: MULTIPLE CALL TO SEGMENT
    SEGMENT: ?PR?SCANF?SCANF
    CALLER1: ?C_C51STARTUP
    CALLER2: ?PR?_MOVE_TO_CMD?COMMANDS

*** WARNING L15: MULTIPLE CALL TO SEGMENT
    SEGMENT: ?PR??C?ATOF??C?ATOF
    CALLER1: ?C_C51STARTUP
    CALLER2: ?PR?_MOVE_TO_CMD?COMMANDS

*** WARNING L1: UNRESOLVED EXTERNAL SYMBOL
    SYMBOL:  _DD_OBS_DETECTION
    MODULE:  .\Objects\distance_detector.obj (DISTANCE_DETECTOR)

*** WARNING L2: REFERENCE MADE TO UNRESOLVED EXTERNAL
    SYMBOL:  _DD_OBS_DETECTION
    MODULE:  .\Objects\distance_detector.obj (DISTANCE_DETECTOR)
    ADDRESS: 349BH

Program Size: data=33.7 xdata=754 code=22934
LINK/LOCATE RUN COMPLETE.  5 WARNING(S),  0 ERROR(S)
