BL51 BANKED LINKER/LOCATER V6.22                                                        04/18/2019  18:05:28  PAGE 1


BL51 BANKED LINKER/LOCATER V6.22, INVOKED BY:
C:\KEIL_V5\C51\BIN\BL51.EXE .\Objects\STARTUP.obj, .\Objects\commands.obj, .\Objects\commands_parser.obj, .\Objects\main
>> .obj, .\Objects\serializer.obj, .\Objects\motion.obj, .\Objects\distance_detector.obj, .\Objects\spi_master.obj TO .\
>> Objects\robot_V1 PRINT (.\Listings\robot_V1.m51) RAMSIZE (256) OVERLAY (* ! MOVE_TO_CMD)


MEMORY MODEL: LARGE WITH FLOATING POINT ARITHMETIC


INPUT MODULES INCLUDED:
  .\Objects\STARTUP.obj (?C_STARTUP)
  .\Objects\commands.obj (COMMANDS)
  .\Objects\commands_parser.obj (COMMANDS_PARSER)
  .\Objects\main.obj (MAIN)
  .\Objects\serializer.obj (SERIALIZER)
  .\Objects\motion.obj (MOTION)
  .\Objects\distance_detector.obj (DISTANCE_DETECTOR)
  .\Objects\spi_master.obj (SPI_MASTER)
  C:\KEIL_V5\C51\LIB\C51FPL.LIB (?C?FPADD)
  C:\KEIL_V5\C51\LIB\C51FPL.LIB (?C?FPMUL)
  C:\KEIL_V5\C51\LIB\C51FPL.LIB (?C?FPDIV)
  C:\KEIL_V5\C51\LIB\C51FPL.LIB (?C?FCAST)
  C:\KEIL_V5\C51\LIB\C51FPL.LIB (?C?CASTF)
  C:\KEIL_V5\C51\LIB\C51FPL.LIB (PRINTF)
  C:\KEIL_V5\C51\LIB\C51FPL.LIB (SCANF)
  C:\KEIL_V5\C51\LIB\C51FPL.LIB (SQRT)
  C:\KEIL_V5\C51\LIB\C51FPL.LIB (ATAN)
  C:\KEIL_V5\C51\LIB\C51FPL.LIB (?C?FPGETOPN)
  C:\KEIL_V5\C51\LIB\C51FPL.LIB (?C?FPROUND)
  C:\KEIL_V5\C51\LIB\C51FPL.LIB (?C?FPCONVERT)
  C:\KEIL_V5\C51\LIB\C51FPL.LIB (?C?ATOF)
  C:\KEIL_V5\C51\LIB\C51FPL.LIB (?C?FPSERIES)
  C:\KEIL_V5\C51\LIB\C51FPL.LIB (?C?FPNEG)
  C:\KEIL_V5\C51\LIB\C51FPL.LIB (?C?FTNPWR)
  C:\KEIL_V5\C51\LIB\C51L.LIB (?C_INIT)
  C:\KEIL_V5\C51\LIB\C51L.LIB (?C?COPY)
  C:\KEIL_V5\C51\LIB\C51L.LIB (?C?CLDPTR)
  C:\KEIL_V5\C51\LIB\C51L.LIB (?C?CLDOPTR)
  C:\KEIL_V5\C51\LIB\C51L.LIB (?C?CSTPTR)
  C:\KEIL_V5\C51\LIB\C51L.LIB (?C?CSTOPTR)
  C:\KEIL_V5\C51\LIB\C51L.LIB (?C?IMUL)
  C:\KEIL_V5\C51\LIB\C51L.LIB (?C?ILDPTR)
  C:\KEIL_V5\C51\LIB\C51L.LIB (?C?ILDOPTR)
  C:\KEIL_V5\C51\LIB\C51L.LIB (?C?ISTPTR)
  C:\KEIL_V5\C51\LIB\C51L.LIB (?C?ISTOPTR)
  C:\KEIL_V5\C51\LIB\C51L.LIB (?C?LNEG)
  C:\KEIL_V5\C51\LIB\C51L.LIB (?C?LSTPTR)
  C:\KEIL_V5\C51\LIB\C51L.LIB (?C?LLDXDATA)
  C:\KEIL_V5\C51\LIB\C51L.LIB (?C?LLDCODE)
  C:\KEIL_V5\C51\LIB\C51L.LIB (?C?LLDXDATA0)
  C:\KEIL_V5\C51\LIB\C51L.LIB (?C?LLDCODE0)
  C:\KEIL_V5\C51\LIB\C51L.LIB (?C?LSTXDATA)
  C:\KEIL_V5\C51\LIB\C51L.LIB (?C?LSTKXDATA)
  C:\KEIL_V5\C51\LIB\C51L.LIB (?C?OFFXADD)
  C:\KEIL_V5\C51\LIB\C51L.LIB (?C?PLDXDATA)
  C:\KEIL_V5\C51\LIB\C51L.LIB (?C?PLDIXDATA)
  C:\KEIL_V5\C51\LIB\C51L.LIB (?C?PILDXDATA)
  C:\KEIL_V5\C51\LIB\C51L.LIB (?C?PSTXDATA)
BL51 BANKED LINKER/LOCATER V6.22                                                      04/18/2019  18:05:28  PAGE 2


  C:\KEIL_V5\C51\LIB\C51L.LIB (?C?PLDPTR)
  C:\KEIL_V5\C51\LIB\C51L.LIB (?C?PSTPTR)
  C:\KEIL_V5\C51\LIB\C51L.LIB (?C?PLDOPTR)
  C:\KEIL_V5\C51\LIB\C51L.LIB (?C?CCASE)
  C:\KEIL_V5\C51\LIB\C51L.LIB (?C?ICALL)
  C:\KEIL_V5\C51\LIB\C51L.LIB (PUTCHAR)
  C:\KEIL_V5\C51\LIB\C51L.LIB (GETCHAR)
  C:\KEIL_V5\C51\LIB\C51L.LIB (UNGETC)
  C:\KEIL_V5\C51\LIB\C51L.LIB (ISSPACE)
  C:\KEIL_V5\C51\LIB\C51L.LIB (?C?STRCMP)
  C:\KEIL_V5\C51\LIB\C51L.LIB (STRLEN)
  C:\KEIL_V5\C51\LIB\C51L.LIB (?C?MEMSET)
  C:\KEIL_V5\C51\LIB\C51L.LIB (?C?LSTIDATA)
  C:\KEIL_V5\C51\LIB\C51L.LIB (?C?LSTPDATA)
  C:\KEIL_V5\C51\LIB\C51L.LIB (?C?PLDIDATA)
  C:\KEIL_V5\C51\LIB\C51L.LIB (?C?PSTIDATA)
  C:\KEIL_V5\C51\LIB\C51L.LIB (?C?PLDPDATA)
  C:\KEIL_V5\C51\LIB\C51L.LIB (?C?PSTPDATA)
  C:\KEIL_V5\C51\LIB\C51L.LIB (?C?PLDCODE)
  C:\KEIL_V5\C51\LIB\C51L.LIB (_GETKEY)


LINK MAP OF MODULE:  .\Objects\robot_V1 (?C_STARTUP)


            TYPE    BASE      LENGTH    RELOCATION   SEGMENT NAME
            -----------------------------------------------------

            * * * * * * *   D A T A   M E M O R Y   * * * * * * *
            REG     0000H     0008H     ABSOLUTE     "REG BANK 0"
            DATA    0008H     0016H     UNIT         _DATA_GROUP_
                    001EH     0002H                  *** GAP ***
            BIT     0020H.0   0002H.6   UNIT         _BIT_GROUP_
            BIT     0022H.6   0000H.1   UNIT         ?BI?GETCHAR
                    0022H.7   0000H.1                *** GAP ***
            IDATA   0023H     0001H     UNIT         ?STACK

            * * * * * * *  X D A T A   M E M O R Y  * * * * * * *
            XDATA   0000H     0146H     UNIT         _XDATA_GROUP_
            XDATA   0146H     0114H     UNIT         ?XD?COMMANDS_PARSER
            XDATA   025AH     0055H     UNIT         ?XD?MAIN
            XDATA   02AFH     0025H     UNIT         ?XD?SERIALIZER
            XDATA   02D4H     0021H     UNIT         ?XD?DISTANCE_DETECTOR
            XDATA   02F5H     000BH     UNIT         ?XD?SPI_MASTER
            XDATA   0300H     0001H     UNIT         ?XD?SERIALIZER_INIT_SERIAL?SERIALIZER
            XDATA   0301H     0001H     UNIT         ?XD?GETCHAR

            * * * * * * *   C O D E   M E M O R Y   * * * * * * *
            CODE    0000H     0003H     ABSOLUTE     
            CODE    0003H     0008H     UNIT         ?PR?GETCHAR?UNGETCHAR
            CODE    000BH     0003H     ABSOLUTE     
            CODE    000EH     0022H     UNIT         ?PR?_IDLE?SERIALIZER
            CODE    0030H     0003H     UNIT         ?PR?ENABLE_GENERAL_INT?MAIN
            CODE    0033H     0003H     ABSOLUTE     
            CODE    0036H     0B61H     UNIT         ?C?LIB_CODE
            CODE    0B97H     052AH     UNIT         ?PR?_DELTA_ANGLE?MOTION
            CODE    10C1H     0483H     UNIT         ?PR?PRINTF?PRINTF
BL51 BANKED LINKER/LOCATER V6.22                                                      04/18/2019  18:05:28  PAGE 3


            CODE    1544H     035AH     UNIT         ?PR?SCANF?SCANF
            CODE    189EH     0339H     UNIT         ?PR?_MOVE_TO_CMD?COMMANDS
            CODE    1BD7H     0319H     UNIT         ?PR?_IDLE_NEXT_STATE?SERIALIZER
            CODE    1EF0H     02A7H     UNIT         ?PR?_SERIALIZER_PROCESS?SERIALIZER
            CODE    2197H     0247H     UNIT         ?PR?_PARSE?COMMANDS_PARSER
            CODE    23DEH     01E5H     UNIT         ?PR?_SPI_PROCESS?SPI_MASTER
            CODE    25C3H     01B4H     UNIT         ?PR?MAIN?MAIN
            CODE    2777H     01A8H     UNIT         ?PR?_SERVO_MOVE_CMD?COMMANDS
            CODE    291FH     01A3H     UNIT         ?C_INITSEG
            CODE    2AC2H     017CH     UNIT         ?PR?_ANGLE_ROTATION_CMD?COMMANDS
            CODE    2C3EH     0167H     UNIT         ?PR?_NAVIGATE?SERIALIZER
            CODE    2DA5H     0154H     UNIT         ?PR?_MOVE_FORWARD_CMD?COMMANDS
            CODE    2EF9H     0154H     UNIT         ?PR?_MOVE_BACKWARD_CMD?COMMANDS
            CODE    304DH     0145H     UNIT         ?PR?_LIGHT_BEAM_ON_CMD?COMMANDS
            CODE    3192H     013AH     UNIT         ?PR?_COMPLETE_ROTATION_CMD?COMMANDS
            CODE    32CCH     0122H     UNIT         ?PR?ATAN?ATAN
            CODE    33EEH     0106H     UNIT         ?PR?_EPREUVE_CMD?COMMANDS
            CODE    34F4H     00FEH     UNIT         ?PR?_MOVETO?SERIALIZER
            CODE    35F2H     00ECH     UNIT         ?PR?TIMER_0_INT?DISTANCE_DETECTOR
            CODE    36DEH     00E6H     UNIT         ?PR??C?ATOF??C?ATOF
            CODE    37C4H     00D0H     UNIT         ?PR?_SET_DEFAULT_SPEED_CMD?COMMANDS
            CODE    3894H     00D0H     UNIT         ?PR?_SPI_TRANSMIT?SPI_MASTER
            CODE    3964H     00CAH     UNIT         ?PR?_SPI_CMD_LIGHT_ON?SPI_MASTER
            CODE    3A2EH     00B1H     UNIT         ?PR?IS_PID_PROCESSING?SERIALIZER
            CODE    3ADFH     00ACH     UNIT         ?PR?SQRT?SQRT
            CODE    3B8BH     00A9H     UNIT         ?PR?_SPI_CMD_SERVO?SPI_MASTER
            CODE    3C34H     00A6H     UNIT         ?PR?_TRANSLATE?SERIALIZER
            CODE    3CDAH     00A4H     UNIT         ?PR?_MOVEANGLE?SERIALIZER
            CODE    3D7EH     00A0H     UNIT         ?CO?MAIN
            CODE    3E1EH     009CH     UNIT         ?PR?_WAIT?COMMANDS_PARSER
            CODE    3EBAH     0097H     UNIT         ?PR?_DD_SLEW_DETECTION?DISTANCE_DETECTOR
            CODE    3F51H     0096H     UNIT         ?PR?_ANGLE_TARGET?MOTION
            CODE    3FE7H     0094H     UNIT         ?PR?_DD_IDLE?DISTANCE_DETECTOR
            CODE    407BH     008CH     UNIT         ?C_C51STARTUP
            CODE    4107H     0076H     UNIT         ?PR?_SPI_CMD_LIGHT_OFF?SPI_MASTER
            CODE    417DH     0075H     UNIT         ?PR?SPI_VALIDATE?SPI_MASTER
            CODE    41F2H     006CH     UNIT         ?PR?_ROTATE?SERIALIZER
            CODE    425EH     0063H     UNIT         ?PR?_SETMOTORS?SERIALIZER
            CODE    42C1H     0062H     UNIT         ?CO?COMMANDS_PARSER
            CODE    4323H     005BH     UNIT         ?PR?_SERIALIZER_PRINT?SERIALIZER
            CODE    437EH     0058H     UNIT         ?PR?DD_MESURE?DISTANCE_DETECTOR
            CODE    43D6H     0056H     UNIT         ?PR?_USART_PRINT?COMMANDS_PARSER
            CODE    442CH     0050H     UNIT         ?CO?SERIALIZER
            CODE    447CH     0050H     UNIT         ?PR?DD_START_CONVERSION?DISTANCE_DETECTOR
            CODE    44CCH     004BH     UNIT         ?PR?_CMD_PARSER_PROCESS?COMMANDS_PARSER
            CODE    4517H     0048H     UNIT         ?PR?_MOVE_STOP_CMD?COMMANDS
            CODE    455FH     0048H     UNIT         ?PR?_RIGTH_ROTATION_CMD?COMMANDS
            CODE    45A7H     0048H     UNIT         ?PR?_LEFT_ROTATION_CMD?COMMANDS
            CODE    45EFH     0048H     UNIT         ?PR?_DETECTE_OBSTACLE?COMMANDS
            CODE    4637H     0048H     UNIT         ?PR?_LIGHT_BEAM_OFF_CMD?COMMANDS
            CODE    467FH     0045H     UNIT         ?PR?_SAFETY_BREAK_CMD?COMMANDS
            CODE    46C4H     0045H     UNIT         ?PR?_DISTANCE_DETECTOR_PROCESS?DISTANCE_DETECTOR
            CODE    4709H     0043H     UNIT         ?PR?_GET_COMMAND?COMMANDS_PARSER
            CODE    474CH     003AH     UNIT         ?PR?_DISTANCE?MOTION
            CODE    4786H     0038H     UNIT         ?PR?_DD_MOVE_SERVO_H?DISTANCE_DETECTOR
            CODE    47BEH     0035H     UNIT         ?PR?_SERIALIZER_RECEIVE?SERIALIZER
            CODE    47F3H     0033H     UNIT         ?CO?COMMANDS
BL51 BANKED LINKER/LOCATER V6.22                                                      04/18/2019  18:05:28  PAGE 4


            CODE    4826H     0032H     UNIT         ?PR?_USART_RECEIVE?COMMANDS_PARSER
            CODE    4858H     0032H     UNIT         ?PR?SPI_INT?SPI_MASTER
            CODE    488AH     002EH     UNIT         ?PR?_STOP?SERIALIZER
            CODE    48B8H     0027H     UNIT         ?PR?_DEFAULT_PROCESS?COMMANDS
            CODE    48DFH     0027H     UNIT         ?PR?PUTCHAR?PUTCHAR
            CODE    4906H     0026H     UNIT         ?PR?_EPREUVE_STOP?COMMANDS
            CODE    492CH     0021H     UNIT         ?PR?INIT_PARSER?COMMANDS_PARSER
            CODE    494DH     001FH     UNIT         ?PR?SPI_ERROR?SPI_MASTER
            CODE    496CH     001BH     UNIT         ?PR?INIT_SPI?SPI_MASTER
            CODE    4987H     0019H     UNIT         ?PR?_DD_SET_ANGLE?DISTANCE_DETECTOR
            CODE    49A0H     0018H     UNIT         ?PR?SERIALIZER_INIT_SERIAL?SERIALIZER
            CODE    49B8H     0018H     UNIT         ?PR?SERIALIZER_CLEAR_SERIAL?SERIALIZER
            CODE    49D0H     0016H     UNIT         ?PR?DD_CONFIG_DAC_ADC?DISTANCE_DETECTOR
            CODE    49E6H     0015H     UNIT         ?PR?_SERIALIZER_SEND?SERIALIZER
            CODE    49FBH     0015H     UNIT         ?PR?_STRLEN?STRLEN
            CODE    4A10H     0014H     UNIT         ?PR?_SPI_SEND_CHAR?SPI_MASTER
            CODE    4A24H     0014H     UNIT         ?PR?GETCHAR?GETCHAR
            CODE    4A38H     0014H     UNIT         ?PR?_ISSPACE?ISSPACE
            CODE    4A4CH     0012H     UNIT         ?PR?_USART_SEND?COMMANDS_PARSER
            CODE    4A5EH     0012H     UNIT         ?PR?INIT_SERIALIZER_UART1?SERIALIZER
            CODE    4A70H     0012H     UNIT         ?PR?_UART_SEND?SERIALIZER
            CODE    4A82H     0010H     UNIT         ?PR?VALID_CMD_FLAG?COMMANDS_PARSER
            CODE    4A92H     0010H     UNIT         ?PR?ERROR_CMD_FLAG?COMMANDS_PARSER
            CODE    4AA2H     000FH     UNIT         ?PR?INIT_EXTERNAL_CLK?MAIN
            CODE    4AB1H     000FH     UNIT         ?PR?DD_INIT_TIMER0?DISTANCE_DETECTOR
            CODE    4AC0H     000EH     UNIT         ?PR?INIT_DISTANCE_DETECTOR?DISTANCE_DETECTOR
            CODE    4ACEH     000AH     UNIT         ?PR?_GETKEY?_GETKEY
            CODE    4AD8H     0004H     UNIT         ?PR?ENABLE_CROSSBAR?MAIN



OVERLAY MAP OF MODULE:   .\Objects\robot_V1 (?C_STARTUP)


SEGMENT                                             BIT_GROUP          DATA_GROUP          XDATA_GROUP
  +--> CALLED SEGMENT                            START    LENGTH     START    LENGTH     START    LENGTH
--------------------------------------------------------------------------------------------------------
?C_C51STARTUP                                    -----    -----      -----    -----      -----    -----
  +--> ?PR?MAIN?MAIN
  +--> ?C_INITSEG

?PR?MAIN?MAIN                                    -----    -----      -----    -----      0000H    0012H
  +--> ?PR?INIT_EXTERNAL_CLK?MAIN
  +--> ?PR?INIT_PARSER?COMMANDS_PARSER
  +--> ?PR?INIT_SERIALIZER_UART1?SERIALIZER
  +--> ?PR?INIT_DISTANCE_DETECTOR?DISTANCE_D...
  +--> ?PR?INIT_SPI?SPI_MASTER
  +--> ?PR?ENABLE_CROSSBAR?MAIN
  +--> ?PR?ENABLE_GENERAL_INT?MAIN
  +--> ?CO?MAIN
  +--> ?PR?_USART_PRINT?COMMANDS_PARSER
  +--> ?PR?_CMD_PARSER_PROCESS?COMMANDS_PARSER
  +--> ?PR?_SERIALIZER_PROCESS?SERIALIZER
  +--> ?PR?_DISTANCE_DETECTOR_PROCESS?DISTAN...
  +--> ?PR?_SPI_PROCESS?SPI_MASTER
  +--> ?PR?DD_START_CONVERSION?DISTANCE_DETE...
  +--> ?PR?PRINTF?PRINTF
BL51 BANKED LINKER/LOCATER V6.22                                                      04/18/2019  18:05:28  PAGE 5



?PR?INIT_DISTANCE_DETECTOR?DISTANCE_D...         -----    -----      -----    -----      -----    -----
  +--> ?PR?DD_CONFIG_DAC_ADC?DISTANCE_DETECTOR
  +--> ?PR?DD_INIT_TIMER0?DISTANCE_DETECTOR

?PR?_USART_PRINT?COMMANDS_PARSER                 -----    -----      -----    -----      00F1H    0004H
  +--> ?PR?_STRLEN?STRLEN
  +--> ?PR?_USART_SEND?COMMANDS_PARSER

?PR?_USART_SEND?COMMANDS_PARSER                  -----    -----      -----    -----      00F5H    0001H

?PR?_CMD_PARSER_PROCESS?COMMANDS_PARSER          -----    -----      -----    -----      0012H    0003H
  +--> ?PR?_WAIT?COMMANDS_PARSER
  +--> ?PR?_GET_COMMAND?COMMANDS_PARSER

?PR?_WAIT?COMMANDS_PARSER                        -----    -----      -----    -----      0015H    0004H
  +--> ?PR?_USART_RECEIVE?COMMANDS_PARSER
  +--> ?PR?_USART_SEND?COMMANDS_PARSER

?PR?_USART_RECEIVE?COMMANDS_PARSER               -----    -----      -----    -----      0019H    0003H

?PR?_GET_COMMAND?COMMANDS_PARSER                 -----    -----      -----    -----      0015H    0003H
  +--> ?PR?_PARSE?COMMANDS_PARSER
  +--> ?PR?ERROR_CMD_FLAG?COMMANDS_PARSER
  +--> ?PR?VALID_CMD_FLAG?COMMANDS_PARSER
  +--> ?PR?_STRLEN?STRLEN

?PR?_PARSE?COMMANDS_PARSER                       -----    -----      -----    -----      0018H    00D9H
  +--> ?CO?COMMANDS_PARSER
  +--> ?PR?_USART_PRINT?COMMANDS_PARSER

?PR?ERROR_CMD_FLAG?COMMANDS_PARSER               -----    -----      -----    -----      -----    -----
  +--> ?PR?_USART_SEND?COMMANDS_PARSER

?PR?VALID_CMD_FLAG?COMMANDS_PARSER               -----    -----      -----    -----      -----    -----
  +--> ?PR?_USART_SEND?COMMANDS_PARSER

?PR?_SERIALIZER_PROCESS?SERIALIZER               -----    -----      -----    -----      0012H    0008H
  +--> ?CO?SERIALIZER
  +--> ?PR?_IDLE_NEXT_STATE?SERIALIZER

?PR?_IDLE_NEXT_STATE?SERIALIZER                  -----    -----      -----    -----      001AH    0006H

?PR?_DISTANCE_DETECTOR_PROCESS?DISTAN...         -----    -----      -----    -----      0012H    0003H

?PR?_SPI_PROCESS?SPI_MASTER                      -----    -----      -----    -----      0012H    0006H
  +--> ?PR?_SPI_CMD_LIGHT_ON?SPI_MASTER
  +--> ?PR?_SPI_CMD_LIGHT_OFF?SPI_MASTER
  +--> ?PR?_SPI_CMD_SERVO?SPI_MASTER
  +--> ?PR?_SPI_TRANSMIT?SPI_MASTER

?PR?_SPI_CMD_LIGHT_ON?SPI_MASTER                 -----    -----      -----    -----      0018H    0006H

?PR?_SPI_CMD_LIGHT_OFF?SPI_MASTER                -----    -----      -----    -----      0018H    0006H

?PR?_SPI_CMD_SERVO?SPI_MASTER                    -----    -----      -----    -----      0018H    0006H

BL51 BANKED LINKER/LOCATER V6.22                                                      04/18/2019  18:05:28  PAGE 6


?PR?_SPI_TRANSMIT?SPI_MASTER                     -----    -----      -----    -----      0018H    0005H
  +--> ?PR?_SPI_SEND_CHAR?SPI_MASTER
  +--> ?PR?SPI_VALIDATE?SPI_MASTER
  +--> ?PR?SPI_ERROR?SPI_MASTER

?PR?_SPI_SEND_CHAR?SPI_MASTER                    -----    -----      -----    -----      001DH    0001H

?PR?SPI_VALIDATE?SPI_MASTER                      -----    -----      -----    -----      001DH    0004H

?PR?DD_START_CONVERSION?DISTANCE_DETE...         -----    -----      -----    -----      0012H    0006H
  +--> ?PR?DD_MESURE?DISTANCE_DETECTOR

?PR?DD_MESURE?DISTANCE_DETECTOR                  -----    -----      -----    -----      0018H    0008H

?PR?PRINTF?PRINTF                                0020H.0  0001H.1    0008H    0005H      003AH    0030H
  +--> ?PR?PUTCHAR?PUTCHAR

?C_INITSEG                                       -----    -----      -----    -----      -----    -----
  +--> ?CO?COMMANDS_PARSER
  +--> ?PR?_EPREUVE_CMD?COMMANDS
  +--> ?PR?_EPREUVE_STOP?COMMANDS
  +--> ?PR?_SAFETY_BREAK_CMD?COMMANDS
  +--> ?PR?_SET_DEFAULT_SPEED_CMD?COMMANDS
  +--> ?PR?_MOVE_FORWARD_CMD?COMMANDS
  +--> ?PR?_MOVE_BACKWARD_CMD?COMMANDS
  +--> ?PR?_MOVE_STOP_CMD?COMMANDS
  +--> ?PR?_RIGTH_ROTATION_CMD?COMMANDS
  +--> ?PR?_LEFT_ROTATION_CMD?COMMANDS
  +--> ?PR?_COMPLETE_ROTATION_CMD?COMMANDS
  +--> ?PR?_ANGLE_ROTATION_CMD?COMMANDS
  +--> ?PR?_DEFAULT_PROCESS?COMMANDS
  +--> ?PR?_DETECTE_OBSTACLE?COMMANDS
  +--> ?PR?_LIGHT_BEAM_ON_CMD?COMMANDS
  +--> ?PR?_LIGHT_BEAM_OFF_CMD?COMMANDS
  +--> ?PR?_SERVO_MOVE_CMD?COMMANDS
  +--> ?PR?_WAIT?COMMANDS_PARSER
  +--> ?PR?_GET_COMMAND?COMMANDS_PARSER
  +--> ?CO?MAIN
  +--> ?PR?_IDLE?SERIALIZER
  +--> ?PR?_TRANSLATE?SERIALIZER
  +--> ?PR?_MOVETO?SERIALIZER
  +--> ?PR?_ROTATE?SERIALIZER
  +--> ?PR?_NAVIGATE?SERIALIZER
  +--> ?PR?_STOP?SERIALIZER
  +--> ?PR?_DD_IDLE?DISTANCE_DETECTOR
  +--> ?PR?_DD_MOVE_SERVO_H?DISTANCE_DETECTOR
  +--> ?PR?_DD_SLEW_DETECTION?DISTANCE_DETECTOR

?PR?_EPREUVE_CMD?COMMANDS                        -----    -----      -----    -----      0000H    0005H
  +--> ?CO?COMMANDS
  +--> ?PR?SCANF?SCANF

?PR?SCANF?SCANF                                  0021H.3  0000H.6    0013H    0009H      0114H    002EH
  +--> ?PR?GETCHAR?UNGETCHAR
  +--> ?PR?_ISSPACE?ISSPACE
  +--> ?PR?GETCHAR?GETCHAR
  +--> ?PR??C?ATOF??C?ATOF
BL51 BANKED LINKER/LOCATER V6.22                                                      04/18/2019  18:05:28  PAGE 7



?PR?GETCHAR?GETCHAR                              -----    -----      -----    -----      -----    -----
  +--> ?PR?_GETKEY?_GETKEY
  +--> ?PR?PUTCHAR?PUTCHAR

?PR??C?ATOF??C?ATOF                              0022H.1  0000H.5    001CH    0002H      -----    -----

?PR?_EPREUVE_STOP?COMMANDS                       -----    -----      -----    -----      0000H    0003H

?PR?_SAFETY_BREAK_CMD?COMMANDS                   -----    -----      -----    -----      0000H    0003H

?PR?_SET_DEFAULT_SPEED_CMD?COMMANDS              -----    -----      -----    -----      0000H    0005H
  +--> ?CO?COMMANDS
  +--> ?PR?SCANF?SCANF

?PR?_MOVE_FORWARD_CMD?COMMANDS                   -----    -----      -----    -----      0000H    0005H
  +--> ?CO?COMMANDS
  +--> ?PR?SCANF?SCANF

?PR?_MOVE_BACKWARD_CMD?COMMANDS                  -----    -----      -----    -----      0000H    0005H
  +--> ?CO?COMMANDS
  +--> ?PR?SCANF?SCANF

?PR?_MOVE_STOP_CMD?COMMANDS                      -----    -----      -----    -----      0000H    0003H

?PR?_RIGTH_ROTATION_CMD?COMMANDS                 -----    -----      -----    -----      0000H    0003H

?PR?_LEFT_ROTATION_CMD?COMMANDS                  -----    -----      -----    -----      0000H    0003H

?PR?_COMPLETE_ROTATION_CMD?COMMANDS              -----    -----      -----    -----      0000H    0003H
  +--> ?CO?COMMANDS

?PR?_ANGLE_ROTATION_CMD?COMMANDS                 -----    -----      -----    -----      0000H    0005H
  +--> ?CO?COMMANDS
  +--> ?PR?SCANF?SCANF

?PR?_DEFAULT_PROCESS?COMMANDS                    -----    -----      -----    -----      0000H    0003H

?PR?_DETECTE_OBSTACLE?COMMANDS                   -----    -----      -----    -----      0000H    0003H

?PR?_LIGHT_BEAM_ON_CMD?COMMANDS                  -----    -----      -----    -----      0000H    0025H
  +--> ?CO?COMMANDS

?PR?_LIGHT_BEAM_OFF_CMD?COMMANDS                 -----    -----      -----    -----      0000H    0003H

?PR?_SERVO_MOVE_CMD?COMMANDS                     -----    -----      -----    -----      0000H    0005H
  +--> ?CO?COMMANDS
  +--> ?PR?SCANF?SCANF

?PR?_IDLE?SERIALIZER                             -----    -----      -----    -----      0000H    0003H

?PR?_TRANSLATE?SERIALIZER                        -----    -----      -----    -----      0000H    0004H
  +--> ?PR?_SETMOTORS?SERIALIZER

?PR?_SETMOTORS?SERIALIZER                        -----    -----      -----    -----      0004H    0018H
  +--> ?CO?SERIALIZER
  +--> ?PR?PRINTF?PRINTF
BL51 BANKED LINKER/LOCATER V6.22                                                      04/18/2019  18:05:28  PAGE 8


  +--> ?PR?_SERIALIZER_PRINT?SERIALIZER
  +--> ?PR?SERIALIZER_CLEAR_SERIAL?SERIALIZER

?PR?_SERIALIZER_PRINT?SERIALIZER                 -----    -----      -----    -----      004DH    0004H
  +--> ?PR?_STRLEN?STRLEN
  +--> ?PR?_SERIALIZER_SEND?SERIALIZER

?PR?_SERIALIZER_SEND?SERIALIZER                  -----    -----      -----    -----      0051H    0001H

?PR?SERIALIZER_CLEAR_SERIAL?SERIALIZER           -----    -----      -----    -----      003AH    0001H
  +--> ?PR?_SERIALIZER_RECEIVE?SERIALIZER

?PR?_SERIALIZER_RECEIVE?SERIALIZER               -----    -----      -----    -----      004DH    0003H

?PR?_MOVETO?SERIALIZER                           -----    -----      -----    -----      0008H    002DH
  +--> ?PR?_DISTANCE?MOTION
  +--> ?CO?SERIALIZER
  +--> ?PR?PRINTF?PRINTF
  +--> ?PR?_SERIALIZER_PRINT?SERIALIZER
  +--> ?PR?SERIALIZER_CLEAR_SERIAL?SERIALIZER
  +--> ?PR?IS_PID_PROCESSING?SERIALIZER

?PR?_DISTANCE?MOTION                             -----    -----      -----    -----      0035H    0002H
  +--> ?PR?SQRT?SQRT

?PR?SQRT?SQRT                                    -----    -----      -----    -----      0037H    0004H

?PR?IS_PID_PROCESSING?SERIALIZER                 -----    -----      -----    -----      0035H    0018H
  +--> ?CO?SERIALIZER
  +--> ?PR?_SERIALIZER_PRINT?SERIALIZER
  +--> ?PR?_SERIALIZER_RECEIVE?SERIALIZER
  +--> ?PR?_UART_SEND?SERIALIZER
  +--> ?PR?SCANF?SCANF

?PR?_UART_SEND?SERIALIZER                        -----    -----      -----    -----      004DH    0001H

?PR?_ROTATE?SERIALIZER                           -----    -----      -----    -----      0008H    0004H
  +--> ?PR?_MOVEANGLE?SERIALIZER
  +--> ?PR?IS_PID_PROCESSING?SERIALIZER

?PR?_MOVEANGLE?SERIALIZER                        -----    -----      -----    -----      000CH    002EH
  +--> ?CO?SERIALIZER
  +--> ?PR?PRINTF?PRINTF
  +--> ?PR?_SERIALIZER_PRINT?SERIALIZER
  +--> ?PR?SERIALIZER_CLEAR_SERIAL?SERIALIZER

?PR?_NAVIGATE?SERIALIZER                         -----    -----      -----    -----      0000H    0008H
  +--> ?CO?SERIALIZER
  +--> ?PR?_ANGLE_TARGET?MOTION
  +--> ?PR?_DELTA_ANGLE?MOTION
  +--> ?PR?_ROTATE?SERIALIZER
  +--> ?PR?_MOVETO?SERIALIZER

?PR?_ANGLE_TARGET?MOTION                         -----    -----      -----    -----      0008H    0008H
  +--> ?PR?ATAN?ATAN

?PR?ATAN?ATAN                                    0020H.0  0000H.2    -----    -----      0010H    0004H
BL51 BANKED LINKER/LOCATER V6.22                                                      04/18/2019  18:05:28  PAGE 9



?PR?_DELTA_ANGLE?MOTION                          -----    -----      -----    -----      0008H    0008H

?PR?_STOP?SERIALIZER                             -----    -----      -----    -----      0000H    0003H
  +--> ?CO?SERIALIZER
  +--> ?PR?_SERIALIZER_PRINT?SERIALIZER
  +--> ?PR?SERIALIZER_CLEAR_SERIAL?SERIALIZER

?PR?_DD_IDLE?DISTANCE_DETECTOR                   -----    -----      -----    -----      0000H    0003H

?PR?_DD_MOVE_SERVO_H?DISTANCE_DETECTOR           -----    -----      -----    -----      0000H    0003H
  +--> ?PR?_DD_SET_ANGLE?DISTANCE_DETECTOR

?PR?_DD_SET_ANGLE?DISTANCE_DETECTOR              -----    -----      -----    -----      0003H    0002H

?PR?_DD_SLEW_DETECTION?DISTANCE_DETECTOR         -----    -----      -----    -----      0000H    0003H
  +--> ?PR?_DD_SET_ANGLE?DISTANCE_DETECTOR

*** NEW ROOT ***************************************************

?PR?_MOVE_TO_CMD?COMMANDS                        -----    -----      -----    -----      00F6H    001EH
  +--> ?CO?COMMANDS
  +--> ?PR?SCANF?SCANF

*** NEW ROOT ***************************************************

?PR?TIMER_0_INT?DISTANCE_DETECTOR                -----    -----      -----    -----      0142H    0004H



UNRESOLVED EXTERNAL SYMBOLS:
   _DD_OBS_DETECTION
   _DD_SINGLE_MEASURE



SYMBOL TABLE OF MODULE:  .\Objects\robot_V1 (?C_STARTUP)

  VALUE           TYPE          NAME
  ----------------------------------

  -------         MODULE        ?C_STARTUP
  C:407BH         SEGMENT       ?C_C51STARTUP
  I:0023H         SEGMENT       ?STACK
  C:0000H         PUBLIC        ?C_STARTUP
  D:00E0H         SYMBOL        ACC
  D:00F0H         SYMBOL        B
  D:0083H         SYMBOL        DPH
  D:0082H         SYMBOL        DPL
  N:0000H         SYMBOL        IBPSTACK
  N:0100H         SYMBOL        IBPSTACKTOP
  N:0080H         SYMBOL        IDATALEN
  C:407EH         SYMBOL        IDATALOOP
  N:0000H         SYMBOL        PBPSTACK
  N:0100H         SYMBOL        PBPSTACKTOP
  N:0000H         SYMBOL        PDATALEN
  N:0000H         SYMBOL        PDATASTART
BL51 BANKED LINKER/LOCATER V6.22                                                      04/18/2019  18:05:28  PAGE 10


  N:0000H         SYMBOL        PPAGE
  N:0000H         SYMBOL        PPAGEENABLE
  D:00A0H         SYMBOL        PPAGE_SFR
  D:0081H         SYMBOL        SP
  C:407BH         SYMBOL        STARTUP1
  N:0000H         SYMBOL        XBPSTACK
  N:0000H         SYMBOL        XBPSTACKTOP
  N:0000H         SYMBOL        XDATALEN
  N:0000H         SYMBOL        XDATASTART
  C:0000H         LINE#         126
  C:407BH         LINE#         133
  C:407DH         LINE#         134
  C:407EH         LINE#         135
  C:407FH         LINE#         136
  C:4081H         LINE#         186
  C:4084H         LINE#         197
  -------         ENDMOD        ?C_STARTUP

  -------         MODULE        COMMANDS
  C:0000H         SYMBOL        _ICE_DUMMY_
  C:455FH         PUBLIC        _rigth_rotation_cmd
  C:467FH         PUBLIC        _safety_break_cmd
  C:189EH         PUBLIC        _move_to_cmd
  C:45EFH         PUBLIC        _detecte_obstacle
  C:33EEH         PUBLIC        _epreuve_cmd
  C:45A7H         PUBLIC        _left_rotation_cmd
  C:37C4H         PUBLIC        _set_default_speed_cmd
  C:304DH         PUBLIC        _light_beam_ON_cmd
  C:2DA5H         PUBLIC        _move_forward_cmd
  C:4906H         PUBLIC        _epreuve_stop
  C:4803H         SYMBOL        _?ix1000
  C:4812H         SYMBOL        _?ix1001
  C:3192H         PUBLIC        _complete_rotation_cmd
  C:48B8H         PUBLIC        _default_process
  C:2777H         PUBLIC        _servo_move_cmd
  C:4637H         PUBLIC        _light_beam_OFF_cmd
  C:2EF9H         PUBLIC        _move_backward_cmd
  C:2AC2H         PUBLIC        _angle_rotation_cmd
  C:4517H         PUBLIC        _move_stop_cmd
  -------         PROC          _DEFAULT_PROCESS
  X:0000H         SYMBOL        cmd_packet
  C:48B8H         LINE#         6
  C:48C3H         LINE#         7
  C:48C3H         LINE#         9
  C:48DCH         LINE#         11
  C:48DEH         LINE#         12
  -------         ENDPROC       _DEFAULT_PROCESS
  -------         PROC          _EPREUVE_CMD
  X:0000H         SYMBOL        cmd_packet
  -------         DO            
  X:0003H         SYMBOL        epreuve_index
  -------         ENDDO         
  C:33EEH         LINE#         18
  C:33F9H         LINE#         19
  C:33F9H         LINE#         20
  C:3402H         LINE#         23
  C:341DH         LINE#         24
BL51 BANKED LINKER/LOCATER V6.22                                                      04/18/2019  18:05:28  PAGE 11


  C:341DH         LINE#         25
  C:3420H         LINE#         26
  C:3420H         LINE#         29
  C:343DH         LINE#         30
  C:343DH         LINE#         32
  C:348AH         LINE#         33
  C:348AH         LINE#         34
  C:348DH         LINE#         35
  C:348DH         LINE#         38
  C:34B3H         LINE#         39
  C:34B3H         LINE#         40
  C:34B6H         LINE#         41
  C:34B6H         LINE#         43
  C:34D6H         LINE#         44
  C:34D8H         LINE#         46
  C:34D8H         LINE#         47
  C:34F1H         LINE#         48
  C:34F1H         LINE#         49
  C:34F3H         LINE#         50
  -------         ENDPROC       _EPREUVE_CMD
  -------         PROC          _EPREUVE_STOP
  X:0000H         SYMBOL        cmd_packet
  C:4906H         LINE#         52
  C:4911H         LINE#         53
  C:4911H         LINE#         55
  C:4929H         LINE#         57
  C:492BH         LINE#         58
  -------         ENDPROC       _EPREUVE_STOP
  -------         PROC          _SAFETY_BREAK_CMD
  X:0000H         SYMBOL        cmd_packet
  C:467FH         LINE#         61
  C:468AH         LINE#         62
  C:468AH         LINE#         64
  C:46A5H         LINE#         65
  C:46A5H         LINE#         66
  C:46A8H         LINE#         67
  C:46A8H         LINE#         69
  C:46C1H         LINE#         71
  C:46C3H         LINE#         72
  -------         ENDPROC       _SAFETY_BREAK_CMD
  -------         PROC          _SET_DEFAULT_SPEED_CMD
  X:0000H         SYMBOL        cmd_packet
  -------         DO            
  X:0003H         SYMBOL        motor_speed
  -------         ENDDO         
  C:37C4H         LINE#         74
  C:37CFH         LINE#         75
  C:37CFH         LINE#         76
  C:37D8H         LINE#         79
  C:37F2H         LINE#         80
  C:37F2H         LINE#         81
  C:37F5H         LINE#         82
  C:37F5H         LINE#         85
  C:3842H         LINE#         86
  C:3842H         LINE#         87
  C:3845H         LINE#         88
  C:3845H         LINE#         91
BL51 BANKED LINKER/LOCATER V6.22                                                      04/18/2019  18:05:28  PAGE 12


  C:3868H         LINE#         92
  C:3868H         LINE#         93
  C:386BH         LINE#         94
  C:386BH         LINE#         96
  C:3891H         LINE#         98
  C:3893H         LINE#         99
  -------         ENDPROC       _SET_DEFAULT_SPEED_CMD
  -------         PROC          _MOVE_FORWARD_CMD
  X:0000H         SYMBOL        cmd_packet
  -------         DO            
  X:0003H         SYMBOL        motor_speed
  -------         ENDDO         
  C:2DA5H         LINE#         101
  C:2DB0H         LINE#         102
  C:2DB0H         LINE#         103
  C:2DB9H         LINE#         105
  C:2DD4H         LINE#         106
  C:2DD4H         LINE#         107
  C:2DD7H         LINE#         108
  C:2DD7H         LINE#         110
  C:2DF6H         LINE#         112
  C:2E13H         LINE#         113
  C:2E13H         LINE#         115
  C:2E5EH         LINE#         116
  C:2E5EH         LINE#         117
  C:2E61H         LINE#         118
  C:2E61H         LINE#         121
  C:2E84H         LINE#         122
  C:2E84H         LINE#         123
  C:2E87H         LINE#         124
  C:2E87H         LINE#         126
  C:2EADH         LINE#         127
  C:2EAFH         LINE#         128
  C:2ED0H         LINE#         129
  C:2ED0H         LINE#         130
  C:2EF6H         LINE#         131
  C:2EF6H         LINE#         132
  C:2EF6H         LINE#         133
  C:2EF8H         LINE#         134
  -------         ENDPROC       _MOVE_FORWARD_CMD
  -------         PROC          _MOVE_BACKWARD_CMD
  X:0000H         SYMBOL        cmd_packet
  -------         DO            
  X:0003H         SYMBOL        motor_speed
  -------         ENDDO         
  C:2EF9H         LINE#         136
  C:2F04H         LINE#         137
  C:2F04H         LINE#         138
  C:2F0DH         LINE#         140
  C:2F28H         LINE#         141
  C:2F28H         LINE#         142
  C:2F2BH         LINE#         143
  C:2F2BH         LINE#         145
  C:2F4AH         LINE#         147
  C:2F67H         LINE#         148
  C:2F67H         LINE#         150
  C:2FB2H         LINE#         151
BL51 BANKED LINKER/LOCATER V6.22                                                      04/18/2019  18:05:28  PAGE 13


  C:2FB2H         LINE#         152
  C:2FB5H         LINE#         153
  C:2FB5H         LINE#         156
  C:2FD8H         LINE#         157
  C:2FD8H         LINE#         158
  C:2FDBH         LINE#         159
  C:2FDBH         LINE#         161
  C:3001H         LINE#         162
  C:3003H         LINE#         163
  C:3024H         LINE#         164
  C:3024H         LINE#         165
  C:304AH         LINE#         166
  C:304AH         LINE#         167
  C:304AH         LINE#         168
  C:304CH         LINE#         169
  -------         ENDPROC       _MOVE_BACKWARD_CMD
  -------         PROC          _MOVE_STOP_CMD
  X:0000H         SYMBOL        cmd_packet
  C:4517H         LINE#         171
  C:4522H         LINE#         172
  C:4522H         LINE#         173
  C:453AH         LINE#         174
  C:453AH         LINE#         175
  C:453DH         LINE#         176
  C:453DH         LINE#         177
  C:455CH         LINE#         178
  C:455EH         LINE#         179
  -------         ENDPROC       _MOVE_STOP_CMD
  -------         PROC          _RIGTH_ROTATION_CMD
  X:0000H         SYMBOL        cmd_packet
  C:455FH         LINE#         181
  C:456AH         LINE#         182
  C:456AH         LINE#         183
  C:4582H         LINE#         184
  C:4582H         LINE#         185
  C:4585H         LINE#         186
  C:4585H         LINE#         188
  C:45A4H         LINE#         189
  C:45A6H         LINE#         190
  -------         ENDPROC       _RIGTH_ROTATION_CMD
  -------         PROC          _LEFT_ROTATION_CMD
  X:0000H         SYMBOL        cmd_packet
  C:45A7H         LINE#         192
  C:45B2H         LINE#         193
  C:45B2H         LINE#         194
  C:45CAH         LINE#         195
  C:45CAH         LINE#         196
  C:45CDH         LINE#         197
  C:45CDH         LINE#         199
  C:45ECH         LINE#         200
  C:45EEH         LINE#         201
  -------         ENDPROC       _LEFT_ROTATION_CMD
  -------         PROC          _COMPLETE_ROTATION_CMD
  X:0000H         SYMBOL        cmd_packet
  C:3192H         LINE#         203
  C:319DH         LINE#         204
  C:319DH         LINE#         205
BL51 BANKED LINKER/LOCATER V6.22                                                      04/18/2019  18:05:28  PAGE 14


  C:31B8H         LINE#         206
  C:31B8H         LINE#         207
  C:31BBH         LINE#         208
  C:31BBH         LINE#         210
  C:31D8H         LINE#         211
  C:31D8H         LINE#         213
  C:3240H         LINE#         215
  C:3240H         LINE#         216
  C:3263H         LINE#         217
  C:3263H         LINE#         218
  C:3263H         LINE#         219
  C:3282H         LINE#         220
  C:3284H         LINE#         221
  C:3284H         LINE#         222
  C:32A3H         LINE#         223
  C:32A5H         LINE#         224
  C:32A5H         LINE#         225
  C:32A7H         LINE#         226
  C:32AAH         LINE#         227
  C:32AAH         LINE#         229
  C:32AAH         LINE#         230
  C:32C9H         LINE#         231
  C:32C9H         LINE#         232
  C:32CBH         LINE#         233
  -------         ENDPROC       _COMPLETE_ROTATION_CMD
  -------         PROC          _ANGLE_ROTATION_CMD
  X:0000H         SYMBOL        cmd_packet
  -------         DO            
  X:0003H         SYMBOL        angle
  -------         ENDDO         
  C:2AC2H         LINE#         235
  C:2ACDH         LINE#         236
  C:2ACDH         LINE#         237
  C:2AD5H         LINE#         239
  C:2AEFH         LINE#         240
  C:2AEFH         LINE#         241
  C:2AF2H         LINE#         242
  C:2AF2H         LINE#         244
  C:2B5DH         LINE#         246
  C:2B5DH         LINE#         247
  C:2B80H         LINE#         248
  C:2B80H         LINE#         249
  C:2B80H         LINE#         250
  C:2B9FH         LINE#         251
  C:2BA1H         LINE#         252
  C:2BA1H         LINE#         253
  C:2BC0H         LINE#         254
  C:2BC0H         LINE#         255
  C:2BC0H         LINE#         257
  C:2C0BH         LINE#         258
  C:2C0BH         LINE#         259
  C:2C0EH         LINE#         260
  C:2C0EH         LINE#         262
  C:2C36H         LINE#         263
  C:2C38H         LINE#         264
  C:2C3BH         LINE#         265
  C:2C3BH         LINE#         266
BL51 BANKED LINKER/LOCATER V6.22                                                      04/18/2019  18:05:28  PAGE 15


  C:2C3DH         LINE#         267
  -------         ENDPROC       _ANGLE_ROTATION_CMD
  -------         PROC          _MOVE_TO_CMD
  X:00F6H         SYMBOL        cmd_packet
  -------         DO            
  X:00F9H         SYMBOL        i
  X:00FAH         SYMBOL        j
  X:00FBH         SYMBOL        params
  X:010AH         SYMBOL        angle
  X:010CH         SYMBOL        x
  X:010EH         SYMBOL        y
  X:0110H         SYMBOL        param_find
  X:0111H         SYMBOL        str
  -------         ENDDO         
  C:189EH         LINE#         277
  C:18A9H         LINE#         278
  C:18A9H         LINE#         279
  C:18B3H         LINE#         280
  C:18D8H         LINE#         281
  C:18F0H         LINE#         282
  C:18F5H         LINE#         283
  C:1906H         LINE#         287
  C:1920H         LINE#         288
  C:1920H         LINE#         289
  C:1923H         LINE#         290
  C:1923H         LINE#         293
  C:1936H         LINE#         294
  C:1936H         LINE#         295
  C:1972H         LINE#         298
  C:1985H         LINE#         299
  C:1985H         LINE#         300
  C:19C3H         LINE#         301
  C:19C3H         LINE#         302
  C:19D9H         LINE#         303
  C:19D9H         LINE#         304
  C:19D9H         LINE#         305
  C:1A42H         LINE#         306
  C:1A42H         LINE#         307
  C:1A45H         LINE#         308
  C:1A45H         LINE#         309
  C:1A45H         LINE#         311
  C:1A45H         LINE#         312
  C:1AABH         LINE#         313
  C:1AABH         LINE#         314
  C:1AAEH         LINE#         315
  C:1AAEH         LINE#         316
  C:1AAEH         LINE#         318
  C:1AAEH         LINE#         319
  C:1B14H         LINE#         320
  C:1B14H         LINE#         321
  C:1B17H         LINE#         322
  C:1B17H         LINE#         323
  C:1B17H         LINE#         325
  C:1B17H         LINE#         326
  C:1B1DH         LINE#         327
  C:1B1FH         LINE#         328
  C:1B1FH         LINE#         329
BL51 BANKED LINKER/LOCATER V6.22                                                      04/18/2019  18:05:28  PAGE 16


  C:1B28H         LINE#         331
  C:1B30H         LINE#         332
  C:1B30H         LINE#         333
  C:1B33H         LINE#         334
  C:1B33H         LINE#         335
  C:1B38H         LINE#         336
  C:1B38H         LINE#         338
  C:1B41H         LINE#         340
  C:1B69H         LINE#         341
  C:1B8FH         LINE#         342
  C:1BB5H         LINE#         343
  C:1BD4H         LINE#         344
  C:1BD6H         LINE#         345
  -------         ENDPROC       _MOVE_TO_CMD
  -------         PROC          _DETECTE_OBSTACLE
  X:0000H         SYMBOL        cmd_packet
  C:45EFH         LINE#         347
  C:45FAH         LINE#         348
  C:45FAH         LINE#         349
  C:4612H         LINE#         350
  C:4612H         LINE#         351
  C:4615H         LINE#         352
  C:4615H         LINE#         354
  C:4634H         LINE#         355
  C:4636H         LINE#         356
  -------         ENDPROC       _DETECTE_OBSTACLE
  -------         PROC          _SERVO_MOVE_CMD
  X:0000H         SYMBOL        cmd_packet
  -------         DO            
  X:0003H         SYMBOL        angle
  -------         ENDDO         
  C:2777H         LINE#         358
  C:2782H         LINE#         359
  C:2782H         LINE#         360
  C:278BH         LINE#         362
  C:27A6H         LINE#         363
  C:27A6H         LINE#         364
  C:27A9H         LINE#         365
  C:27A9H         LINE#         367
  C:2811H         LINE#         369
  C:2811H         LINE#         370
  C:2834H         LINE#         371
  C:2834H         LINE#         372
  C:2834H         LINE#         373
  C:2853H         LINE#         374
  C:2855H         LINE#         375
  C:2855H         LINE#         376
  C:2874H         LINE#         377
  C:2874H         LINE#         378
  C:2874H         LINE#         380
  C:2874H         LINE#         382
  C:28A8H         LINE#         383
  C:28A8H         LINE#         384
  C:28F3H         LINE#         385
  C:28F3H         LINE#         386
  C:28F6H         LINE#         387
  C:28F6H         LINE#         389
BL51 BANKED LINKER/LOCATER V6.22                                                      04/18/2019  18:05:28  PAGE 17


  C:291CH         LINE#         390
  C:291CH         LINE#         392
  C:291EH         LINE#         393
  -------         ENDPROC       _SERVO_MOVE_CMD
  -------         PROC          _LIGHT_BEAM_ON_CMD
  X:0000H         SYMBOL        cmd_packet
  -------         DO            
  X:0003H         SYMBOL        i
  X:0004H         SYMBOL        j
  X:0005H         SYMBOL        params
  X:0019H         SYMBOL        intensity
  X:001BH         SYMBOL        delay_on
  X:001DH         SYMBOL        delay_off
  X:001FH         SYMBOL        nbr_flash
  X:0021H         SYMBOL        param_find
  X:0022H         SYMBOL        str
  -------         ENDDO         
  C:304DH         LINE#         395
  C:3058H         LINE#         396
  C:3058H         LINE#         397
  C:3062H         LINE#         398
  C:3087H         LINE#         399
  C:30A7H         LINE#         400
  C:30ACH         LINE#         401
  C:30BDH         LINE#         404
  C:30F1H         LINE#         405
  C:30F1H         LINE#         406
  C:30F4H         LINE#         407
  C:30F4H         LINE#         464
  C:3113H         LINE#         465
  C:3132H         LINE#         466
  C:3151H         LINE#         467
  C:3170H         LINE#         468
  C:318FH         LINE#         470
  C:3191H         LINE#         471
  -------         ENDPROC       _LIGHT_BEAM_ON_CMD
  -------         PROC          _LIGHT_BEAM_OFF_CMD
  X:0000H         SYMBOL        cmd_packet
  C:4637H         LINE#         473
  C:4642H         LINE#         474
  C:4642H         LINE#         476
  C:465AH         LINE#         477
  C:465AH         LINE#         478
  C:465DH         LINE#         479
  C:465DH         LINE#         481
  C:467CH         LINE#         483
  C:467EH         LINE#         484
  -------         ENDPROC       _LIGHT_BEAM_OFF_CMD
  -------         ENDMOD        COMMANDS

  -------         MODULE        COMMANDS_PARSER
  C:0000H         SYMBOL        _ICE_DUMMY_
  B:0098H.7       PUBLIC        SM00
  D:0090H         PUBLIC        P1
  B:0098H.6       PUBLIC        SM10
  C:4709H         PUBLIC        _get_command
  D:00E8H         PUBLIC        ADC0CN
BL51 BANKED LINKER/LOCATER V6.22                                                      04/18/2019  18:05:28  PAGE 18


  C:44CCH         PUBLIC        _cmd_parser_process
  D:00A4H         PUBLIC        P0MDOUT
  X:0146H         PUBLIC        current_state
  D:00A8H         PUBLIC        IE
  B:0098H.4       PUBLIC        REN0
  D:00D8H         PUBLIC        PCA0CN
  D:00B8H         PUBLIC        IP
  D:00E1H         PUBLIC        XBR0
  C:2197H         PUBLIC        _parse
  C:4A4CH         PUBLIC        _USART_send
  C:43D6H         PUBLIC        _USART_print
  D:00CBH         PUBLIC        RCAP2H
  D:00C0H         PUBLIC        SMB0CN
  C:4A82H         PUBLIC        valid_cmd_flag
  D:00CAH         PUBLIC        RCAP2L
  C:492CH         PUBLIC        init_parser
  D:00F8H         PUBLIC        SPI0CN
  D:0088H         PUBLIC        TCON
  C:3E1EH         PUBLIC        _wait
  C:4A92H         PUBLIC        error_cmd_flag
  X:0147H         PUBLIC        dispatch_table
  X:01E9H         PUBLIC        raw_data
  B:0098H.0       PUBLIC        RI0
  B:0098H.1       PUBLIC        TI0
  B:00C8H.2       PUBLIC        TR2
  C:4826H         PUBLIC        _USART_receive
  B:00C8H.5       PUBLIC        RCLK0
  B:00C8H.4       PUBLIC        TCLK0
  D:0099H         PUBLIC        SBUF0
  D:0098H         PUBLIC        SCON0
  D:00C8H         PUBLIC        T2CON
  D:008EH         PUBLIC        CKCON
  X:024DH         PUBLIC        full_state_machine
  X:0259H         PUBLIC        buffer_index
  D:00D0H         PUBLIC        PSW
  -------         PROC          INIT_PARSER
  C:492CH         LINE#         85
  C:492CH         LINE#         86
  C:492CH         LINE#         89
  C:492EH         LINE#         90
  C:4930H         LINE#         91
  C:4932H         LINE#         94
  C:4935H         LINE#         97
  C:4938H         LINE#         101
  C:493BH         LINE#         105
  C:493EH         LINE#         106
  C:4940H         LINE#         107
  C:4942H         LINE#         108
  C:4945H         LINE#         109
  C:4948H         LINE#         110
  C:494AH         LINE#         112
  C:494CH         LINE#         113
  -------         ENDPROC       INIT_PARSER
  -------         PROC          _USART_RECEIVE
  X:0019H         SYMBOL        read_byte
  C:4826H         LINE#         115
  C:4831H         LINE#         116
BL51 BANKED LINKER/LOCATER V6.22                                                      04/18/2019  18:05:28  PAGE 19


  C:4831H         LINE#         117
  C:4834H         LINE#         118
  C:4834H         LINE#         119
  C:4844H         LINE#         120
  C:4846H         LINE#         121
  C:4847H         LINE#         122
  C:4857H         LINE#         123
  C:4857H         LINE#         124
  -------         ENDPROC       _USART_RECEIVE
  -------         PROC          _USART_SEND
  X:00F5H         SYMBOL        ch
  C:4A4CH         LINE#         126
  C:4A51H         LINE#         127
  C:4A51H         LINE#         128
  C:4A58H         LINE#         129
  C:4A5BH         LINE#         130
  C:4A5DH         LINE#         131
  -------         ENDPROC       _USART_SEND
  -------         PROC          _USART_PRINT
  X:00F1H         SYMBOL        str
  -------         DO            
  X:00F4H         SYMBOL        i
  -------         ENDDO         
  C:43D6H         LINE#         141
  C:43E1H         LINE#         142
  C:43E1H         LINE#         143
  C:43E6H         LINE#         144
  C:4407H         LINE#         145
  C:4407H         LINE#         146
  C:4423H         LINE#         147
  C:442BH         LINE#         148
  -------         ENDPROC       _USART_PRINT
  -------         PROC          _CMD_PARSER_PROCESS
  X:0012H         SYMBOL        result
  C:44CCH         LINE#         152
  C:44D7H         LINE#         153
  C:44D7H         LINE#         167
  C:44EAH         LINE#         168
  C:44EAH         LINE#         169
  C:44EAH         LINE#         170
  C:44F8H         LINE#         171
  C:44F9H         LINE#         172
  C:44F9H         LINE#         173
  C:4507H         LINE#         174
  C:4508H         LINE#         175
  C:4508H         LINE#         176
  C:4516H         LINE#         177
  C:4516H         LINE#         179
  C:4516H         LINE#         181
  -------         ENDPROC       _CMD_PARSER_PROCESS
  -------         PROC          _WAIT
  X:0015H         SYMBOL        parser_result
  -------         DO            
  X:0018H         SYMBOL        read_byte
  -------         ENDDO         
  C:3E1EH         LINE#         183
  C:3E29H         LINE#         184
BL51 BANKED LINKER/LOCATER V6.22                                                      04/18/2019  18:05:28  PAGE 20


  C:3E29H         LINE#         185
  C:3E2FH         LINE#         188
  C:3E38H         LINE#         191
  C:3E4EH         LINE#         194
  C:3E58H         LINE#         195
  C:3E61H         LINE#         196
  C:3E61H         LINE#         199
  C:3E77H         LINE#         200
  C:3E7DH         LINE#         202
  C:3E8EH         LINE#         203
  C:3E94H         LINE#         204
  C:3E95H         LINE#         205
  C:3E9DH         LINE#         206
  C:3EB3H         LINE#         207
  C:3EB9H         LINE#         208
  C:3EB9H         LINE#         209
  C:3EB9H         LINE#         210
  -------         ENDPROC       _WAIT
  -------         PROC          _GET_COMMAND
  X:0015H         SYMBOL        parser_result
  C:4709H         LINE#         213
  C:4714H         LINE#         214
  C:4714H         LINE#         216
  C:4725H         LINE#         217
  C:4725H         LINE#         219
  C:4728H         LINE#         220
  C:472AH         LINE#         221
  C:472DH         LINE#         222
  C:472DH         LINE#         225
  C:4741H         LINE#         226
  C:4746H         LINE#         228
  C:474BH         LINE#         229
  -------         ENDPROC       _GET_COMMAND
  -------         PROC          _PARSE
  X:0018H         SYMBOL        parser_result
  -------         DO            
  X:001BH         SYMBOL        commands_data
  X:00E3H         SYMBOL        data_index
  X:00E4H         SYMBOL        ptr
  X:00E5H         SYMBOL        reading_ptr
  X:00E6H         SYMBOL        ret
  X:00E7H         SYMBOL        c
  X:00E8H         SYMBOL        i
  X:00E9H         SYMBOL        run
  X:00EAH         SYMBOL        cmd_packet
  -------         ENDDO         
  C:2197H         LINE#         232
  C:21A2H         LINE#         233
  C:21A2H         LINE#         237
  C:21B1H         LINE#         238
  C:21B6H         LINE#         239
  C:21C0H         LINE#         240
  C:21C6H         LINE#         249
  C:21D1H         LINE#         250
  C:21D1H         LINE#         251
  C:21E7H         LINE#         254
  C:21FDH         LINE#         255
BL51 BANKED LINKER/LOCATER V6.22                                                      04/18/2019  18:05:28  PAGE 21


  C:21FDH         LINE#         256
  C:21FDH         LINE#         257
  C:2221H         LINE#         259
  C:2227H         LINE#         260
  C:222CH         LINE#         261
  C:222FH         LINE#         263
  C:222FH         LINE#         264
  C:2253H         LINE#         266
  C:2259H         LINE#         267
  C:225EH         LINE#         268
  C:2260H         LINE#         271
  C:2260H         LINE#         272
  C:2284H         LINE#         274
  C:2289H         LINE#         275
  C:228BH         LINE#         277
  C:228BH         LINE#         278
  C:22B4H         LINE#         279
  C:22BAH         LINE#         280
  C:22BAH         LINE#         282
  C:22C0H         LINE#         283
  C:22C3H         LINE#         287
  C:22D4H         LINE#         288
  C:22DEH         LINE#         289
  C:22FDH         LINE#         293
  C:2312H         LINE#         294
  C:2312H         LINE#         295
  C:2355H         LINE#         296
  C:2355H         LINE#         298
  C:2396H         LINE#         299
  C:2396H         LINE#         300
  C:239CH         LINE#         301
  C:239EH         LINE#         302
  C:23A7H         LINE#         303
  C:23ACH         LINE#         304
  C:23ACH         LINE#         311
  C:23ACH         LINE#         312
  C:23B5H         LINE#         315
  C:23C4H         LINE#         316
  C:23D8H         LINE#         319
  C:23DDH         LINE#         320
  -------         ENDPROC       _PARSE
  -------         PROC          VALID_CMD_FLAG
  C:4A82H         LINE#         322
  C:4A82H         LINE#         323
  C:4A82H         LINE#         324
  C:4A87H         LINE#         325
  C:4A8CH         LINE#         326
  C:4A91H         LINE#         327
  -------         ENDPROC       VALID_CMD_FLAG
  -------         PROC          ERROR_CMD_FLAG
  C:4A92H         LINE#         329
  C:4A92H         LINE#         330
  C:4A92H         LINE#         331
  C:4A97H         LINE#         332
  C:4A9CH         LINE#         333
  C:4AA1H         LINE#         334
  -------         ENDPROC       ERROR_CMD_FLAG
BL51 BANKED LINKER/LOCATER V6.22                                                      04/18/2019  18:05:28  PAGE 22


  -------         ENDMOD        COMMANDS_PARSER

  -------         MODULE        MAIN
  C:0000H         SYMBOL        _ICE_DUMMY_
  D:0090H         PUBLIC        P1
  B:00A8H.7       PUBLIC        EA
  D:00E8H         PUBLIC        ADC0CN
  D:00A8H         PUBLIC        IE
  X:025AH         PUBLIC        parser_result
  D:00D8H         PUBLIC        PCA0CN
  D:00B8H         PUBLIC        IP
  D:00FFH         PUBLIC        Reg
  D:00E3H         PUBLIC        XBR2
  X:0261H         PUBLIC        informations
  X:027BH         PUBLIC        dd_packet
  D:00C0H         PUBLIC        SMB0CN
  C:25C3H         PUBLIC        main
  X:0286H         PUBLIC        spi_packet
  D:00F8H         PUBLIC        SPI0CN
  D:0088H         PUBLIC        TCON
  C:0030H         PUBLIC        enable_general_Int
  D:00B2H         PUBLIC        OSCICN
  D:00B1H         PUBLIC        OSCXCN
  X:028FH         PUBLIC        commands
  C:4AA2H         PUBLIC        Init_External_clk
  D:0098H         PUBLIC        SCON0
  D:00C8H         PUBLIC        T2CON
  C:4AD8H         PUBLIC        Enable_Crossbar
  D:008EH         PUBLIC        CKCON
  D:00D0H         PUBLIC        PSW
  -------         PROC          INIT_EXTERNAL_CLK
  C:4AA2H         LINE#         99
  C:4AA2H         LINE#         100
  C:4AA2H         LINE#         102
  C:4AA5H         LINE#         103
  C:4AAAH         LINE#         106
  C:4AADH         LINE#         108
  C:4AB0H         LINE#         109
  -------         ENDPROC       INIT_EXTERNAL_CLK
  -------         PROC          ENABLE_CROSSBAR
  C:4AD8H         LINE#         111
  C:4AD8H         LINE#         112
  C:4AD8H         LINE#         114
  C:4ADBH         LINE#         115
  -------         ENDPROC       ENABLE_CROSSBAR
  -------         PROC          ENABLE_GENERAL_INT
  C:0030H         LINE#         117
  C:0030H         LINE#         118
  C:0030H         LINE#         119
  C:0032H         LINE#         120
  -------         ENDPROC       ENABLE_GENERAL_INT
  -------         PROC          MAIN
  -------         DO            
  X:0000H         SYMBOL        mes
  X:000AH         SYMBOL        f
  X:000EH         SYMBOL        angle
  X:0010H         SYMBOL        ij
BL51 BANKED LINKER/LOCATER V6.22                                                      04/18/2019  18:05:28  PAGE 23


  -------         ENDDO         
  C:25C3H         LINE#         123
  C:25C3H         LINE#         124
  C:25C3H         LINE#         126
  C:25CDH         LINE#         127
  C:25D6H         LINE#         128
  C:25DEH         LINE#         131
  C:25E1H         LINE#         132
  C:25E4H         LINE#         135
  C:25E7H         LINE#         138
  C:25EAH         LINE#         141
  C:25EDH         LINE#         143
  C:25F0H         LINE#         145
  C:25F3H         LINE#         147
  C:25F6H         LINE#         149
  C:25F9H         LINE#         151
  C:2602H         LINE#         152
  C:260BH         LINE#         158
  C:2614H         LINE#         162
  C:2614H         LINE#         163
  C:2614H         LINE#         165
  C:261DH         LINE#         167
  C:2630H         LINE#         168
  C:2630H         LINE#         169
  C:2639H         LINE#         170
  C:263CH         LINE#         171
  C:263CH         LINE#         173
  C:2653H         LINE#         174
  C:2653H         LINE#         177
  C:265CH         LINE#         180
  C:2665H         LINE#         182
  C:268BH         LINE#         186
  C:26A5H         LINE#         187
  C:26A5H         LINE#         188
  C:26AEH         LINE#         189
  C:26E8H         LINE#         190
  C:26F1H         LINE#         191
  C:2700H         LINE#         192
  C:2715H         LINE#         193
  C:2715H         LINE#         195
  C:2732H         LINE#         196
  C:2732H         LINE#         197
  C:273BH         LINE#         198
  C:2750H         LINE#         199
  C:2750H         LINE#         201
  C:2753H         LINE#         202
  C:2753H         LINE#         203
  C:2768H         LINE#         204
  C:2768H         LINE#         206
  C:276BH         LINE#         208
  C:2774H         LINE#         210
  -------         ENDPROC       MAIN
  -------         ENDMOD        MAIN

  -------         MODULE        SERIALIZER
  C:0000H         SYMBOL        _ICE_DUMMY_
  X:02B2H         PUBLIC        serializer_state_machine
BL51 BANKED LINKER/LOCATER V6.22                                                      04/18/2019  18:05:28  PAGE 24


  D:0090H         PUBLIC        P1
  X:02CAH         PUBLIC        is_processing
  X:02CBH         PUBLIC        robot_position
  C:47BEH         PUBLIC        _serializer_receive
  D:00E8H         PUBLIC        ADC0CN
  D:00A8H         PUBLIC        IE
  C:49B8H         PUBLIC        serializer_clear_serial
  C:41F2H         PUBLIC        _rotate
  D:00D8H         PUBLIC        PCA0CN
  D:00B8H         PUBLIC        IP
  D:00E3H         PUBLIC        XBR2
  C:000EH         PUBLIC        _idle
  C:3CDAH         PUBLIC        _moveAngle
  D:00E5H         PUBLIC        RCAP4H
  D:00C0H         PUBLIC        SMB0CN
  C:1EF0H         PUBLIC        _serializer_process
  C:4A5EH         PUBLIC        init_serializer_UART1
  D:00E4H         PUBLIC        RCAP4L
  D:00F8H         PUBLIC        SPI0CN
  D:0088H         PUBLIC        TCON
  X:02D0H         PUBLIC        pids_timer
  C:49A0H         PUBLIC        serializer_init_serial
  C:3A2EH         PUBLIC        is_PID_processing
  C:4472H         SYMBOL        _?ix1000
  C:4477H         SYMBOL        _?ix1001
  X:02D2H         PUBLIC        serializer_state
  C:1BD7H         PUBLIC        _idle_next_state
  C:488AH         PUBLIC        _stop
  C:4A70H         PUBLIC        _UART_send
  B:0098H.1       PUBLIC        TI0
  C:49E6H         PUBLIC        _serializer_send
  C:4323H         PUBLIC        _serializer_print
  C:2C3EH         PUBLIC        _navigate
  C:3C34H         PUBLIC        _translate
  C:425EH         PUBLIC        _setMotors
  D:0099H         PUBLIC        SBUF0
  D:00F2H         PUBLIC        SBUF1
  D:0098H         PUBLIC        SCON0
  D:00F1H         PUBLIC        SCON1
  D:00C8H         PUBLIC        T2CON
  D:00C9H         PUBLIC        T4CON
  X:02D3H         PUBLIC        is_navigating
  D:00D0H         PUBLIC        PSW
  C:34F4H         PUBLIC        _moveTo
  -------         PROC          INIT_SERIALIZER_UART1
  C:4A5EH         LINE#         37
  C:4A5EH         LINE#         38
  C:4A5EH         LINE#         41
  C:4A61H         LINE#         45
  C:4A64H         LINE#         48
  C:4A67H         LINE#         50
  C:4A6AH         LINE#         51
  C:4A6DH         LINE#         53
  C:4A6FH         LINE#         54
  -------         ENDPROC       INIT_SERIALIZER_UART1
  -------         PROC          _SERIALIZER_RECEIVE
  X:004DH         SYMBOL        read_byte
BL51 BANKED LINKER/LOCATER V6.22                                                      04/18/2019  18:05:28  PAGE 25


  C:47BEH         LINE#         56
  C:47C9H         LINE#         57
  C:47C9H         LINE#         58
  C:47CEH         LINE#         59
  C:47CEH         LINE#         60
  C:47DEH         LINE#         61
  C:47E1H         LINE#         62
  C:47E2H         LINE#         63
  C:47F2H         LINE#         64
  C:47F2H         LINE#         65
  -------         ENDPROC       _SERIALIZER_RECEIVE
  -------         PROC          _SERIALIZER_SEND
  X:0051H         SYMBOL        ch
  C:49E6H         LINE#         67
  C:49EBH         LINE#         68
  C:49EBH         LINE#         69
  C:49F2H         LINE#         70
  C:49F7H         LINE#         71
  C:49FAH         LINE#         72
  -------         ENDPROC       _SERIALIZER_SEND
  -------         PROC          _UART_SEND
  X:004DH         SYMBOL        ch
  C:4A70H         LINE#         74
  C:4A75H         LINE#         75
  C:4A75H         LINE#         76
  C:4A7CH         LINE#         77
  C:4A7FH         LINE#         78
  C:4A81H         LINE#         79
  -------         ENDPROC       _UART_SEND
  -------         PROC          _SERIALIZER_PRINT
  X:004DH         SYMBOL        str
  -------         DO            
  X:0050H         SYMBOL        i
  -------         ENDDO         
  C:4323H         LINE#         81
  C:432EH         LINE#         82
  C:432EH         LINE#         83
  C:4333H         LINE#         84
  C:4354H         LINE#         85
  C:4354H         LINE#         87
  C:4370H         LINE#         88
  C:4378H         LINE#         90
  C:437DH         LINE#         92
  -------         ENDPROC       _SERIALIZER_PRINT
  -------         PROC          SERIALIZER_INIT_SERIAL
  -------         DO            
  X:0300H         SYMBOL        c
  -------         ENDDO         
  C:49A0H         LINE#         94
  C:49A0H         LINE#         95
  C:49A0H         LINE#         96
  C:49A5H         LINE#         98
  C:49A5H         LINE#         99
  C:49AEH         LINE#         101
  C:49B7H         LINE#         103
  -------         ENDPROC       SERIALIZER_INIT_SERIAL
  -------         PROC          SERIALIZER_CLEAR_SERIAL
BL51 BANKED LINKER/LOCATER V6.22                                                      04/18/2019  18:05:28  PAGE 26


  -------         DO            
  X:003AH         SYMBOL        c
  -------         ENDDO         
  C:49B8H         LINE#         105
  C:49B8H         LINE#         106
  C:49B8H         LINE#         107
  C:49BDH         LINE#         110
  C:49BDH         LINE#         111
  C:49C6H         LINE#         113
  C:49CFH         LINE#         115
  -------         ENDPROC       SERIALIZER_CLEAR_SERIAL
  -------         PROC          _SERIALIZER_PROCESS
  X:0012H         SYMBOL        parser
  -------         DO            
  X:0015H         SYMBOL        pts
  -------         ENDDO         
  C:1EF0H         LINE#         124
  C:1EFBH         LINE#         125
  C:1EFBH         LINE#         126
  C:1F20H         LINE#         129
  C:1F42H         LINE#         130
  C:1F42H         LINE#         131
  C:1F48H         LINE#         132
  C:1F4DH         LINE#         133
  C:1F6BH         LINE#         134
  C:1F6EH         LINE#         135
  C:1F92H         LINE#         136
  C:1F92H         LINE#         138
  C:1FB1H         LINE#         139
  C:1FB1H         LINE#         140
  C:1FB1H         LINE#         141
  C:1FE5H         LINE#         142
  C:1FE8H         LINE#         144
  C:1FE8H         LINE#         145
  C:1FF1H         LINE#         146
  C:1FF1H         LINE#         147
  C:1FF7H         LINE#         148
  C:1FFAH         LINE#         150
  C:1FFAH         LINE#         151
  C:2000H         LINE#         152
  C:2000H         LINE#         153
  C:2003H         LINE#         155
  C:2003H         LINE#         157
  C:200CH         LINE#         158
  C:200CH         LINE#         159
  C:2012H         LINE#         160
  C:2015H         LINE#         162
  C:2015H         LINE#         163
  C:201BH         LINE#         164
  C:201BH         LINE#         165
  C:201EH         LINE#         167
  C:201EH         LINE#         168
  C:2027H         LINE#         169
  C:2027H         LINE#         170
  C:202DH         LINE#         171
  C:2030H         LINE#         173
  C:2030H         LINE#         174
BL51 BANKED LINKER/LOCATER V6.22                                                      04/18/2019  18:05:28  PAGE 27


  C:204FH         LINE#         175
  C:206DH         LINE#         176
  C:2095H         LINE#         177
  C:20B8H         LINE#         178
  C:20DBH         LINE#         179
  C:20FEH         LINE#         180
  C:2103H         LINE#         181
  C:2103H         LINE#         182
  C:2105H         LINE#         184
  C:2105H         LINE#         185
  C:210EH         LINE#         186
  C:210EH         LINE#         187
  C:2114H         LINE#         188
  C:2116H         LINE#         190
  C:2116H         LINE#         191
  C:211CH         LINE#         192
  C:211CH         LINE#         193
  C:211EH         LINE#         195
  C:211EH         LINE#         196
  C:2126H         LINE#         197
  C:2126H         LINE#         198
  C:212BH         LINE#         199
  C:2149H         LINE#         200
  C:214BH         LINE#         201
  C:214BH         LINE#         202
  C:2151H         LINE#         203
  C:2151H         LINE#         204
  C:2153H         LINE#         206
  C:2153H         LINE#         207
  C:2159H         LINE#         208
  C:215BH         LINE#         210
  C:215BH         LINE#         212
  C:215DH         LINE#         213
  C:2162H         LINE#         214
  C:2162H         LINE#         216
  C:2196H         LINE#         217
  -------         ENDPROC       _SERIALIZER_PROCESS
  -------         PROC          _IDLE_NEXT_STATE
  X:001AH         SYMBOL        cmd
  X:001DH         SYMBOL        pts
  C:1BD7H         LINE#         219
  C:1BE2H         LINE#         220
  C:1BE2H         LINE#         221
  C:1C1DH         LINE#         222
  C:1C1DH         LINE#         223
  C:1C1DH         LINE#         224
  C:1C23H         LINE#         225
  C:1C33H         LINE#         226
  C:1C5DH         LINE#         227
  C:1C5EH         LINE#         229
  C:1C5EH         LINE#         230
  C:1C64H         LINE#         231
  C:1C74H         LINE#         232
  C:1C9EH         LINE#         233
  C:1C9FH         LINE#         235
  C:1C9FH         LINE#         236
  C:1CA5H         LINE#         237
BL51 BANKED LINKER/LOCATER V6.22                                                      04/18/2019  18:05:28  PAGE 28


  C:1CB4H         LINE#         238
  C:1CC9H         LINE#         240
  C:1CCAH         LINE#         242
  C:1CCAH         LINE#         243
  C:1CD0H         LINE#         244
  C:1CE9H         LINE#         245
  C:1CFFH         LINE#         246
  C:1D00H         LINE#         248
  C:1D00H         LINE#         249
  C:1D06H         LINE#         250
  C:1D1EH         LINE#         251
  C:1D34H         LINE#         252
  C:1D35H         LINE#         254
  C:1D35H         LINE#         255
  C:1D3BH         LINE#         256
  C:1D54H         LINE#         257
  C:1D6AH         LINE#         258
  C:1D6BH         LINE#         260
  C:1D6BH         LINE#         261
  C:1D71H         LINE#         262
  C:1D89H         LINE#         263
  C:1D9FH         LINE#         264
  C:1DA0H         LINE#         266
  C:1DA0H         LINE#         267
  C:1DA6H         LINE#         268
  C:1DDBH         LINE#         269
  C:1DF1H         LINE#         270
  C:1DF2H         LINE#         272
  C:1DF2H         LINE#         273
  C:1DF8H         LINE#         274
  C:1E26H         LINE#         275
  C:1E3CH         LINE#         276
  C:1E3DH         LINE#         278
  C:1E3DH         LINE#         279
  C:1E43H         LINE#         280
  C:1E71H         LINE#         281
  C:1E95H         LINE#         282
  C:1EBFH         LINE#         283
  C:1EE9H         LINE#         284
  C:1EEAH         LINE#         286
  C:1EEAH         LINE#         287
  C:1EEFH         LINE#         288
  C:1EEFH         LINE#         289
  C:1EEFH         LINE#         291
  -------         ENDPROC       _IDLE_NEXT_STATE
  -------         PROC          _IDLE
  X:0000H         SYMBOL        pts
  C:000EH         LINE#         293
  C:0019H         LINE#         294
  C:0019H         LINE#         296
  C:002FH         LINE#         299
  -------         ENDPROC       _IDLE
  -------         PROC          _TRANSLATE
  X:0000H         SYMBOL        pts
  -------         DO            
  X:0003H         SYMBOL        speed
  -------         ENDDO         
BL51 BANKED LINKER/LOCATER V6.22                                                      04/18/2019  18:05:28  PAGE 29


  C:3C34H         LINE#         302
  C:3C3FH         LINE#         303
  C:3C3FH         LINE#         304
  C:3C45H         LINE#         306
  C:3C50H         LINE#         307
  C:3C50H         LINE#         308
  C:3C68H         LINE#         309
  C:3C68H         LINE#         310
  C:3C82H         LINE#         311
  C:3C82H         LINE#         313
  C:3CD3H         LINE#         314
  C:3CD9H         LINE#         315
  C:3CD9H         LINE#         317
  -------         ENDPROC       _TRANSLATE
  -------         PROC          _ROTATE
  X:0008H         SYMBOL        pts
  -------         DO            
  X:000BH         SYMBOL        sens
  -------         ENDDO         
  C:41F2H         LINE#         319
  C:41FDH         LINE#         320
  C:41FDH         LINE#         321
  C:4202H         LINE#         323
  C:420AH         LINE#         324
  C:420AH         LINE#         327
  C:4224H         LINE#         328
  C:422AH         LINE#         329
  C:422BH         LINE#         330
  C:422BH         LINE#         332
  C:423EH         LINE#         333
  C:423EH         LINE#         334
  C:4246H         LINE#         335
  C:424EH         LINE#         336
  C:424FH         LINE#         337
  C:424FH         LINE#         338
  C:425DH         LINE#         339
  C:425DH         LINE#         340
  C:425DH         LINE#         341
  -------         ENDPROC       _ROTATE
  -------         PROC          _NAVIGATE
  X:0000H         SYMBOL        pts
  -------         DO            
  X:02AFH         SYMBOL        navigation_step
  X:02B0H         SYMBOL        target_angle
  X:0003H         SYMBOL        temp_pts
  -------         ENDDO         
  C:2C3EH         LINE#         343
  C:2C49H         LINE#         344
  C:2C49H         LINE#         347
  C:2C6EH         LINE#         349
  C:2C87H         LINE#         350
  C:2C87H         LINE#         351
  C:2C87H         LINE#         353
  C:2C8DH         LINE#         354
  C:2C9DH         LINE#         355
  C:2CB3H         LINE#         356
  C:2CE2H         LINE#         357
BL51 BANKED LINKER/LOCATER V6.22                                                      04/18/2019  18:05:28  PAGE 30


  C:2D10H         LINE#         359
  C:2D16H         LINE#         360
  C:2D1CH         LINE#         361
  C:2D25H         LINE#         362
  C:2D26H         LINE#         364
  C:2D26H         LINE#         370
  C:2D2CH         LINE#         371
  C:2D32H         LINE#         372
  C:2D38H         LINE#         373
  C:2D3EH         LINE#         374
  C:2D44H         LINE#         375
  C:2D4DH         LINE#         376
  C:2D4EH         LINE#         378
  C:2D4EH         LINE#         379
  C:2D7CH         LINE#         380
  C:2D82H         LINE#         381
  C:2D88H         LINE#         382
  C:2D91H         LINE#         383
  C:2D92H         LINE#         385
  C:2D92H         LINE#         386
  C:2D97H         LINE#         387
  C:2D9CH         LINE#         388
  C:2DA4H         LINE#         389
  C:2DA4H         LINE#         391
  C:2DA4H         LINE#         394
  -------         ENDPROC       _NAVIGATE
  -------         PROC          _SETMOTORS
  X:0004H         SYMBOL        mtr_speed_1
  X:0006H         SYMBOL        mtr_speed_2
  -------         DO            
  X:0008H         SYMBOL        cmd
  -------         ENDDO         
  C:425EH         LINE#         396
  C:426EH         LINE#         397
  C:426EH         LINE#         400
  C:42B4H         LINE#         402
  C:42BDH         LINE#         404
  C:42C0H         LINE#         405
  -------         ENDPROC       _SETMOTORS
  -------         PROC          _MOVETO
  X:0008H         SYMBOL        pts
  -------         DO            
  X:000BH         SYMBOL        cmd
  X:0033H         SYMBOL        distance_in_tick
  -------         ENDDO         
  C:34F4H         LINE#         407
  C:34FFH         LINE#         408
  C:34FFH         LINE#         410
  C:3507H         LINE#         412
  C:3512H         LINE#         413
  C:3512H         LINE#         414
  C:3544H         LINE#         415
  C:3566H         LINE#         419
  C:35ACH         LINE#         421
  C:35B5H         LINE#         422
  C:35B8H         LINE#         424
  C:35BEH         LINE#         425
BL51 BANKED LINKER/LOCATER V6.22                                                      04/18/2019  18:05:28  PAGE 31


  C:35BFH         LINE#         426
  C:35BFH         LINE#         428
  C:35D2H         LINE#         429
  C:35D2H         LINE#         430
  C:35DAH         LINE#         431
  C:35E2H         LINE#         432
  C:35E3H         LINE#         433
  C:35E3H         LINE#         434
  C:35F1H         LINE#         435
  C:35F1H         LINE#         436
  C:35F1H         LINE#         437
  -------         ENDPROC       _MOVETO
  -------         PROC          _MOVEANGLE
  X:000CH         SYMBOL        angle
  -------         DO            
  X:000EH         SYMBOL        cmd
  X:0036H         SYMBOL        distance_in_tick
  X:0038H         SYMBOL        r_dist
  -------         ENDDO         
  C:3CDAH         LINE#         439
  C:3CE2H         LINE#         440
  C:3CE2H         LINE#         442
  C:3CF2H         LINE#         444
  C:3D14H         LINE#         446
  C:3D2BH         LINE#         448
  C:3D71H         LINE#         449
  C:3D7AH         LINE#         450
  C:3D7DH         LINE#         453
  -------         ENDPROC       _MOVEANGLE
  -------         PROC          _STOP
  X:0000H         SYMBOL        pts
  C:488AH         LINE#         455
  C:4895H         LINE#         456
  C:4895H         LINE#         458
  C:48ABH         LINE#         460
  C:48B4H         LINE#         461
  C:48B7H         LINE#         463
  -------         ENDPROC       _STOP
  -------         PROC          IS_PID_PROCESSING
  -------         DO            
  X:0035H         SYMBOL        result
  X:0049H         SYMBOL        pid_state
  X:004BH         SYMBOL        ptr
  X:004CH         SYMBOL        c
  -------         ENDDO         
  C:3A2EH         LINE#         521
  C:3A2EH         LINE#         522
  C:3A2EH         LINE#         524
  C:3A37H         LINE#         525
  C:3A3CH         LINE#         526
  C:3A41H         LINE#         528
  C:3A4AH         LINE#         531
  C:3A4AH         LINE#         532
  C:3A53H         LINE#         533
  C:3A5DH         LINE#         534
  C:3A5DH         LINE#         535
  C:3A79H         LINE#         536
BL51 BANKED LINKER/LOCATER V6.22                                                      04/18/2019  18:05:28  PAGE 32


  C:3A7FH         LINE#         537
  C:3A87H         LINE#         538
  C:3A87H         LINE#         539
  C:3A90H         LINE#         541
  C:3AC7H         LINE#         543
  C:3AD6H         LINE#         545
  C:3ADEH         LINE#         546
  -------         ENDPROC       IS_PID_PROCESSING
  -------         ENDMOD        SERIALIZER

  -------         MODULE        MOTION
  C:0000H         SYMBOL        _ICE_DUMMY_
  C:474CH         PUBLIC        _distance
  C:3F51H         PUBLIC        _angle_target
  C:0B97H         PUBLIC        _delta_angle
  -------         PROC          _ANGLE_TARGET
  X:0008H         SYMBOL        x_target
  X:0009H         SYMBOL        y_target
  -------         DO            
  X:000AH         SYMBOL        f_angle
  X:000EH         SYMBOL        angle
  -------         ENDDO         
  C:3F51H         LINE#         5
  C:3F5BH         LINE#         6
  C:3F5BH         LINE#         7
  C:3F65H         LINE#         8
  C:3F6DH         LINE#         10
  C:3F9BH         LINE#         11
  C:3FC5H         LINE#         13
  C:3FDEH         LINE#         15
  C:3FE6H         LINE#         16
  -------         ENDPROC       _ANGLE_TARGET
  -------         PROC          _DELTA_ANGLE
  X:0008H         SYMBOL        alpha
  X:000BH         SYMBOL        beta
  -------         DO            
  X:000EH         SYMBOL        angle
  -------         ENDDO         
  C:0B97H         LINE#         19
  C:0BA2H         LINE#         20
  C:0BA2H         LINE#         21
  C:0BAAH         LINE#         42
  C:0BDAH         LINE#         43
  C:0BDAH         LINE#         44
  C:0C0CH         LINE#         45
  C:0C0CH         LINE#         46
  C:0C46H         LINE#         47
  C:0C46H         LINE#         48
  C:0CF0H         LINE#         49
  C:0CF3H         LINE#         50
  C:0CF3H         LINE#         51
  C:0DADH         LINE#         52
  C:0DADH         LINE#         53
  C:0DB0H         LINE#         55
  C:0DB0H         LINE#         56
  C:0DEAH         LINE#         57
  C:0DEAH         LINE#         58
BL51 BANKED LINKER/LOCATER V6.22                                                      04/18/2019  18:05:28  PAGE 33


  C:0E9BH         LINE#         59
  C:0E9EH         LINE#         60
  C:0E9EH         LINE#         61
  C:0F51H         LINE#         62
  C:0F51H         LINE#         63
  C:0F51H         LINE#         64
  C:0F54H         LINE#         65
  C:0F54H         LINE#         66
  C:0F86H         LINE#         67
  C:0F86H         LINE#         68
  C:101AH         LINE#         69
  C:101DH         LINE#         71
  C:101DH         LINE#         72
  C:10B8H         LINE#         73
  C:10B8H         LINE#         74
  C:10B8H         LINE#         76
  C:10C0H         LINE#         77
  -------         ENDPROC       _DELTA_ANGLE
  -------         PROC          _DISTANCE
  X:0035H         SYMBOL        x
  X:0036H         SYMBOL        y
  C:474CH         LINE#         79
  C:4756H         LINE#         80
  C:4756H         LINE#         82
  C:4785H         LINE#         83
  -------         ENDPROC       _DISTANCE
  -------         ENDMOD        MOTION

  -------         MODULE        DISTANCE_DETECTOR
  C:0000H         SYMBOL        _ICE_DUMMY_
  D:0090H         PUBLIC        P1
  D:00BCH         PUBLIC        ADC0CF
  B:00A8H.7       PUBLIC        EA
  C:4AC0H         PUBLIC        Init_distance_detector
  C:447CH         PUBLIC        dd_start_conversion
  D:00E8H         PUBLIC        ADC0CN
  D:00D4H         PUBLIC        DAC0CN
  C:3EBAH         PUBLIC        _dd_slew_detection
  D:00A5H         PUBLIC        P1MDOUT
  D:00A8H         PUBLIC        IE
[...]
  C:3ED8H         LINE#         195
  C:3ED8H         LINE#         196
  C:3EDFH         LINE#         197
  C:3EF8H         LINE#         198
  C:3EFEH         LINE#         199
  C:3EFFH         LINE#         200
  C:3EFFH         LINE#         201
  C:3F1DH         LINE#         202
  C:3F2AH         LINE#         203
  C:3F33H         LINE#         204
  C:3F33H         LINE#         205
  C:3F39H         LINE#         206
  C:3F39H         LINE#         207
  C:3F3FH         LINE#         208
  C:3F40H         LINE#         209
  C:3F40H         LINE#         210
  C:3F46H         LINE#         211
  C:3F4BH         LINE#         212
  C:3F50H         LINE#         213
  C:3F50H         LINE#         214
  C:3F50H         LINE#         215
  -------         ENDPROC       _DD_SLEW_DETECTION
  -------         PROC          _DD_SET_ANGLE
  X:0003H         SYMBOL        angle
  C:4987H         LINE#         217
  C:498FH         LINE#         218
  C:498FH         LINE#         219
  C:499FH         LINE#         220
  -------         ENDPROC       _DD_SET_ANGLE
  -------         PROC          DD_MESURE
  -------         DO            
  X:0018H         SYMBOL        d
  X:001CH         SYMBOL        V_mes
  -------         ENDDO         
  C:437EH         LINE#         223
  C:437EH         LINE#         229
  C:4381H         LINE#         230
  C:4384H         LINE#         232
BL51 BANKED LINKER/LOCATER V6.22                                                      04/18/2019  18:05:28  PAGE 37


  C:439DH         LINE#         235
  C:43C7H         LINE#         238
  C:43D5H         LINE#         240
  -------         ENDPROC       DD_MESURE
  -------         PROC          DD_START_CONVERSION
  -------         DO            
  X:0012H         SYMBOL        conv
  X:0016H         SYMBOL        j
  -------         ENDDO         
  C:447CH         LINE#         243
  C:447CH         LINE#         246
  C:447EH         LINE#         247
  C:4480H         LINE#         248
  C:4483H         LINE#         249
  C:4485H         LINE#         251
  C:44AEH         LINE#         253
  C:44B0H         LINE#         254
  C:44B2H         LINE#         255
  C:44BBH         LINE#         256
  C:44BDH         LINE#         258
  C:44CBH         LINE#         259
  -------         ENDPROC       DD_START_CONVERSION
  -------         ENDMOD        DISTANCE_DETECTOR

  -------         MODULE        SPI_MASTER
  C:0000H         SYMBOL        _ICE_DUMMY_
  D:009DH         PUBLIC        SPI0CKR
  D:0090H         PUBLIC        P1
  X:02F5H         PUBLIC        spi_data_in
  X:02FAH         PUBLIC        spi_data_out
  D:00E6H         PUBLIC        EIE1
  D:00E8H         PUBLIC        ADC0CN
  D:00A4H         PUBLIC        P0MDOUT
  D:00A5H         PUBLIC        P1MDOUT
  D:00A8H         PUBLIC        IE
  D:00D8H         PUBLIC        PCA0CN
  D:00B8H         PUBLIC        IP
  C:4107H         PUBLIC        _spi_cmd_light_OFF
  B:00F8H.3       PUBLIC        TXBSY
  D:00E1H         PUBLIC        XBR0
  D:00C0H         PUBLIC        SMB0CN
  C:3894H         PUBLIC        _spi_transmit
  D:00F8H         PUBLIC        SPI0CN
  C:23DEH         PUBLIC        _spi_process
  B:00F8H.7       PUBLIC        SPIF
  D:0088H         PUBLIC        TCON
  X:02FFH         PUBLIC        spi_data_in_ptr
  C:494DH         PUBLIC        spi_error
  C:4A10H         PUBLIC        _spi_send_char
  C:3964H         PUBLIC        _spi_cmd_light_ON
  C:496CH         PUBLIC        Init_SPI
  D:0098H         PUBLIC        SCON0
  B:0090H.0       PUBLIC        slave_selector
  D:00C8H         PUBLIC        T2CON
  D:009AH         PUBLIC        SPI0CFG
  C:3B8BH         PUBLIC        _spi_cmd_servo
  D:009BH         PUBLIC        SPI0DAT
BL51 BANKED LINKER/LOCATER V6.22                                                      04/18/2019  18:05:28  PAGE 38


  C:4858H         PUBLIC        spi_int
  D:00D0H         PUBLIC        PSW
  C:417DH         PUBLIC        spi_validate
  -------         PROC          SPI_INT
  C:4858H         LINE#         30
  C:4865H         LINE#         33
  C:4867H         LINE#         36
  C:4879H         LINE#         38
  C:487FH         LINE#         40
  -------         ENDPROC       SPI_INT
  -------         PROC          INIT_SPI
  C:496CH         LINE#         48
  C:496CH         LINE#         49
  C:496CH         LINE#         55
  C:496FH         LINE#         59
  C:4972H         LINE#         60
  C:4975H         LINE#         61
  C:4978H         LINE#         63
  C:497BH         LINE#         64
  C:497EH         LINE#         65
  C:4981H         LINE#         67
  C:4983H         LINE#         69
  C:4986H         LINE#         70
  -------         ENDPROC       INIT_SPI
  -------         PROC          _SPI_SEND_CHAR
  X:001DH         SYMBOL        a
  C:4A10H         LINE#         78
  C:4A15H         LINE#         79
  C:4A17H         LINE#         81
  C:4A1EH         LINE#         83
  C:4A21H         LINE#         85
  C:4A23H         LINE#         86
  -------         ENDPROC       _SPI_SEND_CHAR
  -------         PROC          _SPI_TRANSMIT
  X:0018H         SYMBOL        spi_packet
  -------         DO            
  X:001BH         SYMBOL        ptr
  X:001CH         SYMBOL        _delay
  -------         ENDDO         
  C:3894H         LINE#         88
  C:389FH         LINE#         89
  C:389FH         LINE#         90
  C:38A4H         LINE#         91
  C:38A9H         LINE#         94
  C:38BBH         LINE#         95
  C:38C0H         LINE#         98
  C:38C3H         LINE#         100
  C:38CEH         LINE#         101
  C:38CEH         LINE#         102
  C:38F5H         LINE#         103
  C:38FBH         LINE#         105
  C:3913H         LINE#         106
  C:3913H         LINE#         109
  C:3916H         LINE#         112
  C:391CH         LINE#         113
  C:391CH         LINE#         114
  C:391FH         LINE#         115
BL51 BANKED LINKER/LOCATER V6.22                                                      04/18/2019  18:05:28  PAGE 39


  C:3921H         LINE#         116
  C:3921H         LINE#         117
  C:3937H         LINE#         118
  C:3937H         LINE#         121
  C:3951H         LINE#         123
  C:3963H         LINE#         125
  -------         ENDPROC       _SPI_TRANSMIT
  -------         PROC          _SPI_PROCESS
  X:0012H         SYMBOL        cmd
  X:0015H         SYMBOL        spi_packet
  C:23DEH         LINE#         127
  C:23E9H         LINE#         128
  C:23E9H         LINE#         129
  C:2406H         LINE#         130
  C:2406H         LINE#         132
  C:2406H         LINE#         133
  C:2423H         LINE#         134
  C:2423H         LINE#         136
  C:2423H         LINE#         137
  C:243EH         LINE#         138
  C:243EH         LINE#         139
  C:2457H         LINE#         140
  C:2457H         LINE#         141
  C:2487H         LINE#         142
  C:249CH         LINE#         143
  C:24B2H         LINE#         144
  C:24B5H         LINE#         146
  C:24B5H         LINE#         147
  C:24E5H         LINE#         148
  C:24FAH         LINE#         149
  C:2510H         LINE#         150
  C:2510H         LINE#         151
  C:2512H         LINE#         152
  C:252BH         LINE#         153
  C:252BH         LINE#         154
  C:255BH         LINE#         155
  C:2570H         LINE#         156
  C:2586H         LINE#         157
  C:2586H         LINE#         158
  C:2586H         LINE#         159
  C:2586H         LINE#         161
  C:2586H         LINE#         163
  C:2586H         LINE#         165
  C:2586H         LINE#         167
  C:259FH         LINE#         168
  C:259FH         LINE#         169
  C:25ADH         LINE#         170
  C:25C2H         LINE#         171
  C:25C2H         LINE#         173
  -------         ENDPROC       _SPI_PROCESS
  -------         PROC          _SPI_CMD_SERVO
  X:0018H         SYMBOL        cmd
  X:001BH         SYMBOL        spi_packet
  C:3B8BH         LINE#         175
  C:3B96H         LINE#         176
  C:3B96H         LINE#         177
  C:3BACH         LINE#         178
BL51 BANKED LINKER/LOCATER V6.22                                                      04/18/2019  18:05:28  PAGE 40


  C:3BD6H         LINE#         179
  C:3C09H         LINE#         180
  C:3C1EH         LINE#         181
  C:3C33H         LINE#         182
  -------         ENDPROC       _SPI_CMD_SERVO
  -------         PROC          _SPI_CMD_LIGHT_ON
  X:0018H         SYMBOL        cmd
  X:001BH         SYMBOL        spi_packet
  C:3964H         LINE#         184
  C:396FH         LINE#         185
  C:396FH         LINE#         186
  C:3985H         LINE#         187
  C:39AFH         LINE#         188
  C:39D9H         LINE#         189
  C:3A03H         LINE#         190
  C:3A2DH         LINE#         192
  -------         ENDPROC       _SPI_CMD_LIGHT_ON
  -------         PROC          _SPI_CMD_LIGHT_OFF
  X:0018H         SYMBOL        cmd
  X:001BH         SYMBOL        spi_packet
  C:4107H         LINE#         194
  C:4112H         LINE#         195
  C:4112H         LINE#         196
  C:4128H         LINE#         197
  C:413DH         LINE#         198
  C:4152H         LINE#         199
  C:4167H         LINE#         200
  C:417CH         LINE#         202
  -------         ENDPROC       _SPI_CMD_LIGHT_OFF
  -------         PROC          SPI_VALIDATE
  -------         DO            
  X:001DH         SYMBOL        hash
  X:001FH         SYMBOL        i
  -------         ENDDO         
  C:417DH         LINE#         204
  C:417DH         LINE#         205
  C:417DH         LINE#         206
  C:418DH         LINE#         208
  C:41A8H         LINE#         209
  C:41A8H         LINE#         210
  C:41CAH         LINE#         211
  C:41DAH         LINE#         213
  C:41ECH         LINE#         214
  C:41ECH         LINE#         215
  C:41EFH         LINE#         216
  C:41EFH         LINE#         218
  C:41EFH         LINE#         219
  C:41F1H         LINE#         220
  C:41F1H         LINE#         221
  -------         ENDPROC       SPI_VALIDATE
  -------         PROC          SPI_ERROR
  C:494DH         LINE#         223
  C:494DH         LINE#         224
  C:494DH         LINE#         225
  C:4953H         LINE#         226
  C:4959H         LINE#         227
  C:495FH         LINE#         228
BL51 BANKED LINKER/LOCATER V6.22                                                      04/18/2019  18:05:28  PAGE 41


  C:4965H         LINE#         229
  C:496BH         LINE#         230
  -------         ENDPROC       SPI_ERROR
  -------         ENDMOD        SPI_MASTER

  -------         MODULE        ?C?FPADD
  C:003DH         PUBLIC        ?C?FPADD
  C:0039H         PUBLIC        ?C?FPSUB
  -------         ENDMOD        ?C?FPADD

  -------         MODULE        ?C?FPMUL
  C:012EH         PUBLIC        ?C?FPMUL
  -------         ENDMOD        ?C?FPMUL

  -------         MODULE        ?C?FPDIV
  C:0237H         PUBLIC        ?C?FPDIV
  -------         ENDMOD        ?C?FPDIV

  -------         MODULE        ?C?FCAST
  C:02DEH         PUBLIC        ?C?FCASTC
  C:02D9H         PUBLIC        ?C?FCASTI
  C:02D4H         PUBLIC        ?C?FCASTL
  -------         ENDMOD        ?C?FCAST

  -------         MODULE        ?C?CASTF
  C:0312H         PUBLIC        ?C?CASTF
  -------         ENDMOD        ?C?CASTF

  -------         MODULE        PRINTF
  X:003AH         PUBLIC        ?_PRINTF?BYTE
  X:003AH         PUBLIC        ?_SPRINTF?BYTE
  C:112CH         PUBLIC        _PRINTF
  C:1126H         PUBLIC        _SPRINTF
  -------         ENDMOD        PRINTF

  -------         MODULE        SCANF
  X:0114H         PUBLIC        ?_SCANF?BYTE
  X:0114H         PUBLIC        ?_SSCANF?BYTE
  C:15D1H         PUBLIC        _SCANF
  C:15CDH         PUBLIC        _SSCANF
  -------         ENDMOD        SCANF

  -------         MODULE        SQRT
  C:3AE3H         PUBLIC        _SQRT
  -------         ENDMOD        SQRT

  -------         MODULE        ATAN
  C:32ECH         PUBLIC        _ATAN
  -------         ENDMOD        ATAN

  -------         MODULE        ?C?FPROUND
  C:0393H         PUBLIC        ?C?FPROUND
  -------         ENDMOD        ?C?FPROUND

  -------         MODULE        ?C?FPCONVERT
  C:03D0H         PUBLIC        ?C?FPCONVERT
  -------         ENDMOD        ?C?FPCONVERT
BL51 BANKED LINKER/LOCATER V6.22                                                      04/18/2019  18:05:28  PAGE 42



  -------         MODULE        ?C?FPNEG
  C:0522H         PUBLIC        ?C?FPNEG
  -------         ENDMOD        ?C?FPNEG

  -------         MODULE        ?C?FTNPWR
  C:0563H         PUBLIC        ?C?FTNPWR
  -------         ENDMOD        ?C?FTNPWR

  -------         MODULE        ?C?COPY
  C:0673H         PUBLIC        ?C?COPY
  -------         ENDMOD        ?C?COPY

  -------         MODULE        ?C?CLDPTR
  C:0699H         PUBLIC        ?C?CLDPTR
  -------         ENDMOD        ?C?CLDPTR

  -------         MODULE        ?C?CLDOPTR
  C:06B2H         PUBLIC        ?C?CLDOPTR
  -------         ENDMOD        ?C?CLDOPTR

  -------         MODULE        ?C?CSTPTR
  C:06DFH         PUBLIC        ?C?CSTPTR
  -------         ENDMOD        ?C?CSTPTR

  -------         MODULE        ?C?CSTOPTR
  C:06F1H         PUBLIC        ?C?CSTOPTR
  -------         ENDMOD        ?C?CSTOPTR

  -------         MODULE        ?C?IMUL
  C:0713H         PUBLIC        ?C?IMUL
  -------         ENDMOD        ?C?IMUL

  -------         MODULE        ?C?ILDPTR
  C:0725H         PUBLIC        ?C?ILDPTR
  -------         ENDMOD        ?C?ILDPTR

  -------         MODULE        ?C?ILDOPTR
  C:0750H         PUBLIC        ?C?ILDOPTR
  -------         ENDMOD        ?C?ILDOPTR

  -------         MODULE        ?C?ISTPTR
  C:0788H         PUBLIC        ?C?ISTPTR
  -------         ENDMOD        ?C?ISTPTR

  -------         MODULE        ?C?ISTOPTR
  C:07A7H         PUBLIC        ?C?ISTOPTR
  -------         ENDMOD        ?C?ISTOPTR

  -------         MODULE        ?C?LNEG
  C:07D4H         PUBLIC        ?C?LNEG
  -------         ENDMOD        ?C?LNEG

  -------         MODULE        ?C?LSTPTR
  C:07E2H         PUBLIC        ?C?LSTPTR
  -------         ENDMOD        ?C?LSTPTR

BL51 BANKED LINKER/LOCATER V6.22                                                      04/18/2019  18:05:28  PAGE 43


  -------         MODULE        ?C?LLDXDATA
  C:07FCH         PUBLIC        ?C?LLDXDATA
  -------         ENDMOD        ?C?LLDXDATA

  -------         MODULE        ?C?LLDCODE
  C:0808H         PUBLIC        ?C?LLDCODE
  -------         ENDMOD        ?C?LLDCODE

  -------         MODULE        ?C?LLDXDATA0
  C:0818H         PUBLIC        ?C?LLDXDATA0
  -------         ENDMOD        ?C?LLDXDATA0

  -------         MODULE        ?C?LLDCODE0
  C:0824H         PUBLIC        ?C?LLDCODE0
  -------         ENDMOD        ?C?LLDCODE0

  -------         MODULE        ?C?LSTXDATA
  C:0834H         PUBLIC        ?C?LSTXDATA
  -------         ENDMOD        ?C?LSTXDATA

  -------         MODULE        ?C?LSTKXDATA
  C:0840H         PUBLIC        ?C?LSTKXDATA
  -------         ENDMOD        ?C?LSTKXDATA

  -------         MODULE        ?C?OFFXADD
  C:0871H         PUBLIC        ?C?OFFXADD
  -------         ENDMOD        ?C?OFFXADD

  -------         MODULE        ?C?PLDXDATA
  C:087DH         PUBLIC        ?C?PLDXDATA
  -------         ENDMOD        ?C?PLDXDATA

  -------         MODULE        ?C?PLDIXDATA
  C:0886H         PUBLIC        ?C?PLDIXDATA
  -------         ENDMOD        ?C?PLDIXDATA

  -------         MODULE        ?C?PILDXDATA
  C:089DH         PUBLIC        ?C?PILDXDATA
  -------         ENDMOD        ?C?PILDXDATA

  -------         MODULE        ?C?PSTXDATA
  C:08B4H         PUBLIC        ?C?PSTXDATA
  -------         ENDMOD        ?C?PSTXDATA

  -------         MODULE        ?C?PLDPTR
  C:08BDH         PUBLIC        ?C?PLDPTR
  -------         ENDMOD        ?C?PLDPTR

  -------         MODULE        ?C?PSTPTR
  C:08DDH         PUBLIC        ?C?PSTPTR
  -------         ENDMOD        ?C?PSTPTR

  -------         MODULE        ?C?PLDOPTR
  C:092CH         PUBLIC        ?C?PLDOPTR
  -------         ENDMOD        ?C?PLDOPTR

  -------         MODULE        ?C?CCASE
BL51 BANKED LINKER/LOCATER V6.22                                                      04/18/2019  18:05:28  PAGE 44


  C:095CH         PUBLIC        ?C?CCASE
  -------         ENDMOD        ?C?CCASE

  -------         MODULE        ?C?ICALL
  C:0982H         PUBLIC        ?C?ICALL
  C:0986H         PUBLIC        ?C?ICALL2
  -------         ENDMOD        ?C?ICALL

  -------         MODULE        PUTCHAR
  C:48DFH         PUBLIC        _PUTCHAR
  -------         ENDMOD        PUTCHAR

  -------         MODULE        GETCHAR
  B:0022H.6       PUBLIC        ?C?CHARLOADED
  X:0301H         PUBLIC        ?_UNGETCHAR?BYTE
  C:4A24H         PUBLIC        GETCHAR
  -------         ENDMOD        GETCHAR

  -------         MODULE        UNGETC
  C:0003H         PUBLIC        _UNGETCHAR
  -------         ENDMOD        UNGETC

  -------         MODULE        ISSPACE
  C:4A38H         PUBLIC        _isspace
  -------         ENDMOD        ISSPACE

  -------         MODULE        ?C?STRCMP
  C:0B06H         PUBLIC        ?C?STRCMP
  -------         ENDMOD        ?C?STRCMP

  -------         MODULE        STRLEN
  C:49FBH         PUBLIC        _STRLEN
  -------         ENDMOD        STRLEN

  -------         MODULE        ?C?MEMSET
  C:0B23H         PUBLIC        ?C?MEMSET
  -------         ENDMOD        ?C?MEMSET

  -------         MODULE        ?C?LSTIDATA
  C:0B4FH         PUBLIC        ?C?LSTIDATA
  -------         ENDMOD        ?C?LSTIDATA

  -------         MODULE        ?C?LSTPDATA
  C:0B5BH         PUBLIC        ?C?LSTPDATA
  -------         ENDMOD        ?C?LSTPDATA

  -------         MODULE        ?C?PLDIDATA
  C:0B67H         PUBLIC        ?C?PLDIDATA
  -------         ENDMOD        ?C?PLDIDATA

  -------         MODULE        ?C?PSTIDATA
  C:0B70H         PUBLIC        ?C?PSTIDATA
  -------         ENDMOD        ?C?PSTIDATA

  -------         MODULE        ?C?PLDPDATA
  C:0B79H         PUBLIC        ?C?PLDPDATA
  -------         ENDMOD        ?C?PLDPDATA
BL51 BANKED LINKER/LOCATER V6.22                                                      04/18/2019  18:05:28  PAGE 45



  -------         MODULE        ?C?PSTPDATA
  C:0B82H         PUBLIC        ?C?PSTPDATA
  -------         ENDMOD        ?C?PSTPDATA

  -------         MODULE        ?C?PLDCODE
  C:0B8BH         PUBLIC        ?C?PLDCODE
  -------         ENDMOD        ?C?PLDCODE

  -------         MODULE        _GETKEY
  C:4ACEH         PUBLIC        _GETKEY
  -------         ENDMOD        _GETKEY

*** WARNING L16: UNCALLED SEGMENT, IGNORED FOR OVERLAY PROCESS
    SEGMENT: ?PR?SERIALIZER_INIT_SERIAL?SERIALIZER

*** WARNING L15: MULTIPLE CALL TO SEGMENT
    SEGMENT: ?PR?SCANF?SCANF
    CALLER1: ?C_C51STARTUP
    CALLER2: ?PR?_MOVE_TO_CMD?COMMANDS

*** WARNING L15: MULTIPLE CALL TO SEGMENT
    SEGMENT: ?PR??C?ATOF??C?ATOF
    CALLER1: ?C_C51STARTUP
    CALLER2: ?PR?_MOVE_TO_CMD?COMMANDS

*** WARNING L1: UNRESOLVED EXTERNAL SYMBOL
    SYMBOL:  _DD_SINGLE_MEASURE
    MODULE:  .\Objects\distance_detector.obj (DISTANCE_DETECTOR)

*** WARNING L1: UNRESOLVED EXTERNAL SYMBOL
    SYMBOL:  _DD_OBS_DETECTION
    MODULE:  .\Objects\distance_detector.obj (DISTANCE_DETECTOR)

*** WARNING L2: REFERENCE MADE TO UNRESOLVED EXTERNAL
    SYMBOL:  _DD_SINGLE_MEASURE
    MODULE:  .\Objects\distance_detector.obj (DISTANCE_DETECTOR)
    ADDRESS: 2A98H

*** WARNING L2: REFERENCE MADE TO UNRESOLVED EXTERNAL
    SYMBOL:  _DD_OBS_DETECTION
    MODULE:  .\Objects\distance_detector.obj (DISTANCE_DETECTOR)
    ADDRESS: 2AA0H

Program Size: data=33.7 xdata=770 code=19164
LINK/LOCATE RUN COMPLETE.  7 WARNING(S),  0 ERROR(S)
