Component: ARM Compiler 5.06 update 6 (build 750) Tool: armlink [4d35ed]

==============================================================================

Section Cross References

    startup_stm32f303xc.o(RESET) refers to startup_stm32f303xc.o(STACK) for __initial_sp
    startup_stm32f303xc.o(RESET) refers to startup_stm32f303xc.o(.text) for Reset_Handler
    startup_stm32f303xc.o(RESET) refers to stm32f3xx_it.o(i.NMI_Handler) for NMI_Handler
    startup_stm32f303xc.o(RESET) refers to stm32f3xx_it.o(i.HardFault_Handler) for HardFault_Handler
    startup_stm32f303xc.o(RESET) refers to stm32f3xx_it.o(i.MemManage_Handler) for MemManage_Handler
    startup_stm32f303xc.o(RESET) refers to stm32f3xx_it.o(i.BusFault_Handler) for BusFault_Handler
    startup_stm32f303xc.o(RESET) refers to stm32f3xx_it.o(i.UsageFault_Handler) for UsageFault_Handler
    startup_stm32f303xc.o(RESET) refers to stm32f3xx_it.o(i.SVC_Handler) for SVC_Handler
    startup_stm32f303xc.o(RESET) refers to stm32f3xx_it.o(i.DebugMon_Handler) for DebugMon_Handler
    startup_stm32f303xc.o(RESET) refers to stm32f3xx_it.o(i.PendSV_Handler) for PendSV_Handler
    startup_stm32f303xc.o(RESET) refers to stm32f3xx_it.o(i.SysTick_Handler) for SysTick_Handler
    startup_stm32f303xc.o(RESET) refers to stm32f3xx_it.o(i.DMA1_Channel3_IRQHandler) for DMA1_Channel3_IRQHandler
    startup_stm32f303xc.o(RESET) refers to stm32f3xx_it.o(i.TIM3_IRQHandler) for TIM3_IRQHandler
    startup_stm32f303xc.o(RESET) refers to stm32f3xx_it.o(i.USART1_IRQHandler) for USART1_IRQHandler
    startup_stm32f303xc.o(RESET) refers to stm32f3xx_it.o(i.TIM6_DAC_IRQHandler) for TIM6_DAC_IRQHandler
    startup_stm32f303xc.o(.text) refers to system_stm32f3xx.o(i.SystemInit) for SystemInit
    startup_stm32f303xc.o(.text) refers to entry.o(.ARM.Collect$$$$00000000) for __main
    main.o(i.MX_ADC1_Init) refers to memseta.o(.text) for __aeabi_memclr4
    main.o(i.MX_ADC1_Init) refers to stm32f3xx_hal_adc_ex.o(i.HAL_ADC_Init) for HAL_ADC_Init
    main.o(i.MX_ADC1_Init) refers to main.o(i.Error_Handler) for Error_Handler
    main.o(i.MX_ADC1_Init) refers to stm32f3xx_hal_adc_ex.o(i.HAL_ADCEx_MultiModeConfigChannel) for HAL_ADCEx_MultiModeConfigChannel
    main.o(i.MX_ADC1_Init) refers to stm32f3xx_hal_adc_ex.o(i.HAL_ADC_ConfigChannel) for HAL_ADC_ConfigChannel
    main.o(i.MX_ADC1_Init) refers to main.o(.bss) for hadc1
    main.o(i.MX_ADC2_Init) refers to memseta.o(.text) for __aeabi_memclr4
    main.o(i.MX_ADC2_Init) refers to stm32f3xx_hal_adc_ex.o(i.HAL_ADC_Init) for HAL_ADC_Init
    main.o(i.MX_ADC2_Init) refers to main.o(i.Error_Handler) for Error_Handler
    main.o(i.MX_ADC2_Init) refers to stm32f3xx_hal_adc_ex.o(i.HAL_ADC_ConfigChannel) for HAL_ADC_ConfigChannel
    main.o(i.MX_ADC2_Init) refers to main.o(.bss) for hadc2
    main.o(i.MX_DAC_Init) refers to stm32f3xx_hal_dac.o(i.HAL_DAC_Init) for HAL_DAC_Init
    main.o(i.MX_DAC_Init) refers to main.o(i.Error_Handler) for Error_Handler
    main.o(i.MX_DAC_Init) refers to stm32f3xx_hal_dac_ex.o(i.HAL_DAC_ConfigChannel) for HAL_DAC_ConfigChannel
    main.o(i.MX_DAC_Init) refers to main.o(.bss) for hdac
    main.o(i.MX_DMA_Init) refers to stm32f3xx_hal_cortex.o(i.HAL_NVIC_SetPriority) for HAL_NVIC_SetPriority
    main.o(i.MX_DMA_Init) refers to stm32f3xx_hal_cortex.o(i.HAL_NVIC_EnableIRQ) for HAL_NVIC_EnableIRQ
    main.o(i.MX_GPIO_Init) refers to memseta.o(.text) for __aeabi_memclr4
    main.o(i.MX_GPIO_Init) refers to stm32f3xx_hal_gpio.o(i.HAL_GPIO_WritePin) for HAL_GPIO_WritePin
    main.o(i.MX_GPIO_Init) refers to stm32f3xx_hal_gpio.o(i.HAL_GPIO_Init) for HAL_GPIO_Init
    main.o(i.MX_I2C1_Init) refers to stm32f3xx_hal_i2c.o(i.HAL_I2C_Init) for HAL_I2C_Init
    main.o(i.MX_I2C1_Init) refers to main.o(i.Error_Handler) for Error_Handler
    main.o(i.MX_I2C1_Init) refers to stm32f3xx_hal_i2c_ex.o(i.HAL_I2CEx_ConfigAnalogFilter) for HAL_I2CEx_ConfigAnalogFilter
    main.o(i.MX_I2C1_Init) refers to stm32f3xx_hal_i2c_ex.o(i.HAL_I2CEx_ConfigDigitalFilter) for HAL_I2CEx_ConfigDigitalFilter
    main.o(i.MX_I2C1_Init) refers to main.o(.bss) for hi2c1
    main.o(i.MX_SPI1_Init) refers to stm32f3xx_hal_spi.o(i.HAL_SPI_Init) for HAL_SPI_Init
    main.o(i.MX_SPI1_Init) refers to main.o(i.Error_Handler) for Error_Handler
    main.o(i.MX_SPI1_Init) refers to main.o(.bss) for hspi1
    main.o(i.MX_TIM2_Init) refers to stm32f3xx_hal_tim.o(i.HAL_TIM_Base_Init) for HAL_TIM_Base_Init
    main.o(i.MX_TIM2_Init) refers to main.o(i.Error_Handler) for Error_Handler
    main.o(i.MX_TIM2_Init) refers to stm32f3xx_hal_tim.o(i.HAL_TIM_ConfigClockSource) for HAL_TIM_ConfigClockSource
    main.o(i.MX_TIM2_Init) refers to stm32f3xx_hal_tim.o(i.HAL_TIM_IC_Init) for HAL_TIM_IC_Init
    main.o(i.MX_TIM2_Init) refers to stm32f3xx_hal_tim_ex.o(i.HAL_TIMEx_MasterConfigSynchronization) for HAL_TIMEx_MasterConfigSynchronization
    main.o(i.MX_TIM2_Init) refers to stm32f3xx_hal_tim.o(i.HAL_TIM_IC_ConfigChannel) for HAL_TIM_IC_ConfigChannel
[...]
    ../Drivers/STM32F3xx_HAL_Driver/Src/stm32f3xx_hal_cortex.c 0x00000000   Number         0  stm32f3xx_hal_cortex.o ABSOLUTE
    ../Drivers/STM32F3xx_HAL_Driver/Src/stm32f3xx_hal_dac.c 0x00000000   Number         0  stm32f3xx_hal_dac.o ABSOLUTE
    ../Drivers/STM32F3xx_HAL_Driver/Src/stm32f3xx_hal_dac_ex.c 0x00000000   Number         0  stm32f3xx_hal_dac_ex.o ABSOLUTE
    ../Drivers/STM32F3xx_HAL_Driver/Src/stm32f3xx_hal_dma.c 0x00000000   Number         0  stm32f3xx_hal_dma.o ABSOLUTE
    ../Drivers/STM32F3xx_HAL_Driver/Src/stm32f3xx_hal_flash.c 0x00000000   Number         0  stm32f3xx_hal_flash.o ABSOLUTE
    ../Drivers/STM32F3xx_HAL_Driver/Src/stm32f3xx_hal_flash_ex.c 0x00000000   Number         0  stm32f3xx_hal_flash_ex.o ABSOLUTE
    ../Drivers/STM32F3xx_HAL_Driver/Src/stm32f3xx_hal_gpio.c 0x00000000   Number         0  stm32f3xx_hal_gpio.o ABSOLUTE
    ../Drivers/STM32F3xx_HAL_Driver/Src/stm32f3xx_hal_i2c.c 0x00000000   Number         0  stm32f3xx_hal_i2c.o ABSOLUTE
    ../Drivers/STM32F3xx_HAL_Driver/Src/stm32f3xx_hal_i2c_ex.c 0x00000000   Number         0  stm32f3xx_hal_i2c_ex.o ABSOLUTE
    ../Drivers/STM32F3xx_HAL_Driver/Src/stm32f3xx_hal_pcd.c 0x00000000   Number         0  stm32f3xx_hal_pcd.o ABSOLUTE
    ../Drivers/STM32F3xx_HAL_Driver/Src/stm32f3xx_hal_pcd_ex.c 0x00000000   Number         0  stm32f3xx_hal_pcd_ex.o ABSOLUTE
    ../Drivers/STM32F3xx_HAL_Driver/Src/stm32f3xx_hal_pwr.c 0x00000000   Number         0  stm32f3xx_hal_pwr.o ABSOLUTE
    ../Drivers/STM32F3xx_HAL_Driver/Src/stm32f3xx_hal_pwr_ex.c 0x00000000   Number         0  stm32f3xx_hal_pwr_ex.o ABSOLUTE
    ../Drivers/STM32F3xx_HAL_Driver/Src/stm32f3xx_hal_rcc.c 0x00000000   Number         0  stm32f3xx_hal_rcc.o ABSOLUTE
    ../Drivers/STM32F3xx_HAL_Driver/Src/stm32f3xx_hal_rcc_ex.c 0x00000000   Number         0  stm32f3xx_hal_rcc_ex.o ABSOLUTE
    ../Drivers/STM32F3xx_HAL_Driver/Src/stm32f3xx_hal_spi.c 0x00000000   Number         0  stm32f3xx_hal_spi.o ABSOLUTE
    ../Drivers/STM32F3xx_HAL_Driver/Src/stm32f3xx_hal_spi_ex.c 0x00000000   Number         0  stm32f3xx_hal_spi_ex.o ABSOLUTE
    ../Drivers/STM32F3xx_HAL_Driver/Src/stm32f3xx_hal_tim.c 0x00000000   Number         0  stm32f3xx_hal_tim.o ABSOLUTE
    ../Drivers/STM32F3xx_HAL_Driver/Src/stm32f3xx_hal_tim_ex.c 0x00000000   Number         0  stm32f3xx_hal_tim_ex.o ABSOLUTE
    ../Src/main.c                            0x00000000   Number         0  main.o ABSOLUTE
    ../Src/stm32f3xx_hal_msp.c               0x00000000   Number         0  stm32f3xx_hal_msp.o ABSOLUTE
    ../Src/stm32f3xx_it.c                    0x00000000   Number         0  stm32f3xx_it.o ABSOLUTE
    ../Src/system_stm32f3xx.c                0x00000000   Number         0  system_stm32f3xx.o ABSOLUTE
    ../clib/microlib/ctype/ctype.c           0x00000000   Number         0  ctype_c.o ABSOLUTE
    ../clib/microlib/ctype/ctype.c           0x00000000   Number         0  isspace_c.o ABSOLUTE
    ../clib/microlib/init/entry.s            0x00000000   Number         0  entry11a.o ABSOLUTE
    ../clib/microlib/init/entry.s            0x00000000   Number         0  entry5.o ABSOLUTE
    ../clib/microlib/init/entry.s            0x00000000   Number         0  entry11b.o ABSOLUTE
    ../clib/microlib/init/entry.s            0x00000000   Number         0  entry7a.o ABSOLUTE
    ../clib/microlib/init/entry.s            0x00000000   Number         0  entry2.o ABSOLUTE
    ../clib/microlib/init/entry.s            0x00000000   Number         0  entry8b.o ABSOLUTE
    ../clib/microlib/init/entry.s            0x00000000   Number         0  entry10b.o ABSOLUTE
    ../clib/microlib/init/entry.s            0x00000000   Number         0  entry.o ABSOLUTE
    ../clib/microlib/init/entry.s            0x00000000   Number         0  entry8a.o ABSOLUTE
    ../clib/microlib/init/entry.s            0x00000000   Number         0  entry10a.o ABSOLUTE
    ../clib/microlib/init/entry.s            0x00000000   Number         0  entry7b.o ABSOLUTE
    ../clib/microlib/init/entry.s            0x00000000   Number         0  entry9b.o ABSOLUTE
    ../clib/microlib/init/entry.s            0x00000000   Number         0  entry9a.o ABSOLUTE
    ../clib/microlib/longlong.c              0x00000000   Number         0  llushr.o ABSOLUTE
    ../clib/microlib/string/memcpy.c         0x00000000   Number         0  memcpya.o ABSOLUTE
    ../clib/microlib/string/memcpy.c         0x00000000   Number         0  memcpyb.o ABSOLUTE
    ../clib/microlib/string/memset.c         0x00000000   Number         0  memseta.o ABSOLUTE
    ../clib/scanf.c                          0x00000000   Number         0  _chval.o ABSOLUTE
    ../clib/scanf.c                          0x00000000   Number         0  _scanf_int.o ABSOLUTE
    ../clib/scanf.c                          0x00000000   Number         0  scanf_char.o ABSOLUTE
    ../clib/scanf.c                          0x00000000   Number         0  __0sscanf.o ABSOLUTE
    ../clib/scanf.c                          0x00000000   Number         0  _sgetc.o ABSOLUTE
    ../clib/scanf.c                          0x00000000   Number         0  _scanf.o ABSOLUTE
    ..\Drivers\STM32F3xx_HAL_Driver\Src\stm32f3xx_hal.c 0x00000000   Number         0  stm32f3xx_hal.o ABSOLUTE
    ..\Drivers\STM32F3xx_HAL_Driver\Src\stm32f3xx_hal_adc.c 0x00000000   Number         0  stm32f3xx_hal_adc.o ABSOLUTE
    ..\Drivers\STM32F3xx_HAL_Driver\Src\stm32f3xx_hal_adc_ex.c 0x00000000   Number         0  stm32f3xx_hal_adc_ex.o ABSOLUTE
    ..\Drivers\STM32F3xx_HAL_Driver\Src\stm32f3xx_hal_cortex.c 0x00000000   Number         0  stm32f3xx_hal_cortex.o ABSOLUTE
    ..\Drivers\STM32F3xx_HAL_Driver\Src\stm32f3xx_hal_dac.c 0x00000000   Number         0  stm32f3xx_hal_dac.o ABSOLUTE
    ..\Drivers\STM32F3xx_HAL_Driver\Src\stm32f3xx_hal_dac_ex.c 0x00000000   Number         0  stm32f3xx_hal_dac_ex.o ABSOLUTE
    ..\Drivers\STM32F3xx_HAL_Driver\Src\stm32f3xx_hal_dma.c 0x00000000   Number         0  stm32f3xx_hal_dma.o ABSOLUTE
    ..\Drivers\STM32F3xx_HAL_Driver\Src\stm32f3xx_hal_flash.c 0x00000000   Number         0  stm32f3xx_hal_flash.o ABSOLUTE
    ..\Drivers\STM32F3xx_HAL_Driver\Src\stm32f3xx_hal_flash_ex.c 0x00000000   Number         0  stm32f3xx_hal_flash_ex.o ABSOLUTE
    ..\Drivers\STM32F3xx_HAL_Driver\Src\stm32f3xx_hal_gpio.c 0x00000000   Number         0  stm32f3xx_hal_gpio.o ABSOLUTE
    ..\Drivers\STM32F3xx_HAL_Driver\Src\stm32f3xx_hal_i2c.c 0x00000000   Number         0  stm32f3xx_hal_i2c.o ABSOLUTE
    ..\Drivers\STM32F3xx_HAL_Driver\Src\stm32f3xx_hal_i2c_ex.c 0x00000000   Number         0  stm32f3xx_hal_i2c_ex.o ABSOLUTE
    ..\Drivers\STM32F3xx_HAL_Driver\Src\stm32f3xx_hal_pcd.c 0x00000000   Number         0  stm32f3xx_hal_pcd.o ABSOLUTE
    ..\Drivers\STM32F3xx_HAL_Driver\Src\stm32f3xx_hal_pcd_ex.c 0x00000000   Number         0  stm32f3xx_hal_pcd_ex.o ABSOLUTE
    ..\Drivers\STM32F3xx_HAL_Driver\Src\stm32f3xx_hal_pwr.c 0x00000000   Number         0  stm32f3xx_hal_pwr.o ABSOLUTE
    ..\Drivers\STM32F3xx_HAL_Driver\Src\stm32f3xx_hal_pwr_ex.c 0x00000000   Number         0  stm32f3xx_hal_pwr_ex.o ABSOLUTE
    ..\Drivers\STM32F3xx_HAL_Driver\Src\stm32f3xx_hal_rcc.c 0x00000000   Number         0  stm32f3xx_hal_rcc.o ABSOLUTE
    ..\Drivers\STM32F3xx_HAL_Driver\Src\stm32f3xx_hal_rcc_ex.c 0x00000000   Number         0  stm32f3xx_hal_rcc_ex.o ABSOLUTE
    ..\Drivers\STM32F3xx_HAL_Driver\Src\stm32f3xx_hal_spi.c 0x00000000   Number         0  stm32f3xx_hal_spi.o ABSOLUTE
    ..\Drivers\STM32F3xx_HAL_Driver\Src\stm32f3xx_hal_spi_ex.c 0x00000000   Number         0  stm32f3xx_hal_spi_ex.o ABSOLUTE
    ..\Drivers\STM32F3xx_HAL_Driver\Src\stm32f3xx_hal_tim.c 0x00000000   Number         0  stm32f3xx_hal_tim.o ABSOLUTE
    ..\Drivers\STM32F3xx_HAL_Driver\Src\stm32f3xx_hal_tim_ex.c 0x00000000   Number         0  stm32f3xx_hal_tim_ex.o ABSOLUTE
    ..\Drivers\STM32F3xx_HAL_Driver\Src\stm32f3xx_hal_uart.c 0x00000000   Number         0  stm32f3xx_hal_uart.o ABSOLUTE
    ..\Drivers\STM32F3xx_HAL_Driver\Src\stm32f3xx_hal_uart_ex.c 0x00000000   Number         0  stm32f3xx_hal_uart_ex.o ABSOLUTE
    ..\Src\main.c                            0x00000000   Number         0  main.o ABSOLUTE
    ..\Src\sound_handler.c                   0x00000000   Number         0  sound_handler.o ABSOLUTE
    ..\Src\stm32f3xx_hal_msp.c               0x00000000   Number         0  stm32f3xx_hal_msp.o ABSOLUTE
    ..\Src\stm32f3xx_it.c                    0x00000000   Number         0  stm32f3xx_it.o ABSOLUTE
    ..\Src\system_stm32f3xx.c                0x00000000   Number         0  system_stm32f3xx.o ABSOLUTE
    ..\Src\uart.c                            0x00000000   Number         0  uart.o ABSOLUTE
    ..\\Drivers\\STM32F3xx_HAL_Driver\\Src\\stm32f3xx_hal_adc.c 0x00000000   Number         0  stm32f3xx_hal_adc.o ABSOLUTE
    ..\\Drivers\\STM32F3xx_HAL_Driver\\Src\\stm32f3xx_hal_adc_ex.c 0x00000000   Number         0  stm32f3xx_hal_adc_ex.o ABSOLUTE
    ..\\Drivers\\STM32F3xx_HAL_Driver\\Src\\stm32f3xx_hal_uart.c 0x00000000   Number         0  stm32f3xx_hal_uart.o ABSOLUTE
    ..\\Drivers\\STM32F3xx_HAL_Driver\\Src\\stm32f3xx_hal_uart_ex.c 0x00000000   Number         0  stm32f3xx_hal_uart_ex.o ABSOLUTE
    ..\\Src\\sound_handler.c                 0x00000000   Number         0  sound_handler.o ABSOLUTE
    ..\\Src\\uart.c                          0x00000000   Number         0  uart.o ABSOLUTE
    dc.s                                     0x00000000   Number         0  dc.o ABSOLUTE
    handlers.s                               0x00000000   Number         0  handlers.o ABSOLUTE
    init.s                                   0x00000000   Number         0  init.o ABSOLUTE
    startup_stm32f303xc.s                    0x00000000   Number         0  startup_stm32f303xc.o ABSOLUTE
    RESET                                    0x08000000   Section      392  startup_stm32f303xc.o(RESET)
    .ARM.Collect$$$$00000000                 0x08000188   Section        0  entry.o(.ARM.Collect$$$$00000000)
    .ARM.Collect$$$$00000001                 0x08000188   Section        4  entry2.o(.ARM.Collect$$$$00000001)
    .ARM.Collect$$$$00000004                 0x0800018c   Section        4  entry5.o(.ARM.Collect$$$$00000004)
    .ARM.Collect$$$$00000008                 0x08000190   Section        0  entry7b.o(.ARM.Collect$$$$00000008)
    .ARM.Collect$$$$0000000A                 0x08000190   Section        0  entry8b.o(.ARM.Collect$$$$0000000A)
    .ARM.Collect$$$$0000000B                 0x08000190   Section        8  entry9a.o(.ARM.Collect$$$$0000000B)
    .ARM.Collect$$$$0000000D                 0x08000198   Section        0  entry10a.o(.ARM.Collect$$$$0000000D)
    .ARM.Collect$$$$0000000F                 0x08000198   Section        0  entry11a.o(.ARM.Collect$$$$0000000F)
    .ARM.Collect$$$$00002712                 0x08000198   Section        4  entry2.o(.ARM.Collect$$$$00002712)
    __lit__00000000                          0x08000198   Data           4  entry2.o(.ARM.Collect$$$$00002712)
    .text                                    0x0800019c   Section       36  startup_stm32f303xc.o(.text)
    $v0                                      0x0800019c   Number         0  startup_stm32f303xc.o(.text)
    .text                                    0x080001c0   Section        0  memseta.o(.text)
    .text                                    0x080001e4   Section        0  __0sscanf.o(.text)
    .text                                    0x0800021c   Section        0  _scanf_int.o(.text)
    .text                                    0x08000368   Section        0  _chval.o(.text)
    .text                                    0x08000384   Section        0  scanf_char.o(.text)
    _scanf_char_input                        0x08000385   Thumb Code    12  scanf_char.o(.text)
    .text                                    0x080003ac   Section        0  _sgetc.o(.text)
    .text                                    0x080003ec   Section       36  init.o(.text)
    .text                                    0x08000410   Section        0  isspace_c.o(.text)
    .text                                    0x0800041c   Section        0  _scanf.o(.text)
    .text                                    0x08000748   Section        0  ctype_c.o(.text)
    i.ADC_Disable                            0x08000770   Section        0  stm32f3xx_hal_adc_ex.o(i.ADC_Disable)
    ADC_Disable                              0x08000771   Thumb Code   152  stm32f3xx_hal_adc_ex.o(i.ADC_Disable)
    i.ADC_Enable                             0x08000808   Section        0  stm32f3xx_hal_adc_ex.o(i.ADC_Enable)
    ADC_Enable                               0x08000809   Thumb Code   140  stm32f3xx_hal_adc_ex.o(i.ADC_Enable)
    i.BusFault_Handler                       0x08000898   Section        0  stm32f3xx_it.o(i.BusFault_Handler)
    i.DAC_DMAConvCpltCh1                     0x0800089c   Section        0  stm32f3xx_hal_dac_ex.o(i.DAC_DMAConvCpltCh1)
    DAC_DMAConvCpltCh1                       0x0800089d   Thumb Code    18  stm32f3xx_hal_dac_ex.o(i.DAC_DMAConvCpltCh1)
    i.DAC_DMAConvCpltCh2                     0x080008ae   Section        0  stm32f3xx_hal_dac_ex.o(i.DAC_DMAConvCpltCh2)
    DAC_DMAConvCpltCh2                       0x080008af   Thumb Code    18  stm32f3xx_hal_dac_ex.o(i.DAC_DMAConvCpltCh2)
    i.DAC_DMAErrorCh1                        0x080008c0   Section        0  stm32f3xx_hal_dac_ex.o(i.DAC_DMAErrorCh1)
    DAC_DMAErrorCh1                          0x080008c1   Thumb Code    26  stm32f3xx_hal_dac_ex.o(i.DAC_DMAErrorCh1)
    i.DAC_DMAErrorCh2                        0x080008da   Section        0  stm32f3xx_hal_dac_ex.o(i.DAC_DMAErrorCh2)
    DAC_DMAErrorCh2                          0x080008db   Thumb Code    26  stm32f3xx_hal_dac_ex.o(i.DAC_DMAErrorCh2)
    i.DAC_DMAHalfConvCpltCh1                 0x080008f4   Section        0  stm32f3xx_hal_dac_ex.o(i.DAC_DMAHalfConvCpltCh1)
    DAC_DMAHalfConvCpltCh1                   0x080008f5   Thumb Code    14  stm32f3xx_hal_dac_ex.o(i.DAC_DMAHalfConvCpltCh1)
    i.DAC_DMAHalfConvCpltCh2                 0x08000902   Section        0  stm32f3xx_hal_dac_ex.o(i.DAC_DMAHalfConvCpltCh2)
    DAC_DMAHalfConvCpltCh2                   0x08000903   Thumb Code    14  stm32f3xx_hal_dac_ex.o(i.DAC_DMAHalfConvCpltCh2)
    i.DMA1_Channel3_IRQHandler               0x08000910   Section        0  stm32f3xx_it.o(i.DMA1_Channel3_IRQHandler)
    i.DMA_CalcBaseAndBitshift                0x08000920   Section        0  stm32f3xx_hal_dma.o(i.DMA_CalcBaseAndBitshift)
    DMA_CalcBaseAndBitshift                  0x08000921   Thumb Code    56  stm32f3xx_hal_dma.o(i.DMA_CalcBaseAndBitshift)
    i.DMA_SetConfig                          0x08000960   Section        0  stm32f3xx_hal_dma.o(i.DMA_SetConfig)
    DMA_SetConfig                            0x08000961   Thumb Code    44  stm32f3xx_hal_dma.o(i.DMA_SetConfig)
    i.DebugMon_Handler                       0x0800098c   Section        0  stm32f3xx_it.o(i.DebugMon_Handler)
    i.Error_Handler                          0x0800098e   Section        0  main.o(i.Error_Handler)
    i.HAL_ADCEx_MultiModeConfigChannel       0x08000990   Section        0  stm32f3xx_hal_adc_ex.o(i.HAL_ADCEx_MultiModeConfigChannel)
    i.HAL_ADC_ConfigChannel                  0x08000b14   Section        0  stm32f3xx_hal_adc_ex.o(i.HAL_ADC_ConfigChannel)
    i.HAL_ADC_GetValue                       0x08000f7c   Section        0  stm32f3xx_hal_adc_ex.o(i.HAL_ADC_GetValue)
    i.HAL_ADC_Init                           0x08000f84   Section        0  stm32f3xx_hal_adc_ex.o(i.HAL_ADC_Init)
    i.HAL_ADC_MspInit                        0x0800125c   Section        0  stm32f3xx_hal_adc.o(i.HAL_ADC_MspInit)
    i.HAL_ADC_PollForConversion              0x08001260   Section        0  stm32f3xx_hal_adc_ex.o(i.HAL_ADC_PollForConversion)
    i.HAL_ADC_Start                          0x080013e8   Section        0  stm32f3xx_hal_adc_ex.o(i.HAL_ADC_Start)
    i.HAL_ADC_Start_IT                       0x0800159c   Section        0  stm32f3xx_hal_adc_ex.o(i.HAL_ADC_Start_IT)
    i.HAL_DACEx_ConvCpltCallbackCh2          0x08001790   Section        0  stm32f3xx_hal_dac_ex.o(i.HAL_DACEx_ConvCpltCallbackCh2)
    i.HAL_DACEx_ConvHalfCpltCallbackCh2      0x08001792   Section        0  stm32f3xx_hal_dac_ex.o(i.HAL_DACEx_ConvHalfCpltCallbackCh2)
    i.HAL_DACEx_DMAUnderrunCallbackCh2       0x08001794   Section        0  stm32f3xx_hal_dac_ex.o(i.HAL_DACEx_DMAUnderrunCallbackCh2)
    i.HAL_DACEx_ErrorCallbackCh2             0x08001796   Section        0  stm32f3xx_hal_dac_ex.o(i.HAL_DACEx_ErrorCallbackCh2)
    i.HAL_DAC_ConfigChannel                  0x08001798   Section        0  stm32f3xx_hal_dac_ex.o(i.HAL_DAC_ConfigChannel)
    i.HAL_DAC_ConvCpltCallbackCh1            0x080017f2   Section        0  stm32f3xx_hal_dac.o(i.HAL_DAC_ConvCpltCallbackCh1)
    i.HAL_DAC_ConvHalfCpltCallbackCh1        0x080017f4   Section        0  stm32f3xx_hal_dac.o(i.HAL_DAC_ConvHalfCpltCallbackCh1)
    i.HAL_DAC_DMAUnderrunCallbackCh1         0x080017f6   Section        0  stm32f3xx_hal_dac.o(i.HAL_DAC_DMAUnderrunCallbackCh1)
    i.HAL_DAC_ErrorCallbackCh1               0x080017f8   Section        0  stm32f3xx_hal_dac.o(i.HAL_DAC_ErrorCallbackCh1)
    i.HAL_DAC_IRQHandler                     0x080017fa   Section        0  stm32f3xx_hal_dac_ex.o(i.HAL_DAC_IRQHandler)
    i.HAL_DAC_Init                           0x08001884   Section        0  stm32f3xx_hal_dac.o(i.HAL_DAC_Init)
    i.HAL_DAC_MspInit                        0x080018ac   Section        0  stm32f3xx_hal_msp.o(i.HAL_DAC_MspInit)
    i.HAL_DAC_SetValue                       0x08001980   Section        0  stm32f3xx_hal_dac_ex.o(i.HAL_DAC_SetValue)
    i.HAL_DAC_Start                          0x080019ac   Section        0  stm32f3xx_hal_dac_ex.o(i.HAL_DAC_Start)
    i.HAL_DAC_Start_DMA                      0x08001a18   Section        0  stm32f3xx_hal_dac_ex.o(i.HAL_DAC_Start_DMA)
    i.HAL_DAC_Stop                           0x08001b38   Section        0  stm32f3xx_hal_dac.o(i.HAL_DAC_Stop)
    i.HAL_DMA_Abort_IT                       0x08001b50   Section        0  stm32f3xx_hal_dma.o(i.HAL_DMA_Abort_IT)
    i.HAL_DMA_IRQHandler                     0x08001ba8   Section        0  stm32f3xx_hal_dma.o(i.HAL_DMA_IRQHandler)
    i.HAL_DMA_Init                           0x08001c8e   Section        0  stm32f3xx_hal_dma.o(i.HAL_DMA_Init)
    i.HAL_DMA_Start_IT                       0x08001ce4   Section        0  stm32f3xx_hal_dma.o(i.HAL_DMA_Start_IT)
    i.HAL_GPIO_Init                          0x08001d80   Section        0  stm32f3xx_hal_gpio.o(i.HAL_GPIO_Init)
    i.HAL_GPIO_WritePin                      0x08001f4c   Section        0  stm32f3xx_hal_gpio.o(i.HAL_GPIO_WritePin)
    i.HAL_GetTick                            0x08001f58   Section        0  stm32f3xx_hal.o(i.HAL_GetTick)
    i.HAL_I2CEx_ConfigAnalogFilter           0x08001f64   Section        0  stm32f3xx_hal_i2c_ex.o(i.HAL_I2CEx_ConfigAnalogFilter)
    i.HAL_I2CEx_ConfigDigitalFilter          0x08001fce   Section        0  stm32f3xx_hal_i2c_ex.o(i.HAL_I2CEx_ConfigDigitalFilter)
    i.HAL_I2C_Init                           0x08002038   Section        0  stm32f3xx_hal_i2c.o(i.HAL_I2C_Init)
    i.HAL_I2C_MspInit                        0x080020fc   Section        0  stm32f3xx_hal_msp.o(i.HAL_I2C_MspInit)
    i.HAL_IncTick                            0x08002178   Section        0  stm32f3xx_hal.o(i.HAL_IncTick)
    i.HAL_Init                               0x08002190   Section        0  stm32f3xx_hal.o(i.HAL_Init)
    i.HAL_InitTick                           0x080021b8   Section        0  stm32f3xx_hal.o(i.HAL_InitTick)
    i.HAL_MspInit                            0x08002204   Section        0  stm32f3xx_hal_msp.o(i.HAL_MspInit)
    i.HAL_NVIC_EnableIRQ                     0x08002248   Section        0  stm32f3xx_hal_cortex.o(i.HAL_NVIC_EnableIRQ)
    i.HAL_NVIC_SetPriority                   0x08002262   Section        0  stm32f3xx_hal_cortex.o(i.HAL_NVIC_SetPriority)
    i.HAL_NVIC_SetPriorityGrouping           0x080022e0   Section        0  stm32f3xx_hal_cortex.o(i.HAL_NVIC_SetPriorityGrouping)
    i.HAL_PCD_Init                           0x08002308   Section        0  stm32f3xx_hal_pcd.o(i.HAL_PCD_Init)
    i.HAL_PCD_MspInit                        0x08002420   Section        0  stm32f3xx_hal_msp.o(i.HAL_PCD_MspInit)
    i.HAL_RCCEx_PeriphCLKConfig              0x0800249c   Section        0  stm32f3xx_hal_rcc_ex.o(i.HAL_RCCEx_PeriphCLKConfig)
    i.HAL_RCC_ClockConfig                    0x08002784   Section        0  stm32f3xx_hal_rcc.o(i.HAL_RCC_ClockConfig)
    i.HAL_RCC_GetHCLKFreq                    0x08002a2c   Section        0  stm32f3xx_hal_rcc.o(i.HAL_RCC_GetHCLKFreq)
    i.HAL_RCC_GetPCLK1Freq                   0x08002a38   Section        0  stm32f3xx_hal_rcc.o(i.HAL_RCC_GetPCLK1Freq)
    i.HAL_RCC_GetPCLK2Freq                   0x08002a64   Section        0  stm32f3xx_hal_rcc.o(i.HAL_RCC_GetPCLK2Freq)
    i.HAL_RCC_GetSysClockFreq                0x08002a90   Section        0  stm32f3xx_hal_rcc.o(i.HAL_RCC_GetSysClockFreq)
    i.HAL_RCC_OscConfig                      0x08002b1c   Section        0  stm32f3xx_hal_rcc.o(i.HAL_RCC_OscConfig)
    i.HAL_SPI_Init                           0x08003520   Section        0  stm32f3xx_hal_spi.o(i.HAL_SPI_Init)
    i.HAL_SPI_MspInit                        0x080035ec   Section        0  stm32f3xx_hal_msp.o(i.HAL_SPI_MspInit)
    i.HAL_SYSTICK_Config                     0x08003664   Section        0  stm32f3xx_hal_cortex.o(i.HAL_SYSTICK_Config)
    i.HAL_TIMEx_Break2Callback               0x08003698   Section        0  stm32f3xx_hal_tim_ex.o(i.HAL_TIMEx_Break2Callback)
    i.HAL_TIMEx_BreakCallback                0x0800369a   Section        0  stm32f3xx_hal_tim_ex.o(i.HAL_TIMEx_BreakCallback)
    i.HAL_TIMEx_CommutationCallback          0x0800369c   Section        0  stm32f3xx_hal_tim_ex.o(i.HAL_TIMEx_CommutationCallback)
    i.HAL_TIMEx_MasterConfigSynchronization  0x080036a0   Section        0  stm32f3xx_hal_tim_ex.o(i.HAL_TIMEx_MasterConfigSynchronization)
    i.HAL_TIM_Base_Init                      0x0800370c   Section        0  stm32f3xx_hal_tim.o(i.HAL_TIM_Base_Init)
    i.HAL_TIM_Base_MspInit                   0x08003740   Section        0  stm32f3xx_hal_msp.o(i.HAL_TIM_Base_MspInit)
    i.HAL_TIM_Base_Start                     0x080037bc   Section        0  stm32f3xx_hal_tim.o(i.HAL_TIM_Base_Start)
    i.HAL_TIM_Base_Start_IT                  0x080037da   Section        0  stm32f3xx_hal_tim.o(i.HAL_TIM_Base_Start_IT)
    i.HAL_TIM_Base_Stop                      0x080037f8   Section        0  stm32f3xx_hal_tim.o(i.HAL_TIM_Base_Stop)
    i.HAL_TIM_ConfigClockSource              0x08003830   Section        0  stm32f3xx_hal_tim.o(i.HAL_TIM_ConfigClockSource)
    i.HAL_TIM_IC_CaptureCallback             0x08003968   Section        0  stm32f3xx_hal_tim.o(i.HAL_TIM_IC_CaptureCallback)
    i.HAL_TIM_IC_ConfigChannel               0x0800396a   Section        0  stm32f3xx_hal_tim.o(i.HAL_TIM_IC_ConfigChannel)
    i.HAL_TIM_IC_Init                        0x08003a4a   Section        0  stm32f3xx_hal_tim.o(i.HAL_TIM_IC_Init)
    i.HAL_TIM_IC_MspInit                     0x08003a7e   Section        0  stm32f3xx_hal_tim.o(i.HAL_TIM_IC_MspInit)
    i.HAL_TIM_IRQHandler                     0x08003a80   Section        0  stm32f3xx_hal_tim.o(i.HAL_TIM_IRQHandler)
    i.HAL_TIM_MspPostInit                    0x08003c38   Section        0  stm32f3xx_hal_msp.o(i.HAL_TIM_MspPostInit)
    i.HAL_TIM_OC_DelayElapsedCallback        0x08003c94   Section        0  stm32f3xx_hal_tim.o(i.HAL_TIM_OC_DelayElapsedCallback)
    i.HAL_TIM_PWM_ConfigChannel              0x08003c96   Section        0  stm32f3xx_hal_tim_ex.o(i.HAL_TIM_PWM_ConfigChannel)
    i.HAL_TIM_PWM_Init                       0x08003e0a   Section        0  stm32f3xx_hal_tim.o(i.HAL_TIM_PWM_Init)
    i.HAL_TIM_PWM_MspInit                    0x08003e3e   Section        0  stm32f3xx_hal_tim.o(i.HAL_TIM_PWM_MspInit)
    i.HAL_TIM_PWM_PulseFinishedCallback      0x08003e40   Section        0  stm32f3xx_hal_tim.o(i.HAL_TIM_PWM_PulseFinishedCallback)
    i.HAL_TIM_PeriodElapsedCallback          0x08003e44   Section        0  sound_handler.o(i.HAL_TIM_PeriodElapsedCallback)
    i.HAL_TIM_TriggerCallback                0x08003fb4   Section        0  stm32f3xx_hal_tim.o(i.HAL_TIM_TriggerCallback)
    i.HAL_UARTEx_WakeupCallback              0x08003fb6   Section        0  stm32f3xx_hal_uart_ex.o(i.HAL_UARTEx_WakeupCallback)
    i.HAL_UART_ErrorCallback                 0x08003fb8   Section        0  stm32f3xx_hal_uart.o(i.HAL_UART_ErrorCallback)
    i.HAL_UART_IRQHandler                    0x08003fbc   Section        0  stm32f3xx_hal_uart.o(i.HAL_UART_IRQHandler)
    i.HAL_UART_Init                          0x08004148   Section        0  stm32f3xx_hal_uart.o(i.HAL_UART_Init)
    i.HAL_UART_MspInit                       0x080041c0   Section        0  stm32f3xx_hal_msp.o(i.HAL_UART_MspInit)
    i.HAL_UART_Receive_IT                    0x08004248   Section        0  stm32f3xx_hal_uart.o(i.HAL_UART_Receive_IT)
    i.HAL_UART_RxCpltCallback                0x080042e8   Section        0  uart.o(i.HAL_UART_RxCpltCallback)
    i.HAL_UART_Transmit                      0x08004358   Section        0  stm32f3xx_hal_uart.o(i.HAL_UART_Transmit)
    i.HAL_UART_TxCpltCallback                0x0800441e   Section        0  stm32f3xx_hal_uart.o(i.HAL_UART_TxCpltCallback)
    i.HardFault_Handler                      0x08004420   Section        0  stm32f3xx_it.o(i.HardFault_Handler)
    i.MX_ADC1_Init                           0x08004424   Section        0  main.o(i.MX_ADC1_Init)
    MX_ADC1_Init                             0x08004425   Thumb Code   144  main.o(i.MX_ADC1_Init)
    i.MX_ADC2_Init                           0x080044b8   Section        0  main.o(i.MX_ADC2_Init)
    MX_ADC2_Init                             0x080044b9   Thumb Code   112  main.o(i.MX_ADC2_Init)
    i.MX_DAC_Init                            0x08004530   Section        0  main.o(i.MX_DAC_Init)
    MX_DAC_Init                              0x08004531   Thumb Code    54  main.o(i.MX_DAC_Init)
    i.MX_DMA_Init                            0x08004570   Section        0  main.o(i.MX_DMA_Init)
    MX_DMA_Init                              0x08004571   Thumb Code    48  main.o(i.MX_DMA_Init)
    i.MX_GPIO_Init                           0x080045a4   Section        0  main.o(i.MX_GPIO_Init)
    MX_GPIO_Init                             0x080045a5   Thumb Code   224  main.o(i.MX_GPIO_Init)
    i.MX_I2C1_Init                           0x08004690   Section        0  main.o(i.MX_I2C1_Init)
    MX_I2C1_Init                             0x08004691   Thumb Code    74  main.o(i.MX_I2C1_Init)
    i.MX_SPI1_Init                           0x080046e8   Section        0  main.o(i.MX_SPI1_Init)
    MX_SPI1_Init                             0x080046e9   Thumb Code    74  main.o(i.MX_SPI1_Init)
    i.MX_TIM2_Init                           0x0800473c   Section        0  main.o(i.MX_TIM2_Init)
    MX_TIM2_Init                             0x0800473d   Thumb Code   154  main.o(i.MX_TIM2_Init)
    i.MX_TIM3_Init                           0x080047dc   Section        0  main.o(i.MX_TIM3_Init)
    MX_TIM3_Init                             0x080047dd   Thumb Code   156  main.o(i.MX_TIM3_Init)
    i.MX_TIM6_Init                           0x08004880   Section        0  main.o(i.MX_TIM6_Init)
    MX_TIM6_Init                             0x08004881   Thumb Code    68  main.o(i.MX_TIM6_Init)
    i.MX_USART1_UART_Init                    0x080048cc   Section        0  main.o(i.MX_USART1_UART_Init)
    MX_USART1_UART_Init                      0x080048cd   Thumb Code    56  main.o(i.MX_USART1_UART_Init)
    i.MX_USB_PCD_Init                        0x0800490c   Section        0  main.o(i.MX_USB_PCD_Init)
    MX_USB_PCD_Init                          0x0800490d   Thumb Code    44  main.o(i.MX_USB_PCD_Init)
    i.MemManage_Handler                      0x08004940   Section        0  stm32f3xx_it.o(i.MemManage_Handler)
    i.NMI_Handler                            0x08004944   Section        0  stm32f3xx_it.o(i.NMI_Handler)
    i.NVIC_GetPriorityGrouping               0x08004948   Section        0  stm32f3xx_hal_cortex.o(i.NVIC_GetPriorityGrouping)
    NVIC_GetPriorityGrouping                 0x08004949   Thumb Code    10  stm32f3xx_hal_cortex.o(i.NVIC_GetPriorityGrouping)
    i.NVIC_SetPriority                       0x08004958   Section        0  stm32f3xx_hal_cortex.o(i.NVIC_SetPriority)
    NVIC_SetPriority                         0x08004959   Thumb Code    32  stm32f3xx_hal_cortex.o(i.NVIC_SetPriority)
    i.PendSV_Handler                         0x08004980   Section        0  stm32f3xx_it.o(i.PendSV_Handler)
    i.SVC_Handler                            0x08004982   Section        0  stm32f3xx_it.o(i.SVC_Handler)
    i.SysTick_Handler                        0x08004984   Section        0  stm32f3xx_it.o(i.SysTick_Handler)
    i.SystemClock_Config                     0x0800498c   Section        0  main.o(i.SystemClock_Config)
    i.SystemInit                             0x08004a20   Section        0  system_stm32f3xx.o(i.SystemInit)
    i.TIM3_IRQHandler                        0x08004a9c   Section        0  stm32f3xx_it.o(i.TIM3_IRQHandler)
    i.TIM6_DAC_IRQHandler                    0x08004aac   Section        0  stm32f3xx_it.o(i.TIM6_DAC_IRQHandler)
    i.TIM_Base_SetConfig                     0x08004ac4   Section        0  stm32f3xx_hal_tim.o(i.TIM_Base_SetConfig)
    i.TIM_ETR_SetConfig                      0x08004b80   Section        0  stm32f3xx_hal_tim.o(i.TIM_ETR_SetConfig)
    i.TIM_ITRx_SetConfig                     0x08004b98   Section        0  stm32f3xx_hal_tim.o(i.TIM_ITRx_SetConfig)
    TIM_ITRx_SetConfig                       0x08004b99   Thumb Code    20  stm32f3xx_hal_tim.o(i.TIM_ITRx_SetConfig)
    i.TIM_OC1_SetConfig                      0x08004bac   Section        0  stm32f3xx_hal_tim.o(i.TIM_OC1_SetConfig)
    i.TIM_OC2_SetConfig                      0x08004c5c   Section        0  stm32f3xx_hal_tim.o(i.TIM_OC2_SetConfig)
    i.TIM_OC3_SetConfig                      0x08004d18   Section        0  stm32f3xx_hal_tim.o(i.TIM_OC3_SetConfig)
    i.TIM_OC4_SetConfig                      0x08004dd0   Section        0  stm32f3xx_hal_tim.o(i.TIM_OC4_SetConfig)
    i.TIM_OC5_SetConfig                      0x08004e4c   Section        0  stm32f3xx_hal_tim_ex.o(i.TIM_OC5_SetConfig)
    TIM_OC5_SetConfig                        0x08004e4d   Thumb Code    92  stm32f3xx_hal_tim_ex.o(i.TIM_OC5_SetConfig)
    i.TIM_OC6_SetConfig                      0x08004ec0   Section        0  stm32f3xx_hal_tim_ex.o(i.TIM_OC6_SetConfig)
    TIM_OC6_SetConfig                        0x08004ec1   Thumb Code    94  stm32f3xx_hal_tim_ex.o(i.TIM_OC6_SetConfig)
    i.TIM_TI1_ConfigInputStage               0x08004f38   Section        0  stm32f3xx_hal_tim.o(i.TIM_TI1_ConfigInputStage)
    TIM_TI1_ConfigInputStage                 0x08004f39   Thumb Code    42  stm32f3xx_hal_tim.o(i.TIM_TI1_ConfigInputStage)
    i.TIM_TI1_SetConfig                      0x08004f64   Section        0  stm32f3xx_hal_tim.o(i.TIM_TI1_SetConfig)
    i.TIM_TI2_ConfigInputStage               0x08004fe4   Section        0  stm32f3xx_hal_tim.o(i.TIM_TI2_ConfigInputStage)
    TIM_TI2_ConfigInputStage                 0x08004fe5   Thumb Code    44  stm32f3xx_hal_tim.o(i.TIM_TI2_ConfigInputStage)
    i.TIM_TI2_SetConfig                      0x08005010   Section        0  stm32f3xx_hal_tim.o(i.TIM_TI2_SetConfig)
    TIM_TI2_SetConfig                        0x08005011   Thumb Code    62  stm32f3xx_hal_tim.o(i.TIM_TI2_SetConfig)
    i.TIM_TI3_SetConfig                      0x0800504e   Section        0  stm32f3xx_hal_tim.o(i.TIM_TI3_SetConfig)
    TIM_TI3_SetConfig                        0x0800504f   Thumb Code    60  stm32f3xx_hal_tim.o(i.TIM_TI3_SetConfig)
    i.TIM_TI4_SetConfig                      0x0800508a   Section        0  stm32f3xx_hal_tim.o(i.TIM_TI4_SetConfig)
    TIM_TI4_SetConfig                        0x0800508b   Thumb Code    64  stm32f3xx_hal_tim.o(i.TIM_TI4_SetConfig)
    i.UART_AdvFeatureConfig                  0x080050ca   Section        0  stm32f3xx_hal_uart.o(i.UART_AdvFeatureConfig)
    i.UART_CheckIdleState                    0x080051c2   Section        0  stm32f3xx_hal_uart.o(i.UART_CheckIdleState)
    i.UART_DMAAbortOnError                   0x08005236   Section        0  stm32f3xx_hal_uart.o(i.UART_DMAAbortOnError)
    UART_DMAAbortOnError                     0x08005237   Thumb Code    24  stm32f3xx_hal_uart.o(i.UART_DMAAbortOnError)
    i.UART_EndRxTransfer                     0x0800524e   Section        0  stm32f3xx_hal_uart.o(i.UART_EndRxTransfer)
    UART_EndRxTransfer                       0x0800524f   Thumb Code    32  stm32f3xx_hal_uart.o(i.UART_EndRxTransfer)
    i.UART_EndTransmit_IT                    0x0800526e   Section        0  stm32f3xx_hal_uart.o(i.UART_EndTransmit_IT)
    i.UART_Receive_IT                        0x0800528e   Section        0  stm32f3xx_hal_uart.o(i.UART_Receive_IT)
    i.UART_SetConfig                         0x08005318   Section        0  stm32f3xx_hal_uart.o(i.UART_SetConfig)
    i.UART_Transmit_IT                       0x08005604   Section        0  stm32f3xx_hal_uart.o(i.UART_Transmit_IT)
    i.UART_WaitOnFlagUntilTimeout            0x0800566e   Section        0  stm32f3xx_hal_uart.o(i.UART_WaitOnFlagUntilTimeout)
    i.USART1_IRQHandler                      0x080056dc   Section        0  stm32f3xx_it.o(i.USART1_IRQHandler)
    i.UsageFault_Handler                     0x080056ec   Section        0  stm32f3xx_it.o(i.UsageFault_Handler)
    i.__scatterload_copy                     0x080056f0   Section       14  handlers.o(i.__scatterload_copy)
    i.__scatterload_null                     0x080056fe   Section        2  handlers.o(i.__scatterload_null)
    i.__scatterload_zeroinit                 0x08005700   Section       14  handlers.o(i.__scatterload_zeroinit)
    i.clear_raw_buffer                       0x08005710   Section        0  uart.o(i.clear_raw_buffer)
    i.freq_calculator                        0x0800572c   Section        0  sound_handler.o(i.freq_calculator)
    i.init_sinus                             0x0800581c   Section        0  sound_handler.o(i.init_sinus)
    i.init_sound_handler                     0x080058e0   Section        0  sound_handler.o(i.init_sound_handler)
    i.main                                   0x080058ec   Section        0  main.o(i.main)
    i.send_signal                            0x08005958   Section        0  sound_handler.o(i.send_signal)
    i.sinus_generator_process                0x080059e4   Section        0  sound_handler.o(i.sinus_generator_process)
    i.uart_cmd_process                       0x08005a20   Section        0  uart.o(i.uart_cmd_process)
    i.uart_init                              0x08005a74   Section        0  uart.o(i.uart_init)
    .constdata                               0x08005a88   Section      512  sound_handler.o(.constdata)
    .constdata                               0x08005c88   Section       32  stm32f3xx_hal_rcc.o(.constdata)
    .constdata                               0x08005ca8   Section       24  system_stm32f3xx.o(.constdata)
    .constdata                               0x08005cc0   Section       64  ctype_c.o(.constdata)
    .data                                    0x20000000   Section       24  main.o(.data)
    .data                                    0x20000018   Section        4  uart.o(.data)
    .data                                    0x2000001c   Section       38  sound_handler.o(.data)
    bips_counter                             0x20000040   Data           1  sound_handler.o(.data)
    init_flag                                0x20000041   Data           1  sound_handler.o(.data)
    .data                                    0x20000044   Section        9  stm32f3xx_hal.o(.data)
    .data                                    0x20000050   Section        4  system_stm32f3xx.o(.data)
    .bss                                     0x20000054   Section     1764  main.o(.bss)
    .bss                                     0x20000738   Section       16  uart.o(.bss)
    STACK                                    0x20000748   Section     1024  startup_stm32f303xc.o(STACK)

    Global Symbols

    Symbol Name                              Value     Ov Type        Size  Object(Section)

    BuildAttributes$$THM_ISAv4$E$P$D$K$B$S$7EM$VFPi3$EXTD16$VFPS$VFMA$PE$A:L22UL41UL21$X:L11$S22US41US21$IEEE1$IW$USESV6$~STKCKD$USESV7$~SHL$OSPACE$EBA8$MICROLIB$REQ8$PRES8$EABIv2 0x00000000   Number         0  anon$$obj.o ABSOLUTE
    __ARM_use_no_argv                        0x00000000   Number         0  main.o ABSOLUTE
    __cpp_initialize__aeabi_                  - Undefined Weak Reference
    __cxa_finalize                            - Undefined Weak Reference
    __decompress                              - Undefined Weak Reference
    _clock_init                               - Undefined Weak Reference
    _microlib_exit                            - Undefined Weak Reference
    _scanf_longlong                           - Undefined Weak Reference
    _scanf_real                               - Undefined Weak Reference
    _scanf_string                             - Undefined Weak Reference
    __Vectors_Size                           0x00000188   Number         0  startup_stm32f303xc.o ABSOLUTE
    __Vectors                                0x08000000   Data           4  startup_stm32f303xc.o(RESET)
    __Vectors_End                            0x08000188   Data           0  startup_stm32f303xc.o(RESET)
    __main                                   0x08000189   Thumb Code     0  entry.o(.ARM.Collect$$$$00000000)
    _main_stk                                0x08000189   Thumb Code     0  entry2.o(.ARM.Collect$$$$00000001)
    _main_scatterload                        0x0800018d   Thumb Code     0  entry5.o(.ARM.Collect$$$$00000004)
    __main_after_scatterload                 0x08000191   Thumb Code     0  entry5.o(.ARM.Collect$$$$00000004)
    _main_clock                              0x08000191   Thumb Code     0  entry7b.o(.ARM.Collect$$$$00000008)
    _main_cpp_init                           0x08000191   Thumb Code     0  entry8b.o(.ARM.Collect$$$$0000000A)
    _main_init                               0x08000191   Thumb Code     0  entry9a.o(.ARM.Collect$$$$0000000B)
    __rt_final_cpp                           0x08000199   Thumb Code     0  entry10a.o(.ARM.Collect$$$$0000000D)
    __rt_final_exit                          0x08000199   Thumb Code     0  entry11a.o(.ARM.Collect$$$$0000000F)
    Reset_Handler                            0x0800019d   Thumb Code     8  startup_stm32f303xc.o(.text)
    ADC1_2_IRQHandler                        0x080001b7   Thumb Code     0  startup_stm32f303xc.o(.text)
    ADC3_IRQHandler                          0x080001b7   Thumb Code     0  startup_stm32f303xc.o(.text)
    ADC4_IRQHandler                          0x080001b7   Thumb Code     0  startup_stm32f303xc.o(.text)
    CAN_RX1_IRQHandler                       0x080001b7   Thumb Code     0  startup_stm32f303xc.o(.text)
    CAN_SCE_IRQHandler                       0x080001b7   Thumb Code     0  startup_stm32f303xc.o(.text)
    COMP1_2_3_IRQHandler                     0x080001b7   Thumb Code     0  startup_stm32f303xc.o(.text)
    COMP4_5_6_IRQHandler                     0x080001b7   Thumb Code     0  startup_stm32f303xc.o(.text)
    COMP7_IRQHandler                         0x080001b7   Thumb Code     0  startup_stm32f303xc.o(.text)
    DMA1_Channel1_IRQHandler                 0x080001b7   Thumb Code     0  startup_stm32f303xc.o(.text)
    DMA1_Channel2_IRQHandler                 0x080001b7   Thumb Code     0  startup_stm32f303xc.o(.text)
    DMA1_Channel4_IRQHandler                 0x080001b7   Thumb Code     0  startup_stm32f303xc.o(.text)
    DMA1_Channel5_IRQHandler                 0x080001b7   Thumb Code     0  startup_stm32f303xc.o(.text)
    DMA1_Channel6_IRQHandler                 0x080001b7   Thumb Code     0  startup_stm32f303xc.o(.text)
    DMA1_Channel7_IRQHandler                 0x080001b7   Thumb Code     0  startup_stm32f303xc.o(.text)
    DMA2_Channel1_IRQHandler                 0x080001b7   Thumb Code     0  startup_stm32f303xc.o(.text)
    DMA2_Channel2_IRQHandler                 0x080001b7   Thumb Code     0  startup_stm32f303xc.o(.text)
    DMA2_Channel3_IRQHandler                 0x080001b7   Thumb Code     0  startup_stm32f303xc.o(.text)
    DMA2_Channel4_IRQHandler                 0x080001b7   Thumb Code     0  startup_stm32f303xc.o(.text)
    DMA2_Channel5_IRQHandler                 0x080001b7   Thumb Code     0  startup_stm32f303xc.o(.text)
    EXTI0_IRQHandler                         0x080001b7   Thumb Code     0  startup_stm32f303xc.o(.text)
    EXTI15_10_IRQHandler                     0x080001b7   Thumb Code     0  startup_stm32f303xc.o(.text)
    EXTI1_IRQHandler                         0x080001b7   Thumb Code     0  startup_stm32f303xc.o(.text)
    EXTI2_TSC_IRQHandler                     0x080001b7   Thumb Code     0  startup_stm32f303xc.o(.text)
    EXTI3_IRQHandler                         0x080001b7   Thumb Code     0  startup_stm32f303xc.o(.text)
    EXTI4_IRQHandler                         0x080001b7   Thumb Code     0  startup_stm32f303xc.o(.text)
    EXTI9_5_IRQHandler                       0x080001b7   Thumb Code     0  startup_stm32f303xc.o(.text)
    FLASH_IRQHandler                         0x080001b7   Thumb Code     0  startup_stm32f303xc.o(.text)
    FPU_IRQHandler                           0x080001b7   Thumb Code     0  startup_stm32f303xc.o(.text)
    I2C1_ER_IRQHandler                       0x080001b7   Thumb Code     0  startup_stm32f303xc.o(.text)
    I2C1_EV_IRQHandler                       0x080001b7   Thumb Code     0  startup_stm32f303xc.o(.text)
    I2C2_ER_IRQHandler                       0x080001b7   Thumb Code     0  startup_stm32f303xc.o(.text)
    I2C2_EV_IRQHandler                       0x080001b7   Thumb Code     0  startup_stm32f303xc.o(.text)
    PVD_IRQHandler                           0x080001b7   Thumb Code     0  startup_stm32f303xc.o(.text)
    RCC_IRQHandler                           0x080001b7   Thumb Code     0  startup_stm32f303xc.o(.text)
    RTC_Alarm_IRQHandler                     0x080001b7   Thumb Code     0  startup_stm32f303xc.o(.text)
    RTC_WKUP_IRQHandler                      0x080001b7   Thumb Code     0  startup_stm32f303xc.o(.text)
    SPI1_IRQHandler                          0x080001b7   Thumb Code     0  startup_stm32f303xc.o(.text)
    SPI2_IRQHandler                          0x080001b7   Thumb Code     0  startup_stm32f303xc.o(.text)
    SPI3_IRQHandler                          0x080001b7   Thumb Code     0  startup_stm32f303xc.o(.text)
    TAMP_STAMP_IRQHandler                    0x080001b7   Thumb Code     0  startup_stm32f303xc.o(.text)
    TIM1_BRK_TIM15_IRQHandler                0x080001b7   Thumb Code     0  startup_stm32f303xc.o(.text)
    TIM1_CC_IRQHandler                       0x080001b7   Thumb Code     0  startup_stm32f303xc.o(.text)
    TIM1_TRG_COM_TIM17_IRQHandler            0x080001b7   Thumb Code     0  startup_stm32f303xc.o(.text)
    TIM1_UP_TIM16_IRQHandler                 0x080001b7   Thumb Code     0  startup_stm32f303xc.o(.text)
    TIM2_IRQHandler                          0x080001b7   Thumb Code     0  startup_stm32f303xc.o(.text)
    TIM4_IRQHandler                          0x080001b7   Thumb Code     0  startup_stm32f303xc.o(.text)
    TIM7_IRQHandler                          0x080001b7   Thumb Code     0  startup_stm32f303xc.o(.text)
    TIM8_BRK_IRQHandler                      0x080001b7   Thumb Code     0  startup_stm32f303xc.o(.text)
    TIM8_CC_IRQHandler                       0x080001b7   Thumb Code     0  startup_stm32f303xc.o(.text)
    TIM8_TRG_COM_IRQHandler                  0x080001b7   Thumb Code     0  startup_stm32f303xc.o(.text)
    TIM8_UP_IRQHandler                       0x080001b7   Thumb Code     0  startup_stm32f303xc.o(.text)
    UART4_IRQHandler                         0x080001b7   Thumb Code     0  startup_stm32f303xc.o(.text)
    UART5_IRQHandler                         0x080001b7   Thumb Code     0  startup_stm32f303xc.o(.text)
    USART2_IRQHandler                        0x080001b7   Thumb Code     0  startup_stm32f303xc.o(.text)
    USART3_IRQHandler                        0x080001b7   Thumb Code     0  startup_stm32f303xc.o(.text)
    USBWakeUp_IRQHandler                     0x080001b7   Thumb Code     0  startup_stm32f303xc.o(.text)
    USBWakeUp_RMP_IRQHandler                 0x080001b7   Thumb Code     0  startup_stm32f303xc.o(.text)
    USB_HP_CAN_TX_IRQHandler                 0x080001b7   Thumb Code     0  startup_stm32f303xc.o(.text)
    USB_HP_IRQHandler                        0x080001b7   Thumb Code     0  startup_stm32f303xc.o(.text)
    USB_LP_CAN_RX0_IRQHandler                0x080001b7   Thumb Code     0  startup_stm32f303xc.o(.text)
    USB_LP_IRQHandler                        0x080001b7   Thumb Code     0  startup_stm32f303xc.o(.text)
    WWDG_IRQHandler                          0x080001b7   Thumb Code     0  startup_stm32f303xc.o(.text)
    __aeabi_memset                           0x080001c1   Thumb Code    14  memseta.o(.text)
    __aeabi_memset4                          0x080001c1   Thumb Code     0  memseta.o(.text)
    __aeabi_memset8                          0x080001c1   Thumb Code     0  memseta.o(.text)
    __aeabi_memclr                           0x080001cf   Thumb Code     4  memseta.o(.text)
    __aeabi_memclr4                          0x080001cf   Thumb Code     0  memseta.o(.text)
    __aeabi_memclr8                          0x080001cf   Thumb Code     0  memseta.o(.text)
    _memset$wrapper                          0x080001d3   Thumb Code    18  memseta.o(.text)
    __0sscanf                                0x080001e5   Thumb Code    48  __0sscanf.o(.text)
    _scanf_int                               0x0800021d   Thumb Code   332  _scanf_int.o(.text)
    _chval                                   0x08000369   Thumb Code    28  _chval.o(.text)
    __vfscanf_char                           0x08000391   Thumb Code    20  scanf_char.o(.text)
    _sgetc                                   0x080003ad   Thumb Code    30  _sgetc.o(.text)
    _sbackspace                              0x080003cb   Thumb Code    34  _sgetc.o(.text)
    __scatterload                            0x080003ed   Thumb Code    28  init.o(.text)
    __scatterload_rt2                        0x080003ed   Thumb Code     0  init.o(.text)
    isspace                                  0x08000411   Thumb Code    10  isspace_c.o(.text)
    __vfscanf                                0x0800041d   Thumb Code   808  _scanf.o(.text)
    __ctype_lookup                           0x08000749   Thumb Code    34  ctype_c.o(.text)
    BusFault_Handler                         0x08000899   Thumb Code     4  stm32f3xx_it.o(i.BusFault_Handler)
    DMA1_Channel3_IRQHandler                 0x08000911   Thumb Code    10  stm32f3xx_it.o(i.DMA1_Channel3_IRQHandler)
    DebugMon_Handler                         0x0800098d   Thumb Code     2  stm32f3xx_it.o(i.DebugMon_Handler)
    Error_Handler                            0x0800098f   Thumb Code     2  main.o(i.Error_Handler)
    HAL_ADCEx_MultiModeConfigChannel         0x08000991   Thumb Code   368  stm32f3xx_hal_adc_ex.o(i.HAL_ADCEx_MultiModeConfigChannel)
    HAL_ADC_ConfigChannel                    0x08000b15   Thumb Code  1094  stm32f3xx_hal_adc_ex.o(i.HAL_ADC_ConfigChannel)
    HAL_ADC_GetValue                         0x08000f7d   Thumb Code     8  stm32f3xx_hal_adc_ex.o(i.HAL_ADC_GetValue)
    HAL_ADC_Init                             0x08000f85   Thumb Code   696  stm32f3xx_hal_adc_ex.o(i.HAL_ADC_Init)
    HAL_ADC_MspInit                          0x0800125d   Thumb Code     2  stm32f3xx_hal_adc.o(i.HAL_ADC_MspInit)
    HAL_ADC_PollForConversion                0x08001261   Thumb Code   374  stm32f3xx_hal_adc_ex.o(i.HAL_ADC_PollForConversion)
    HAL_ADC_Start                            0x080013e9   Thumb Code   418  stm32f3xx_hal_adc_ex.o(i.HAL_ADC_Start)
    HAL_ADC_Start_IT                         0x0800159d   Thumb Code   484  stm32f3xx_hal_adc_ex.o(i.HAL_ADC_Start_IT)
    HAL_DACEx_ConvCpltCallbackCh2            0x08001791   Thumb Code     2  stm32f3xx_hal_dac_ex.o(i.HAL_DACEx_ConvCpltCallbackCh2)
    HAL_DACEx_ConvHalfCpltCallbackCh2        0x08001793   Thumb Code     2  stm32f3xx_hal_dac_ex.o(i.HAL_DACEx_ConvHalfCpltCallbackCh2)
    HAL_DACEx_DMAUnderrunCallbackCh2         0x08001795   Thumb Code     2  stm32f3xx_hal_dac_ex.o(i.HAL_DACEx_DMAUnderrunCallbackCh2)
    HAL_DACEx_ErrorCallbackCh2               0x08001797   Thumb Code     2  stm32f3xx_hal_dac_ex.o(i.HAL_DACEx_ErrorCallbackCh2)
    HAL_DAC_ConfigChannel                    0x08001799   Thumb Code    90  stm32f3xx_hal_dac_ex.o(i.HAL_DAC_ConfigChannel)
    HAL_DAC_ConvCpltCallbackCh1              0x080017f3   Thumb Code     2  stm32f3xx_hal_dac.o(i.HAL_DAC_ConvCpltCallbackCh1)
    HAL_DAC_ConvHalfCpltCallbackCh1          0x080017f5   Thumb Code     2  stm32f3xx_hal_dac.o(i.HAL_DAC_ConvHalfCpltCallbackCh1)
    HAL_DAC_DMAUnderrunCallbackCh1           0x080017f7   Thumb Code     2  stm32f3xx_hal_dac.o(i.HAL_DAC_DMAUnderrunCallbackCh1)
    HAL_DAC_ErrorCallbackCh1                 0x080017f9   Thumb Code     2  stm32f3xx_hal_dac.o(i.HAL_DAC_ErrorCallbackCh1)
    HAL_DAC_IRQHandler                       0x080017fb   Thumb Code   138  stm32f3xx_hal_dac_ex.o(i.HAL_DAC_IRQHandler)
    HAL_DAC_Init                             0x08001885   Thumb Code    40  stm32f3xx_hal_dac.o(i.HAL_DAC_Init)
    HAL_DAC_MspInit                          0x080018ad   Thumb Code   190  stm32f3xx_hal_msp.o(i.HAL_DAC_MspInit)
    HAL_DAC_SetValue                         0x08001981   Thumb Code    44  stm32f3xx_hal_dac_ex.o(i.HAL_DAC_SetValue)
    HAL_DAC_Start                            0x080019ad   Thumb Code   108  stm32f3xx_hal_dac_ex.o(i.HAL_DAC_Start)
    HAL_DAC_Start_DMA                        0x08001a19   Thumb Code   262  stm32f3xx_hal_dac_ex.o(i.HAL_DAC_Start_DMA)
    HAL_DAC_Stop                             0x08001b39   Thumb Code    24  stm32f3xx_hal_dac.o(i.HAL_DAC_Stop)
    HAL_DMA_Abort_IT                         0x08001b51   Thumb Code    88  stm32f3xx_hal_dma.o(i.HAL_DMA_Abort_IT)
    HAL_DMA_IRQHandler                       0x08001ba9   Thumb Code   230  stm32f3xx_hal_dma.o(i.HAL_DMA_IRQHandler)
    HAL_DMA_Init                             0x08001c8f   Thumb Code    86  stm32f3xx_hal_dma.o(i.HAL_DMA_Init)
    HAL_DMA_Start_IT                         0x08001ce5   Thumb Code   156  stm32f3xx_hal_dma.o(i.HAL_DMA_Start_IT)
    HAL_GPIO_Init                            0x08001d81   Thumb Code   432  stm32f3xx_hal_gpio.o(i.HAL_GPIO_Init)
    HAL_GPIO_WritePin                        0x08001f4d   Thumb Code    10  stm32f3xx_hal_gpio.o(i.HAL_GPIO_WritePin)
    HAL_GetTick                              0x08001f59   Thumb Code     6  stm32f3xx_hal.o(i.HAL_GetTick)
    HAL_I2CEx_ConfigAnalogFilter             0x08001f65   Thumb Code   106  stm32f3xx_hal_i2c_ex.o(i.HAL_I2CEx_ConfigAnalogFilter)
    HAL_I2CEx_ConfigDigitalFilter            0x08001fcf   Thumb Code   106  stm32f3xx_hal_i2c_ex.o(i.HAL_I2CEx_ConfigDigitalFilter)
    HAL_I2C_Init                             0x08002039   Thumb Code   192  stm32f3xx_hal_i2c.o(i.HAL_I2C_Init)
    HAL_I2C_MspInit                          0x080020fd   Thumb Code   110  stm32f3xx_hal_msp.o(i.HAL_I2C_MspInit)
    HAL_IncTick                              0x08002179   Thumb Code    16  stm32f3xx_hal.o(i.HAL_IncTick)
    HAL_Init                                 0x08002191   Thumb Code    34  stm32f3xx_hal.o(i.HAL_Init)
    HAL_InitTick                             0x080021b9   Thumb Code    64  stm32f3xx_hal.o(i.HAL_InitTick)
    HAL_MspInit                              0x08002205   Thumb Code    64  stm32f3xx_hal_msp.o(i.HAL_MspInit)
    HAL_NVIC_EnableIRQ                       0x08002249   Thumb Code    26  stm32f3xx_hal_cortex.o(i.HAL_NVIC_EnableIRQ)
    HAL_NVIC_SetPriority                     0x08002263   Thumb Code   124  stm32f3xx_hal_cortex.o(i.HAL_NVIC_SetPriority)
    HAL_NVIC_SetPriorityGrouping             0x080022e1   Thumb Code    32  stm32f3xx_hal_cortex.o(i.HAL_NVIC_SetPriorityGrouping)
    HAL_PCD_Init                             0x08002309   Thumb Code   278  stm32f3xx_hal_pcd.o(i.HAL_PCD_Init)
    HAL_PCD_MspInit                          0x08002421   Thumb Code   114  stm32f3xx_hal_msp.o(i.HAL_PCD_MspInit)
    HAL_RCCEx_PeriphCLKConfig                0x0800249d   Thumb Code   730  stm32f3xx_hal_rcc_ex.o(i.HAL_RCCEx_PeriphCLKConfig)
    HAL_RCC_ClockConfig                      0x08002785   Thumb Code   662  stm32f3xx_hal_rcc.o(i.HAL_RCC_ClockConfig)
    HAL_RCC_GetHCLKFreq                      0x08002a2d   Thumb Code     6  stm32f3xx_hal_rcc.o(i.HAL_RCC_GetHCLKFreq)
    HAL_RCC_GetPCLK1Freq                     0x08002a39   Thumb Code    36  stm32f3xx_hal_rcc.o(i.HAL_RCC_GetPCLK1Freq)
    HAL_RCC_GetPCLK2Freq                     0x08002a65   Thumb Code    36  stm32f3xx_hal_rcc.o(i.HAL_RCC_GetPCLK2Freq)
    HAL_RCC_GetSysClockFreq                  0x08002a91   Thumb Code   120  stm32f3xx_hal_rcc.o(i.HAL_RCC_GetSysClockFreq)
    HAL_RCC_OscConfig                        0x08002b1d   Thumb Code  2554  stm32f3xx_hal_rcc.o(i.HAL_RCC_OscConfig)
    HAL_SPI_Init                             0x08003521   Thumb Code   204  stm32f3xx_hal_spi.o(i.HAL_SPI_Init)
    HAL_SPI_MspInit                          0x080035ed   Thumb Code   110  stm32f3xx_hal_msp.o(i.HAL_SPI_MspInit)
    HAL_SYSTICK_Config                       0x08003665   Thumb Code    52  stm32f3xx_hal_cortex.o(i.HAL_SYSTICK_Config)
    HAL_TIMEx_Break2Callback                 0x08003699   Thumb Code     2  stm32f3xx_hal_tim_ex.o(i.HAL_TIMEx_Break2Callback)
    HAL_TIMEx_BreakCallback                  0x0800369b   Thumb Code     2  stm32f3xx_hal_tim_ex.o(i.HAL_TIMEx_BreakCallback)
    HAL_TIMEx_CommutationCallback            0x0800369d   Thumb Code     2  stm32f3xx_hal_tim_ex.o(i.HAL_TIMEx_CommutationCallback)
    HAL_TIMEx_MasterConfigSynchronization    0x080036a1   Thumb Code    98  stm32f3xx_hal_tim_ex.o(i.HAL_TIMEx_MasterConfigSynchronization)
    HAL_TIM_Base_Init                        0x0800370d   Thumb Code    52  stm32f3xx_hal_tim.o(i.HAL_TIM_Base_Init)
    HAL_TIM_Base_MspInit                     0x08003741   Thumb Code   112  stm32f3xx_hal_msp.o(i.HAL_TIM_Base_MspInit)
    HAL_TIM_Base_Start                       0x080037bd   Thumb Code    30  stm32f3xx_hal_tim.o(i.HAL_TIM_Base_Start)
    HAL_TIM_Base_Start_IT                    0x080037db   Thumb Code    30  stm32f3xx_hal_tim.o(i.HAL_TIM_Base_Start_IT)
    HAL_TIM_Base_Stop                        0x080037f9   Thumb Code    56  stm32f3xx_hal_tim.o(i.HAL_TIM_Base_Stop)
    HAL_TIM_ConfigClockSource                0x08003831   Thumb Code   308  stm32f3xx_hal_tim.o(i.HAL_TIM_ConfigClockSource)
    HAL_TIM_IC_CaptureCallback               0x08003969   Thumb Code     2  stm32f3xx_hal_tim.o(i.HAL_TIM_IC_CaptureCallback)
    HAL_TIM_IC_ConfigChannel                 0x0800396b   Thumb Code   224  stm32f3xx_hal_tim.o(i.HAL_TIM_IC_ConfigChannel)
    HAL_TIM_IC_Init                          0x08003a4b   Thumb Code    52  stm32f3xx_hal_tim.o(i.HAL_TIM_IC_Init)
    HAL_TIM_IC_MspInit                       0x08003a7f   Thumb Code     2  stm32f3xx_hal_tim.o(i.HAL_TIM_IC_MspInit)
    HAL_TIM_IRQHandler                       0x08003a81   Thumb Code   440  stm32f3xx_hal_tim.o(i.HAL_TIM_IRQHandler)
    HAL_TIM_MspPostInit                      0x08003c39   Thumb Code    80  stm32f3xx_hal_msp.o(i.HAL_TIM_MspPostInit)
    HAL_TIM_OC_DelayElapsedCallback          0x08003c95   Thumb Code     2  stm32f3xx_hal_tim.o(i.HAL_TIM_OC_DelayElapsedCallback)
    HAL_TIM_PWM_ConfigChannel                0x08003c97   Thumb Code   372  stm32f3xx_hal_tim_ex.o(i.HAL_TIM_PWM_ConfigChannel)
    HAL_TIM_PWM_Init                         0x08003e0b   Thumb Code    52  stm32f3xx_hal_tim.o(i.HAL_TIM_PWM_Init)
    HAL_TIM_PWM_MspInit                      0x08003e3f   Thumb Code     2  stm32f3xx_hal_tim.o(i.HAL_TIM_PWM_MspInit)
    HAL_TIM_PWM_PulseFinishedCallback        0x08003e41   Thumb Code     2  stm32f3xx_hal_tim.o(i.HAL_TIM_PWM_PulseFinishedCallback)
    HAL_TIM_PeriodElapsedCallback            0x08003e45   Thumb Code   320  sound_handler.o(i.HAL_TIM_PeriodElapsedCallback)
    HAL_TIM_TriggerCallback                  0x08003fb5   Thumb Code     2  stm32f3xx_hal_tim.o(i.HAL_TIM_TriggerCallback)
    HAL_UARTEx_WakeupCallback                0x08003fb7   Thumb Code     2  stm32f3xx_hal_uart_ex.o(i.HAL_UARTEx_WakeupCallback)
    HAL_UART_ErrorCallback                   0x08003fb9   Thumb Code     2  stm32f3xx_hal_uart.o(i.HAL_UART_ErrorCallback)
    HAL_UART_IRQHandler                      0x08003fbd   Thumb Code   390  stm32f3xx_hal_uart.o(i.HAL_UART_IRQHandler)
    HAL_UART_Init                            0x08004149   Thumb Code   120  stm32f3xx_hal_uart.o(i.HAL_UART_Init)
    HAL_UART_MspInit                         0x080041c1   Thumb Code   124  stm32f3xx_hal_msp.o(i.HAL_UART_MspInit)
    HAL_UART_Receive_IT                      0x08004249   Thumb Code   160  stm32f3xx_hal_uart.o(i.HAL_UART_Receive_IT)
    HAL_UART_RxCpltCallback                  0x080042e9   Thumb Code    92  uart.o(i.HAL_UART_RxCpltCallback)
    HAL_UART_Transmit                        0x08004359   Thumb Code   198  stm32f3xx_hal_uart.o(i.HAL_UART_Transmit)
    HAL_UART_TxCpltCallback                  0x0800441f   Thumb Code     2  stm32f3xx_hal_uart.o(i.HAL_UART_TxCpltCallback)
    HardFault_Handler                        0x08004421   Thumb Code     4  stm32f3xx_it.o(i.HardFault_Handler)
    MemManage_Handler                        0x08004941   Thumb Code     4  stm32f3xx_it.o(i.MemManage_Handler)
    NMI_Handler                              0x08004945   Thumb Code     2  stm32f3xx_it.o(i.NMI_Handler)
    PendSV_Handler                           0x08004981   Thumb Code     2  stm32f3xx_it.o(i.PendSV_Handler)
    SVC_Handler                              0x08004983   Thumb Code     2  stm32f3xx_it.o(i.SVC_Handler)
    SysTick_Handler                          0x08004985   Thumb Code     8  stm32f3xx_it.o(i.SysTick_Handler)
    SystemClock_Config                       0x0800498d   Thumb Code   142  main.o(i.SystemClock_Config)
    SystemInit                               0x08004a21   Thumb Code   104  system_stm32f3xx.o(i.SystemInit)
    TIM3_IRQHandler                          0x08004a9d   Thumb Code    10  stm32f3xx_it.o(i.TIM3_IRQHandler)
    TIM6_DAC_IRQHandler                      0x08004aad   Thumb Code    16  stm32f3xx_it.o(i.TIM6_DAC_IRQHandler)
    TIM_Base_SetConfig                       0x08004ac5   Thumb Code   160  stm32f3xx_hal_tim.o(i.TIM_Base_SetConfig)
    TIM_ETR_SetConfig                        0x08004b81   Thumb Code    24  stm32f3xx_hal_tim.o(i.TIM_ETR_SetConfig)
    TIM_OC1_SetConfig                        0x08004bad   Thumb Code   152  stm32f3xx_hal_tim.o(i.TIM_OC1_SetConfig)
    TIM_OC2_SetConfig                        0x08004c5d   Thumb Code   162  stm32f3xx_hal_tim.o(i.TIM_OC2_SetConfig)
    TIM_OC3_SetConfig                        0x08004d19   Thumb Code   160  stm32f3xx_hal_tim.o(i.TIM_OC3_SetConfig)
    TIM_OC4_SetConfig                        0x08004dd1   Thumb Code    98  stm32f3xx_hal_tim.o(i.TIM_OC4_SetConfig)
    TIM_TI1_SetConfig                        0x08004f65   Thumb Code   106  stm32f3xx_hal_tim.o(i.TIM_TI1_SetConfig)
    UART_AdvFeatureConfig                    0x080050cb   Thumb Code   248  stm32f3xx_hal_uart.o(i.UART_AdvFeatureConfig)
    UART_CheckIdleState                      0x080051c3   Thumb Code   116  stm32f3xx_hal_uart.o(i.UART_CheckIdleState)
    UART_EndTransmit_IT                      0x0800526f   Thumb Code    32  stm32f3xx_hal_uart.o(i.UART_EndTransmit_IT)
    UART_Receive_IT                          0x0800528f   Thumb Code   138  stm32f3xx_hal_uart.o(i.UART_Receive_IT)
    UART_SetConfig                           0x08005319   Thumb Code   716  stm32f3xx_hal_uart.o(i.UART_SetConfig)
    UART_Transmit_IT                         0x08005605   Thumb Code   106  stm32f3xx_hal_uart.o(i.UART_Transmit_IT)
    UART_WaitOnFlagUntilTimeout              0x0800566f   Thumb Code   108  stm32f3xx_hal_uart.o(i.UART_WaitOnFlagUntilTimeout)
    USART1_IRQHandler                        0x080056dd   Thumb Code    10  stm32f3xx_it.o(i.USART1_IRQHandler)
    UsageFault_Handler                       0x080056ed   Thumb Code     4  stm32f3xx_it.o(i.UsageFault_Handler)
    __scatterload_copy                       0x080056f1   Thumb Code    14  handlers.o(i.__scatterload_copy)
    __scatterload_null                       0x080056ff   Thumb Code     2  handlers.o(i.__scatterload_null)
    __scatterload_zeroinit                   0x08005701   Thumb Code    14  handlers.o(i.__scatterload_zeroinit)
    clear_raw_buffer                         0x08005711   Thumb Code    22  uart.o(i.clear_raw_buffer)
    freq_calculator                          0x0800572d   Thumb Code   240  sound_handler.o(i.freq_calculator)
    init_sinus                               0x0800581d   Thumb Code   184  sound_handler.o(i.init_sinus)
    init_sound_handler                       0x080058e1   Thumb Code     6  sound_handler.o(i.init_sound_handler)
    main                                     0x080058ed   Thumb Code    90  main.o(i.main)
    send_signal                              0x08005959   Thumb Code   124  sound_handler.o(i.send_signal)
    sinus_generator_process                  0x080059e5   Thumb Code    54  sound_handler.o(i.sinus_generator_process)
    uart_cmd_process                         0x08005a21   Thumb Code    60  uart.o(i.uart_cmd_process)
    uart_init                                0x08005a75   Thumb Code    16  uart.o(i.uart_init)
    sine_wave_array                          0x08005a88   Data         512  sound_handler.o(.constdata)
    aPLLMULFactorTable                       0x08005c88   Data          16  stm32f3xx_hal_rcc.o(.constdata)
    aPredivFactorTable                       0x08005c98   Data          16  stm32f3xx_hal_rcc.o(.constdata)
    AHBPrescTable                            0x08005ca8   Data          16  system_stm32f3xx.o(.constdata)
    APBPrescTable                            0x08005cb8   Data           8  system_stm32f3xx.o(.constdata)
    __ctype_categories                       0x08005cc0   Data          64  ctype_c.o(.constdata)
    Region$$Table$$Base                      0x08005d00   Number         0  anon$$obj.o(Region$$Table)
    Region$$Table$$Limit                     0x08005d20   Number         0  anon$$obj.o(Region$$Table)
    sinus_info                               0x20000000   Data          24  main.o(.data)
    raw_data_buffer_ptr                      0x20000018   Data           2  uart.o(.data)
    cmd_received                             0x2000001a   Data           1  uart.o(.data)
    Rx_byte                                  0x2000001b   Data           1  uart.o(.data)
    sound_pck                                0x2000001c   Data           4  sound_handler.o(.data)
    signal_time_H                            0x20000020   Data           2  sound_handler.o(.data)
    signal_time_L                            0x20000022   Data           2  sound_handler.o(.data)
    signal_time_counter                      0x20000024   Data           2  sound_handler.o(.data)
    inverse_signal                           0x20000026   Data           1  sound_handler.o(.data)
    is_high                                  0x20000027   Data           1  sound_handler.o(.data)
    adc1value                                0x20000028   Data           4  sound_handler.o(.data)
    i                                        0x2000002c   Data           4  sound_handler.o(.data)
    somme50                                  0x20000030   Data           4  sound_handler.o(.data)
    adc2value                                0x20000034   Data           4  sound_handler.o(.data)
    seuil                                    0x20000038   Data           4  sound_handler.o(.data)
    Vdetect                                  0x2000003c   Data           4  sound_handler.o(.data)
    uwTick                                   0x20000044   Data           4  stm32f3xx_hal.o(.data)
    uwTickPrio                               0x20000048   Data           4  stm32f3xx_hal.o(.data)
    uwTickFreq                               0x2000004c   Data           1  stm32f3xx_hal.o(.data)
    SystemCoreClock                          0x20000050   Data           4  system_stm32f3xx.o(.data)
    hdac                                     0x20000054   Data          20  main.o(.bss)
    hdma_dac_ch1                             0x20000068   Data          68  main.o(.bss)
    hadc1                                    0x200000ac   Data          84  main.o(.bss)
    hadc2                                    0x20000100   Data          84  main.o(.bss)
    hi2c1                                    0x20000154   Data          76  main.o(.bss)
    hspi1                                    0x200001a0   Data         100  main.o(.bss)
    htim3                                    0x20000204   Data          64  main.o(.bss)
    htim2                                    0x20000244   Data          64  main.o(.bss)
    hdma_tim2_up                             0x20000284   Data          68  main.o(.bss)
    htim6                                    0x200002c8   Data          64  main.o(.bss)
    huart1                                   0x20000308   Data         112  main.o(.bss)
    hpcd_USB_FS                              0x20000378   Data         936  main.o(.bss)
    cmd_packet                               0x20000720   Data          24  main.o(.bss)
    raw_data                                 0x20000738   Data          16  uart.o(.bss)
    __initial_sp                             0x20000b48   Data           0  startup_stm32f303xc.o(STACK)



==============================================================================

Memory Map of the image

  Image Entry point : 0x08000189

  Load Region LR_IROM1 (Base: 0x08000000, Size: 0x00005d74, Max: 0x00040000, ABSOLUTE)

    Execution Region ER_IROM1 (Exec base: 0x08000000, Load base: 0x08000000, Size: 0x00005d20, Max: 0x00040000, ABSOLUTE)

    Exec Addr    Load Addr    Size         Type   Attr      Idx    E Section Name        Object

    0x08000000   0x08000000   0x00000188   Data   RO            3    RESET               startup_stm32f303xc.o
    0x08000188   0x08000188   0x00000000   Code   RO         4692  * .ARM.Collect$$$$00000000  mc_w.l(entry.o)
    0x08000188   0x08000188   0x00000004   Code   RO         4707    .ARM.Collect$$$$00000001  mc_w.l(entry2.o)
    0x0800018c   0x0800018c   0x00000004   Code   RO         4710    .ARM.Collect$$$$00000004  mc_w.l(entry5.o)
    0x08000190   0x08000190   0x00000000   Code   RO         4712    .ARM.Collect$$$$00000008  mc_w.l(entry7b.o)
    0x08000190   0x08000190   0x00000000   Code   RO         4714    .ARM.Collect$$$$0000000A  mc_w.l(entry8b.o)
    0x08000190   0x08000190   0x00000008   Code   RO         4715    .ARM.Collect$$$$0000000B  mc_w.l(entry9a.o)
    0x08000198   0x08000198   0x00000000   Code   RO         4717    .ARM.Collect$$$$0000000D  mc_w.l(entry10a.o)
    0x08000198   0x08000198   0x00000000   Code   RO         4719    .ARM.Collect$$$$0000000F  mc_w.l(entry11a.o)
    0x08000198   0x08000198   0x00000004   Code   RO         4708    .ARM.Collect$$$$00002712  mc_w.l(entry2.o)
    0x0800019c   0x0800019c   0x00000024   Code   RO            4    .text               startup_stm32f303xc.o
    0x080001c0   0x080001c0   0x00000024   Code   RO         4699    .text               mc_w.l(memseta.o)
    0x080001e4   0x080001e4   0x00000038   Code   RO         4703    .text               mc_w.l(__0sscanf.o)
    0x0800021c   0x0800021c   0x0000014c   Code   RO         4705    .text               mc_w.l(_scanf_int.o)
    0x08000368   0x08000368   0x0000001c   Code   RO         4721    .text               mc_w.l(_chval.o)
    0x08000384   0x08000384   0x00000028   Code   RO         4723    .text               mc_w.l(scanf_char.o)
    0x080003ac   0x080003ac   0x00000040   Code   RO         4725    .text               mc_w.l(_sgetc.o)
    0x080003ec   0x080003ec   0x00000024   Code   RO         4727    .text               mc_w.l(init.o)
    0x08000410   0x08000410   0x0000000a   Code   RO         4729    .text               mc_w.l(isspace_c.o)
    0x0800041a   0x0800041a   0x00000002   PAD
    0x0800041c   0x0800041c   0x0000032c   Code   RO         4731    .text               mc_w.l(_scanf.o)
    0x08000748   0x08000748   0x00000028   Code   RO         4733    .text               mc_w.l(ctype_c.o)
    0x08000770   0x08000770   0x00000098   Code   RO         4398    i.ADC_Disable       stm32f3xx_hal_adc_ex.o
    0x08000808   0x08000808   0x00000090   Code   RO         4399    i.ADC_Enable        stm32f3xx_hal_adc_ex.o
    0x08000898   0x08000898   0x00000004   Code   RO          244    i.BusFault_Handler  stm32f3xx_it.o
    0x0800089c   0x0800089c   0x00000012   Code   RO          698    i.DAC_DMAConvCpltCh1  stm32f3xx_hal_dac_ex.o
    0x080008ae   0x080008ae   0x00000012   Code   RO          699    i.DAC_DMAConvCpltCh2  stm32f3xx_hal_dac_ex.o
    0x080008c0   0x080008c0   0x0000001a   Code   RO          700    i.DAC_DMAErrorCh1   stm32f3xx_hal_dac_ex.o
    0x080008da   0x080008da   0x0000001a   Code   RO          701    i.DAC_DMAErrorCh2   stm32f3xx_hal_dac_ex.o
    0x080008f4   0x080008f4   0x0000000e   Code   RO          702    i.DAC_DMAHalfConvCpltCh1  stm32f3xx_hal_dac_ex.o
    0x08000902   0x08000902   0x0000000e   Code   RO          703    i.DAC_DMAHalfConvCpltCh2  stm32f3xx_hal_dac_ex.o
    0x08000910   0x08000910   0x00000010   Code   RO          245    i.DMA1_Channel3_IRQHandler  stm32f3xx_it.o
    0x08000920   0x08000920   0x00000040   Code   RO         3243    i.DMA_CalcBaseAndBitshift  stm32f3xx_hal_dma.o
    0x08000960   0x08000960   0x0000002c   Code   RO         3244    i.DMA_SetConfig     stm32f3xx_hal_dma.o
    0x0800098c   0x0800098c   0x00000002   Code   RO          246    i.DebugMon_Handler  stm32f3xx_it.o
    0x0800098e   0x0800098e   0x00000002   Code   RO           13    i.Error_Handler     main.o
    0x08000990   0x08000990   0x00000184   Code   RO         4414    i.HAL_ADCEx_MultiModeConfigChannel  stm32f3xx_hal_adc_ex.o
    0x08000b14   0x08000b14   0x00000468   Code   RO         4423    i.HAL_ADC_ConfigChannel  stm32f3xx_hal_adc_ex.o
    0x08000f7c   0x08000f7c   0x00000008   Code   RO         4425    i.HAL_ADC_GetValue  stm32f3xx_hal_adc_ex.o
    0x08000f84   0x08000f84   0x000002d8   Code   RO         4427    i.HAL_ADC_Init      stm32f3xx_hal_adc_ex.o
    0x0800125c   0x0800125c   0x00000002   Code   RO         4257    i.HAL_ADC_MspInit   stm32f3xx_hal_adc.o
    0x0800125e   0x0800125e   0x00000002   PAD
    0x08001260   0x08001260   0x00000188   Code   RO         4428    i.HAL_ADC_PollForConversion  stm32f3xx_hal_adc_ex.o
    0x080013e8   0x080013e8   0x000001b4   Code   RO         4430    i.HAL_ADC_Start     stm32f3xx_hal_adc_ex.o
    0x0800159c   0x0800159c   0x000001f4   Code   RO         4432    i.HAL_ADC_Start_IT  stm32f3xx_hal_adc_ex.o
    0x08001790   0x08001790   0x00000002   Code   RO          704    i.HAL_DACEx_ConvCpltCallbackCh2  stm32f3xx_hal_dac_ex.o
    0x08001792   0x08001792   0x00000002   Code   RO          705    i.HAL_DACEx_ConvHalfCpltCallbackCh2  stm32f3xx_hal_dac_ex.o
    0x08001794   0x08001794   0x00000002   Code   RO          706    i.HAL_DACEx_DMAUnderrunCallbackCh2  stm32f3xx_hal_dac_ex.o
    0x08001796   0x08001796   0x00000002   Code   RO          709    i.HAL_DACEx_ErrorCallbackCh2  stm32f3xx_hal_dac_ex.o
    0x08001798   0x08001798   0x0000005a   Code   RO          712    i.HAL_DAC_ConfigChannel  stm32f3xx_hal_dac_ex.o
    0x080017f2   0x080017f2   0x00000002   Code   RO          575    i.HAL_DAC_ConvCpltCallbackCh1  stm32f3xx_hal_dac.o
    0x080017f4   0x080017f4   0x00000002   Code   RO          576    i.HAL_DAC_ConvHalfCpltCallbackCh1  stm32f3xx_hal_dac.o
    0x080017f6   0x080017f6   0x00000002   Code   RO          577    i.HAL_DAC_DMAUnderrunCallbackCh1  stm32f3xx_hal_dac.o
    0x080017f8   0x080017f8   0x00000002   Code   RO          579    i.HAL_DAC_ErrorCallbackCh1  stm32f3xx_hal_dac.o
    0x080017fa   0x080017fa   0x0000008a   Code   RO          714    i.HAL_DAC_IRQHandler  stm32f3xx_hal_dac_ex.o
    0x08001884   0x08001884   0x00000028   Code   RO          583    i.HAL_DAC_Init      stm32f3xx_hal_dac.o
    0x080018ac   0x080018ac   0x000000d4   Code   RO          345    i.HAL_DAC_MspInit   stm32f3xx_hal_msp.o
    0x08001980   0x08001980   0x0000002c   Code   RO          715    i.HAL_DAC_SetValue  stm32f3xx_hal_dac_ex.o
    0x080019ac   0x080019ac   0x0000006c   Code   RO          716    i.HAL_DAC_Start     stm32f3xx_hal_dac_ex.o
    0x08001a18   0x08001a18   0x00000120   Code   RO          717    i.HAL_DAC_Start_DMA  stm32f3xx_hal_dac_ex.o
    0x08001b38   0x08001b38   0x00000018   Code   RO          588    i.HAL_DAC_Stop      stm32f3xx_hal_dac.o
    0x08001b50   0x08001b50   0x00000058   Code   RO         3246    i.HAL_DMA_Abort_IT  stm32f3xx_hal_dma.o
    0x08001ba8   0x08001ba8   0x000000e6   Code   RO         3250    i.HAL_DMA_IRQHandler  stm32f3xx_hal_dma.o
    0x08001c8e   0x08001c8e   0x00000056   Code   RO         3251    i.HAL_DMA_Init      stm32f3xx_hal_dma.o
    0x08001ce4   0x08001ce4   0x0000009c   Code   RO         3255    i.HAL_DMA_Start_IT  stm32f3xx_hal_dma.o
    0x08001d80   0x08001d80   0x000001cc   Code   RO         3180    i.HAL_GPIO_Init     stm32f3xx_hal_gpio.o
    0x08001f4c   0x08001f4c   0x0000000a   Code   RO         3184    i.HAL_GPIO_WritePin  stm32f3xx_hal_gpio.o
    0x08001f56   0x08001f56   0x00000002   PAD
    0x08001f58   0x08001f58   0x0000000c   Code   RO         2867    i.HAL_GetTick       stm32f3xx_hal.o
    0x08001f64   0x08001f64   0x0000006a   Code   RO         1258    i.HAL_I2CEx_ConfigAnalogFilter  stm32f3xx_hal_i2c_ex.o
    0x08001fce   0x08001fce   0x0000006a   Code   RO         1259    i.HAL_I2CEx_ConfigDigitalFilter  stm32f3xx_hal_i2c_ex.o
    0x08002038   0x08002038   0x000000c4   Code   RO          841    i.HAL_I2C_Init      stm32f3xx_hal_i2c.o
    0x080020fc   0x080020fc   0x0000007c   Code   RO          347    i.HAL_I2C_MspInit   stm32f3xx_hal_msp.o
    0x08002178   0x08002178   0x00000018   Code   RO         2873    i.HAL_IncTick       stm32f3xx_hal.o
    0x08002190   0x08002190   0x00000028   Code   RO         2874    i.HAL_Init          stm32f3xx_hal.o
    0x080021b8   0x080021b8   0x0000004c   Code   RO         2875    i.HAL_InitTick      stm32f3xx_hal.o
    0x08002204   0x08002204   0x00000044   Code   RO          348    i.HAL_MspInit       stm32f3xx_hal_msp.o
    0x08002248   0x08002248   0x0000001a   Code   RO         3348    i.HAL_NVIC_EnableIRQ  stm32f3xx_hal_cortex.o
    0x08002262   0x08002262   0x0000007c   Code   RO         3354    i.HAL_NVIC_SetPriority  stm32f3xx_hal_cortex.o
    0x080022de   0x080022de   0x00000002   PAD
    0x080022e0   0x080022e0   0x00000028   Code   RO         3355    i.HAL_NVIC_SetPriorityGrouping  stm32f3xx_hal_cortex.o
    0x08002308   0x08002308   0x00000116   Code   RO         2620    i.HAL_PCD_Init      stm32f3xx_hal_pcd.o
    0x0800241e   0x0800241e   0x00000002   PAD
    0x08002420   0x08002420   0x0000007c   Code   RO          350    i.HAL_PCD_MspInit   stm32f3xx_hal_msp.o
    0x0800249c   0x0800249c   0x000002e8   Code   RO         3137    i.HAL_RCCEx_PeriphCLKConfig  stm32f3xx_hal_rcc_ex.o
    0x08002784   0x08002784   0x000002a8   Code   RO         3031    i.HAL_RCC_ClockConfig  stm32f3xx_hal_rcc.o
    0x08002a2c   0x08002a2c   0x0000000c   Code   RO         3036    i.HAL_RCC_GetHCLKFreq  stm32f3xx_hal_rcc.o
    0x08002a38   0x08002a38   0x0000002c   Code   RO         3038    i.HAL_RCC_GetPCLK1Freq  stm32f3xx_hal_rcc.o
    0x08002a64   0x08002a64   0x0000002c   Code   RO         3039    i.HAL_RCC_GetPCLK2Freq  stm32f3xx_hal_rcc.o
    0x08002a90   0x08002a90   0x0000008c   Code   RO         3040    i.HAL_RCC_GetSysClockFreq  stm32f3xx_hal_rcc.o
    0x08002b1c   0x08002b1c   0x00000a04   Code   RO         3043    i.HAL_RCC_OscConfig  stm32f3xx_hal_rcc.o
    0x08003520   0x08003520   0x000000cc   Code   RO         1323    i.HAL_SPI_Init      stm32f3xx_hal_spi.o
    0x080035ec   0x080035ec   0x00000078   Code   RO          352    i.HAL_SPI_MspInit   stm32f3xx_hal_msp.o
    0x08003664   0x08003664   0x00000034   Code   RO         3359    i.HAL_SYSTICK_Config  stm32f3xx_hal_cortex.o
    0x08003698   0x08003698   0x00000002   Code   RO         2320    i.HAL_TIMEx_Break2Callback  stm32f3xx_hal_tim_ex.o
    0x0800369a   0x0800369a   0x00000002   Code   RO         2321    i.HAL_TIMEx_BreakCallback  stm32f3xx_hal_tim_ex.o
    0x0800369c   0x0800369c   0x00000002   Code   RO         2322    i.HAL_TIMEx_CommutationCallback  stm32f3xx_hal_tim_ex.o
    0x0800369e   0x0800369e   0x00000002   PAD
    0x080036a0   0x080036a0   0x0000006c   Code   RO         2339    i.HAL_TIMEx_MasterConfigSynchronization  stm32f3xx_hal_tim_ex.o
    0x0800370c   0x0800370c   0x00000034   Code   RO         1665    i.HAL_TIM_Base_Init  stm32f3xx_hal_tim.o
    0x08003740   0x08003740   0x0000007c   Code   RO          354    i.HAL_TIM_Base_MspInit  stm32f3xx_hal_msp.o
    0x080037bc   0x080037bc   0x0000001e   Code   RO         1668    i.HAL_TIM_Base_Start  stm32f3xx_hal_tim.o
    0x080037da   0x080037da   0x0000001e   Code   RO         1670    i.HAL_TIM_Base_Start_IT  stm32f3xx_hal_tim.o
    0x080037f8   0x080037f8   0x00000038   Code   RO         1671    i.HAL_TIM_Base_Stop  stm32f3xx_hal_tim.o
    0x08003830   0x08003830   0x00000138   Code   RO         1674    i.HAL_TIM_ConfigClockSource  stm32f3xx_hal_tim.o
    0x08003968   0x08003968   0x00000002   Code   RO         1696    i.HAL_TIM_IC_CaptureCallback  stm32f3xx_hal_tim.o
    0x0800396a   0x0800396a   0x000000e0   Code   RO         1697    i.HAL_TIM_IC_ConfigChannel  stm32f3xx_hal_tim.o
    0x08003a4a   0x08003a4a   0x00000034   Code   RO         1700    i.HAL_TIM_IC_Init   stm32f3xx_hal_tim.o
    0x08003a7e   0x08003a7e   0x00000002   Code   RO         1702    i.HAL_TIM_IC_MspInit  stm32f3xx_hal_tim.o
    0x08003a80   0x08003a80   0x000001b8   Code   RO         1709    i.HAL_TIM_IRQHandler  stm32f3xx_hal_tim.o
    0x08003c38   0x08003c38   0x0000005c   Code   RO          355    i.HAL_TIM_MspPostInit  stm32f3xx_hal_msp.o
    0x08003c94   0x08003c94   0x00000002   Code   RO         1712    i.HAL_TIM_OC_DelayElapsedCallback  stm32f3xx_hal_tim.o
    0x08003c96   0x08003c96   0x00000174   Code   RO         2359    i.HAL_TIM_PWM_ConfigChannel  stm32f3xx_hal_tim_ex.o
    0x08003e0a   0x08003e0a   0x00000034   Code   RO         1736    i.HAL_TIM_PWM_Init  stm32f3xx_hal_tim.o
    0x08003e3e   0x08003e3e   0x00000002   Code   RO         1738    i.HAL_TIM_PWM_MspInit  stm32f3xx_hal_tim.o
    0x08003e40   0x08003e40   0x00000002   Code   RO         1739    i.HAL_TIM_PWM_PulseFinishedCallback  stm32f3xx_hal_tim.o
    0x08003e42   0x08003e42   0x00000002   PAD
    0x08003e44   0x08003e44   0x00000170   Code   RO          500    i.HAL_TIM_PeriodElapsedCallback  sound_handler.o
    0x08003fb4   0x08003fb4   0x00000002   Code   RO         1750    i.HAL_TIM_TriggerCallback  stm32f3xx_hal_tim.o
    0x08003fb6   0x08003fb6   0x00000002   Code   RO         4195    i.HAL_UARTEx_WakeupCallback  stm32f3xx_hal_uart_ex.o
    0x08003fb8   0x08003fb8   0x00000002   Code   RO         3852    i.HAL_UART_ErrorCallback  stm32f3xx_hal_uart.o
    0x08003fba   0x08003fba   0x00000002   PAD
    0x08003fbc   0x08003fbc   0x0000018c   Code   RO         3855    i.HAL_UART_IRQHandler  stm32f3xx_hal_uart.o
    0x08004148   0x08004148   0x00000078   Code   RO         3856    i.HAL_UART_Init     stm32f3xx_hal_uart.o
    0x080041c0   0x080041c0   0x00000088   Code   RO          357    i.HAL_UART_MspInit  stm32f3xx_hal_msp.o
    0x08004248   0x08004248   0x000000a0   Code   RO         3861    i.HAL_UART_Receive_IT  stm32f3xx_hal_uart.o
    0x080042e8   0x080042e8   0x00000070   Code   RO          447    i.HAL_UART_RxCpltCallback  uart.o
    0x08004358   0x08004358   0x000000c6   Code   RO         3864    i.HAL_UART_Transmit  stm32f3xx_hal_uart.o
    0x0800441e   0x0800441e   0x00000002   Code   RO         3867    i.HAL_UART_TxCpltCallback  stm32f3xx_hal_uart.o
    0x08004420   0x08004420   0x00000004   Code   RO          247    i.HardFault_Handler  stm32f3xx_it.o
    0x08004424   0x08004424   0x00000094   Code   RO           14    i.MX_ADC1_Init      main.o
    0x080044b8   0x080044b8   0x00000078   Code   RO           15    i.MX_ADC2_Init      main.o
    0x08004530   0x08004530   0x00000040   Code   RO           16    i.MX_DAC_Init       main.o
    0x08004570   0x08004570   0x00000034   Code   RO           17    i.MX_DMA_Init       main.o
    0x080045a4   0x080045a4   0x000000ec   Code   RO           18    i.MX_GPIO_Init      main.o
    0x08004690   0x08004690   0x00000058   Code   RO           19    i.MX_I2C1_Init      main.o
    0x080046e8   0x080046e8   0x00000054   Code   RO           20    i.MX_SPI1_Init      main.o
    0x0800473c   0x0800473c   0x000000a0   Code   RO           21    i.MX_TIM2_Init      main.o
    0x080047dc   0x080047dc   0x000000a4   Code   RO           22    i.MX_TIM3_Init      main.o
    0x08004880   0x08004880   0x0000004c   Code   RO           23    i.MX_TIM6_Init      main.o
    0x080048cc   0x080048cc   0x00000040   Code   RO           24    i.MX_USART1_UART_Init  main.o
    0x0800490c   0x0800490c   0x00000034   Code   RO           25    i.MX_USB_PCD_Init   main.o
    0x08004940   0x08004940   0x00000004   Code   RO          248    i.MemManage_Handler  stm32f3xx_it.o
    0x08004944   0x08004944   0x00000002   Code   RO          249    i.NMI_Handler       stm32f3xx_it.o
    0x08004946   0x08004946   0x00000002   PAD
    0x08004948   0x08004948   0x00000010   Code   RO         3361    i.NVIC_GetPriorityGrouping  stm32f3xx_hal_cortex.o
    0x08004958   0x08004958   0x00000028   Code   RO         3362    i.NVIC_SetPriority  stm32f3xx_hal_cortex.o
    0x08004980   0x08004980   0x00000002   Code   RO          250    i.PendSV_Handler    stm32f3xx_it.o
    0x08004982   0x08004982   0x00000002   Code   RO          251    i.SVC_Handler       stm32f3xx_it.o
    0x08004984   0x08004984   0x00000008   Code   RO          252    i.SysTick_Handler   stm32f3xx_it.o
    0x0800498c   0x0800498c   0x00000094   Code   RO           26    i.SystemClock_Config  main.o
    0x08004a20   0x08004a20   0x0000007c   Code   RO         4659    i.SystemInit        system_stm32f3xx.o
    0x08004a9c   0x08004a9c   0x00000010   Code   RO          253    i.TIM3_IRQHandler   stm32f3xx_it.o
    0x08004aac   0x08004aac   0x00000018   Code   RO          254    i.TIM6_DAC_IRQHandler  stm32f3xx_it.o
    0x08004ac4   0x08004ac4   0x000000bc   Code   RO         1751    i.TIM_Base_SetConfig  stm32f3xx_hal_tim.o
    0x08004b80   0x08004b80   0x00000018   Code   RO         1758    i.TIM_ETR_SetConfig  stm32f3xx_hal_tim.o
    0x08004b98   0x08004b98   0x00000014   Code   RO         1759    i.TIM_ITRx_SetConfig  stm32f3xx_hal_tim.o
    0x08004bac   0x08004bac   0x000000b0   Code   RO         1760    i.TIM_OC1_SetConfig  stm32f3xx_hal_tim.o
    0x08004c5c   0x08004c5c   0x000000bc   Code   RO         1761    i.TIM_OC2_SetConfig  stm32f3xx_hal_tim.o
    0x08004d18   0x08004d18   0x000000b8   Code   RO         1762    i.TIM_OC3_SetConfig  stm32f3xx_hal_tim.o
    0x08004dd0   0x08004dd0   0x0000007c   Code   RO         1763    i.TIM_OC4_SetConfig  stm32f3xx_hal_tim.o
    0x08004e4c   0x08004e4c   0x00000074   Code   RO         2362    i.TIM_OC5_SetConfig  stm32f3xx_hal_tim_ex.o
    0x08004ec0   0x08004ec0   0x00000078   Code   RO         2363    i.TIM_OC6_SetConfig  stm32f3xx_hal_tim_ex.o
    0x08004f38   0x08004f38   0x0000002a   Code   RO         1765    i.TIM_TI1_ConfigInputStage  stm32f3xx_hal_tim.o
    0x08004f62   0x08004f62   0x00000002   PAD
    0x08004f64   0x08004f64   0x00000080   Code   RO         1766    i.TIM_TI1_SetConfig  stm32f3xx_hal_tim.o
    0x08004fe4   0x08004fe4   0x0000002c   Code   RO         1767    i.TIM_TI2_ConfigInputStage  stm32f3xx_hal_tim.o
    0x08005010   0x08005010   0x0000003e   Code   RO         1768    i.TIM_TI2_SetConfig  stm32f3xx_hal_tim.o
    0x0800504e   0x0800504e   0x0000003c   Code   RO         1769    i.TIM_TI3_SetConfig  stm32f3xx_hal_tim.o
    0x0800508a   0x0800508a   0x00000040   Code   RO         1770    i.TIM_TI4_SetConfig  stm32f3xx_hal_tim.o
    0x080050ca   0x080050ca   0x000000f8   Code   RO         3869    i.UART_AdvFeatureConfig  stm32f3xx_hal_uart.o
    0x080051c2   0x080051c2   0x00000074   Code   RO         3870    i.UART_CheckIdleState  stm32f3xx_hal_uart.o
    0x08005236   0x08005236   0x00000018   Code   RO         3871    i.UART_DMAAbortOnError  stm32f3xx_hal_uart.o
    0x0800524e   0x0800524e   0x00000020   Code   RO         3881    i.UART_EndRxTransfer  stm32f3xx_hal_uart.o
    0x0800526e   0x0800526e   0x00000020   Code   RO         3882    i.UART_EndTransmit_IT  stm32f3xx_hal_uart.o
    0x0800528e   0x0800528e   0x0000008a   Code   RO         3884    i.UART_Receive_IT   stm32f3xx_hal_uart.o
    0x08005318   0x08005318   0x000002ec   Code   RO         3885    i.UART_SetConfig    stm32f3xx_hal_uart.o
    0x08005604   0x08005604   0x0000006a   Code   RO         3886    i.UART_Transmit_IT  stm32f3xx_hal_uart.o
    0x0800566e   0x0800566e   0x0000006c   Code   RO         3887    i.UART_WaitOnFlagUntilTimeout  stm32f3xx_hal_uart.o
    0x080056da   0x080056da   0x00000002   PAD
    0x080056dc   0x080056dc   0x00000010   Code   RO          255    i.USART1_IRQHandler  stm32f3xx_it.o
    0x080056ec   0x080056ec   0x00000004   Code   RO          256    i.UsageFault_Handler  stm32f3xx_it.o
    0x080056f0   0x080056f0   0x0000000e   Code   RO         4738    i.__scatterload_copy  mc_w.l(handlers.o)
    0x080056fe   0x080056fe   0x00000002   Code   RO         4739    i.__scatterload_null  mc_w.l(handlers.o)
    0x08005700   0x08005700   0x0000000e   Code   RO         4740    i.__scatterload_zeroinit  mc_w.l(handlers.o)
    0x0800570e   0x0800570e   0x00000002   PAD
    0x08005710   0x08005710   0x0000001c   Code   RO          448    i.clear_raw_buffer  uart.o
    0x0800572c   0x0800572c   0x000000f0   Code   RO          502    i.freq_calculator   sound_handler.o
    0x0800581c   0x0800581c   0x000000c4   Code   RO          503    i.init_sinus        sound_handler.o
    0x080058e0   0x080058e0   0x0000000c   Code   RO          504    i.init_sound_handler  sound_handler.o
    0x080058ec   0x080058ec   0x0000006c   Code   RO           27    i.main              main.o
    0x08005958   0x08005958   0x0000008c   Code   RO          505    i.send_signal       sound_handler.o
    0x080059e4   0x080059e4   0x0000003c   Code   RO          506    i.sinus_generator_process  sound_handler.o
    0x08005a20   0x08005a20   0x00000054   Code   RO          449    i.uart_cmd_process  uart.o
    0x08005a74   0x08005a74   0x00000014   Code   RO          450    i.uart_init         uart.o
    0x08005a88   0x08005a88   0x00000200   Data   RO          507    .constdata          sound_handler.o
    0x08005c88   0x08005c88   0x00000020   Data   RO         3044    .constdata          stm32f3xx_hal_rcc.o
    0x08005ca8   0x08005ca8   0x00000018   Data   RO         4660    .constdata          system_stm32f3xx.o
    0x08005cc0   0x08005cc0   0x00000040   Data   RO         4734    .constdata          mc_w.l(ctype_c.o)
    0x08005d00   0x08005d00   0x00000020   Data   RO         4736    Region$$Table       anon$$obj.o


    Execution Region RW_IRAM1 (Exec base: 0x20000000, Load base: 0x08005d20, Size: 0x00000b48, Max: 0x0000a000, ABSOLUTE)

    Exec Addr    Load Addr    Size         Type   Attr      Idx    E Section Name        Object

    0x20000000   0x08005d20   0x00000018   Data   RW           29    .data               main.o
    0x20000018   0x08005d38   0x00000004   Data   RW          452    .data               uart.o
    0x2000001c   0x08005d3c   0x00000026   Data   RW          508    .data               sound_handler.o
    0x20000042   0x08005d62   0x00000002   PAD
    0x20000044   0x08005d64   0x00000009   Data   RW         2881    .data               stm32f3xx_hal.o
    0x2000004d   0x08005d6d   0x00000003   PAD
    0x20000050   0x08005d70   0x00000004   Data   RW         4661    .data               system_stm32f3xx.o
    0x20000054        -       0x000006e4   Zero   RW           28    .bss                main.o
    0x20000738        -       0x00000010   Zero   RW          451    .bss                uart.o
    0x20000748        -       0x00000400   Zero   RW            1    STACK               startup_stm32f303xc.o


==============================================================================

Image component sizes


      Code (inc. data)   RO Data    RW Data    ZI Data      Debug   Object Name

      1566        124          0         24       1764     653436   main.o
      1016        110        512         38          0       5635   sound_handler.o
        36          8        392          0       1024        880   startup_stm32f303xc.o
       152         32          0          9          0      13061   stm32f3xx_hal.o
         2          0          0          0          0       1022   stm32f3xx_hal_adc.o
      3876        142          0          0          0      10216   stm32f3xx_hal_adc_ex.o
       298         22          0          0          0      31199   stm32f3xx_hal_cortex.o
        72          0          0          0          0       4310   stm32f3xx_hal_dac.o
       792         26          0          0          0      11132   stm32f3xx_hal_dac_ex.o
       668          8          0          0          0       5082   stm32f3xx_hal_dma.o
       470         28          0          0          0       2388   stm32f3xx_hal_gpio.o
       196          4          0          0          0       2815   stm32f3xx_hal_i2c.o
       212          0          0          0          0       2083   stm32f3xx_hal_i2c_ex.o
      1000         96          0          0          0       6253   stm32f3xx_hal_msp.o
       278          0          0          0          0       1379   stm32f3xx_hal_pcd.o
      3484         92         32          0          0       6672   stm32f3xx_hal_rcc.o
       744         14          0          0          0       1688   stm32f3xx_hal_rcc_ex.o
       204          0          0          0          0       1311   stm32f3xx_hal_spi.o
      2564        154          0          0          0      21783   stm32f3xx_hal_tim.o
       722         60          0          0          0       5849   stm32f3xx_hal_tim_ex.o
      2430         38          0          0          0      12583   stm32f3xx_hal_uart.o
         2          0          0          0          0       1044   stm32f3xx_hal_uart_ex.o
       104         26          0          0          0       6641   stm32f3xx_it.o
       124         20         24          4          0       1291   system_stm32f3xx.o
       244         54          0          4         16       3492   uart.o

    ----------------------------------------------------------------------
     21276       1058        992         84       2804     813245   Object Totals
         0          0         32          0          0          0   (incl. Generated)
        20          0          0          5          0          0   (incl. Padding)

    ----------------------------------------------------------------------

      Code (inc. data)   RO Data    RW Data    ZI Data      Debug   Library Member Name

        56          8          0          0          0         84   __0sscanf.o
        28          0          0          0          0         68   _chval.o
       812          4          0          0          0        112   _scanf.o
       332          0          0          0          0         96   _scanf_int.o
        64          0          0          0          0         84   _sgetc.o
        40          6         64          0          0         68   ctype_c.o
         0          0          0          0          0          0   entry.o
         0          0          0          0          0          0   entry10a.o
         0          0          0          0          0          0   entry11a.o
         8          4          0          0          0          0   entry2.o
         4          0          0          0          0          0   entry5.o
         0          0          0          0          0          0   entry7b.o
         0          0          0          0          0          0   entry8b.o
         8          4          0          0          0          0   entry9a.o
        30          0          0          0          0          0   handlers.o
        36          8          0          0          0         68   init.o
        10          0          0          0          0         68   isspace_c.o
        36          0          0          0          0        108   memseta.o
        40          8          0          0          0         84   scanf_char.o

    ----------------------------------------------------------------------
      1508         42         64          0          0        840   Library Totals
         4          0          0          0          0          0   (incl. Padding)

    ----------------------------------------------------------------------

      Code (inc. data)   RO Data    RW Data    ZI Data      Debug   Library Name

      1504         42         64          0          0        840   mc_w.l

    ----------------------------------------------------------------------
      1508         42         64          0          0        840   Library Totals

    ----------------------------------------------------------------------

==============================================================================


      Code (inc. data)   RO Data    RW Data    ZI Data      Debug   

     22784       1100       1056         84       2804     798677   Grand Totals
     22784       1100       1056         84       2804     798677   ELF Image Totals
     22784       1100       1056         84          0          0   ROM Totals

==============================================================================

    Total RO  Size (Code + RO Data)                23840 (  23.28kB)
    Total RW  Size (RW Data + ZI Data)              2888 (   2.82kB)
    Total ROM Size (Code + RO Data + RW Data)      23924 (  23.36kB)

==============================================================================

