C51 COMPILER V9.55   IMG_HANDLER                                                           04/30/2019 10:31:01 PAGE 1   


C51 COMPILER V9.55, COMPILATION OF MODULE IMG_HANDLER
OBJECT MODULE PLACED IN .\Objects\img_handler.obj
COMPILER INVOKED BY: C:\Keil_v5\C51\BIN\C51.EXE src\img_handler.c LARGE OPTIMIZE(8,SPEED) BROWSE DEBUG OBJECTEXTEND PRIN
                    -T(.\Listings\img_handler.lst) TABS(2) OBJECT(.\Objects\img_handler.obj)

line level    source

   1          
   2          //
   3          // Target: C8051F02x
   4          // Tool chain: KEIL Microvision 4
   5          //
   6          //  NOM: METEYER
   7          
   8          //
   9          //------------------------------------------------------------------------------------
  10          #include "c8051F020.h"
  11          
  12          sbit sig = P1^1;
  13          volatile int IH_Nombre_photos = 1;
  14          volatile int IH_duree_photos = 1;
  15          volatile int IH_Compt_Nombre_photos = 0;
  16          volatile int IH_Compt_duree_photos = 0;
  17          volatile int IH_Compt_nombre_iterations_timer = 0;
  18          volatile int IH_reload = 0xFFFF - 0xB330;
  19          
  20          void WatchDog()
  21          {
  22   1        WDTCN = 0xDE;
  23   1        WDTCN = 0xAD;
  24   1      }
  25          
  26          //initialisation du timer0
  27          void Init_Img_Handler()
  28          { 
  29   1        /*// Config External Osci
  30   1        OSCXCN = 0x67;
  31   1        while(OSCXCN != 0xE7) {}
  32   1        
  33   1        // Use Extern CLK
  34   1        OSCICN = 0x08;*/
  35   1          
  36   1        /****** INIT TIMER ******/
  37   1        //CKCON &= 0xBF;; // Set SYSTEM CLK to TIMER 4 /12
  38   1        
  39   1        
  40   1      //paramétrage timer 4 
  41   1        RCAP4L = 0x00; //valeur de recharge lowbite
  42   1        RCAP4H = 0x00; //valeur de recharge highbite
  43   1        //TH4=0x00;
  44   1        //TL4=0x00;
  45   1      
  46   1        // Enable Crossbar
  47   1        //XBR2 = 0x40;
  48   1          
  49   1        // Push Pull mode
  50   1        P1MDOUT |= 0xFF;
  51   1        //P3MDOUT |= 0x02;
  52   1        
  53   1        /// Enable Timer 4 
  54   1        //T4CON |= 0x08;
C51 COMPILER V9.55   IMG_HANDLER                                                           04/30/2019 10:31:01 PAGE 2   

  55   1        
  56   1        EIE2 = 0x04;  // Enable timer4 interuption
  57   1      }
  58          
  59          
  60          void timer_4_init() interrupt 16 {
  61   1        
  62   1        IH_Compt_nombre_iterations_timer++;
  63   1        if(IH_Compt_nombre_iterations_timer == 4)
  64   1        {
  65   2          IH_Compt_nombre_iterations_timer = 0;
  66   2          IH_Compt_duree_photos++;
  67   2          if (IH_Compt_duree_photos == IH_duree_photos)
  68   2          {
  69   3            IH_Compt_Nombre_photos++;
  70   3            sig = !sig;
  71   3            IH_Compt_duree_photos = 0;
  72   3            if (IH_Compt_Nombre_photos == IH_Nombre_photos)
  73   3            {
  74   4              T4CON  &= ~0x04;
  75   4            }
  76   3          }
  77   2        }
  78   1        T4CON  &= ~0x80;
  79   1      }
  80          
  81          void prendre_photo(n, e) {
  82   1        IH_Nombre_photos = n;
  83   1        IH_duree_photos = e;
  84   1        RCAP4L = 0xCF; //valeur de recharge lowbite
  85   1        RCAP4H = 0x4C; //valeur de recharge highbite
  86   1        T4CON = 0x04;
  87   1      }
  88          
  89          /*
  90          void main(void) {
  91            init_timer4();
  92            init_interrupt();
  93            WatchDog();
  94            prendre_photo(2,2);
  95          }*/
  96          /*
  97          nt photo(char etat)
  98          { 
  99            switch(etat)
 100            {
 101            case 'O':
 102              photo_O(E, 1)
 103            case 'C':
 104              photo_C(E, 10000000)
 105            case 'S':
 106              photo_S(E,N)
 107              
 108            } 
 109            return 0;
 110          }*/


MODULE INFORMATION:   STATIC OVERLAYABLE
   CODE SIZE        =    190    ----
   CONSTANT SIZE    =   ----    ----
   XDATA SIZE       =     12    ----
C51 COMPILER V9.55   IMG_HANDLER                                                           04/30/2019 10:31:01 PAGE 3   

   PDATA SIZE       =   ----    ----
   DATA SIZE        =   ----    ----
   IDATA SIZE       =   ----    ----
   BIT SIZE         =   ----    ----
END OF MODULE INFORMATION.


C51 COMPILATION COMPLETE.  0 WARNING(S),  0 ERROR(S)
