C51 COMPILER V9.55   LIGHT_BEAM                                                            04/30/2019 10:31:02 PAGE 1   


C51 COMPILER V9.55, COMPILATION OF MODULE LIGHT_BEAM
OBJECT MODULE PLACED IN .\Objects\light_beam.obj
COMPILER INVOKED BY: C:\Keil_v5\C51\BIN\C51.EXE src\light_beam.c LARGE OPTIMIZE(8,SPEED) BROWSE DEBUG OBJECTEXTEND PRINT
                    -(.\Listings\light_beam.lst) TABS(2) OBJECT(.\Objects\light_beam.obj)

line level    source

   1          #include "light_beam.h"
   2          
   3          //port de sortie
   4          sbit PWN_pin = P1^2;
   5          sbit FLASH_pin = P1^0;
   6          
   7          volatile int servo_angle_V = 0;
   8          
   9          int duree_flash = 10;
  10          int duree_no_flash = 10;
  11          byte nbr_flash = 10;
  12          byte pwn_duty = 10;
  13          
  14          int prescaler_counter = -1;
  15          byte nbr_seq = 0;
  16          LIGHT_STATE light = LIGHT_ON;
  17          LIGHT_GENERATOR light_genrator_state = STOP;
  18          
  19          
  20          /*
  21          #############################################################################
  22                  Interrupt Routine For Timer 0
  23          #############################################################################
  24          */
  25          
  26          
  27          void timer_0_int() interrupt 1
  28          { 
  29   1        //static int nbr_interrupt = 0;
  30   1        static char high = 0;
  31   1        
  32   1        int duree_imp = 0;
  33   1        int reload_value = 0;
  34   1        
  35   1        duree_imp = 18 * servo_angle_V + 2768;// (cf excel table 3)
  36   1        
  37   1        //duree_imp = 13*(servo_angle_V+90) + 1800 ;// 900us pour 90°  (cf doc technique)
  38   1        
  39   1        //duree_imp = SERVO_PWN_ANGLE_COEF *(servo_angle_V+90) + 2000 ;// 1ms pour -90°  (cf doc technique)
  40   1      
  41   1        PWN_pin = !PWN_pin;
  42   1        
  43   1        if (high == 1)
  44   1        {
  45   2          reload_value = 0xFFFF - (36666 - duree_imp );
  46   2          high=0;
  47   2        } else {
  48   2          
  49   2          reload_value = 0xFFFF - duree_imp;
  50   2          high=1;
  51   2        }
  52   1        TL0= reload_value;
  53   1        TH0= reload_value >> 8; //on décale pour obtenir les bits de poids fort
  54   1        
C51 COMPILER V9.55   LIGHT_BEAM                                                            04/30/2019 10:31:02 PAGE 2   

  55   1        /*
  56   1        if(nbr_interrupt >= 500)
  57   1        {
  58   1          ET0 = 0;  // Diseable timer0 interuption
  59   1          PWN_pin = 0;
  60   1          high = 0;
  61   1          nbr_interrupt = 0;
  62   1        }
  63   1        else
  64   1        {
  65   1          nbr_interrupt++;
  66   1        }*/
  67   1      }
  68          
  69          /*
  70          #############################################################################
  71                  End of Interrupt Routine For Timer 0
  72          #############################################################################
  73          */
  74          
  75          /*
  76          #############################################################################
  77                  Interrupt Routine For Timer 1
  78          #############################################################################
  79          */
  80          
  81          void timer_1_int() interrupt 3
  82          { 
  83   1        static char high = 1;
  84   1        
  85   1        int reload_value = 0;
  86   1        
  87   1        if (high == 1)
  88   1        {
  89   2          reload_value = 0xFFFF - (LIGHT_PWN_PERIOD - pwn_duty * LIGHT_PWN_DUTY_1 );
  90   2          FLASH_pin = 0;
  91   2          high=0;
  92   2        }
  93   1        else
  94   1        {
  95   2          reload_value = 0xFFFF - pwn_duty * LIGHT_PWN_DUTY_1;
  96   2          prescaler_counter++;
  97   2          ( FLASH_pin = (light == LIGHT_ON) ? 1 : 0);
  98   2          high=1;
  99   2        }
 100   1        
 101   1        
 102   1        TL1= reload_value;
 103   1        TH1= reload_value >> 8; //on décale pour obtenir les bits de poids fort
 104   1        
 105   1        light_beam_flash_sequence();
 106   1        
 107   1        if(light_genrator_state == FINISH)
 108   1        {
 109   2          ET1 = 0;
 110   2          high = 0;
 111   2        }
 112   1      }
 113          
 114          void light_beam_flash_sequence()
 115          {
 116   1      
C51 COMPILER V9.55   LIGHT_BEAM                                                            04/30/2019 10:31:02 PAGE 3   

 117   1        if(light_genrator_state == FINISH)
 118   1        {
 119   2          nbr_seq = 0;
 120   2        }
 121   1        
 122   1        if(light == LIGHT_ON)
 123   1        {
 124   2          if(prescaler_counter >= 10 * duree_flash)
 125   2          {
 126   3            prescaler_counter = 0;
 127   3            light = LIGHT_OFF;
 128   3          }
 129   2        }
 130   1        else
 131   1        {
 132   2          if(prescaler_counter >= 10 * duree_no_flash)
 133   2          {
 134   3            light = LIGHT_ON;
 135   3            prescaler_counter = 0;
 136   3            nbr_seq++;
 137   3            if(nbr_seq >= nbr_flash)
 138   3            {
 139   4              nbr_seq = 0;
 140   4              light_genrator_state = FINISH;
 141   4            }
 142   3          }
 143   2        }
 144   1        
 145   1      }
 146          /*
 147          #############################################################################
 148                  End of Interrupt Routine For Timer 1
 149          #############################################################################
 150          */
 151          
 152          /*
 153          #############################################################################
 154                  Peripheric initialize
 155          #############################################################################
 156          */
 157          
 158          
 159          void Init_light_beam()
 160          {
 161   1        
 162   1        // Push-Pull mode for P0.0 and P0.1
 163   1        P1MDOUT |= 0x0F;
 164   1        PWN_pin = 0;
 165   1        FLASH_pin = 0;
 166   1        
 167   1        lb_init_timer0();
 168   1        
 169   1        lb_init_timer1();
 170   1        
 171   1        ET0 = 0;  // Diseable timer0 interuption
 172   1        ET1 = 0;  // Diseable timer1 interuption
 173   1      
 174   1      }
 175          
 176          
 177          void lb_init_timer0()
 178          { 
C51 COMPILER V9.55   LIGHT_BEAM                                                            04/30/2019 10:31:02 PAGE 4   

 179   1        //Reglages Timer 0 (a SYSCLK/12 selon CKCON, soit un incrément tous les 0.545us)
 180   1        TMOD |=0x01; //mode 1
 181   1        TCON |= 0x11; // Enable Timer0 (bit4) and enable interupt on edge (bit0)
 182   1        TL0=0xA8;
 183   1        TH0=0xFB;
 184   1        
 185   1      }
 186          
 187          void lb_init_timer1()
 188          { 
 189   1        int init_reload_value = 0;
 190   1        
 191   1        //Reglages Timer 0 (a SYSCLK/12 selon CKCON, soit un incrément tous les 0.545us)
 192   1        TMOD |= 0x10; // Timer 1 Mode 1
 193   1        TCON |= 0x44; // Enable Timer1 (bit6) and enable interupt on edge (bit2)
 194   1        
 195   1        init_reload_value = 0xFFFF - pwn_duty * LIGHT_PWN_DUTY_1;
 196   1        
 197   1        TL1= init_reload_value;
 198   1        TH1= init_reload_value >> 8;
 199   1        
 200   1      }
 201          
 202          
 203          /*
 204          #############################################################################
 205                  Light Beam Emetter Core
 206          #############################################################################
 207          */
 208          
 209          void light_beam_process(OUT_M2 * cmd)
 210          {
 211   1        
 212   1        
 213   1        if(cmd->Etat_Servo == Servo_oui)
 214   1        {
 215   2          light_beam_move(cmd);
 216   2        }
 217   1        
 218   1        if(cmd->Etat_Lumiere == Allumer)
 219   1        {
 220   2          switch(light_genrator_state)
 221   2          {
 222   3            case STOP:
 223   3              light_beam_switch_ON(cmd);
 224   3              break;
 225   3            case FINISH:
 226   3              cmd->Etat_Lumiere = Lumiere_non;
 227   3              light_genrator_state = STOP;
 228   3              break;
 229   3            default:
 230   3              break;    
 231   3          } 
 232   2        }
 233   1        else if(cmd->Etat_Lumiere == Eteindre)
 234   1        {
 235   2          // TODO
 236   2          cmd->Etat_Lumiere = Lumiere_non;
 237   2          light_genrator_state = STOP;
 238   2          nbr_seq = 0;
 239   2          light_beam_switch_OFF(cmd);
 240   2        }
C51 COMPILER V9.55   LIGHT_BEAM                                                            04/30/2019 10:31:02 PAGE 5   

 241   1        
 242   1      }
 243          
 244          void light_beam_move(OUT_M2 * cmd)
 245          {
 246   1        ET0 = 0;
 247   1        
 248   1        // Set angle
 249   1        lb_set_angle(cmd->Servo_Angle);
 250   1        
 251   1        // Re-launch PWN
 252   1        //pwn_over = 0;
 253   1        ET0 = 1;
 254   1        
 255   1        // Clear CMD Flag
 256   1        cmd->Etat_Servo = Servo_non;
 257   1        
 258   1        LED = 1;
 259   1        
 260   1      }
 261          
 262          void light_beam_switch_ON(OUT_M2 * cmd)
 263          {
 264   1        pwn_duty = cmd->Lumiere_Intensite;
 265   1        duree_flash = cmd->Lumiere_Duree;
 266   1        duree_no_flash = cmd->Lumire_Extinction;
 267   1        nbr_flash = cmd->Lumiere_Nbre;
 268   1        
 269   1        light_genrator_state = GENERATE;
 270   1        
 271   1        FLASH_pin = 1;
 272   1        
 273   1        // Re-launch PWN
 274   1        ET1 = 1;
 275   1        
 276   1        LED = 1;
 277   1      
 278   1      }
 279          
 280          void light_beam_switch_OFF(OUT_M2 * cmd)
 281          {
 282   1        FLASH_pin = 0;
 283   1        
 284   1        ET1 = 0;
 285   1        
 286   1        LED = 0;
 287   1      }
*** WARNING C280 IN LINE 280 OF src\light_beam.c: 'cmd': unreferenced local variable
 288          
 289          
 290          
 291          
 292          void lb_set_angle(int angle)
 293          {
 294   1        servo_angle_V = angle;
 295   1      }


MODULE INFORMATION:   STATIC OVERLAYABLE
   CODE SIZE        =    761    ----
   CONSTANT SIZE    =   ----    ----
   XDATA SIZE       =     15       9
C51 COMPILER V9.55   LIGHT_BEAM                                                            04/30/2019 10:31:02 PAGE 6   

   PDATA SIZE       =   ----    ----
   DATA SIZE        =   ----    ----
   IDATA SIZE       =   ----    ----
   BIT SIZE         =   ----    ----
END OF MODULE INFORMATION.


C51 COMPILATION COMPLETE.  1 WARNING(S),  0 ERROR(S)
