C51 COMPILER V9.55   ROBOT_SLAVE                                                           04/30/2019 10:31:02 PAGE 1   


C51 COMPILER V9.55, COMPILATION OF MODULE ROBOT_SLAVE
OBJECT MODULE PLACED IN .\Objects\robot_slave.obj
COMPILER INVOKED BY: C:\Keil_v5\C51\BIN\C51.EXE src\robot_slave.c LARGE OPTIMIZE(8,SPEED) BROWSE DEBUG OBJECTEXTEND PRIN
                    -T(.\Listings\robot_slave.lst) TABS(2) OBJECT(.\Objects\robot_slave.obj)

line level    source

   1          #include "spi_slave.h"
   2          #include "light_beam.h"
   3          #include "img_handler.h"
   4          //#include "pointeur_lumineux.h"
   5          #include "c8051F020.h"
   6          
   7          /*
   8          #############################################################################
   9                  PIN List
  10          #############################################################################
  11          *
  12          * UART0 = TX0 -> P0.0 | RX0 -> P0.1
  13          *
  14          * SPI = SCK -> P0.2 | MISO -> P0.3 | MOSI -> P0.4 | NSS -> P0.5
  15          *       SCK : OUT
  16          *       MISO : IN
  17          *       MOSI : OUT
  18          *       NSS : Vcc
  19          *
  20          * 
  21          *
  22          * 
  23          *
  24          * 
  25          *
  26          * 
  27          *
  28          *
  29          *
  30          *
  31          */
  32          
  33          sfr Reg = 0xFF;
  34          
  35          OUT_M2 commands = {ACQ_non,
  36                              0,
  37                              GEN_non,
  38                              0,
  39                              0,
  40                              0,
  41                              0,
  42                              Lumiere_non,
  43                              10,
  44                              10,
  45                              20,
  46                              10,
  47                              Servo_non,
  48                              0,
  49                              Photo_non,
  50                              0,
  51                              0};
  52          
  53          void Init_External_clk()
  54          {
C51 COMPILER V9.55   ROBOT_SLAVE                                                           04/30/2019 10:31:02 PAGE 2   

  55   1        // Config External Osci
  56   1        OSCXCN = 0x67;
  57   1        while(OSCXCN != 0xE7) {}
  58   1        
  59   1        // Use Exern CLK
  60   1        OSCICN = 0x08;
  61   1          
  62   1        CKCON = 0x00;
  63   1      }
  64          
  65          void Enable_Crossbar()
  66          {
  67   1        // Enable Crossbar
  68   1        XBR2 |= 0x40;
  69   1        
  70   1        
  71   1      }
  72          
  73          void Enable_general_Int()
  74          {
  75   1        EA = 1; // Enable general interruption
  76   1      }
  77          
  78          int main (void)
  79          {
  80   1        Reg = 0xDE;   // Dévalidation du watchdog 
  81   1        Reg = 0xAD;
  82   1        
  83   1        Init_External_clk();
  84   1        
  85   1        Init_uart0();
*** WARNING C206 IN LINE 85 OF src\robot_slave.c: 'Init_uart0': missing function-prototype
  86   1        
  87   1        Init_SPI();
  88   1        
  89   1        Init_light_beam();
  90   1        
  91   1        Init_Img_Handler();
  92   1        
  93   1        Enable_Crossbar();
  94   1      
  95   1        Enable_general_Int();
  96   1        
  97   1        //LED = 0;
  98   1        
  99   1        prendre_photo(5, 10);
 100   1        
 101   1        while(1)
 102   1        {
 103   2          spi_process(&commands);
 104   2          
 105   2          light_beam_process(&commands);
 106   2          
 107   2          //change_lumiere(1, 2, 10, 10, &commands.Etat_Lumiere);
 108   2          
 109   2          
 110   2        }
 111   1        
 112   1      }


MODULE INFORMATION:   STATIC OVERLAYABLE
C51 COMPILER V9.55   ROBOT_SLAVE                                                           04/30/2019 10:31:02 PAGE 3   

   CODE SIZE        =     80    ----
   CONSTANT SIZE    =   ----    ----
   XDATA SIZE       =     17    ----
   PDATA SIZE       =   ----    ----
   DATA SIZE        =   ----    ----
   IDATA SIZE       =   ----    ----
   BIT SIZE         =   ----    ----
END OF MODULE INFORMATION.


C51 COMPILATION COMPLETE.  1 WARNING(S),  0 ERROR(S)
