<html>
<body>
<pre>
<h1>µVision Build Log</h1>
<h2>Tool Versions:</h2>
IDE-Version: µVision V5.27.1.0
Copyright (C) 2019 ARM Ltd and ARM Germany GmbH. All rights reserved.
License Information: Valentin BEYNARD, CPE Lyon, LIC=----
 
Tool Versions:
Toolchain:       MDK-Lite  Version: 5.27.1.0
Toolchain Path:  C:\Keil_v5\ARM\ARMCC\Bin
C Compiler:      Armcc.exe V5.06 update 6 (build 750)
Assembler:       Armasm.exe V5.06 update 6 (build 750)
Linker/Locator:  ArmLink.exe V5.06 update 6 (build 750)
Library Manager: ArmAr.exe V5.06 update 6 (build 750)
Hex Converter:   FromElf.exe V5.06 update 6 (build 750)
CPU DLL:         SARMCM3.DLL V5.27.1.0
Dialog DLL:      DCM.DLL V1.17.2.0
Target DLL:      STLink\ST-LINKIII-KEIL_SWO.dll V3.0.6.0
Dialog DLL:      TCM.DLL V1.36.1.0
 
<h2>Project:</h2>
C:\Users\BEYNARD\Documents\GitHub\-CPE-Lyon-RobotSem819\STM32\Sound_processing\MDK-ARM\Sound_processing.uvprojx
Project File Date:  05/16/2019

<h2>Output:</h2>
*** Using Compiler 'V5.06 update 6 (build 750)', folder: 'C:\Keil_v5\ARM\ARMCC\Bin'
Rebuild target 'Sound_processing'
assembling startup_stm32f303xc.s...
compiling stm32f3xx_it.c...
compiling fatfs.c...
compiling uart.c...
..\Src\cmd_pck.h(25): warning:  #1-D: last line of file ends without a newline
  #endif
..\Src\uart.h(23): warning:  #1295-D: Deprecated declaration clear_raw_buffer - give arg types
  void clear_raw_buffer();
..\Src\uart.h(24): warning:  #1-D: last line of file ends without a newline
  #endif
..\Src\bluetooth.h(11): warning:  #1-D: last line of file ends without a newline
  #endif
..\Src\uart.c(89): warning:  #1-D: last line of file ends without a newline
  }
..\Src\uart.c: 5 warnings, 0 errors
compiling bluetooth.c...
..\Src\cmd_pck.h(25): warning:  #1-D: last line of file ends without a newline
  #endif
..\Src\bluetooth.h(11): warning:  #1-D: last line of file ends without a newline
  #endif
..\Src\bluetooth.c: 2 warnings, 0 errors
compiling user_diskio.c...
compiling main.c...
../Src/cmd_pck.h(25): warning:  #1-D: last line of file ends without a newline
  #endif
../Src/sound_handler.h(59): warning:  #1295-D: Deprecated declaration signal_recopieur - give arg types
  void signal_recopieur();
../Src/sound_handler.h(61): warning:  #1-D: last line of file ends without a newline
  #endif
../Src/uart.h(23): warning:  #1295-D: Deprecated declaration clear_raw_buffer - give arg types
  void clear_raw_buffer();
../Src/uart.h(24): warning:  #1-D: last line of file ends without a newline
  #endif
../Src/main.c: 5 warnings, 0 errors
compiling sound_handler.c...
..\Src\cmd_pck.h(25): warning:  #1-D: last line of file ends without a newline
  #endif
..\Src\sound_handler.h(59): warning:  #1295-D: Deprecated declaration signal_recopieur - give arg types
  void signal_recopieur();
..\Src\sound_handler.h(61): warning:  #1-D: last line of file ends without a newline
  #endif
..\Src\sound_handler.c(455): warning:  #177-D: variable "last_time_step"  was declared but never referenced
  	static uint16_t last_time_step = 0;
..\Src\sound_handler.c(483): warning:  #1-D: last line of file ends without a newline
  }
..\Src\sound_handler.c: 5 warnings, 0 errors
compiling stm32f3xx_hal_adc.c...
compiling stm32f3xx_hal_spi_ex.c...
compiling stm32f3xx_hal_dac_ex.c...
compiling stm32f3xx_hal_dac.c...
compiling stm32f3xx_hal_msp.c...
compiling stm32f3xx_hal_spi.c...
compiling stm32f3xx_hal_adc_ex.c...
compiling stm32f3xx_hal_uart_ex.c...
compiling stm32f3xx_hal_pcd_ex.c...
compiling stm32f3xx_hal_tim_ex.c...
compiling stm32f3xx_hal_uart.c...
compiling stm32f3xx_hal_pcd.c...
compiling stm32f3xx_hal_tim.c...
compiling stm32f3xx_hal.c...
compiling stm32f3xx_hal_pwr_ex.c...
compiling stm32f3xx_hal_pwr.c...
compiling stm32f3xx_hal_gpio.c...
compiling stm32f3xx_hal_cortex.c...
compiling stm32f3xx_hal_dma.c...
compiling stm32f3xx_hal_rcc_ex.c...
compiling stm32f3xx_hal_rcc.c...
compiling system_stm32f3xx.c...
compiling stm32f3xx_hal_i2c_ex.c...
compiling stm32f3xx_hal_flash.c...
compiling diskio.c...
compiling stm32f3xx_hal_flash_ex.c...
compiling stm32f3xx_hal_i2c.c...
compiling ff.c...
compiling syscall.c...
compiling ff_gen_drv.c...
linking...
Program Size: Code=16688 RO-data=992 RW-data=156 ZI-data=2876  
FromELF: creating hex file...
"Sound_processing\Sound_processing.axf" - 0 Error(s), 17 Warning(s).

<h2>Software Packages used:</h2>

Package Vendor: ARM
                http://www.keil.com/pack/ARM.CMSIS.5.5.1.pack
                ARM.CMSIS.5.5.1
                CMSIS (Cortex Microcontroller Software Interface Standard)
   * Component: CORE Version: 5.2.0

Package Vendor: Keil
                http://www.keil.com/pack/Keil.STM32F3xx_DFP.2.1.0.pack
                Keil.STM32F3xx_DFP.2.1.0
                STMicroelectronics STM32F3 Series Device Support and Examples

<h2>Collection of Component include folders:</h2>
  .\RTE\_Sound_processing
  C:\Users\BEYNARD\AppData\Local\Arm\Packs\ARM\CMSIS\5.5.1\CMSIS\Core\Include
  C:\Users\BEYNARD\AppData\Local\Arm\Packs\Keil\STM32F3xx_DFP\2.1.0\Drivers\CMSIS\Device\ST\STM32F3xx\Include

<h2>Collection of Component Files used:</h2>

   * Component: ARM::CMSIS:CORE:5.2.0
Build Time Elapsed:  00:00:24
</pre>
</body>
</html>
