Component: ARM Compiler 5.06 update 6 (build 750) Tool: armlink [4d35ed]

==============================================================================

Section Cross References

    startup_stm32f303xc.o(RESET) refers to startup_stm32f303xc.o(STACK) for __initial_sp
    startup_stm32f303xc.o(RESET) refers to startup_stm32f303xc.o(.text) for Reset_Handler
    startup_stm32f303xc.o(RESET) refers to stm32f3xx_it.o(i.NMI_Handler) for NMI_Handler
    startup_stm32f303xc.o(RESET) refers to stm32f3xx_it.o(i.HardFault_Handler) for HardFault_Handler
    startup_stm32f303xc.o(RESET) refers to stm32f3xx_it.o(i.MemManage_Handler) for MemManage_Handler
    startup_stm32f303xc.o(RESET) refers to stm32f3xx_it.o(i.BusFault_Handler) for BusFault_Handler
    startup_stm32f303xc.o(RESET) refers to stm32f3xx_it.o(i.UsageFault_Handler) for UsageFault_Handler
    startup_stm32f303xc.o(RESET) refers to stm32f3xx_it.o(i.SVC_Handler) for SVC_Handler
    startup_stm32f303xc.o(RESET) refers to stm32f3xx_it.o(i.DebugMon_Handler) for DebugMon_Handler
    startup_stm32f303xc.o(RESET) refers to stm32f3xx_it.o(i.PendSV_Handler) for PendSV_Handler
    startup_stm32f303xc.o(RESET) refers to stm32f3xx_it.o(i.SysTick_Handler) for SysTick_Handler
    startup_stm32f303xc.o(RESET) refers to stm32f3xx_it.o(i.DMA1_Channel3_IRQHandler) for DMA1_Channel3_IRQHandler
    startup_stm32f303xc.o(RESET) refers to stm32f3xx_it.o(i.ADC1_2_IRQHandler) for ADC1_2_IRQHandler
    startup_stm32f303xc.o(RESET) refers to stm32f3xx_it.o(i.TIM3_IRQHandler) for TIM3_IRQHandler
    startup_stm32f303xc.o(RESET) refers to stm32f3xx_it.o(i.USART1_IRQHandler) for USART1_IRQHandler
    startup_stm32f303xc.o(RESET) refers to stm32f3xx_it.o(i.UART4_IRQHandler) for UART4_IRQHandler
    startup_stm32f303xc.o(RESET) refers to stm32f3xx_it.o(i.TIM6_DAC_IRQHandler) for TIM6_DAC_IRQHandler
    startup_stm32f303xc.o(.text) refers to system_stm32f3xx.o(i.SystemInit) for SystemInit
    startup_stm32f303xc.o(.text) refers to entry.o(.ARM.Collect$$$$00000000) for __main
    main.o(i.MX_ADC1_Init) refers to memseta.o(.text) for __aeabi_memclr4
    main.o(i.MX_ADC1_Init) refers to stm32f3xx_hal_adc_ex.o(i.HAL_ADC_Init) for HAL_ADC_Init
    main.o(i.MX_ADC1_Init) refers to stm32f3xx_hal_adc_ex.o(i.HAL_ADCEx_MultiModeConfigChannel) for HAL_ADCEx_MultiModeConfigChannel
    main.o(i.MX_ADC1_Init) refers to stm32f3xx_hal_adc_ex.o(i.HAL_ADC_ConfigChannel) for HAL_ADC_ConfigChannel
    main.o(i.MX_ADC1_Init) refers to main.o(.bss) for .bss
    main.o(i.MX_ADC2_Init) refers to memseta.o(.text) for __aeabi_memclr4
    main.o(i.MX_ADC2_Init) refers to stm32f3xx_hal_adc_ex.o(i.HAL_ADC_Init) for HAL_ADC_Init
    main.o(i.MX_ADC2_Init) refers to stm32f3xx_hal_adc_ex.o(i.HAL_ADC_ConfigChannel) for HAL_ADC_ConfigChannel
    main.o(i.MX_ADC2_Init) refers to main.o(.bss) for .bss
    main.o(i.MX_GPIO_Init) refers to memseta.o(.text) for __aeabi_memclr4
    main.o(i.MX_GPIO_Init) refers to stm32f3xx_hal_gpio.o(i.HAL_GPIO_WritePin) for HAL_GPIO_WritePin
    main.o(i.MX_GPIO_Init) refers to stm32f3xx_hal_gpio.o(i.HAL_GPIO_Init) for HAL_GPIO_Init
    main.o(i.MX_SPI1_Init) refers to stm32f3xx_hal_spi.o(i.HAL_SPI_Init) for HAL_SPI_Init
    main.o(i.MX_SPI1_Init) refers to main.o(.bss) for .bss
    main.o(i.MX_TIM2_Init) refers to stm32f3xx_hal_tim.o(i.HAL_TIM_Base_Init) for HAL_TIM_Base_Init
    main.o(i.MX_TIM2_Init) refers to stm32f3xx_hal_tim.o(i.HAL_TIM_ConfigClockSource) for HAL_TIM_ConfigClockSource
    main.o(i.MX_TIM2_Init) refers to stm32f3xx_hal_tim_ex.o(i.HAL_TIMEx_MasterConfigSynchronization) for HAL_TIMEx_MasterConfigSynchronization
    main.o(i.MX_TIM2_Init) refers to main.o(.bss) for .bss
    main.o(i.MX_TIM3_Init) refers to memseta.o(.text) for __aeabi_memclr4
    main.o(i.MX_TIM3_Init) refers to stm32f3xx_hal_tim.o(i.HAL_TIM_Base_Init) for HAL_TIM_Base_Init
    main.o(i.MX_TIM3_Init) refers to stm32f3xx_hal_tim.o(i.HAL_TIM_ConfigClockSource) for HAL_TIM_ConfigClockSource
    main.o(i.MX_TIM3_Init) refers to stm32f3xx_hal_tim.o(i.HAL_TIM_PWM_Init) for HAL_TIM_PWM_Init
    main.o(i.MX_TIM3_Init) refers to stm32f3xx_hal_tim_ex.o(i.HAL_TIMEx_MasterConfigSynchronization) for HAL_TIMEx_MasterConfigSynchronization
    main.o(i.MX_TIM3_Init) refers to stm32f3xx_hal_tim_ex.o(i.HAL_TIM_PWM_ConfigChannel) for HAL_TIM_PWM_ConfigChannel
    main.o(i.MX_TIM3_Init) refers to stm32f3xx_hal_msp.o(i.HAL_TIM_MspPostInit) for HAL_TIM_MspPostInit
    main.o(i.MX_TIM3_Init) refers to main.o(.bss) for .bss
    main.o(i.MX_UART4_Init) refers to stm32f3xx_hal_uart.o(i.HAL_UART_Init) for HAL_UART_Init
    main.o(i.MX_UART4_Init) refers to main.o(.bss) for .bss
    main.o(i.MX_USART1_UART_Init) refers to stm32f3xx_hal_uart.o(i.HAL_UART_Init) for HAL_UART_Init
    main.o(i.MX_USART1_UART_Init) refers to main.o(.bss) for .bss
    main.o(i.SystemClock_Config) refers to memseta.o(.text) for __aeabi_memclr4
    main.o(i.SystemClock_Config) refers to stm32f3xx_hal_rcc.o(i.HAL_RCC_OscConfig) for HAL_RCC_OscConfig
[...]
    ../clib/microlib/init/entry.s            0x00000000   Number         0  entry9b.o ABSOLUTE
    ../clib/microlib/init/entry.s            0x00000000   Number         0  entry9a.o ABSOLUTE
    ../clib/microlib/init/entry.s            0x00000000   Number         0  entry8a.o ABSOLUTE
    ../clib/microlib/init/entry.s            0x00000000   Number         0  entry.o ABSOLUTE
    ../clib/microlib/init/entry.s            0x00000000   Number         0  entry11b.o ABSOLUTE
    ../clib/microlib/init/entry.s            0x00000000   Number         0  entry7b.o ABSOLUTE
    ../clib/microlib/init/entry.s            0x00000000   Number         0  entry8b.o ABSOLUTE
    ../clib/microlib/init/entry.s            0x00000000   Number         0  entry5.o ABSOLUTE
    ../clib/microlib/init/entry.s            0x00000000   Number         0  entry11a.o ABSOLUTE
    ../clib/microlib/longlong.c              0x00000000   Number         0  llushr.o ABSOLUTE
    ../clib/microlib/string/memcpy.c         0x00000000   Number         0  memcpya.o ABSOLUTE
    ../clib/microlib/string/memcpy.c         0x00000000   Number         0  memcpyb.o ABSOLUTE
    ../clib/microlib/string/memset.c         0x00000000   Number         0  memseta.o ABSOLUTE
    ../clib/scanf.c                          0x00000000   Number         0  _scanf.o ABSOLUTE
    ../clib/scanf.c                          0x00000000   Number         0  scanf_char.o ABSOLUTE
    ../clib/scanf.c                          0x00000000   Number         0  _sgetc.o ABSOLUTE
    ../clib/scanf.c                          0x00000000   Number         0  _scanf_int.o ABSOLUTE
    ../clib/scanf.c                          0x00000000   Number         0  __0sscanf.o ABSOLUTE
    ../clib/scanf.c                          0x00000000   Number         0  _chval.o ABSOLUTE
    ..\Drivers\STM32F3xx_HAL_Driver\Src\stm32f3xx_hal.c 0x00000000   Number         0  stm32f3xx_hal.o ABSOLUTE
    ..\Drivers\STM32F3xx_HAL_Driver\Src\stm32f3xx_hal_adc.c 0x00000000   Number         0  stm32f3xx_hal_adc.o ABSOLUTE
    ..\Drivers\STM32F3xx_HAL_Driver\Src\stm32f3xx_hal_adc_ex.c 0x00000000   Number         0  stm32f3xx_hal_adc_ex.o ABSOLUTE
    ..\Drivers\STM32F3xx_HAL_Driver\Src\stm32f3xx_hal_cortex.c 0x00000000   Number         0  stm32f3xx_hal_cortex.o ABSOLUTE
    ..\Drivers\STM32F3xx_HAL_Driver\Src\stm32f3xx_hal_dac.c 0x00000000   Number         0  stm32f3xx_hal_dac.o ABSOLUTE
    ..\Drivers\STM32F3xx_HAL_Driver\Src\stm32f3xx_hal_dac_ex.c 0x00000000   Number         0  stm32f3xx_hal_dac_ex.o ABSOLUTE
    ..\Drivers\STM32F3xx_HAL_Driver\Src\stm32f3xx_hal_dma.c 0x00000000   Number         0  stm32f3xx_hal_dma.o ABSOLUTE
    ..\Drivers\STM32F3xx_HAL_Driver\Src\stm32f3xx_hal_flash.c 0x00000000   Number         0  stm32f3xx_hal_flash.o ABSOLUTE
    ..\Drivers\STM32F3xx_HAL_Driver\Src\stm32f3xx_hal_flash_ex.c 0x00000000   Number         0  stm32f3xx_hal_flash_ex.o ABSOLUTE
    ..\Drivers\STM32F3xx_HAL_Driver\Src\stm32f3xx_hal_gpio.c 0x00000000   Number         0  stm32f3xx_hal_gpio.o ABSOLUTE
    ..\Drivers\STM32F3xx_HAL_Driver\Src\stm32f3xx_hal_i2c.c 0x00000000   Number         0  stm32f3xx_hal_i2c.o ABSOLUTE
    ..\Drivers\STM32F3xx_HAL_Driver\Src\stm32f3xx_hal_i2c_ex.c 0x00000000   Number         0  stm32f3xx_hal_i2c_ex.o ABSOLUTE
    ..\Drivers\STM32F3xx_HAL_Driver\Src\stm32f3xx_hal_pcd.c 0x00000000   Number         0  stm32f3xx_hal_pcd.o ABSOLUTE
    ..\Drivers\STM32F3xx_HAL_Driver\Src\stm32f3xx_hal_pcd_ex.c 0x00000000   Number         0  stm32f3xx_hal_pcd_ex.o ABSOLUTE
    ..\Drivers\STM32F3xx_HAL_Driver\Src\stm32f3xx_hal_pwr.c 0x00000000   Number         0  stm32f3xx_hal_pwr.o ABSOLUTE
    ..\Drivers\STM32F3xx_HAL_Driver\Src\stm32f3xx_hal_pwr_ex.c 0x00000000   Number         0  stm32f3xx_hal_pwr_ex.o ABSOLUTE
    ..\Drivers\STM32F3xx_HAL_Driver\Src\stm32f3xx_hal_rcc.c 0x00000000   Number         0  stm32f3xx_hal_rcc.o ABSOLUTE
    ..\Drivers\STM32F3xx_HAL_Driver\Src\stm32f3xx_hal_rcc_ex.c 0x00000000   Number         0  stm32f3xx_hal_rcc_ex.o ABSOLUTE
    ..\Drivers\STM32F3xx_HAL_Driver\Src\stm32f3xx_hal_spi.c 0x00000000   Number         0  stm32f3xx_hal_spi.o ABSOLUTE
    ..\Drivers\STM32F3xx_HAL_Driver\Src\stm32f3xx_hal_spi_ex.c 0x00000000   Number         0  stm32f3xx_hal_spi_ex.o ABSOLUTE
    ..\Drivers\STM32F3xx_HAL_Driver\Src\stm32f3xx_hal_tim.c 0x00000000   Number         0  stm32f3xx_hal_tim.o ABSOLUTE
    ..\Drivers\STM32F3xx_HAL_Driver\Src\stm32f3xx_hal_tim_ex.c 0x00000000   Number         0  stm32f3xx_hal_tim_ex.o ABSOLUTE
    ..\Drivers\STM32F3xx_HAL_Driver\Src\stm32f3xx_hal_uart.c 0x00000000   Number         0  stm32f3xx_hal_uart.o ABSOLUTE
    ..\Drivers\STM32F3xx_HAL_Driver\Src\stm32f3xx_hal_uart_ex.c 0x00000000   Number         0  stm32f3xx_hal_uart_ex.o ABSOLUTE
    ..\Middlewares\Third_Party\FatFs\src\diskio.c 0x00000000   Number         0  diskio.o ABSOLUTE
    ..\Middlewares\Third_Party\FatFs\src\ff.c 0x00000000   Number         0  ff.o ABSOLUTE
    ..\Middlewares\Third_Party\FatFs\src\ff_gen_drv.c 0x00000000   Number         0  ff_gen_drv.o ABSOLUTE
    ..\Middlewares\Third_Party\FatFs\src\option\syscall.c 0x00000000   Number         0  syscall.o ABSOLUTE
    ..\Src\bluetooth.c                       0x00000000   Number         0  bluetooth.o ABSOLUTE
    ..\Src\fatfs.c                           0x00000000   Number         0  fatfs.o ABSOLUTE
    ..\Src\main.c                            0x00000000   Number         0  main.o ABSOLUTE
    ..\Src\sound_handler.c                   0x00000000   Number         0  sound_handler.o ABSOLUTE
    ..\Src\stm32f3xx_hal_msp.c               0x00000000   Number         0  stm32f3xx_hal_msp.o ABSOLUTE
    ..\Src\stm32f3xx_it.c                    0x00000000   Number         0  stm32f3xx_it.o ABSOLUTE
    ..\Src\system_stm32f3xx.c                0x00000000   Number         0  system_stm32f3xx.o ABSOLUTE
    ..\Src\uart.c                            0x00000000   Number         0  uart.o ABSOLUTE
    ..\Src\user_diskio.c                     0x00000000   Number         0  user_diskio.o ABSOLUTE
    ..\\Src\\bluetooth.c                     0x00000000   Number         0  bluetooth.o ABSOLUTE
    ..\\Src\\sound_handler.c                 0x00000000   Number         0  sound_handler.o ABSOLUTE
    ..\\Src\\uart.c                          0x00000000   Number         0  uart.o ABSOLUTE
    dc.s                                     0x00000000   Number         0  dc.o ABSOLUTE
    handlers.s                               0x00000000   Number         0  handlers.o ABSOLUTE
    init.s                                   0x00000000   Number         0  init.o ABSOLUTE
    startup_stm32f303xc.s                    0x00000000   Number         0  startup_stm32f303xc.o ABSOLUTE
    RESET                                    0x08000000   Section      392  startup_stm32f303xc.o(RESET)
    .ARM.Collect$$$$00000000                 0x08000188   Section        0  entry.o(.ARM.Collect$$$$00000000)
    .ARM.Collect$$$$00000001                 0x08000188   Section        4  entry2.o(.ARM.Collect$$$$00000001)
    .ARM.Collect$$$$00000004                 0x0800018c   Section        4  entry5.o(.ARM.Collect$$$$00000004)
    .ARM.Collect$$$$00000008                 0x08000190   Section        0  entry7b.o(.ARM.Collect$$$$00000008)
    .ARM.Collect$$$$0000000A                 0x08000190   Section        0  entry8b.o(.ARM.Collect$$$$0000000A)
    .ARM.Collect$$$$0000000B                 0x08000190   Section        8  entry9a.o(.ARM.Collect$$$$0000000B)
    .ARM.Collect$$$$0000000D                 0x08000198   Section        0  entry10a.o(.ARM.Collect$$$$0000000D)
    .ARM.Collect$$$$0000000F                 0x08000198   Section        0  entry11a.o(.ARM.Collect$$$$0000000F)
    .ARM.Collect$$$$00002712                 0x08000198   Section        4  entry2.o(.ARM.Collect$$$$00002712)
    __lit__00000000                          0x08000198   Data           4  entry2.o(.ARM.Collect$$$$00002712)
    .text                                    0x0800019c   Section       36  startup_stm32f303xc.o(.text)
    $v0                                      0x0800019c   Number         0  startup_stm32f303xc.o(.text)
    .text                                    0x080001c0   Section        0  memseta.o(.text)
    .text                                    0x080001e4   Section        0  __0sscanf.o(.text)
    .text                                    0x0800021c   Section        0  _scanf_int.o(.text)
    .text                                    0x08000368   Section        0  _chval.o(.text)
    .text                                    0x08000384   Section        0  scanf_char.o(.text)
    _scanf_char_input                        0x08000385   Thumb Code    12  scanf_char.o(.text)
    .text                                    0x080003ac   Section        0  _sgetc.o(.text)
    .text                                    0x080003ec   Section       36  init.o(.text)
    .text                                    0x08000410   Section        0  isspace_c.o(.text)
    .text                                    0x0800041c   Section        0  _scanf.o(.text)
    .text                                    0x08000748   Section        0  ctype_c.o(.text)
    i.ADC1_2_IRQHandler                      0x08000770   Section        0  stm32f3xx_it.o(i.ADC1_2_IRQHandler)
    i.ADC_ConversionStop                     0x0800078c   Section        0  stm32f3xx_hal_adc_ex.o(i.ADC_ConversionStop)
    ADC_ConversionStop                       0x0800078d   Thumb Code   182  stm32f3xx_hal_adc_ex.o(i.ADC_ConversionStop)
    i.ADC_Disable                            0x08000848   Section        0  stm32f3xx_hal_adc_ex.o(i.ADC_Disable)
    ADC_Disable                              0x08000849   Thumb Code    98  stm32f3xx_hal_adc_ex.o(i.ADC_Disable)
    i.ADC_Enable                             0x080008ac   Section        0  stm32f3xx_hal_adc_ex.o(i.ADC_Enable)
    ADC_Enable                               0x080008ad   Thumb Code    92  stm32f3xx_hal_adc_ex.o(i.ADC_Enable)
    i.BusFault_Handler                       0x0800090c   Section        0  stm32f3xx_it.o(i.BusFault_Handler)
    i.DAC_DMAConvCpltCh1                     0x0800090e   Section        0  stm32f3xx_hal_dac_ex.o(i.DAC_DMAConvCpltCh1)
    DAC_DMAConvCpltCh1                       0x0800090f   Thumb Code    16  stm32f3xx_hal_dac_ex.o(i.DAC_DMAConvCpltCh1)
    i.DAC_DMAConvCpltCh2                     0x0800091e   Section        0  stm32f3xx_hal_dac_ex.o(i.DAC_DMAConvCpltCh2)
    DAC_DMAConvCpltCh2                       0x0800091f   Thumb Code    16  stm32f3xx_hal_dac_ex.o(i.DAC_DMAConvCpltCh2)
    i.DAC_DMAErrorCh1                        0x0800092e   Section        0  stm32f3xx_hal_dac_ex.o(i.DAC_DMAErrorCh1)
    DAC_DMAErrorCh1                          0x0800092f   Thumb Code    24  stm32f3xx_hal_dac_ex.o(i.DAC_DMAErrorCh1)
    i.DAC_DMAErrorCh2                        0x08000946   Section        0  stm32f3xx_hal_dac_ex.o(i.DAC_DMAErrorCh2)
    DAC_DMAErrorCh2                          0x08000947   Thumb Code    24  stm32f3xx_hal_dac_ex.o(i.DAC_DMAErrorCh2)
    i.DAC_DMAHalfConvCpltCh1                 0x0800095e   Section        0  stm32f3xx_hal_dac_ex.o(i.DAC_DMAHalfConvCpltCh1)
    DAC_DMAHalfConvCpltCh1                   0x0800095f   Thumb Code     6  stm32f3xx_hal_dac_ex.o(i.DAC_DMAHalfConvCpltCh1)
    i.DAC_DMAHalfConvCpltCh2                 0x08000964   Section        0  stm32f3xx_hal_dac_ex.o(i.DAC_DMAHalfConvCpltCh2)
    DAC_DMAHalfConvCpltCh2                   0x08000965   Thumb Code    10  stm32f3xx_hal_dac_ex.o(i.DAC_DMAHalfConvCpltCh2)
    i.DMA1_Channel3_IRQHandler               0x08000970   Section        0  stm32f3xx_it.o(i.DMA1_Channel3_IRQHandler)
    i.DMA_CalcBaseAndBitshift                0x0800097c   Section        0  stm32f3xx_hal_dma.o(i.DMA_CalcBaseAndBitshift)
    DMA_CalcBaseAndBitshift                  0x0800097d   Thumb Code    48  stm32f3xx_hal_dma.o(i.DMA_CalcBaseAndBitshift)
    i.DMA_SetConfig                          0x080009b8   Section        0  stm32f3xx_hal_dma.o(i.DMA_SetConfig)
    DMA_SetConfig                            0x080009b9   Thumb Code    42  stm32f3xx_hal_dma.o(i.DMA_SetConfig)
    i.DebugMon_Handler                       0x080009e2   Section        0  stm32f3xx_it.o(i.DebugMon_Handler)
    i.Error_Handler                          0x080009e4   Section        0  main.o(i.Error_Handler)
    i.FATFS_LinkDriver                       0x080009e6   Section        0  ff_gen_drv.o(i.FATFS_LinkDriver)
    i.FATFS_LinkDriverEx                     0x080009ec   Section        0  ff_gen_drv.o(i.FATFS_LinkDriverEx)
    i.HAL_ADCEx_InjectedConvCpltCallback     0x08000a2c   Section        0  stm32f3xx_hal_adc_ex.o(i.HAL_ADCEx_InjectedConvCpltCallback)
    i.HAL_ADCEx_InjectedQueueOverflowCallback 0x08000a2e   Section        0  stm32f3xx_hal_adc_ex.o(i.HAL_ADCEx_InjectedQueueOverflowCallback)
    i.HAL_ADCEx_LevelOutOfWindow2Callback    0x08000a30   Section        0  stm32f3xx_hal_adc_ex.o(i.HAL_ADCEx_LevelOutOfWindow2Callback)
    i.HAL_ADCEx_LevelOutOfWindow3Callback    0x08000a32   Section        0  stm32f3xx_hal_adc_ex.o(i.HAL_ADCEx_LevelOutOfWindow3Callback)
    i.HAL_ADCEx_MultiModeConfigChannel       0x08000a34   Section        0  stm32f3xx_hal_adc_ex.o(i.HAL_ADCEx_MultiModeConfigChannel)
    i.HAL_ADC_ConfigChannel                  0x08000b48   Section        0  stm32f3xx_hal_adc_ex.o(i.HAL_ADC_ConfigChannel)
    i.HAL_ADC_ConvCpltCallback               0x08000edc   Section        0  sound_handler.o(i.HAL_ADC_ConvCpltCallback)
    i.HAL_ADC_ErrorCallback                  0x08000f10   Section        0  stm32f3xx_hal_adc.o(i.HAL_ADC_ErrorCallback)
    i.HAL_ADC_GetValue                       0x08000f12   Section        0  stm32f3xx_hal_adc_ex.o(i.HAL_ADC_GetValue)
    i.HAL_ADC_IRQHandler                     0x08000f18   Section        0  stm32f3xx_hal_adc_ex.o(i.HAL_ADC_IRQHandler)
    i.HAL_ADC_Init                           0x08001240   Section        0  stm32f3xx_hal_adc_ex.o(i.HAL_ADC_Init)
    i.HAL_ADC_LevelOutOfWindowCallback       0x08001488   Section        0  stm32f3xx_hal_adc.o(i.HAL_ADC_LevelOutOfWindowCallback)
    i.HAL_ADC_MspInit                        0x0800148c   Section        0  stm32f3xx_hal_msp.o(i.HAL_ADC_MspInit)
    i.HAL_ADC_Start                          0x08001540   Section        0  stm32f3xx_hal_adc_ex.o(i.HAL_ADC_Start)
    i.HAL_ADC_Stop                           0x08001690   Section        0  stm32f3xx_hal_adc_ex.o(i.HAL_ADC_Stop)
    i.HAL_DACEx_ConvCpltCallbackCh2          0x080016ce   Section        0  stm32f3xx_hal_dac_ex.o(i.HAL_DACEx_ConvCpltCallbackCh2)
    i.HAL_DACEx_ConvHalfCpltCallbackCh2      0x080016d0   Section        0  stm32f3xx_hal_dac_ex.o(i.HAL_DACEx_ConvHalfCpltCallbackCh2)
    i.HAL_DACEx_DMAUnderrunCallbackCh2       0x080016d2   Section        0  stm32f3xx_hal_dac_ex.o(i.HAL_DACEx_DMAUnderrunCallbackCh2)
    i.HAL_DACEx_ErrorCallbackCh2             0x080016d4   Section        0  stm32f3xx_hal_dac_ex.o(i.HAL_DACEx_ErrorCallbackCh2)
    i.HAL_DAC_ConfigChannel                  0x080016d6   Section        0  stm32f3xx_hal_dac_ex.o(i.HAL_DAC_ConfigChannel)
    i.HAL_DAC_ConvCpltCallbackCh1            0x08001718   Section        0  stm32f3xx_hal_dac.o(i.HAL_DAC_ConvCpltCallbackCh1)
    i.HAL_DAC_ConvHalfCpltCallbackCh1        0x0800171a   Section        0  stm32f3xx_hal_dac.o(i.HAL_DAC_ConvHalfCpltCallbackCh1)
    i.HAL_DAC_DMAUnderrunCallbackCh1         0x0800171c   Section        0  stm32f3xx_hal_dac.o(i.HAL_DAC_DMAUnderrunCallbackCh1)
    i.HAL_DAC_ErrorCallbackCh1               0x0800171e   Section        0  stm32f3xx_hal_dac.o(i.HAL_DAC_ErrorCallbackCh1)
    i.HAL_DAC_IRQHandler                     0x08001720   Section        0  stm32f3xx_hal_dac_ex.o(i.HAL_DAC_IRQHandler)
    i.HAL_DAC_Init                           0x08001784   Section        0  stm32f3xx_hal_dac.o(i.HAL_DAC_Init)
    i.HAL_DAC_MspInit                        0x080017ac   Section        0  stm32f3xx_hal_msp.o(i.HAL_DAC_MspInit)
    i.HAL_DAC_Start                          0x08001858   Section        0  stm32f3xx_hal_dac_ex.o(i.HAL_DAC_Start)
    i.HAL_DAC_Start_DMA                      0x080018ac   Section        0  stm32f3xx_hal_dac_ex.o(i.HAL_DAC_Start_DMA)
    i.HAL_DAC_Stop                           0x080019ac   Section        0  stm32f3xx_hal_dac.o(i.HAL_DAC_Stop)
    i.HAL_DMA_Abort_IT                       0x080019c2   Section        0  stm32f3xx_hal_dma.o(i.HAL_DMA_Abort_IT)
    i.HAL_DMA_IRQHandler                     0x08001a0c   Section        0  stm32f3xx_hal_dma.o(i.HAL_DMA_IRQHandler)
    i.HAL_DMA_Init                           0x08001ab4   Section        0  stm32f3xx_hal_dma.o(i.HAL_DMA_Init)
    i.HAL_DMA_Start_IT                       0x08001b02   Section        0  stm32f3xx_hal_dma.o(i.HAL_DMA_Start_IT)
    i.HAL_GPIO_Init                          0x08001b74   Section        0  stm32f3xx_hal_gpio.o(i.HAL_GPIO_Init)
    i.HAL_GPIO_WritePin                      0x08001cfc   Section        0  stm32f3xx_hal_gpio.o(i.HAL_GPIO_WritePin)
    i.HAL_GetTick                            0x08001d08   Section        0  stm32f3xx_hal.o(i.HAL_GetTick)
    i.HAL_IncTick                            0x08001d14   Section        0  stm32f3xx_hal.o(i.HAL_IncTick)
    i.HAL_Init                               0x08001d24   Section        0  stm32f3xx_hal.o(i.HAL_Init)
    i.HAL_InitTick                           0x08001d48   Section        0  stm32f3xx_hal.o(i.HAL_InitTick)
    i.HAL_MspInit                            0x08001d88   Section        0  stm32f3xx_hal_msp.o(i.HAL_MspInit)
    i.HAL_NVIC_EnableIRQ                     0x08001db8   Section        0  stm32f3xx_hal_cortex.o(i.HAL_NVIC_EnableIRQ)
    i.HAL_NVIC_SetPriority                   0x08001dd0   Section        0  stm32f3xx_hal_cortex.o(i.HAL_NVIC_SetPriority)
    i.HAL_NVIC_SetPriorityGrouping           0x08001e10   Section        0  stm32f3xx_hal_cortex.o(i.HAL_NVIC_SetPriorityGrouping)
    i.HAL_PCD_Init                           0x08001e34   Section        0  stm32f3xx_hal_pcd.o(i.HAL_PCD_Init)
    i.HAL_PCD_MspInit                        0x08001edc   Section        0  stm32f3xx_hal_msp.o(i.HAL_PCD_MspInit)
    i.HAL_RCCEx_PeriphCLKConfig              0x08001f40   Section        0  stm32f3xx_hal_rcc_ex.o(i.HAL_RCCEx_PeriphCLKConfig)
    i.HAL_RCC_ClockConfig                    0x08002158   Section        0  stm32f3xx_hal_rcc.o(i.HAL_RCC_ClockConfig)
    i.HAL_RCC_GetPCLK1Freq                   0x0800229c   Section        0  stm32f3xx_hal_rcc.o(i.HAL_RCC_GetPCLK1Freq)
    i.HAL_RCC_GetPCLK2Freq                   0x080022cc   Section        0  stm32f3xx_hal_rcc.o(i.HAL_RCC_GetPCLK2Freq)
    i.HAL_RCC_GetSysClockFreq                0x080022fc   Section        0  stm32f3xx_hal_rcc.o(i.HAL_RCC_GetSysClockFreq)
    i.HAL_RCC_OscConfig                      0x08002360   Section        0  stm32f3xx_hal_rcc.o(i.HAL_RCC_OscConfig)
    i.HAL_SPI_Init                           0x080028f0   Section        0  stm32f3xx_hal_spi.o(i.HAL_SPI_Init)
    i.HAL_SPI_MspInit                        0x080029a8   Section        0  stm32f3xx_hal_msp.o(i.HAL_SPI_MspInit)
    i.HAL_SYSTICK_Config                     0x08002a08   Section        0  stm32f3xx_hal_cortex.o(i.HAL_SYSTICK_Config)
    i.HAL_TIMEx_Break2Callback               0x08002a30   Section        0  stm32f3xx_hal_tim_ex.o(i.HAL_TIMEx_Break2Callback)
    i.HAL_TIMEx_BreakCallback                0x08002a32   Section        0  stm32f3xx_hal_tim_ex.o(i.HAL_TIMEx_BreakCallback)
    i.HAL_TIMEx_CommutationCallback          0x08002a34   Section        0  stm32f3xx_hal_tim_ex.o(i.HAL_TIMEx_CommutationCallback)
    i.HAL_TIMEx_MasterConfigSynchronization  0x08002a38   Section        0  stm32f3xx_hal_tim_ex.o(i.HAL_TIMEx_MasterConfigSynchronization)
    i.HAL_TIM_Base_Init                      0x08002a90   Section        0  stm32f3xx_hal_tim.o(i.HAL_TIM_Base_Init)
    i.HAL_TIM_Base_MspInit                   0x08002ac8   Section        0  stm32f3xx_hal_msp.o(i.HAL_TIM_Base_MspInit)
    i.HAL_TIM_Base_Start                     0x08002b40   Section        0  stm32f3xx_hal_tim.o(i.HAL_TIM_Base_Start)
    i.HAL_TIM_Base_Start_IT                  0x08002b5a   Section        0  stm32f3xx_hal_tim.o(i.HAL_TIM_Base_Start_IT)
    i.HAL_TIM_Base_Stop                      0x08002b72   Section        0  stm32f3xx_hal_tim.o(i.HAL_TIM_Base_Stop)
    i.HAL_TIM_Base_Stop_IT                   0x08002b9e   Section        0  stm32f3xx_hal_tim.o(i.HAL_TIM_Base_Stop_IT)
    i.HAL_TIM_ConfigClockSource              0x08002bc8   Section        0  stm32f3xx_hal_tim.o(i.HAL_TIM_ConfigClockSource)
    i.HAL_TIM_IC_CaptureCallback             0x08002cc4   Section        0  stm32f3xx_hal_tim.o(i.HAL_TIM_IC_CaptureCallback)
    i.HAL_TIM_IRQHandler                     0x08002cc6   Section        0  stm32f3xx_hal_tim.o(i.HAL_TIM_IRQHandler)
    i.HAL_TIM_MspPostInit                    0x08002e4c   Section        0  stm32f3xx_hal_msp.o(i.HAL_TIM_MspPostInit)
    i.HAL_TIM_OC_DelayElapsedCallback        0x08002e9c   Section        0  stm32f3xx_hal_tim.o(i.HAL_TIM_OC_DelayElapsedCallback)
    i.HAL_TIM_PWM_ConfigChannel              0x08002e9e   Section        0  stm32f3xx_hal_tim_ex.o(i.HAL_TIM_PWM_ConfigChannel)
    i.HAL_TIM_PWM_Init                       0x08002fc6   Section        0  stm32f3xx_hal_tim.o(i.HAL_TIM_PWM_Init)
    i.HAL_TIM_PWM_MspInit                    0x08002ffc   Section        0  stm32f3xx_hal_tim.o(i.HAL_TIM_PWM_MspInit)
    i.HAL_TIM_PWM_PulseFinishedCallback      0x08002ffe   Section        0  stm32f3xx_hal_tim.o(i.HAL_TIM_PWM_PulseFinishedCallback)
    i.HAL_TIM_PeriodElapsedCallback          0x08003000   Section        0  sound_handler.o(i.HAL_TIM_PeriodElapsedCallback)
    i.HAL_TIM_TriggerCallback                0x0800305c   Section        0  stm32f3xx_hal_tim.o(i.HAL_TIM_TriggerCallback)
    i.HAL_UARTEx_WakeupCallback              0x0800305e   Section        0  stm32f3xx_hal_uart_ex.o(i.HAL_UARTEx_WakeupCallback)
    i.HAL_UART_ErrorCallback                 0x08003060   Section        0  stm32f3xx_hal_uart.o(i.HAL_UART_ErrorCallback)
    i.HAL_UART_IRQHandler                    0x08003064   Section        0  stm32f3xx_hal_uart.o(i.HAL_UART_IRQHandler)
    i.HAL_UART_Init                          0x080031a4   Section        0  stm32f3xx_hal_uart.o(i.HAL_UART_Init)
    i.HAL_UART_MspInit                       0x08003210   Section        0  stm32f3xx_hal_msp.o(i.HAL_UART_MspInit)
    i.HAL_UART_Receive_IT                    0x080032d0   Section        0  stm32f3xx_hal_uart.o(i.HAL_UART_Receive_IT)
    i.HAL_UART_RxCpltCallback                0x0800334c   Section        0  uart.o(i.HAL_UART_RxCpltCallback)
    i.HAL_UART_Transmit                      0x080033a4   Section        0  stm32f3xx_hal_uart.o(i.HAL_UART_Transmit)
    i.HAL_UART_TxCpltCallback                0x08003458   Section        0  stm32f3xx_hal_uart.o(i.HAL_UART_TxCpltCallback)
    i.HardFault_Handler                      0x0800345a   Section        0  stm32f3xx_it.o(i.HardFault_Handler)
    i.MX_ADC1_Init                           0x0800345c   Section        0  main.o(i.MX_ADC1_Init)
    MX_ADC1_Init                             0x0800345d   Thumb Code    98  main.o(i.MX_ADC1_Init)
    i.MX_ADC2_Init                           0x080034c4   Section        0  main.o(i.MX_ADC2_Init)
    MX_ADC2_Init                             0x080034c5   Thumb Code    80  main.o(i.MX_ADC2_Init)
    i.MX_FATFS_Init                          0x0800351c   Section        0  fatfs.o(i.MX_FATFS_Init)
    i.MX_GPIO_Init                           0x08003538   Section        0  main.o(i.MX_GPIO_Init)
    MX_GPIO_Init                             0x08003539   Thumb Code   228  main.o(i.MX_GPIO_Init)
    i.MX_SPI1_Init                           0x0800362c   Section        0  main.o(i.MX_SPI1_Init)
    MX_SPI1_Init                             0x0800362d   Thumb Code    56  main.o(i.MX_SPI1_Init)
    i.MX_TIM2_Init                           0x0800366c   Section        0  main.o(i.MX_TIM2_Init)
    MX_TIM2_Init                             0x0800366d   Thumb Code    78  main.o(i.MX_TIM2_Init)
    i.MX_TIM3_Init                           0x080036c0   Section        0  main.o(i.MX_TIM3_Init)
    MX_TIM3_Init                             0x080036c1   Thumb Code   118  main.o(i.MX_TIM3_Init)
    i.MX_UART4_Init                          0x08003740   Section        0  main.o(i.MX_UART4_Init)
    MX_UART4_Init                            0x08003741   Thumb Code    36  main.o(i.MX_UART4_Init)
    i.MX_USART1_UART_Init                    0x0800376c   Section        0  main.o(i.MX_USART1_UART_Init)
    MX_USART1_UART_Init                      0x0800376d   Thumb Code    36  main.o(i.MX_USART1_UART_Init)
    i.MemManage_Handler                      0x08003798   Section        0  stm32f3xx_it.o(i.MemManage_Handler)
    i.NMI_Handler                            0x0800379a   Section        0  stm32f3xx_it.o(i.NMI_Handler)
    i.NVIC_SetPriority                       0x0800379c   Section        0  stm32f3xx_hal_cortex.o(i.NVIC_SetPriority)
    NVIC_SetPriority                         0x0800379d   Thumb Code    32  stm32f3xx_hal_cortex.o(i.NVIC_SetPriority)
    i.PendSV_Handler                         0x080037bc   Section        0  stm32f3xx_it.o(i.PendSV_Handler)
    i.SVC_Handler                            0x080037be   Section        0  stm32f3xx_it.o(i.SVC_Handler)
    i.SysTick_Handler                        0x080037c0   Section        0  stm32f3xx_it.o(i.SysTick_Handler)
    i.SystemClock_Config                     0x080037c4   Section        0  main.o(i.SystemClock_Config)
    i.SystemInit                             0x08003838   Section        0  system_stm32f3xx.o(i.SystemInit)
    i.TIM3_IRQHandler                        0x080038a0   Section        0  stm32f3xx_it.o(i.TIM3_IRQHandler)
    i.TIM6_DAC_IRQHandler                    0x080038ac   Section        0  stm32f3xx_it.o(i.TIM6_DAC_IRQHandler)
    i.TIM_Base_SetConfig                     0x080038c8   Section        0  stm32f3xx_hal_tim.o(i.TIM_Base_SetConfig)
    i.TIM_ETR_SetConfig                      0x08003978   Section        0  stm32f3xx_hal_tim.o(i.TIM_ETR_SetConfig)
    i.TIM_ITRx_SetConfig                     0x0800398c   Section        0  stm32f3xx_hal_tim.o(i.TIM_ITRx_SetConfig)
    TIM_ITRx_SetConfig                       0x0800398d   Thumb Code    16  stm32f3xx_hal_tim.o(i.TIM_ITRx_SetConfig)
    i.TIM_OC1_SetConfig                      0x0800399c   Section        0  stm32f3xx_hal_tim.o(i.TIM_OC1_SetConfig)
    i.TIM_OC2_SetConfig                      0x08003a38   Section        0  stm32f3xx_hal_tim.o(i.TIM_OC2_SetConfig)
    i.TIM_OC3_SetConfig                      0x08003ac8   Section        0  stm32f3xx_hal_tim.o(i.TIM_OC3_SetConfig)
    i.TIM_OC4_SetConfig                      0x08003b58   Section        0  stm32f3xx_hal_tim.o(i.TIM_OC4_SetConfig)
    i.TIM_OC5_SetConfig                      0x08003bcc   Section        0  stm32f3xx_hal_tim_ex.o(i.TIM_OC5_SetConfig)
    TIM_OC5_SetConfig                        0x08003bcd   Thumb Code    86  stm32f3xx_hal_tim_ex.o(i.TIM_OC5_SetConfig)
    i.TIM_OC6_SetConfig                      0x08003c3c   Section        0  stm32f3xx_hal_tim_ex.o(i.TIM_OC6_SetConfig)
    TIM_OC6_SetConfig                        0x08003c3d   Thumb Code    88  stm32f3xx_hal_tim_ex.o(i.TIM_OC6_SetConfig)
    i.TIM_TI1_ConfigInputStage               0x08003cac   Section        0  stm32f3xx_hal_tim.o(i.TIM_TI1_ConfigInputStage)
    TIM_TI1_ConfigInputStage                 0x08003cad   Thumb Code    34  stm32f3xx_hal_tim.o(i.TIM_TI1_ConfigInputStage)
    i.TIM_TI2_ConfigInputStage               0x08003cce   Section        0  stm32f3xx_hal_tim.o(i.TIM_TI2_ConfigInputStage)
    TIM_TI2_ConfigInputStage                 0x08003ccf   Thumb Code    36  stm32f3xx_hal_tim.o(i.TIM_TI2_ConfigInputStage)
    i.UART4_IRQHandler                       0x08003cf4   Section        0  stm32f3xx_it.o(i.UART4_IRQHandler)
    i.UART_AdvFeatureConfig                  0x08003d00   Section        0  stm32f3xx_hal_uart.o(i.UART_AdvFeatureConfig)
    i.UART_CheckIdleState                    0x08003dc8   Section        0  stm32f3xx_hal_uart.o(i.UART_CheckIdleState)
    i.UART_DMAAbortOnError                   0x08003e24   Section        0  stm32f3xx_hal_uart.o(i.UART_DMAAbortOnError)
    UART_DMAAbortOnError                     0x08003e25   Thumb Code    20  stm32f3xx_hal_uart.o(i.UART_DMAAbortOnError)
    i.UART_EndRxTransfer                     0x08003e38   Section        0  stm32f3xx_hal_uart.o(i.UART_EndRxTransfer)
    UART_EndRxTransfer                       0x08003e39   Thumb Code    28  stm32f3xx_hal_uart.o(i.UART_EndRxTransfer)
    i.UART_EndTransmit_IT                    0x08003e54   Section        0  stm32f3xx_hal_uart.o(i.UART_EndTransmit_IT)
    i.UART_Receive_IT                        0x08003e6e   Section        0  stm32f3xx_hal_uart.o(i.UART_Receive_IT)
    i.UART_SetConfig                         0x08003ee4   Section        0  stm32f3xx_hal_uart.o(i.UART_SetConfig)
    i.UART_Transmit_IT                       0x080040b8   Section        0  stm32f3xx_hal_uart.o(i.UART_Transmit_IT)
    i.UART_WaitOnFlagUntilTimeout            0x0800411c   Section        0  stm32f3xx_hal_uart.o(i.UART_WaitOnFlagUntilTimeout)
    i.USART1_IRQHandler                      0x08004180   Section        0  stm32f3xx_it.o(i.USART1_IRQHandler)
    i.USER_initialize                        0x0800418c   Section        0  user_diskio.o(i.USER_initialize)
    i.USER_ioctl                             0x0800419c   Section        0  user_diskio.o(i.USER_ioctl)
    i.USER_read                              0x080041a0   Section        0  user_diskio.o(i.USER_read)
    i.USER_status                            0x080041a4   Section        0  user_diskio.o(i.USER_status)
    i.USER_write                             0x080041b4   Section        0  user_diskio.o(i.USER_write)
    i.UsageFault_Handler                     0x080041b8   Section        0  stm32f3xx_it.o(i.UsageFault_Handler)
    i.__scatterload_copy                     0x080041ba   Section       14  handlers.o(i.__scatterload_copy)
    i.__scatterload_null                     0x080041c8   Section        2  handlers.o(i.__scatterload_null)
    i.__scatterload_zeroinit                 0x080041ca   Section       14  handlers.o(i.__scatterload_zeroinit)
    i.clear_raw_buffer                       0x080041d8   Section        0  uart.o(i.clear_raw_buffer)
    i.freq_calculator                        0x080041f0   Section        0  sound_handler.o(i.freq_calculator)
    i.init_sinus                             0x08004284   Section        0  sound_handler.o(i.init_sinus)
    i.init_sound_handler                     0x08004344   Section        0  sound_handler.o(i.init_sound_handler)
    i.main                                   0x08004350   Section        0  main.o(i.main)
    i.send_signal                            0x08004444   Section        0  sound_handler.o(i.send_signal)
    i.sinus_generate                         0x080044c8   Section        0  sound_handler.o(i.sinus_generate)
    i.sound_acquisition                      0x080044f0   Section        0  sound_handler.o(i.sound_acquisition)
    i.sound_handler_process                  0x08004514   Section        0  sound_handler.o(i.sound_handler_process)
    i.uart_cmd_process                       0x08004554   Section        0  uart.o(i.uart_cmd_process)
    i.uart_init                              0x080045c0   Section        0  uart.o(i.uart_init)
    .constdata                               0x080045cc   Section      512  sound_handler.o(.constdata)
    .constdata                               0x080047cc   Section       32  stm32f3xx_hal_rcc.o(.constdata)
    .constdata                               0x080047ec   Section       16  system_stm32f3xx.o(.constdata)
    .constdata                               0x080047fc   Section        8  system_stm32f3xx.o(.constdata)
    .constdata                               0x08004804   Section       64  ctype_c.o(.constdata)
    .data                                    0x20000000   Section       56  main.o(.data)
    .data                                    0x20000038   Section        1  user_diskio.o(.data)
    Stat                                     0x20000038   Data           1  user_diskio.o(.data)
    .data                                    0x2000003c   Section       20  user_diskio.o(.data)
    .data                                    0x20000050   Section        5  fatfs.o(.data)
    .data                                    0x20000058   Section        4  stm32f3xx_hal_msp.o(.data)
    HAL_RCC_ADC12_CLK_ENABLED                0x20000058   Data           4  stm32f3xx_hal_msp.o(.data)
    .data                                    0x2000005c   Section       24  sound_handler.o(.data)
    bips_counter                             0x2000005f   Data           1  sound_handler.o(.data)
    init_flag                                0x20000060   Data           1  sound_handler.o(.data)
    init_flag                                0x20000061   Data           1  sound_handler.o(.data)
    .data                                    0x20000074   Section        4  uart.o(.data)
    .data                                    0x20000078   Section       12  stm32f3xx_hal.o(.data)
    .data                                    0x20000084   Section        4  system_stm32f3xx.o(.data)
    .bss                                     0x20000088   Section     1640  main.o(.bss)
    .bss                                     0x200006f0   Section       68  main.o(.bss)
    .bss                                     0x20000734   Section       16  uart.o(.bss)
    .bss                                     0x20000744   Section       12  ff_gen_drv.o(.bss)
    STACK                                    0x20000750   Section     1024  startup_stm32f303xc.o(STACK)

    Global Symbols

    Symbol Name                              Value     Ov Type        Size  Object(Section)

    BuildAttributes$$THM_ISAv4$E$P$D$K$B$S$7EM$VFPi3$EXTD16$VFPS$VFMA$PE$A:L22UL41UL21$X:L11$S22US41US21$IEEE1$IW$USESV6$~STKCKD$USESV7$~SHL$OSPACE$EBA8$MICROLIB$REQ8$PRES8$EABIv2 0x00000000   Number         0  anon$$obj.o ABSOLUTE
    __ARM_use_no_argv                        0x00000000   Number         0  main.o ABSOLUTE
    __cpp_initialize__aeabi_                  - Undefined Weak Reference
    __cxa_finalize                            - Undefined Weak Reference
    __decompress                              - Undefined Weak Reference
    _clock_init                               - Undefined Weak Reference
    _microlib_exit                            - Undefined Weak Reference
    _scanf_longlong                           - Undefined Weak Reference
    _scanf_real                               - Undefined Weak Reference
    _scanf_string                             - Undefined Weak Reference
    __Vectors_Size                           0x00000188   Number         0  startup_stm32f303xc.o ABSOLUTE
    __Vectors                                0x08000000   Data           4  startup_stm32f303xc.o(RESET)
    __Vectors_End                            0x08000188   Data           0  startup_stm32f303xc.o(RESET)
    __main                                   0x08000189   Thumb Code     0  entry.o(.ARM.Collect$$$$00000000)
    _main_stk                                0x08000189   Thumb Code     0  entry2.o(.ARM.Collect$$$$00000001)
    _main_scatterload                        0x0800018d   Thumb Code     0  entry5.o(.ARM.Collect$$$$00000004)
    __main_after_scatterload                 0x08000191   Thumb Code     0  entry5.o(.ARM.Collect$$$$00000004)
    _main_clock                              0x08000191   Thumb Code     0  entry7b.o(.ARM.Collect$$$$00000008)
    _main_cpp_init                           0x08000191   Thumb Code     0  entry8b.o(.ARM.Collect$$$$0000000A)
    _main_init                               0x08000191   Thumb Code     0  entry9a.o(.ARM.Collect$$$$0000000B)
    __rt_final_cpp                           0x08000199   Thumb Code     0  entry10a.o(.ARM.Collect$$$$0000000D)
    __rt_final_exit                          0x08000199   Thumb Code     0  entry11a.o(.ARM.Collect$$$$0000000F)
    Reset_Handler                            0x0800019d   Thumb Code     8  startup_stm32f303xc.o(.text)
    ADC3_IRQHandler                          0x080001b7   Thumb Code     0  startup_stm32f303xc.o(.text)
    ADC4_IRQHandler                          0x080001b7   Thumb Code     0  startup_stm32f303xc.o(.text)
    CAN_RX1_IRQHandler                       0x080001b7   Thumb Code     0  startup_stm32f303xc.o(.text)
    CAN_SCE_IRQHandler                       0x080001b7   Thumb Code     0  startup_stm32f303xc.o(.text)
    COMP1_2_3_IRQHandler                     0x080001b7   Thumb Code     0  startup_stm32f303xc.o(.text)
    COMP4_5_6_IRQHandler                     0x080001b7   Thumb Code     0  startup_stm32f303xc.o(.text)
    COMP7_IRQHandler                         0x080001b7   Thumb Code     0  startup_stm32f303xc.o(.text)
    DMA1_Channel1_IRQHandler                 0x080001b7   Thumb Code     0  startup_stm32f303xc.o(.text)
    DMA1_Channel2_IRQHandler                 0x080001b7   Thumb Code     0  startup_stm32f303xc.o(.text)
    DMA1_Channel4_IRQHandler                 0x080001b7   Thumb Code     0  startup_stm32f303xc.o(.text)
    DMA1_Channel5_IRQHandler                 0x080001b7   Thumb Code     0  startup_stm32f303xc.o(.text)
    DMA1_Channel6_IRQHandler                 0x080001b7   Thumb Code     0  startup_stm32f303xc.o(.text)
    DMA1_Channel7_IRQHandler                 0x080001b7   Thumb Code     0  startup_stm32f303xc.o(.text)
    DMA2_Channel1_IRQHandler                 0x080001b7   Thumb Code     0  startup_stm32f303xc.o(.text)
    DMA2_Channel2_IRQHandler                 0x080001b7   Thumb Code     0  startup_stm32f303xc.o(.text)
    DMA2_Channel3_IRQHandler                 0x080001b7   Thumb Code     0  startup_stm32f303xc.o(.text)
    DMA2_Channel4_IRQHandler                 0x080001b7   Thumb Code     0  startup_stm32f303xc.o(.text)
    DMA2_Channel5_IRQHandler                 0x080001b7   Thumb Code     0  startup_stm32f303xc.o(.text)
    EXTI0_IRQHandler                         0x080001b7   Thumb Code     0  startup_stm32f303xc.o(.text)
    EXTI15_10_IRQHandler                     0x080001b7   Thumb Code     0  startup_stm32f303xc.o(.text)
    EXTI1_IRQHandler                         0x080001b7   Thumb Code     0  startup_stm32f303xc.o(.text)
    EXTI2_TSC_IRQHandler                     0x080001b7   Thumb Code     0  startup_stm32f303xc.o(.text)
    EXTI3_IRQHandler                         0x080001b7   Thumb Code     0  startup_stm32f303xc.o(.text)
    EXTI4_IRQHandler                         0x080001b7   Thumb Code     0  startup_stm32f303xc.o(.text)
    EXTI9_5_IRQHandler                       0x080001b7   Thumb Code     0  startup_stm32f303xc.o(.text)
    FLASH_IRQHandler                         0x080001b7   Thumb Code     0  startup_stm32f303xc.o(.text)
    FPU_IRQHandler                           0x080001b7   Thumb Code     0  startup_stm32f303xc.o(.text)
    I2C1_ER_IRQHandler                       0x080001b7   Thumb Code     0  startup_stm32f303xc.o(.text)
    I2C1_EV_IRQHandler                       0x080001b7   Thumb Code     0  startup_stm32f303xc.o(.text)
    I2C2_ER_IRQHandler                       0x080001b7   Thumb Code     0  startup_stm32f303xc.o(.text)
    I2C2_EV_IRQHandler                       0x080001b7   Thumb Code     0  startup_stm32f303xc.o(.text)
    PVD_IRQHandler                           0x080001b7   Thumb Code     0  startup_stm32f303xc.o(.text)
    RCC_IRQHandler                           0x080001b7   Thumb Code     0  startup_stm32f303xc.o(.text)
    RTC_Alarm_IRQHandler                     0x080001b7   Thumb Code     0  startup_stm32f303xc.o(.text)
    RTC_WKUP_IRQHandler                      0x080001b7   Thumb Code     0  startup_stm32f303xc.o(.text)
    SPI1_IRQHandler                          0x080001b7   Thumb Code     0  startup_stm32f303xc.o(.text)
    SPI2_IRQHandler                          0x080001b7   Thumb Code     0  startup_stm32f303xc.o(.text)
    SPI3_IRQHandler                          0x080001b7   Thumb Code     0  startup_stm32f303xc.o(.text)
    TAMP_STAMP_IRQHandler                    0x080001b7   Thumb Code     0  startup_stm32f303xc.o(.text)
    TIM1_BRK_TIM15_IRQHandler                0x080001b7   Thumb Code     0  startup_stm32f303xc.o(.text)
    TIM1_CC_IRQHandler                       0x080001b7   Thumb Code     0  startup_stm32f303xc.o(.text)
    TIM1_TRG_COM_TIM17_IRQHandler            0x080001b7   Thumb Code     0  startup_stm32f303xc.o(.text)
    TIM1_UP_TIM16_IRQHandler                 0x080001b7   Thumb Code     0  startup_stm32f303xc.o(.text)
    TIM2_IRQHandler                          0x080001b7   Thumb Code     0  startup_stm32f303xc.o(.text)
    TIM4_IRQHandler                          0x080001b7   Thumb Code     0  startup_stm32f303xc.o(.text)
    TIM7_IRQHandler                          0x080001b7   Thumb Code     0  startup_stm32f303xc.o(.text)
    TIM8_BRK_IRQHandler                      0x080001b7   Thumb Code     0  startup_stm32f303xc.o(.text)
    TIM8_CC_IRQHandler                       0x080001b7   Thumb Code     0  startup_stm32f303xc.o(.text)
    TIM8_TRG_COM_IRQHandler                  0x080001b7   Thumb Code     0  startup_stm32f303xc.o(.text)
    TIM8_UP_IRQHandler                       0x080001b7   Thumb Code     0  startup_stm32f303xc.o(.text)
    UART5_IRQHandler                         0x080001b7   Thumb Code     0  startup_stm32f303xc.o(.text)
    USART2_IRQHandler                        0x080001b7   Thumb Code     0  startup_stm32f303xc.o(.text)
    USART3_IRQHandler                        0x080001b7   Thumb Code     0  startup_stm32f303xc.o(.text)
    USBWakeUp_IRQHandler                     0x080001b7   Thumb Code     0  startup_stm32f303xc.o(.text)
    USBWakeUp_RMP_IRQHandler                 0x080001b7   Thumb Code     0  startup_stm32f303xc.o(.text)
    USB_HP_CAN_TX_IRQHandler                 0x080001b7   Thumb Code     0  startup_stm32f303xc.o(.text)
    USB_HP_IRQHandler                        0x080001b7   Thumb Code     0  startup_stm32f303xc.o(.text)
    USB_LP_CAN_RX0_IRQHandler                0x080001b7   Thumb Code     0  startup_stm32f303xc.o(.text)
    USB_LP_IRQHandler                        0x080001b7   Thumb Code     0  startup_stm32f303xc.o(.text)
    WWDG_IRQHandler                          0x080001b7   Thumb Code     0  startup_stm32f303xc.o(.text)
    __aeabi_memset                           0x080001c1   Thumb Code    14  memseta.o(.text)
    __aeabi_memset4                          0x080001c1   Thumb Code     0  memseta.o(.text)
    __aeabi_memset8                          0x080001c1   Thumb Code     0  memseta.o(.text)
    __aeabi_memclr                           0x080001cf   Thumb Code     4  memseta.o(.text)
    __aeabi_memclr4                          0x080001cf   Thumb Code     0  memseta.o(.text)
    __aeabi_memclr8                          0x080001cf   Thumb Code     0  memseta.o(.text)
    _memset$wrapper                          0x080001d3   Thumb Code    18  memseta.o(.text)
    __0sscanf                                0x080001e5   Thumb Code    48  __0sscanf.o(.text)
    _scanf_int                               0x0800021d   Thumb Code   332  _scanf_int.o(.text)
    _chval                                   0x08000369   Thumb Code    28  _chval.o(.text)
    __vfscanf_char                           0x08000391   Thumb Code    20  scanf_char.o(.text)
    _sgetc                                   0x080003ad   Thumb Code    30  _sgetc.o(.text)
    _sbackspace                              0x080003cb   Thumb Code    34  _sgetc.o(.text)
    __scatterload                            0x080003ed   Thumb Code    28  init.o(.text)
    __scatterload_rt2                        0x080003ed   Thumb Code     0  init.o(.text)
    isspace                                  0x08000411   Thumb Code    10  isspace_c.o(.text)
    __vfscanf                                0x0800041d   Thumb Code   808  _scanf.o(.text)
    __ctype_lookup                           0x08000749   Thumb Code    34  ctype_c.o(.text)
    ADC1_2_IRQHandler                        0x08000771   Thumb Code    18  stm32f3xx_it.o(i.ADC1_2_IRQHandler)
    BusFault_Handler                         0x0800090d   Thumb Code     2  stm32f3xx_it.o(i.BusFault_Handler)
    DMA1_Channel3_IRQHandler                 0x08000971   Thumb Code     6  stm32f3xx_it.o(i.DMA1_Channel3_IRQHandler)
    DebugMon_Handler                         0x080009e3   Thumb Code     2  stm32f3xx_it.o(i.DebugMon_Handler)
    Error_Handler                            0x080009e5   Thumb Code     2  main.o(i.Error_Handler)
    FATFS_LinkDriver                         0x080009e7   Thumb Code     6  ff_gen_drv.o(i.FATFS_LinkDriver)
    FATFS_LinkDriverEx                       0x080009ed   Thumb Code    60  ff_gen_drv.o(i.FATFS_LinkDriverEx)
    HAL_ADCEx_InjectedConvCpltCallback       0x08000a2d   Thumb Code     2  stm32f3xx_hal_adc_ex.o(i.HAL_ADCEx_InjectedConvCpltCallback)
    HAL_ADCEx_InjectedQueueOverflowCallback  0x08000a2f   Thumb Code     2  stm32f3xx_hal_adc_ex.o(i.HAL_ADCEx_InjectedQueueOverflowCallback)
    HAL_ADCEx_LevelOutOfWindow2Callback      0x08000a31   Thumb Code     2  stm32f3xx_hal_adc_ex.o(i.HAL_ADCEx_LevelOutOfWindow2Callback)
    HAL_ADCEx_LevelOutOfWindow3Callback      0x08000a33   Thumb Code     2  stm32f3xx_hal_adc_ex.o(i.HAL_ADCEx_LevelOutOfWindow3Callback)
    HAL_ADCEx_MultiModeConfigChannel         0x08000a35   Thumb Code   256  stm32f3xx_hal_adc_ex.o(i.HAL_ADCEx_MultiModeConfigChannel)
    HAL_ADC_ConfigChannel                    0x08000b49   Thumb Code   884  stm32f3xx_hal_adc_ex.o(i.HAL_ADC_ConfigChannel)
    HAL_ADC_ConvCpltCallback                 0x08000edd   Thumb Code    46  sound_handler.o(i.HAL_ADC_ConvCpltCallback)
    HAL_ADC_ErrorCallback                    0x08000f11   Thumb Code     2  stm32f3xx_hal_adc.o(i.HAL_ADC_ErrorCallback)
    HAL_ADC_GetValue                         0x08000f13   Thumb Code     6  stm32f3xx_hal_adc_ex.o(i.HAL_ADC_GetValue)
    HAL_ADC_IRQHandler                       0x08000f19   Thumb Code   790  stm32f3xx_hal_adc_ex.o(i.HAL_ADC_IRQHandler)
    HAL_ADC_Init                             0x08001241   Thumb Code   546  stm32f3xx_hal_adc_ex.o(i.HAL_ADC_Init)
    HAL_ADC_LevelOutOfWindowCallback         0x08001489   Thumb Code     2  stm32f3xx_hal_adc.o(i.HAL_ADC_LevelOutOfWindowCallback)
    HAL_ADC_MspInit                          0x0800148d   Thumb Code   164  stm32f3xx_hal_msp.o(i.HAL_ADC_MspInit)
    HAL_ADC_Start                            0x08001541   Thumb Code   322  stm32f3xx_hal_adc_ex.o(i.HAL_ADC_Start)
    HAL_ADC_Stop                             0x08001691   Thumb Code    62  stm32f3xx_hal_adc_ex.o(i.HAL_ADC_Stop)
    HAL_DACEx_ConvCpltCallbackCh2            0x080016cf   Thumb Code     2  stm32f3xx_hal_dac_ex.o(i.HAL_DACEx_ConvCpltCallbackCh2)
    HAL_DACEx_ConvHalfCpltCallbackCh2        0x080016d1   Thumb Code     2  stm32f3xx_hal_dac_ex.o(i.HAL_DACEx_ConvHalfCpltCallbackCh2)
    HAL_DACEx_DMAUnderrunCallbackCh2         0x080016d3   Thumb Code     2  stm32f3xx_hal_dac_ex.o(i.HAL_DACEx_DMAUnderrunCallbackCh2)
    HAL_DACEx_ErrorCallbackCh2               0x080016d5   Thumb Code     2  stm32f3xx_hal_dac_ex.o(i.HAL_DACEx_ErrorCallbackCh2)
    HAL_DAC_ConfigChannel                    0x080016d7   Thumb Code    66  stm32f3xx_hal_dac_ex.o(i.HAL_DAC_ConfigChannel)
    HAL_DAC_ConvCpltCallbackCh1              0x08001719   Thumb Code     2  stm32f3xx_hal_dac.o(i.HAL_DAC_ConvCpltCallbackCh1)
    HAL_DAC_ConvHalfCpltCallbackCh1          0x0800171b   Thumb Code     2  stm32f3xx_hal_dac.o(i.HAL_DAC_ConvHalfCpltCallbackCh1)
    HAL_DAC_DMAUnderrunCallbackCh1           0x0800171d   Thumb Code     2  stm32f3xx_hal_dac.o(i.HAL_DAC_DMAUnderrunCallbackCh1)
    HAL_DAC_ErrorCallbackCh1                 0x0800171f   Thumb Code     2  stm32f3xx_hal_dac.o(i.HAL_DAC_ErrorCallbackCh1)
    HAL_DAC_IRQHandler                       0x08001721   Thumb Code   100  stm32f3xx_hal_dac_ex.o(i.HAL_DAC_IRQHandler)
    HAL_DAC_Init                             0x08001785   Thumb Code    40  stm32f3xx_hal_dac.o(i.HAL_DAC_Init)
    HAL_DAC_MspInit                          0x080017ad   Thumb Code   152  stm32f3xx_hal_msp.o(i.HAL_DAC_MspInit)
    HAL_DAC_Start                            0x08001859   Thumb Code    84  stm32f3xx_hal_dac_ex.o(i.HAL_DAC_Start)
    HAL_DAC_Start_DMA                        0x080018ad   Thumb Code   232  stm32f3xx_hal_dac_ex.o(i.HAL_DAC_Start_DMA)
    HAL_DAC_Stop                             0x080019ad   Thumb Code    22  stm32f3xx_hal_dac.o(i.HAL_DAC_Stop)
    HAL_DMA_Abort_IT                         0x080019c3   Thumb Code    74  stm32f3xx_hal_dma.o(i.HAL_DMA_Abort_IT)
    HAL_DMA_IRQHandler                       0x08001a0d   Thumb Code   168  stm32f3xx_hal_dma.o(i.HAL_DMA_IRQHandler)
    HAL_DMA_Init                             0x08001ab5   Thumb Code    78  stm32f3xx_hal_dma.o(i.HAL_DMA_Init)
    HAL_DMA_Start_IT                         0x08001b03   Thumb Code   112  stm32f3xx_hal_dma.o(i.HAL_DMA_Start_IT)
    HAL_GPIO_Init                            0x08001b75   Thumb Code   364  stm32f3xx_hal_gpio.o(i.HAL_GPIO_Init)
    HAL_GPIO_WritePin                        0x08001cfd   Thumb Code    10  stm32f3xx_hal_gpio.o(i.HAL_GPIO_WritePin)
    HAL_GetTick                              0x08001d09   Thumb Code     6  stm32f3xx_hal.o(i.HAL_GetTick)
    HAL_IncTick                              0x08001d15   Thumb Code    12  stm32f3xx_hal.o(i.HAL_IncTick)
    HAL_Init                                 0x08001d25   Thumb Code    32  stm32f3xx_hal.o(i.HAL_Init)
    HAL_InitTick                             0x08001d49   Thumb Code    54  stm32f3xx_hal.o(i.HAL_InitTick)
    HAL_MspInit                              0x08001d89   Thumb Code    44  stm32f3xx_hal_msp.o(i.HAL_MspInit)
    HAL_NVIC_EnableIRQ                       0x08001db9   Thumb Code    22  stm32f3xx_hal_cortex.o(i.HAL_NVIC_EnableIRQ)
    HAL_NVIC_SetPriority                     0x08001dd1   Thumb Code    60  stm32f3xx_hal_cortex.o(i.HAL_NVIC_SetPriority)
    HAL_NVIC_SetPriorityGrouping             0x08001e11   Thumb Code    26  stm32f3xx_hal_cortex.o(i.HAL_NVIC_SetPriorityGrouping)
    HAL_PCD_Init                             0x08001e35   Thumb Code   166  stm32f3xx_hal_pcd.o(i.HAL_PCD_Init)
    HAL_PCD_MspInit                          0x08001edd   Thumb Code    92  stm32f3xx_hal_msp.o(i.HAL_PCD_MspInit)
    HAL_RCCEx_PeriphCLKConfig                0x08001f41   Thumb Code   522  stm32f3xx_hal_rcc_ex.o(i.HAL_RCCEx_PeriphCLKConfig)
    HAL_RCC_ClockConfig                      0x08002159   Thumb Code   306  stm32f3xx_hal_rcc.o(i.HAL_RCC_ClockConfig)
    HAL_RCC_GetPCLK1Freq                     0x0800229d   Thumb Code    34  stm32f3xx_hal_rcc.o(i.HAL_RCC_GetPCLK1Freq)
    HAL_RCC_GetPCLK2Freq                     0x080022cd   Thumb Code    34  stm32f3xx_hal_rcc.o(i.HAL_RCC_GetPCLK2Freq)
    HAL_RCC_GetSysClockFreq                  0x080022fd   Thumb Code    84  stm32f3xx_hal_rcc.o(i.HAL_RCC_GetSysClockFreq)
    HAL_RCC_OscConfig                        0x08002361   Thumb Code  1424  stm32f3xx_hal_rcc.o(i.HAL_RCC_OscConfig)
    HAL_SPI_Init                             0x080028f1   Thumb Code   182  stm32f3xx_hal_spi.o(i.HAL_SPI_Init)
    HAL_SPI_MspInit                          0x080029a9   Thumb Code    88  stm32f3xx_hal_msp.o(i.HAL_SPI_MspInit)
    HAL_SYSTICK_Config                       0x08002a09   Thumb Code    40  stm32f3xx_hal_cortex.o(i.HAL_SYSTICK_Config)
    HAL_TIMEx_Break2Callback                 0x08002a31   Thumb Code     2  stm32f3xx_hal_tim_ex.o(i.HAL_TIMEx_Break2Callback)
    HAL_TIMEx_BreakCallback                  0x08002a33   Thumb Code     2  stm32f3xx_hal_tim_ex.o(i.HAL_TIMEx_BreakCallback)
    HAL_TIMEx_CommutationCallback            0x08002a35   Thumb Code     2  stm32f3xx_hal_tim_ex.o(i.HAL_TIMEx_CommutationCallback)
    HAL_TIMEx_MasterConfigSynchronization    0x08002a39   Thumb Code    78  stm32f3xx_hal_tim_ex.o(i.HAL_TIMEx_MasterConfigSynchronization)
    HAL_TIM_Base_Init                        0x08002a91   Thumb Code    54  stm32f3xx_hal_tim.o(i.HAL_TIM_Base_Init)
    HAL_TIM_Base_MspInit                     0x08002ac9   Thumb Code   108  stm32f3xx_hal_msp.o(i.HAL_TIM_Base_MspInit)
    HAL_TIM_Base_Start                       0x08002b41   Thumb Code    26  stm32f3xx_hal_tim.o(i.HAL_TIM_Base_Start)
    HAL_TIM_Base_Start_IT                    0x08002b5b   Thumb Code    24  stm32f3xx_hal_tim.o(i.HAL_TIM_Base_Start_IT)
    HAL_TIM_Base_Stop                        0x08002b73   Thumb Code    44  stm32f3xx_hal_tim.o(i.HAL_TIM_Base_Stop)
    HAL_TIM_Base_Stop_IT                     0x08002b9f   Thumb Code    42  stm32f3xx_hal_tim.o(i.HAL_TIM_Base_Stop_IT)
    HAL_TIM_ConfigClockSource                0x08002bc9   Thumb Code   246  stm32f3xx_hal_tim.o(i.HAL_TIM_ConfigClockSource)
    HAL_TIM_IC_CaptureCallback               0x08002cc5   Thumb Code     2  stm32f3xx_hal_tim.o(i.HAL_TIM_IC_CaptureCallback)
    HAL_TIM_IRQHandler                       0x08002cc7   Thumb Code   388  stm32f3xx_hal_tim.o(i.HAL_TIM_IRQHandler)
    HAL_TIM_MspPostInit                      0x08002e4d   Thumb Code    68  stm32f3xx_hal_msp.o(i.HAL_TIM_MspPostInit)
    HAL_TIM_OC_DelayElapsedCallback          0x08002e9d   Thumb Code     2  stm32f3xx_hal_tim.o(i.HAL_TIM_OC_DelayElapsedCallback)
    HAL_TIM_PWM_ConfigChannel                0x08002e9f   Thumb Code   296  stm32f3xx_hal_tim_ex.o(i.HAL_TIM_PWM_ConfigChannel)
    HAL_TIM_PWM_Init                         0x08002fc7   Thumb Code    54  stm32f3xx_hal_tim.o(i.HAL_TIM_PWM_Init)
    HAL_TIM_PWM_MspInit                      0x08002ffd   Thumb Code     2  stm32f3xx_hal_tim.o(i.HAL_TIM_PWM_MspInit)
    HAL_TIM_PWM_PulseFinishedCallback        0x08002fff   Thumb Code     2  stm32f3xx_hal_tim.o(i.HAL_TIM_PWM_PulseFinishedCallback)
    HAL_TIM_PeriodElapsedCallback            0x08003001   Thumb Code    84  sound_handler.o(i.HAL_TIM_PeriodElapsedCallback)
    HAL_TIM_TriggerCallback                  0x0800305d   Thumb Code     2  stm32f3xx_hal_tim.o(i.HAL_TIM_TriggerCallback)
    HAL_UARTEx_WakeupCallback                0x0800305f   Thumb Code     2  stm32f3xx_hal_uart_ex.o(i.HAL_UARTEx_WakeupCallback)
    HAL_UART_ErrorCallback                   0x08003061   Thumb Code     2  stm32f3xx_hal_uart.o(i.HAL_UART_ErrorCallback)
    HAL_UART_IRQHandler                      0x08003065   Thumb Code   316  stm32f3xx_hal_uart.o(i.HAL_UART_IRQHandler)
    HAL_UART_Init                            0x080031a5   Thumb Code   106  stm32f3xx_hal_uart.o(i.HAL_UART_Init)
    HAL_UART_MspInit                         0x08003211   Thumb Code   176  stm32f3xx_hal_msp.o(i.HAL_UART_MspInit)
    HAL_UART_Receive_IT                      0x080032d1   Thumb Code   122  stm32f3xx_hal_uart.o(i.HAL_UART_Receive_IT)
    HAL_UART_RxCpltCallback                  0x0800334d   Thumb Code    74  uart.o(i.HAL_UART_RxCpltCallback)
    HAL_UART_Transmit                        0x080033a5   Thumb Code   180  stm32f3xx_hal_uart.o(i.HAL_UART_Transmit)
    HAL_UART_TxCpltCallback                  0x08003459   Thumb Code     2  stm32f3xx_hal_uart.o(i.HAL_UART_TxCpltCallback)
    HardFault_Handler                        0x0800345b   Thumb Code     2  stm32f3xx_it.o(i.HardFault_Handler)
    MX_FATFS_Init                            0x0800351d   Thumb Code    18  fatfs.o(i.MX_FATFS_Init)
    MemManage_Handler                        0x08003799   Thumb Code     2  stm32f3xx_it.o(i.MemManage_Handler)
    NMI_Handler                              0x0800379b   Thumb Code     2  stm32f3xx_it.o(i.NMI_Handler)
    PendSV_Handler                           0x080037bd   Thumb Code     2  stm32f3xx_it.o(i.PendSV_Handler)
    SVC_Handler                              0x080037bf   Thumb Code     2  stm32f3xx_it.o(i.SVC_Handler)
    SysTick_Handler                          0x080037c1   Thumb Code     4  stm32f3xx_it.o(i.SysTick_Handler)
    SystemClock_Config                       0x080037c5   Thumb Code   110  main.o(i.SystemClock_Config)
    SystemInit                               0x08003839   Thumb Code    82  system_stm32f3xx.o(i.SystemInit)
    TIM3_IRQHandler                          0x080038a1   Thumb Code     6  stm32f3xx_it.o(i.TIM3_IRQHandler)
    TIM6_DAC_IRQHandler                      0x080038ad   Thumb Code    18  stm32f3xx_it.o(i.TIM6_DAC_IRQHandler)
    TIM_Base_SetConfig                       0x080038c9   Thumb Code   146  stm32f3xx_hal_tim.o(i.TIM_Base_SetConfig)
    TIM_ETR_SetConfig                        0x08003979   Thumb Code    20  stm32f3xx_hal_tim.o(i.TIM_ETR_SetConfig)
    TIM_OC1_SetConfig                        0x0800399d   Thumb Code   132  stm32f3xx_hal_tim.o(i.TIM_OC1_SetConfig)
    TIM_OC2_SetConfig                        0x08003a39   Thumb Code   120  stm32f3xx_hal_tim.o(i.TIM_OC2_SetConfig)
    TIM_OC3_SetConfig                        0x08003ac9   Thumb Code   118  stm32f3xx_hal_tim.o(i.TIM_OC3_SetConfig)
    TIM_OC4_SetConfig                        0x08003b59   Thumb Code    92  stm32f3xx_hal_tim.o(i.TIM_OC4_SetConfig)
    UART4_IRQHandler                         0x08003cf5   Thumb Code     6  stm32f3xx_it.o(i.UART4_IRQHandler)
    UART_AdvFeatureConfig                    0x08003d01   Thumb Code   200  stm32f3xx_hal_uart.o(i.UART_AdvFeatureConfig)
    UART_CheckIdleState                      0x08003dc9   Thumb Code    92  stm32f3xx_hal_uart.o(i.UART_CheckIdleState)
    UART_EndTransmit_IT                      0x08003e55   Thumb Code    26  stm32f3xx_hal_uart.o(i.UART_EndTransmit_IT)
    UART_Receive_IT                          0x08003e6f   Thumb Code   118  stm32f3xx_hal_uart.o(i.UART_Receive_IT)
    UART_SetConfig                           0x08003ee5   Thumb Code   434  stm32f3xx_hal_uart.o(i.UART_SetConfig)
    UART_Transmit_IT                         0x080040b9   Thumb Code   100  stm32f3xx_hal_uart.o(i.UART_Transmit_IT)
    UART_WaitOnFlagUntilTimeout              0x0800411d   Thumb Code   100  stm32f3xx_hal_uart.o(i.UART_WaitOnFlagUntilTimeout)
    USART1_IRQHandler                        0x08004181   Thumb Code     6  stm32f3xx_it.o(i.USART1_IRQHandler)
    USER_initialize                          0x0800418d   Thumb Code    10  user_diskio.o(i.USER_initialize)
    USER_ioctl                               0x0800419d   Thumb Code     4  user_diskio.o(i.USER_ioctl)
    USER_read                                0x080041a1   Thumb Code     4  user_diskio.o(i.USER_read)
    USER_status                              0x080041a5   Thumb Code    10  user_diskio.o(i.USER_status)
    USER_write                               0x080041b5   Thumb Code     4  user_diskio.o(i.USER_write)
    UsageFault_Handler                       0x080041b9   Thumb Code     2  stm32f3xx_it.o(i.UsageFault_Handler)
    __scatterload_copy                       0x080041bb   Thumb Code    14  handlers.o(i.__scatterload_copy)
    __scatterload_null                       0x080041c9   Thumb Code     2  handlers.o(i.__scatterload_null)
    __scatterload_zeroinit                   0x080041cb   Thumb Code    14  handlers.o(i.__scatterload_zeroinit)
    clear_raw_buffer                         0x080041d9   Thumb Code    18  uart.o(i.clear_raw_buffer)
    freq_calculator                          0x080041f1   Thumb Code   146  sound_handler.o(i.freq_calculator)
    init_sinus                               0x08004285   Thumb Code   184  sound_handler.o(i.init_sinus)
    init_sound_handler                       0x08004345   Thumb Code     6  sound_handler.o(i.init_sound_handler)
    main                                     0x08004351   Thumb Code   216  main.o(i.main)
    send_signal                              0x08004445   Thumb Code   124  sound_handler.o(i.send_signal)
    sinus_generate                           0x080044c9   Thumb Code    34  sound_handler.o(i.sinus_generate)
    sound_acquisition                        0x080044f1   Thumb Code    30  sound_handler.o(i.sound_acquisition)
    sound_handler_process                    0x08004515   Thumb Code    58  sound_handler.o(i.sound_handler_process)
    uart_cmd_process                         0x08004555   Thumb Code    74  uart.o(i.uart_cmd_process)
    uart_init                                0x080045c1   Thumb Code     8  uart.o(i.uart_init)
    sine_wave_array                          0x080045cc   Data         512  sound_handler.o(.constdata)
    aPLLMULFactorTable                       0x080047cc   Data          16  stm32f3xx_hal_rcc.o(.constdata)
    aPredivFactorTable                       0x080047dc   Data          16  stm32f3xx_hal_rcc.o(.constdata)
    AHBPrescTable                            0x080047ec   Data          16  system_stm32f3xx.o(.constdata)
    APBPrescTable                            0x080047fc   Data           8  system_stm32f3xx.o(.constdata)
    __ctype_categories                       0x08004804   Data          64  ctype_c.o(.constdata)
    Region$$Table$$Base                      0x08004844   Number         0  anon$$obj.o(Region$$Table)
    Region$$Table$$Limit                     0x08004864   Number         0  anon$$obj.o(Region$$Table)
    cmd_packet                               0x20000000   Data          28  main.o(.data)
    sinus_info                               0x2000001c   Data          28  main.o(.data)
    USER_Driver                              0x2000003c   Data          20  user_diskio.o(.data)
    retUSER                                  0x20000050   Data           1  fatfs.o(.data)
    USERPath                                 0x20000051   Data           4  fatfs.o(.data)
    inverse_signal                           0x2000005c   Data           1  sound_handler.o(.data)
    is_high                                  0x2000005d   Data           1  sound_handler.o(.data)
    sh_current_state                         0x2000005e   Data           1  sound_handler.o(.data)
    signal_time_H                            0x20000062   Data           2  sound_handler.o(.data)
    signal_time_L                            0x20000064   Data           2  sound_handler.o(.data)
    signal_time_Acq                          0x20000066   Data           2  sound_handler.o(.data)
    signal_time_counter                      0x20000068   Data           2  sound_handler.o(.data)
    sound_pck                                0x2000006c   Data           4  sound_handler.o(.data)
    adc1value                                0x20000070   Data           4  sound_handler.o(.data)
    cmd_received                             0x20000074   Data           1  uart.o(.data)
    Rx_byte                                  0x20000075   Data           1  uart.o(.data)
    raw_data_buffer_ptr                      0x20000076   Data           2  uart.o(.data)
    uwTickFreq                               0x20000078   Data           1  stm32f3xx_hal.o(.data)
    uwTickPrio                               0x2000007c   Data           4  stm32f3xx_hal.o(.data)
    uwTick                                   0x20000080   Data           4  stm32f3xx_hal.o(.data)
    SystemCoreClock                          0x20000084   Data           4  system_stm32f3xx.o(.data)
    hadc1                                    0x20000088   Data          84  main.o(.bss)
    hadc2                                    0x200000dc   Data          84  main.o(.bss)
    hdac                                     0x20000130   Data          20  main.o(.bss)
    hspi1                                    0x20000144   Data         100  main.o(.bss)
    htim2                                    0x200001a8   Data          64  main.o(.bss)
    htim3                                    0x200001e8   Data          64  main.o(.bss)
    htim6                                    0x20000228   Data          64  main.o(.bss)
    huart4                                   0x20000268   Data         112  main.o(.bss)
    huart1                                   0x200002d8   Data         112  main.o(.bss)
    hpcd_USB_FS                              0x20000348   Data         936  main.o(.bss)
    hdma_dac_ch1                             0x200006f0   Data          68  main.o(.bss)
    raw_data                                 0x20000734   Data          16  uart.o(.bss)
    disk                                     0x20000744   Data          12  ff_gen_drv.o(.bss)
    __initial_sp                             0x20000b50   Data           0  startup_stm32f303xc.o(STACK)



==============================================================================

Memory Map of the image

  Image Entry point : 0x08000189

  Load Region LR_IROM1 (Base: 0x08000000, Size: 0x000048ec, Max: 0x00040000, ABSOLUTE)

    Execution Region ER_IROM1 (Exec base: 0x08000000, Load base: 0x08000000, Size: 0x00004864, Max: 0x00040000, ABSOLUTE)

    Exec Addr    Load Addr    Size         Type   Attr      Idx    E Section Name        Object

    0x08000000   0x08000000   0x00000188   Data   RO            3    RESET               startup_stm32f303xc.o
    0x08000188   0x08000188   0x00000000   Code   RO         5266  * .ARM.Collect$$$$00000000  mc_w.l(entry.o)
    0x08000188   0x08000188   0x00000004   Code   RO         5281    .ARM.Collect$$$$00000001  mc_w.l(entry2.o)
    0x0800018c   0x0800018c   0x00000004   Code   RO         5284    .ARM.Collect$$$$00000004  mc_w.l(entry5.o)
    0x08000190   0x08000190   0x00000000   Code   RO         5286    .ARM.Collect$$$$00000008  mc_w.l(entry7b.o)
    0x08000190   0x08000190   0x00000000   Code   RO         5288    .ARM.Collect$$$$0000000A  mc_w.l(entry8b.o)
    0x08000190   0x08000190   0x00000008   Code   RO         5289    .ARM.Collect$$$$0000000B  mc_w.l(entry9a.o)
    0x08000198   0x08000198   0x00000000   Code   RO         5291    .ARM.Collect$$$$0000000D  mc_w.l(entry10a.o)
    0x08000198   0x08000198   0x00000000   Code   RO         5293    .ARM.Collect$$$$0000000F  mc_w.l(entry11a.o)
    0x08000198   0x08000198   0x00000004   Code   RO         5282    .ARM.Collect$$$$00002712  mc_w.l(entry2.o)
    0x0800019c   0x0800019c   0x00000024   Code   RO            4    .text               startup_stm32f303xc.o
    0x080001c0   0x080001c0   0x00000024   Code   RO         5273    .text               mc_w.l(memseta.o)
    0x080001e4   0x080001e4   0x00000038   Code   RO         5277    .text               mc_w.l(__0sscanf.o)
    0x0800021c   0x0800021c   0x0000014c   Code   RO         5279    .text               mc_w.l(_scanf_int.o)
    0x08000368   0x08000368   0x0000001c   Code   RO         5295    .text               mc_w.l(_chval.o)
    0x08000384   0x08000384   0x00000028   Code   RO         5297    .text               mc_w.l(scanf_char.o)
    0x080003ac   0x080003ac   0x00000040   Code   RO         5299    .text               mc_w.l(_sgetc.o)
    0x080003ec   0x080003ec   0x00000024   Code   RO         5301    .text               mc_w.l(init.o)
    0x08000410   0x08000410   0x0000000a   Code   RO         5303    .text               mc_w.l(isspace_c.o)
    0x0800041a   0x0800041a   0x00000002   PAD
    0x0800041c   0x0800041c   0x0000032c   Code   RO         5305    .text               mc_w.l(_scanf.o)
    0x08000748   0x08000748   0x00000028   Code   RO         5307    .text               mc_w.l(ctype_c.o)
    0x08000770   0x08000770   0x0000001c   Code   RO          345    i.ADC1_2_IRQHandler  stm32f3xx_it.o
    0x0800078c   0x0800078c   0x000000bc   Code   RO          876    i.ADC_ConversionStop  stm32f3xx_hal_adc_ex.o
    0x08000848   0x08000848   0x00000062   Code   RO          880    i.ADC_Disable       stm32f3xx_hal_adc_ex.o
    0x080008aa   0x080008aa   0x00000002   PAD
    0x080008ac   0x080008ac   0x00000060   Code   RO          881    i.ADC_Enable        stm32f3xx_hal_adc_ex.o
    0x0800090c   0x0800090c   0x00000002   Code   RO          346    i.BusFault_Handler  stm32f3xx_it.o
    0x0800090e   0x0800090e   0x00000010   Code   RO         1266    i.DAC_DMAConvCpltCh1  stm32f3xx_hal_dac_ex.o
    0x0800091e   0x0800091e   0x00000010   Code   RO         1267    i.DAC_DMAConvCpltCh2  stm32f3xx_hal_dac_ex.o
    0x0800092e   0x0800092e   0x00000018   Code   RO         1268    i.DAC_DMAErrorCh1   stm32f3xx_hal_dac_ex.o
    0x08000946   0x08000946   0x00000018   Code   RO         1269    i.DAC_DMAErrorCh2   stm32f3xx_hal_dac_ex.o
    0x0800095e   0x0800095e   0x00000006   Code   RO         1270    i.DAC_DMAHalfConvCpltCh1  stm32f3xx_hal_dac_ex.o
    0x08000964   0x08000964   0x0000000a   Code   RO         1271    i.DAC_DMAHalfConvCpltCh2  stm32f3xx_hal_dac_ex.o
    0x0800096e   0x0800096e   0x00000002   PAD
    0x08000970   0x08000970   0x0000000c   Code   RO          347    i.DMA1_Channel3_IRQHandler  stm32f3xx_it.o
    0x0800097c   0x0800097c   0x0000003c   Code   RO         3731    i.DMA_CalcBaseAndBitshift  stm32f3xx_hal_dma.o
    0x080009b8   0x080009b8   0x0000002a   Code   RO         3732    i.DMA_SetConfig     stm32f3xx_hal_dma.o
    0x080009e2   0x080009e2   0x00000002   Code   RO          348    i.DebugMon_Handler  stm32f3xx_it.o
    0x080009e4   0x080009e4   0x00000002   Code   RO           13    i.Error_Handler     main.o
    0x080009e6   0x080009e6   0x00000006   Code   RO         5188    i.FATFS_LinkDriver  ff_gen_drv.o
    0x080009ec   0x080009ec   0x00000040   Code   RO         5189    i.FATFS_LinkDriverEx  ff_gen_drv.o
    0x08000a2c   0x08000a2c   0x00000002   Code   RO          886    i.HAL_ADCEx_InjectedConvCpltCallback  stm32f3xx_hal_adc_ex.o
    0x08000a2e   0x08000a2e   0x00000002   Code   RO          889    i.HAL_ADCEx_InjectedQueueOverflowCallback  stm32f3xx_hal_adc_ex.o
    0x08000a30   0x08000a30   0x00000002   Code   RO          894    i.HAL_ADCEx_LevelOutOfWindow2Callback  stm32f3xx_hal_adc_ex.o
    0x08000a32   0x08000a32   0x00000002   Code   RO          895    i.HAL_ADCEx_LevelOutOfWindow3Callback  stm32f3xx_hal_adc_ex.o
    0x08000a34   0x08000a34   0x00000114   Code   RO          896    i.HAL_ADCEx_MultiModeConfigChannel  stm32f3xx_hal_adc_ex.o
    0x08000b48   0x08000b48   0x00000394   Code   RO          905    i.HAL_ADC_ConfigChannel  stm32f3xx_hal_adc_ex.o
    0x08000edc   0x08000edc   0x00000034   Code   RO          586    i.HAL_ADC_ConvCpltCallback  sound_handler.o
    0x08000f10   0x08000f10   0x00000002   Code   RO          731    i.HAL_ADC_ErrorCallback  stm32f3xx_hal_adc.o
    0x08000f12   0x08000f12   0x00000006   Code   RO          907    i.HAL_ADC_GetValue  stm32f3xx_hal_adc_ex.o
    0x08000f18   0x08000f18   0x00000328   Code   RO          908    i.HAL_ADC_IRQHandler  stm32f3xx_hal_adc_ex.o
    0x08001240   0x08001240   0x00000248   Code   RO          909    i.HAL_ADC_Init      stm32f3xx_hal_adc_ex.o
    0x08001488   0x08001488   0x00000002   Code   RO          737    i.HAL_ADC_LevelOutOfWindowCallback  stm32f3xx_hal_adc.o
    0x0800148a   0x0800148a   0x00000002   PAD
    0x0800148c   0x0800148c   0x000000b4   Code   RO          458    i.HAL_ADC_MspInit   stm32f3xx_hal_msp.o
    0x08001540   0x08001540   0x00000150   Code   RO          912    i.HAL_ADC_Start     stm32f3xx_hal_adc_ex.o
    0x08001690   0x08001690   0x0000003e   Code   RO          915    i.HAL_ADC_Stop      stm32f3xx_hal_adc_ex.o
    0x080016ce   0x080016ce   0x00000002   Code   RO         1272    i.HAL_DACEx_ConvCpltCallbackCh2  stm32f3xx_hal_dac_ex.o
    0x080016d0   0x080016d0   0x00000002   Code   RO         1273    i.HAL_DACEx_ConvHalfCpltCallbackCh2  stm32f3xx_hal_dac_ex.o
    0x080016d2   0x080016d2   0x00000002   Code   RO         1274    i.HAL_DACEx_DMAUnderrunCallbackCh2  stm32f3xx_hal_dac_ex.o
    0x080016d4   0x080016d4   0x00000002   Code   RO         1277    i.HAL_DACEx_ErrorCallbackCh2  stm32f3xx_hal_dac_ex.o
    0x080016d6   0x080016d6   0x00000042   Code   RO         1280    i.HAL_DAC_ConfigChannel  stm32f3xx_hal_dac_ex.o
    0x08001718   0x08001718   0x00000002   Code   RO         1143    i.HAL_DAC_ConvCpltCallbackCh1  stm32f3xx_hal_dac.o
    0x0800171a   0x0800171a   0x00000002   Code   RO         1144    i.HAL_DAC_ConvHalfCpltCallbackCh1  stm32f3xx_hal_dac.o
    0x0800171c   0x0800171c   0x00000002   Code   RO         1145    i.HAL_DAC_DMAUnderrunCallbackCh1  stm32f3xx_hal_dac.o
    0x0800171e   0x0800171e   0x00000002   Code   RO         1147    i.HAL_DAC_ErrorCallbackCh1  stm32f3xx_hal_dac.o
    0x08001720   0x08001720   0x00000064   Code   RO         1282    i.HAL_DAC_IRQHandler  stm32f3xx_hal_dac_ex.o
    0x08001784   0x08001784   0x00000028   Code   RO         1151    i.HAL_DAC_Init      stm32f3xx_hal_dac.o
    0x080017ac   0x080017ac   0x000000ac   Code   RO          460    i.HAL_DAC_MspInit   stm32f3xx_hal_msp.o
    0x08001858   0x08001858   0x00000054   Code   RO         1284    i.HAL_DAC_Start     stm32f3xx_hal_dac_ex.o
    0x080018ac   0x080018ac   0x00000100   Code   RO         1285    i.HAL_DAC_Start_DMA  stm32f3xx_hal_dac_ex.o
    0x080019ac   0x080019ac   0x00000016   Code   RO         1156    i.HAL_DAC_Stop      stm32f3xx_hal_dac.o
    0x080019c2   0x080019c2   0x0000004a   Code   RO         3734    i.HAL_DMA_Abort_IT  stm32f3xx_hal_dma.o
    0x08001a0c   0x08001a0c   0x000000a8   Code   RO         3738    i.HAL_DMA_IRQHandler  stm32f3xx_hal_dma.o
    0x08001ab4   0x08001ab4   0x0000004e   Code   RO         3739    i.HAL_DMA_Init      stm32f3xx_hal_dma.o
    0x08001b02   0x08001b02   0x00000070   Code   RO         3743    i.HAL_DMA_Start_IT  stm32f3xx_hal_dma.o
    0x08001b72   0x08001b72   0x00000002   PAD
    0x08001b74   0x08001b74   0x00000188   Code   RO         3668    i.HAL_GPIO_Init     stm32f3xx_hal_gpio.o
    0x08001cfc   0x08001cfc   0x0000000a   Code   RO         3672    i.HAL_GPIO_WritePin  stm32f3xx_hal_gpio.o
    0x08001d06   0x08001d06   0x00000002   PAD
    0x08001d08   0x08001d08   0x0000000c   Code   RO         3355    i.HAL_GetTick       stm32f3xx_hal.o
    0x08001d14   0x08001d14   0x00000010   Code   RO         3361    i.HAL_IncTick       stm32f3xx_hal.o
    0x08001d24   0x08001d24   0x00000024   Code   RO         3362    i.HAL_Init          stm32f3xx_hal.o
    0x08001d48   0x08001d48   0x00000040   Code   RO         3363    i.HAL_InitTick      stm32f3xx_hal.o
    0x08001d88   0x08001d88   0x00000030   Code   RO          461    i.HAL_MspInit       stm32f3xx_hal_msp.o
    0x08001db8   0x08001db8   0x00000016   Code   RO         3836    i.HAL_NVIC_EnableIRQ  stm32f3xx_hal_cortex.o
    0x08001dce   0x08001dce   0x00000002   PAD
    0x08001dd0   0x08001dd0   0x00000040   Code   RO         3842    i.HAL_NVIC_SetPriority  stm32f3xx_hal_cortex.o
    0x08001e10   0x08001e10   0x00000024   Code   RO         3843    i.HAL_NVIC_SetPriorityGrouping  stm32f3xx_hal_cortex.o
    0x08001e34   0x08001e34   0x000000a6   Code   RO         3109    i.HAL_PCD_Init      stm32f3xx_hal_pcd.o
    0x08001eda   0x08001eda   0x00000002   PAD
    0x08001edc   0x08001edc   0x00000064   Code   RO          463    i.HAL_PCD_MspInit   stm32f3xx_hal_msp.o
    0x08001f40   0x08001f40   0x00000218   Code   RO         3625    i.HAL_RCCEx_PeriphCLKConfig  stm32f3xx_hal_rcc_ex.o
    0x08002158   0x08002158   0x00000144   Code   RO         3519    i.HAL_RCC_ClockConfig  stm32f3xx_hal_rcc.o
    0x0800229c   0x0800229c   0x00000030   Code   RO         3526    i.HAL_RCC_GetPCLK1Freq  stm32f3xx_hal_rcc.o
    0x080022cc   0x080022cc   0x00000030   Code   RO         3527    i.HAL_RCC_GetPCLK2Freq  stm32f3xx_hal_rcc.o
    0x080022fc   0x080022fc   0x00000064   Code   RO         3528    i.HAL_RCC_GetSysClockFreq  stm32f3xx_hal_rcc.o
    0x08002360   0x08002360   0x00000590   Code   RO         3531    i.HAL_RCC_OscConfig  stm32f3xx_hal_rcc.o
    0x080028f0   0x080028f0   0x000000b6   Code   RO         1409    i.HAL_SPI_Init      stm32f3xx_hal_spi.o
    0x080029a6   0x080029a6   0x00000002   PAD
    0x080029a8   0x080029a8   0x00000060   Code   RO          465    i.HAL_SPI_MspInit   stm32f3xx_hal_msp.o
    0x08002a08   0x08002a08   0x00000028   Code   RO         3847    i.HAL_SYSTICK_Config  stm32f3xx_hal_cortex.o
    0x08002a30   0x08002a30   0x00000002   Code   RO         2395    i.HAL_TIMEx_Break2Callback  stm32f3xx_hal_tim_ex.o
    0x08002a32   0x08002a32   0x00000002   Code   RO         2396    i.HAL_TIMEx_BreakCallback  stm32f3xx_hal_tim_ex.o
    0x08002a34   0x08002a34   0x00000002   Code   RO         2397    i.HAL_TIMEx_CommutationCallback  stm32f3xx_hal_tim_ex.o
    0x08002a36   0x08002a36   0x00000002   PAD
    0x08002a38   0x08002a38   0x00000058   Code   RO         2414    i.HAL_TIMEx_MasterConfigSynchronization  stm32f3xx_hal_tim_ex.o
    0x08002a90   0x08002a90   0x00000036   Code   RO         1751    i.HAL_TIM_Base_Init  stm32f3xx_hal_tim.o
    0x08002ac6   0x08002ac6   0x00000002   PAD
    0x08002ac8   0x08002ac8   0x00000078   Code   RO          467    i.HAL_TIM_Base_MspInit  stm32f3xx_hal_msp.o
    0x08002b40   0x08002b40   0x0000001a   Code   RO         1754    i.HAL_TIM_Base_Start  stm32f3xx_hal_tim.o
    0x08002b5a   0x08002b5a   0x00000018   Code   RO         1756    i.HAL_TIM_Base_Start_IT  stm32f3xx_hal_tim.o
    0x08002b72   0x08002b72   0x0000002c   Code   RO         1757    i.HAL_TIM_Base_Stop  stm32f3xx_hal_tim.o
    0x08002b9e   0x08002b9e   0x0000002a   Code   RO         1759    i.HAL_TIM_Base_Stop_IT  stm32f3xx_hal_tim.o
    0x08002bc8   0x08002bc8   0x000000fc   Code   RO         1760    i.HAL_TIM_ConfigClockSource  stm32f3xx_hal_tim.o
    0x08002cc4   0x08002cc4   0x00000002   Code   RO         1782    i.HAL_TIM_IC_CaptureCallback  stm32f3xx_hal_tim.o
    0x08002cc6   0x08002cc6   0x00000184   Code   RO         1795    i.HAL_TIM_IRQHandler  stm32f3xx_hal_tim.o
    0x08002e4a   0x08002e4a   0x00000002   PAD
    0x08002e4c   0x08002e4c   0x00000050   Code   RO          468    i.HAL_TIM_MspPostInit  stm32f3xx_hal_msp.o
    0x08002e9c   0x08002e9c   0x00000002   Code   RO         1798    i.HAL_TIM_OC_DelayElapsedCallback  stm32f3xx_hal_tim.o
    0x08002e9e   0x08002e9e   0x00000128   Code   RO         2434    i.HAL_TIM_PWM_ConfigChannel  stm32f3xx_hal_tim_ex.o
    0x08002fc6   0x08002fc6   0x00000036   Code   RO         1822    i.HAL_TIM_PWM_Init  stm32f3xx_hal_tim.o
    0x08002ffc   0x08002ffc   0x00000002   Code   RO         1824    i.HAL_TIM_PWM_MspInit  stm32f3xx_hal_tim.o
    0x08002ffe   0x08002ffe   0x00000002   Code   RO         1825    i.HAL_TIM_PWM_PulseFinishedCallback  stm32f3xx_hal_tim.o
    0x08003000   0x08003000   0x0000005c   Code   RO          587    i.HAL_TIM_PeriodElapsedCallback  sound_handler.o
    0x0800305c   0x0800305c   0x00000002   Code   RO         1836    i.HAL_TIM_TriggerCallback  stm32f3xx_hal_tim.o
    0x0800305e   0x0800305e   0x00000002   Code   RO         3039    i.HAL_UARTEx_WakeupCallback  stm32f3xx_hal_uart_ex.o
    0x08003060   0x08003060   0x00000002   Code   RO         2696    i.HAL_UART_ErrorCallback  stm32f3xx_hal_uart.o
    0x08003062   0x08003062   0x00000002   PAD
    0x08003064   0x08003064   0x00000140   Code   RO         2699    i.HAL_UART_IRQHandler  stm32f3xx_hal_uart.o
    0x080031a4   0x080031a4   0x0000006a   Code   RO         2700    i.HAL_UART_Init     stm32f3xx_hal_uart.o
    0x0800320e   0x0800320e   0x00000002   PAD
    0x08003210   0x08003210   0x000000c0   Code   RO          470    i.HAL_UART_MspInit  stm32f3xx_hal_msp.o
    0x080032d0   0x080032d0   0x0000007a   Code   RO         2705    i.HAL_UART_Receive_IT  stm32f3xx_hal_uart.o
    0x0800334a   0x0800334a   0x00000002   PAD
    0x0800334c   0x0800334c   0x00000058   Code   RO          677    i.HAL_UART_RxCpltCallback  uart.o
    0x080033a4   0x080033a4   0x000000b4   Code   RO         2708    i.HAL_UART_Transmit  stm32f3xx_hal_uart.o
    0x08003458   0x08003458   0x00000002   Code   RO         2711    i.HAL_UART_TxCpltCallback  stm32f3xx_hal_uart.o
    0x0800345a   0x0800345a   0x00000002   Code   RO          349    i.HardFault_Handler  stm32f3xx_it.o
    0x0800345c   0x0800345c   0x00000068   Code   RO           14    i.MX_ADC1_Init      main.o
    0x080034c4   0x080034c4   0x00000058   Code   RO           15    i.MX_ADC2_Init      main.o
    0x0800351c   0x0800351c   0x0000001c   Code   RO          307    i.MX_FATFS_Init     fatfs.o
    0x08003538   0x08003538   0x000000f4   Code   RO           16    i.MX_GPIO_Init      main.o
    0x0800362c   0x0800362c   0x00000040   Code   RO           17    i.MX_SPI1_Init      main.o
    0x0800366c   0x0800366c   0x00000054   Code   RO           18    i.MX_TIM2_Init      main.o
    0x080036c0   0x080036c0   0x00000080   Code   RO           19    i.MX_TIM3_Init      main.o
    0x08003740   0x08003740   0x0000002c   Code   RO           20    i.MX_UART4_Init     main.o
    0x0800376c   0x0800376c   0x0000002c   Code   RO           21    i.MX_USART1_UART_Init  main.o
    0x08003798   0x08003798   0x00000002   Code   RO          350    i.MemManage_Handler  stm32f3xx_it.o
    0x0800379a   0x0800379a   0x00000002   Code   RO          351    i.NMI_Handler       stm32f3xx_it.o
    0x0800379c   0x0800379c   0x00000020   Code   RO         3849    i.NVIC_SetPriority  stm32f3xx_hal_cortex.o
    0x080037bc   0x080037bc   0x00000002   Code   RO          352    i.PendSV_Handler    stm32f3xx_it.o
    0x080037be   0x080037be   0x00000002   Code   RO          353    i.SVC_Handler       stm32f3xx_it.o
    0x080037c0   0x080037c0   0x00000004   Code   RO          354    i.SysTick_Handler   stm32f3xx_it.o
    0x080037c4   0x080037c4   0x00000074   Code   RO           22    i.SystemClock_Config  main.o
    0x08003838   0x08003838   0x00000068   Code   RO         4775    i.SystemInit        system_stm32f3xx.o
    0x080038a0   0x080038a0   0x0000000c   Code   RO          355    i.TIM3_IRQHandler   stm32f3xx_it.o
    0x080038ac   0x080038ac   0x0000001c   Code   RO          356    i.TIM6_DAC_IRQHandler  stm32f3xx_it.o
    0x080038c8   0x080038c8   0x000000b0   Code   RO         1837    i.TIM_Base_SetConfig  stm32f3xx_hal_tim.o
    0x08003978   0x08003978   0x00000014   Code   RO         1844    i.TIM_ETR_SetConfig  stm32f3xx_hal_tim.o
    0x0800398c   0x0800398c   0x00000010   Code   RO         1845    i.TIM_ITRx_SetConfig  stm32f3xx_hal_tim.o
    0x0800399c   0x0800399c   0x0000009c   Code   RO         1846    i.TIM_OC1_SetConfig  stm32f3xx_hal_tim.o
    0x08003a38   0x08003a38   0x00000090   Code   RO         1847    i.TIM_OC2_SetConfig  stm32f3xx_hal_tim.o
    0x08003ac8   0x08003ac8   0x00000090   Code   RO         1848    i.TIM_OC3_SetConfig  stm32f3xx_hal_tim.o
    0x08003b58   0x08003b58   0x00000074   Code   RO         1849    i.TIM_OC4_SetConfig  stm32f3xx_hal_tim.o
    0x08003bcc   0x08003bcc   0x00000070   Code   RO         2437    i.TIM_OC5_SetConfig  stm32f3xx_hal_tim_ex.o
    0x08003c3c   0x08003c3c   0x00000070   Code   RO         2438    i.TIM_OC6_SetConfig  stm32f3xx_hal_tim_ex.o
    0x08003cac   0x08003cac   0x00000022   Code   RO         1851    i.TIM_TI1_ConfigInputStage  stm32f3xx_hal_tim.o
    0x08003cce   0x08003cce   0x00000024   Code   RO         1853    i.TIM_TI2_ConfigInputStage  stm32f3xx_hal_tim.o
    0x08003cf2   0x08003cf2   0x00000002   PAD
    0x08003cf4   0x08003cf4   0x0000000c   Code   RO          357    i.UART4_IRQHandler  stm32f3xx_it.o
    0x08003d00   0x08003d00   0x000000c8   Code   RO         2713    i.UART_AdvFeatureConfig  stm32f3xx_hal_uart.o
    0x08003dc8   0x08003dc8   0x0000005c   Code   RO         2714    i.UART_CheckIdleState  stm32f3xx_hal_uart.o
    0x08003e24   0x08003e24   0x00000014   Code   RO         2715    i.UART_DMAAbortOnError  stm32f3xx_hal_uart.o
    0x08003e38   0x08003e38   0x0000001c   Code   RO         2725    i.UART_EndRxTransfer  stm32f3xx_hal_uart.o
    0x08003e54   0x08003e54   0x0000001a   Code   RO         2726    i.UART_EndTransmit_IT  stm32f3xx_hal_uart.o
    0x08003e6e   0x08003e6e   0x00000076   Code   RO         2728    i.UART_Receive_IT   stm32f3xx_hal_uart.o
    0x08003ee4   0x08003ee4   0x000001d4   Code   RO         2729    i.UART_SetConfig    stm32f3xx_hal_uart.o
    0x080040b8   0x080040b8   0x00000064   Code   RO         2730    i.UART_Transmit_IT  stm32f3xx_hal_uart.o
    0x0800411c   0x0800411c   0x00000064   Code   RO         2731    i.UART_WaitOnFlagUntilTimeout  stm32f3xx_hal_uart.o
    0x08004180   0x08004180   0x0000000c   Code   RO          358    i.USART1_IRQHandler  stm32f3xx_it.o
    0x0800418c   0x0800418c   0x00000010   Code   RO          248    i.USER_initialize   user_diskio.o
    0x0800419c   0x0800419c   0x00000004   Code   RO          249    i.USER_ioctl        user_diskio.o
    0x080041a0   0x080041a0   0x00000004   Code   RO          250    i.USER_read         user_diskio.o
    0x080041a4   0x080041a4   0x00000010   Code   RO          251    i.USER_status       user_diskio.o
    0x080041b4   0x080041b4   0x00000004   Code   RO          252    i.USER_write        user_diskio.o
    0x080041b8   0x080041b8   0x00000002   Code   RO          359    i.UsageFault_Handler  stm32f3xx_it.o
    0x080041ba   0x080041ba   0x0000000e   Code   RO         5312    i.__scatterload_copy  mc_w.l(handlers.o)
    0x080041c8   0x080041c8   0x00000002   Code   RO         5313    i.__scatterload_null  mc_w.l(handlers.o)
    0x080041ca   0x080041ca   0x0000000e   Code   RO         5314    i.__scatterload_zeroinit  mc_w.l(handlers.o)
    0x080041d8   0x080041d8   0x00000018   Code   RO          678    i.clear_raw_buffer  uart.o
    0x080041f0   0x080041f0   0x00000092   Code   RO          588    i.freq_calculator   sound_handler.o
    0x08004282   0x08004282   0x00000002   PAD
    0x08004284   0x08004284   0x000000c0   Code   RO          589    i.init_sinus        sound_handler.o
    0x08004344   0x08004344   0x0000000c   Code   RO          590    i.init_sound_handler  sound_handler.o
    0x08004350   0x08004350   0x000000f4   Code   RO           23    i.main              main.o
    0x08004444   0x08004444   0x00000084   Code   RO          591    i.send_signal       sound_handler.o
    0x080044c8   0x080044c8   0x00000028   Code   RO          593    i.sinus_generate    sound_handler.o
    0x080044f0   0x080044f0   0x00000024   Code   RO          594    i.sound_acquisition  sound_handler.o
    0x08004514   0x08004514   0x00000040   Code   RO          595    i.sound_handler_process  sound_handler.o
    0x08004554   0x08004554   0x0000006c   Code   RO          679    i.uart_cmd_process  uart.o
    0x080045c0   0x080045c0   0x0000000c   Code   RO          680    i.uart_init         uart.o
    0x080045cc   0x080045cc   0x00000200   Data   RO          597    .constdata          sound_handler.o
    0x080047cc   0x080047cc   0x00000020   Data   RO         3532    .constdata          stm32f3xx_hal_rcc.o
    0x080047ec   0x080047ec   0x00000010   Data   RO         4776    .constdata          system_stm32f3xx.o
    0x080047fc   0x080047fc   0x00000008   Data   RO         4777    .constdata          system_stm32f3xx.o
    0x08004804   0x08004804   0x00000040   Data   RO         5308    .constdata          mc_w.l(ctype_c.o)
    0x08004844   0x08004844   0x00000020   Data   RO         5310    Region$$Table       anon$$obj.o


    Execution Region RW_IRAM1 (Exec base: 0x20000000, Load base: 0x08004864, Size: 0x00000b50, Max: 0x0000a000, ABSOLUTE)

    Exec Addr    Load Addr    Size         Type   Attr      Idx    E Section Name        Object

    0x20000000   0x08004864   0x00000038   Data   RW           26    .data               main.o
    0x20000038   0x0800489c   0x00000001   Data   RW          253    .data               user_diskio.o
    0x20000039   0x0800489d   0x00000003   PAD
    0x2000003c   0x080048a0   0x00000014   Data   RW          254    .data               user_diskio.o
    0x20000050   0x080048b4   0x00000005   Data   RW          311    .data               fatfs.o
    0x20000055   0x080048b9   0x00000003   PAD
    0x20000058   0x080048bc   0x00000004   Data   RW          471    .data               stm32f3xx_hal_msp.o
    0x2000005c   0x080048c0   0x00000018   Data   RW          598    .data               sound_handler.o
    0x20000074   0x080048d8   0x00000004   Data   RW          682    .data               uart.o
    0x20000078   0x080048dc   0x0000000c   Data   RW         3369    .data               stm32f3xx_hal.o
    0x20000084   0x080048e8   0x00000004   Data   RW         4778    .data               system_stm32f3xx.o
    0x20000088        -       0x00000668   Zero   RW           24    .bss                main.o
    0x200006f0        -       0x00000044   Zero   RW           25    .bss                main.o
    0x20000734        -       0x00000010   Zero   RW          681    .bss                uart.o
    0x20000744        -       0x0000000c   Zero   RW         5192    .bss                ff_gen_drv.o
    0x20000750        -       0x00000400   Zero   RW            1    STACK               startup_stm32f303xc.o


==============================================================================

Image component sizes


      Code (inc. data)   RO Data    RW Data    ZI Data      Debug   Object Name

         0          0          0          0          0        524   bluetooth.o
        28         10          0          5          0       1154   fatfs.o
        70          4          0          0         12       1759   ff_gen_drv.o
      1162        104          0         56       1708     649044   main.o
       766         76        512         24          0       8030   sound_handler.o
        36          8        392          0       1024        876   startup_stm32f303xc.o
       128         24          0         12          0      13069   stm32f3xx_hal.o
         4          0          0          0          0       1615   stm32f3xx_hal_adc.o
      3378        132          0          0          0      13804   stm32f3xx_hal_adc_ex.o
       194         14          0          0          0      30655   stm32f3xx_hal_cortex.o
        70          0          0          0          0       4222   stm32f3xx_hal_dac.o
       610         24          0          0          0      10157   stm32f3xx_hal_dac_ex.o
       534         12          0          0          0       5246   stm32f3xx_hal_dma.o
       402         28          0          0          0       2504   stm32f3xx_hal_gpio.o
       988         96          0          4          0       6813   stm32f3xx_hal_msp.o
       166          0          0          0          0       1545   stm32f3xx_hal_pcd.o
      1944         74         32          0          0       6028   stm32f3xx_hal_rcc.o
       536         14          0          0          0       1680   stm32f3xx_hal_rcc_ex.o
       182          0          0          0          0       1335   stm32f3xx_hal_spi.o
      1736        134          0          0          0      17194   stm32f3xx_hal_tim.o
       614         60          0          0          0       5825   stm32f3xx_hal_tim_ex.o
      1884         58          0          0          0      13159   stm32f3xx_hal_uart.o
         2          0          0          0          0       1016   stm32f3xx_hal_uart_ex.o
       124         44          0          0          0       7572   stm32f3xx_it.o
       104         22         24          4          0       1283   system_stm32f3xx.o
       232         58          0          4         16       3036   uart.o
        44         12          0         21          0       3416   user_diskio.o

    ----------------------------------------------------------------------
     15970       1008        992        136       2760     812561   Object Totals
         0          0         32          0          0          0   (incl. Generated)
        32          0          0          6          0          0   (incl. Padding)

    ----------------------------------------------------------------------

      Code (inc. data)   RO Data    RW Data    ZI Data      Debug   Library Member Name

        56          8          0          0          0         84   __0sscanf.o
        28          0          0          0          0         68   _chval.o
       812          4          0          0          0        112   _scanf.o
       332          0          0          0          0         96   _scanf_int.o
        64          0          0          0          0         84   _sgetc.o
        40          6         64          0          0         68   ctype_c.o
         0          0          0          0          0          0   entry.o
         0          0          0          0          0          0   entry10a.o
         0          0          0          0          0          0   entry11a.o
         8          4          0          0          0          0   entry2.o
         4          0          0          0          0          0   entry5.o
         0          0          0          0          0          0   entry7b.o
         0          0          0          0          0          0   entry8b.o
         8          4          0          0          0          0   entry9a.o
        30          0          0          0          0          0   handlers.o
        36          8          0          0          0         68   init.o
        10          0          0          0          0         68   isspace_c.o
        36          0          0          0          0        108   memseta.o
        40          8          0          0          0         84   scanf_char.o

    ----------------------------------------------------------------------
      1506         42         64          0          0        840   Library Totals
         2          0          0          0          0          0   (incl. Padding)

    ----------------------------------------------------------------------

      Code (inc. data)   RO Data    RW Data    ZI Data      Debug   Library Name

      1504         42         64          0          0        840   mc_w.l

    ----------------------------------------------------------------------
      1506         42         64          0          0        840   Library Totals

    ----------------------------------------------------------------------

==============================================================================


      Code (inc. data)   RO Data    RW Data    ZI Data      Debug   

     17476       1050       1056        136       2760     797793   Grand Totals
     17476       1050       1056        136       2760     797793   ELF Image Totals
     17476       1050       1056        136          0          0   ROM Totals

==============================================================================

    Total RO  Size (Code + RO Data)                18532 (  18.10kB)
    Total RW  Size (RW Data + ZI Data)              2896 (   2.83kB)
    Total ROM Size (Code + RO Data + RW Data)      18668 (  18.23kB)

==============================================================================

