Component: ARM Compiler 5.06 update 6 (build 750) Tool: armlink [4d35ed]

==============================================================================

Section Cross References

    startup_stm32f303xc.o(RESET) refers to startup_stm32f303xc.o(STACK) for __initial_sp
    startup_stm32f303xc.o(RESET) refers to startup_stm32f303xc.o(.text) for Reset_Handler
    startup_stm32f303xc.o(RESET) refers to stm32f3xx_it.o(i.NMI_Handler) for NMI_Handler
    startup_stm32f303xc.o(RESET) refers to stm32f3xx_it.o(i.HardFault_Handler) for HardFault_Handler
    startup_stm32f303xc.o(RESET) refers to stm32f3xx_it.o(i.MemManage_Handler) for MemManage_Handler
    startup_stm32f303xc.o(RESET) refers to stm32f3xx_it.o(i.BusFault_Handler) for BusFault_Handler
    startup_stm32f303xc.o(RESET) refers to stm32f3xx_it.o(i.UsageFault_Handler) for UsageFault_Handler
    startup_stm32f303xc.o(RESET) refers to stm32f3xx_it.o(i.SVC_Handler) for SVC_Handler
    startup_stm32f303xc.o(RESET) refers to stm32f3xx_it.o(i.DebugMon_Handler) for DebugMon_Handler
    startup_stm32f303xc.o(RESET) refers to stm32f3xx_it.o(i.PendSV_Handler) for PendSV_Handler
    startup_stm32f303xc.o(RESET) refers to stm32f3xx_it.o(i.SysTick_Handler) for SysTick_Handler
    startup_stm32f303xc.o(RESET) refers to stm32f3xx_it.o(i.DMA1_Channel3_IRQHandler) for DMA1_Channel3_IRQHandler
    startup_stm32f303xc.o(RESET) refers to stm32f3xx_it.o(i.ADC1_2_IRQHandler) for ADC1_2_IRQHandler
    startup_stm32f303xc.o(RESET) refers to stm32f3xx_it.o(i.TIM3_IRQHandler) for TIM3_IRQHandler
    startup_stm32f303xc.o(RESET) refers to stm32f3xx_it.o(i.USART1_IRQHandler) for USART1_IRQHandler
    startup_stm32f303xc.o(RESET) refers to stm32f3xx_it.o(i.UART4_IRQHandler) for UART4_IRQHandler
    startup_stm32f303xc.o(RESET) refers to stm32f3xx_it.o(i.UART5_IRQHandler) for UART5_IRQHandler
    startup_stm32f303xc.o(RESET) refers to stm32f3xx_it.o(i.TIM6_DAC_IRQHandler) for TIM6_DAC_IRQHandler
    startup_stm32f303xc.o(.text) refers to system_stm32f3xx.o(i.SystemInit) for SystemInit
    startup_stm32f303xc.o(.text) refers to entry.o(.ARM.Collect$$$$00000000) for __main
    sound_handler.o(i.HAL_ADC_ConvCpltCallback) refers to stm32f3xx_hal_adc_ex.o(i.HAL_ADC_Stop) for HAL_ADC_Stop
    sound_handler.o(i.HAL_ADC_ConvCpltCallback) refers to stm32f3xx_hal_adc_ex.o(i.HAL_ADC_GetValue) for HAL_ADC_GetValue
    sound_handler.o(i.HAL_ADC_ConvCpltCallback) refers to stm32f3xx_hal_uart.o(i.HAL_UART_Transmit) for HAL_UART_Transmit
    sound_handler.o(i.HAL_ADC_ConvCpltCallback) refers to sound_handler.o(.data) for .data
    sound_handler.o(i.HAL_ADC_ConvCpltCallback) refers to sound_handler.o(.bss) for .bss
    sound_handler.o(i.HAL_TIM_PeriodElapsedCallback) refers to stm32f3xx_hal_tim.o(i.HAL_TIM_Base_Stop_IT) for HAL_TIM_Base_Stop_IT
    sound_handler.o(i.HAL_TIM_PeriodElapsedCallback) refers to stm32f3xx_hal_uart.o(i.HAL_UART_Transmit) for HAL_UART_Transmit
    sound_handler.o(i.HAL_TIM_PeriodElapsedCallback) refers to sound_handler.o(.data) for .data
    sound_handler.o(i.init_sinus) refers to sound_handler.o(i.freq_calculator) for freq_calculator
    sound_handler.o(i.init_sinus) refers to stm32f3xx_hal_tim.o(i.HAL_TIM_Base_Stop) for HAL_TIM_Base_Stop
    sound_handler.o(i.init_sinus) refers to stm32f3xx_hal_dac.o(i.HAL_DAC_Stop) for HAL_DAC_Stop
    sound_handler.o(i.init_sinus) refers to stm32f3xx_hal_tim.o(i.HAL_TIM_Base_Init) for HAL_TIM_Base_Init
    sound_handler.o(i.init_sinus) refers to main.o(i.Error_Handler) for Error_Handler
    sound_handler.o(i.init_sinus) refers to stm32f3xx_hal_tim_ex.o(i.HAL_TIMEx_MasterConfigSynchronization) for HAL_TIMEx_MasterConfigSynchronization
    sound_handler.o(i.init_sinus) refers to stm32f3xx_hal_dac.o(i.HAL_DAC_Init) for HAL_DAC_Init
    sound_handler.o(i.init_sinus) refers to stm32f3xx_hal_dac_ex.o(i.HAL_DAC_ConfigChannel) for HAL_DAC_ConfigChannel
    sound_handler.o(i.init_sinus) refers to stm32f3xx_hal_tim.o(i.HAL_TIM_Base_Start) for HAL_TIM_Base_Start
    sound_handler.o(i.init_sinus) refers to stm32f3xx_hal_dac_ex.o(i.HAL_DAC_Start) for HAL_DAC_Start
    sound_handler.o(i.init_sinus) refers to stm32f3xx_hal_dac_ex.o(i.HAL_DAC_Start_DMA) for HAL_DAC_Start_DMA
    sound_handler.o(i.init_sinus) refers to stm32f3xx_hal_tim.o(i.HAL_TIM_Base_Start_IT) for HAL_TIM_Base_Start_IT
    sound_handler.o(i.init_sinus) refers to sound_handler.o(.data) for .data
    sound_handler.o(i.init_sinus) refers to sound_handler.o(.constdata) for .constdata
    sound_handler.o(i.init_sound_handler) refers to sound_handler.o(.data) for .data
    sound_handler.o(i.send_signal) refers to stm32f3xx_hal_dac_ex.o(i.HAL_DAC_Start) for HAL_DAC_Start
    sound_handler.o(i.send_signal) refers to stm32f3xx_hal_gpio.o(i.HAL_GPIO_WritePin) for HAL_GPIO_WritePin
    sound_handler.o(i.send_signal) refers to stm32f3xx_hal_dac.o(i.HAL_DAC_Stop) for HAL_DAC_Stop
    sound_handler.o(i.send_signal) refers to stm32f3xx_hal_tim.o(i.HAL_TIM_Base_Stop_IT) for HAL_TIM_Base_Stop_IT
[...]
    ../Drivers/STM32F3xx_HAL_Driver/Src/stm32f3xx_hal_pwr_ex.c 0x00000000   Number         0  stm32f3xx_hal_pwr_ex.o ABSOLUTE
    ../Drivers/STM32F3xx_HAL_Driver/Src/stm32f3xx_hal_rcc.c 0x00000000   Number         0  stm32f3xx_hal_rcc.o ABSOLUTE
    ../Drivers/STM32F3xx_HAL_Driver/Src/stm32f3xx_hal_rcc_ex.c 0x00000000   Number         0  stm32f3xx_hal_rcc_ex.o ABSOLUTE
    ../Drivers/STM32F3xx_HAL_Driver/Src/stm32f3xx_hal_spi.c 0x00000000   Number         0  stm32f3xx_hal_spi.o ABSOLUTE
    ../Drivers/STM32F3xx_HAL_Driver/Src/stm32f3xx_hal_spi_ex.c 0x00000000   Number         0  stm32f3xx_hal_spi_ex.o ABSOLUTE
    ../Drivers/STM32F3xx_HAL_Driver/Src/stm32f3xx_hal_tim.c 0x00000000   Number         0  stm32f3xx_hal_tim.o ABSOLUTE
    ../Drivers/STM32F3xx_HAL_Driver/Src/stm32f3xx_hal_tim_ex.c 0x00000000   Number         0  stm32f3xx_hal_tim_ex.o ABSOLUTE
    ../Drivers/STM32F3xx_HAL_Driver/Src/stm32f3xx_hal_uart.c 0x00000000   Number         0  stm32f3xx_hal_uart.o ABSOLUTE
    ../Drivers/STM32F3xx_HAL_Driver/Src/stm32f3xx_hal_uart_ex.c 0x00000000   Number         0  stm32f3xx_hal_uart_ex.o ABSOLUTE
    ../Middlewares/Third_Party/FatFs/src/diskio.c 0x00000000   Number         0  diskio.o ABSOLUTE
    ../Middlewares/Third_Party/FatFs/src/ff.c 0x00000000   Number         0  ff.o ABSOLUTE
    ../Middlewares/Third_Party/FatFs/src/ff_gen_drv.c 0x00000000   Number         0  ff_gen_drv.o ABSOLUTE
    ../Middlewares/Third_Party/FatFs/src/option/syscall.c 0x00000000   Number         0  syscall.o ABSOLUTE
    ../Src/fatfs.c                           0x00000000   Number         0  fatfs.o ABSOLUTE
    ../Src/main.c                            0x00000000   Number         0  main.o ABSOLUTE
    ../Src/stm32f3xx_hal_msp.c               0x00000000   Number         0  stm32f3xx_hal_msp.o ABSOLUTE
    ../Src/stm32f3xx_it.c                    0x00000000   Number         0  stm32f3xx_it.o ABSOLUTE
    ../Src/system_stm32f3xx.c                0x00000000   Number         0  system_stm32f3xx.o ABSOLUTE
    ../Src/user_diskio.c                     0x00000000   Number         0  user_diskio.o ABSOLUTE
    ../clib/microlib/init/entry.s            0x00000000   Number         0  entry8a.o ABSOLUTE
    ../clib/microlib/init/entry.s            0x00000000   Number         0  entry7b.o ABSOLUTE
    ../clib/microlib/init/entry.s            0x00000000   Number         0  entry7a.o ABSOLUTE
    ../clib/microlib/init/entry.s            0x00000000   Number         0  entry5.o ABSOLUTE
    ../clib/microlib/init/entry.s            0x00000000   Number         0  entry11a.o ABSOLUTE
    ../clib/microlib/init/entry.s            0x00000000   Number         0  entry.o ABSOLUTE
    ../clib/microlib/init/entry.s            0x00000000   Number         0  entry8b.o ABSOLUTE
    ../clib/microlib/init/entry.s            0x00000000   Number         0  entry2.o ABSOLUTE
    ../clib/microlib/init/entry.s            0x00000000   Number         0  entry11b.o ABSOLUTE
    ../clib/microlib/init/entry.s            0x00000000   Number         0  entry10b.o ABSOLUTE
    ../clib/microlib/init/entry.s            0x00000000   Number         0  entry10a.o ABSOLUTE
    ../clib/microlib/init/entry.s            0x00000000   Number         0  entry9b.o ABSOLUTE
    ../clib/microlib/init/entry.s            0x00000000   Number         0  entry9a.o ABSOLUTE
    ../clib/microlib/longlong.c              0x00000000   Number         0  llushr.o ABSOLUTE
    ../clib/microlib/string/memcpy.c         0x00000000   Number         0  memcpyb.o ABSOLUTE
    ../clib/microlib/string/memcpy.c         0x00000000   Number         0  memcpya.o ABSOLUTE
    ../clib/microlib/string/memset.c         0x00000000   Number         0  memseta.o ABSOLUTE
    ..\Drivers\STM32F3xx_HAL_Driver\Src\stm32f3xx_hal.c 0x00000000   Number         0  stm32f3xx_hal.o ABSOLUTE
    ..\Drivers\STM32F3xx_HAL_Driver\Src\stm32f3xx_hal_adc.c 0x00000000   Number         0  stm32f3xx_hal_adc.o ABSOLUTE
    ..\Drivers\STM32F3xx_HAL_Driver\Src\stm32f3xx_hal_adc_ex.c 0x00000000   Number         0  stm32f3xx_hal_adc_ex.o ABSOLUTE
    ..\Drivers\STM32F3xx_HAL_Driver\Src\stm32f3xx_hal_cortex.c 0x00000000   Number         0  stm32f3xx_hal_cortex.o ABSOLUTE
    ..\Drivers\STM32F3xx_HAL_Driver\Src\stm32f3xx_hal_dac.c 0x00000000   Number         0  stm32f3xx_hal_dac.o ABSOLUTE
    ..\Drivers\STM32F3xx_HAL_Driver\Src\stm32f3xx_hal_dac_ex.c 0x00000000   Number         0  stm32f3xx_hal_dac_ex.o ABSOLUTE
    ..\Drivers\STM32F3xx_HAL_Driver\Src\stm32f3xx_hal_dma.c 0x00000000   Number         0  stm32f3xx_hal_dma.o ABSOLUTE
    ..\Drivers\STM32F3xx_HAL_Driver\Src\stm32f3xx_hal_flash.c 0x00000000   Number         0  stm32f3xx_hal_flash.o ABSOLUTE
    ..\Drivers\STM32F3xx_HAL_Driver\Src\stm32f3xx_hal_flash_ex.c 0x00000000   Number         0  stm32f3xx_hal_flash_ex.o ABSOLUTE
    ..\Drivers\STM32F3xx_HAL_Driver\Src\stm32f3xx_hal_gpio.c 0x00000000   Number         0  stm32f3xx_hal_gpio.o ABSOLUTE
    ..\Drivers\STM32F3xx_HAL_Driver\Src\stm32f3xx_hal_i2c.c 0x00000000   Number         0  stm32f3xx_hal_i2c.o ABSOLUTE
    ..\Drivers\STM32F3xx_HAL_Driver\Src\stm32f3xx_hal_i2c_ex.c 0x00000000   Number         0  stm32f3xx_hal_i2c_ex.o ABSOLUTE
    ..\Drivers\STM32F3xx_HAL_Driver\Src\stm32f3xx_hal_pcd.c 0x00000000   Number         0  stm32f3xx_hal_pcd.o ABSOLUTE
    ..\Drivers\STM32F3xx_HAL_Driver\Src\stm32f3xx_hal_pcd_ex.c 0x00000000   Number         0  stm32f3xx_hal_pcd_ex.o ABSOLUTE
    ..\Drivers\STM32F3xx_HAL_Driver\Src\stm32f3xx_hal_pwr.c 0x00000000   Number         0  stm32f3xx_hal_pwr.o ABSOLUTE
    ..\Drivers\STM32F3xx_HAL_Driver\Src\stm32f3xx_hal_pwr_ex.c 0x00000000   Number         0  stm32f3xx_hal_pwr_ex.o ABSOLUTE
    ..\Drivers\STM32F3xx_HAL_Driver\Src\stm32f3xx_hal_rcc.c 0x00000000   Number         0  stm32f3xx_hal_rcc.o ABSOLUTE
    ..\Drivers\STM32F3xx_HAL_Driver\Src\stm32f3xx_hal_rcc_ex.c 0x00000000   Number         0  stm32f3xx_hal_rcc_ex.o ABSOLUTE
    ..\Drivers\STM32F3xx_HAL_Driver\Src\stm32f3xx_hal_spi.c 0x00000000   Number         0  stm32f3xx_hal_spi.o ABSOLUTE
    ..\Drivers\STM32F3xx_HAL_Driver\Src\stm32f3xx_hal_spi_ex.c 0x00000000   Number         0  stm32f3xx_hal_spi_ex.o ABSOLUTE
    ..\Drivers\STM32F3xx_HAL_Driver\Src\stm32f3xx_hal_tim.c 0x00000000   Number         0  stm32f3xx_hal_tim.o ABSOLUTE
    ..\Drivers\STM32F3xx_HAL_Driver\Src\stm32f3xx_hal_tim_ex.c 0x00000000   Number         0  stm32f3xx_hal_tim_ex.o ABSOLUTE
    ..\Drivers\STM32F3xx_HAL_Driver\Src\stm32f3xx_hal_uart.c 0x00000000   Number         0  stm32f3xx_hal_uart.o ABSOLUTE
    ..\Drivers\STM32F3xx_HAL_Driver\Src\stm32f3xx_hal_uart_ex.c 0x00000000   Number         0  stm32f3xx_hal_uart_ex.o ABSOLUTE
    ..\Middlewares\Third_Party\FatFs\src\diskio.c 0x00000000   Number         0  diskio.o ABSOLUTE
    ..\Middlewares\Third_Party\FatFs\src\ff.c 0x00000000   Number         0  ff.o ABSOLUTE
    ..\Middlewares\Third_Party\FatFs\src\ff_gen_drv.c 0x00000000   Number         0  ff_gen_drv.o ABSOLUTE
    ..\Middlewares\Third_Party\FatFs\src\option\syscall.c 0x00000000   Number         0  syscall.o ABSOLUTE
    ..\Src\bluetooth.c                       0x00000000   Number         0  bluetooth.o ABSOLUTE
    ..\Src\fatfs.c                           0x00000000   Number         0  fatfs.o ABSOLUTE
    ..\Src\main.c                            0x00000000   Number         0  main.o ABSOLUTE
    ..\Src\sound_handler.c                   0x00000000   Number         0  sound_handler.o ABSOLUTE
    ..\Src\stm32f3xx_hal_msp.c               0x00000000   Number         0  stm32f3xx_hal_msp.o ABSOLUTE
    ..\Src\stm32f3xx_it.c                    0x00000000   Number         0  stm32f3xx_it.o ABSOLUTE
    ..\Src\system_stm32f3xx.c                0x00000000   Number         0  system_stm32f3xx.o ABSOLUTE
    ..\Src\uart.c                            0x00000000   Number         0  uart.o ABSOLUTE
    ..\Src\user_diskio.c                     0x00000000   Number         0  user_diskio.o ABSOLUTE
    ..\\Src\\bluetooth.c                     0x00000000   Number         0  bluetooth.o ABSOLUTE
    ..\\Src\\sound_handler.c                 0x00000000   Number         0  sound_handler.o ABSOLUTE
    ..\\Src\\uart.c                          0x00000000   Number         0  uart.o ABSOLUTE
    dc.s                                     0x00000000   Number         0  dc.o ABSOLUTE
    handlers.s                               0x00000000   Number         0  handlers.o ABSOLUTE
    init.s                                   0x00000000   Number         0  init.o ABSOLUTE
    startup_stm32f303xc.s                    0x00000000   Number         0  startup_stm32f303xc.o ABSOLUTE
    RESET                                    0x08000000   Section      392  startup_stm32f303xc.o(RESET)
    .ARM.Collect$$$$00000000                 0x08000188   Section        0  entry.o(.ARM.Collect$$$$00000000)
    .ARM.Collect$$$$00000001                 0x08000188   Section        4  entry2.o(.ARM.Collect$$$$00000001)
    .ARM.Collect$$$$00000004                 0x0800018c   Section        4  entry5.o(.ARM.Collect$$$$00000004)
    .ARM.Collect$$$$00000008                 0x08000190   Section        0  entry7b.o(.ARM.Collect$$$$00000008)
    .ARM.Collect$$$$0000000A                 0x08000190   Section        0  entry8b.o(.ARM.Collect$$$$0000000A)
    .ARM.Collect$$$$0000000B                 0x08000190   Section        8  entry9a.o(.ARM.Collect$$$$0000000B)
    .ARM.Collect$$$$0000000D                 0x08000198   Section        0  entry10a.o(.ARM.Collect$$$$0000000D)
    .ARM.Collect$$$$0000000F                 0x08000198   Section        0  entry11a.o(.ARM.Collect$$$$0000000F)
    .ARM.Collect$$$$00002712                 0x08000198   Section        4  entry2.o(.ARM.Collect$$$$00002712)
    __lit__00000000                          0x08000198   Data           4  entry2.o(.ARM.Collect$$$$00002712)
    .text                                    0x0800019c   Section       36  startup_stm32f303xc.o(.text)
    $v0                                      0x0800019c   Number         0  startup_stm32f303xc.o(.text)
    .text                                    0x080001c0   Section        0  memseta.o(.text)
    .text                                    0x080001e4   Section       36  init.o(.text)
    i.ADC1_2_IRQHandler                      0x08000208   Section        0  stm32f3xx_it.o(i.ADC1_2_IRQHandler)
    i.ADC_ConversionStop                     0x08000224   Section        0  stm32f3xx_hal_adc_ex.o(i.ADC_ConversionStop)
    ADC_ConversionStop                       0x08000225   Thumb Code   182  stm32f3xx_hal_adc_ex.o(i.ADC_ConversionStop)
    i.ADC_Disable                            0x080002e0   Section        0  stm32f3xx_hal_adc_ex.o(i.ADC_Disable)
    ADC_Disable                              0x080002e1   Thumb Code    98  stm32f3xx_hal_adc_ex.o(i.ADC_Disable)
    i.ADC_Enable                             0x08000344   Section        0  stm32f3xx_hal_adc_ex.o(i.ADC_Enable)
    ADC_Enable                               0x08000345   Thumb Code    92  stm32f3xx_hal_adc_ex.o(i.ADC_Enable)
    i.BusFault_Handler                       0x080003a4   Section        0  stm32f3xx_it.o(i.BusFault_Handler)
    i.DAC_DMAConvCpltCh1                     0x080003a6   Section        0  stm32f3xx_hal_dac_ex.o(i.DAC_DMAConvCpltCh1)
    DAC_DMAConvCpltCh1                       0x080003a7   Thumb Code    16  stm32f3xx_hal_dac_ex.o(i.DAC_DMAConvCpltCh1)
    i.DAC_DMAConvCpltCh2                     0x080003b6   Section        0  stm32f3xx_hal_dac_ex.o(i.DAC_DMAConvCpltCh2)
    DAC_DMAConvCpltCh2                       0x080003b7   Thumb Code    16  stm32f3xx_hal_dac_ex.o(i.DAC_DMAConvCpltCh2)
    i.DAC_DMAErrorCh1                        0x080003c6   Section        0  stm32f3xx_hal_dac_ex.o(i.DAC_DMAErrorCh1)
    DAC_DMAErrorCh1                          0x080003c7   Thumb Code    24  stm32f3xx_hal_dac_ex.o(i.DAC_DMAErrorCh1)
    i.DAC_DMAErrorCh2                        0x080003de   Section        0  stm32f3xx_hal_dac_ex.o(i.DAC_DMAErrorCh2)
    DAC_DMAErrorCh2                          0x080003df   Thumb Code    24  stm32f3xx_hal_dac_ex.o(i.DAC_DMAErrorCh2)
    i.DAC_DMAHalfConvCpltCh1                 0x080003f6   Section        0  stm32f3xx_hal_dac_ex.o(i.DAC_DMAHalfConvCpltCh1)
    DAC_DMAHalfConvCpltCh1                   0x080003f7   Thumb Code     6  stm32f3xx_hal_dac_ex.o(i.DAC_DMAHalfConvCpltCh1)
    i.DAC_DMAHalfConvCpltCh2                 0x080003fc   Section        0  stm32f3xx_hal_dac_ex.o(i.DAC_DMAHalfConvCpltCh2)
    DAC_DMAHalfConvCpltCh2                   0x080003fd   Thumb Code    10  stm32f3xx_hal_dac_ex.o(i.DAC_DMAHalfConvCpltCh2)
    i.DMA1_Channel3_IRQHandler               0x08000408   Section        0  stm32f3xx_it.o(i.DMA1_Channel3_IRQHandler)
    i.DMA_CalcBaseAndBitshift                0x08000414   Section        0  stm32f3xx_hal_dma.o(i.DMA_CalcBaseAndBitshift)
    DMA_CalcBaseAndBitshift                  0x08000415   Thumb Code    48  stm32f3xx_hal_dma.o(i.DMA_CalcBaseAndBitshift)
    i.DMA_SetConfig                          0x08000450   Section        0  stm32f3xx_hal_dma.o(i.DMA_SetConfig)
    DMA_SetConfig                            0x08000451   Thumb Code    42  stm32f3xx_hal_dma.o(i.DMA_SetConfig)
    i.DebugMon_Handler                       0x0800047a   Section        0  stm32f3xx_it.o(i.DebugMon_Handler)
    i.Error_Handler                          0x0800047c   Section        0  main.o(i.Error_Handler)
    i.FATFS_LinkDriver                       0x0800047e   Section        0  ff_gen_drv.o(i.FATFS_LinkDriver)
    i.FATFS_LinkDriverEx                     0x08000484   Section        0  ff_gen_drv.o(i.FATFS_LinkDriverEx)
    i.HAL_ADCEx_InjectedConvCpltCallback     0x080004c4   Section        0  stm32f3xx_hal_adc_ex.o(i.HAL_ADCEx_InjectedConvCpltCallback)
    i.HAL_ADCEx_InjectedQueueOverflowCallback 0x080004c6   Section        0  stm32f3xx_hal_adc_ex.o(i.HAL_ADCEx_InjectedQueueOverflowCallback)
    i.HAL_ADCEx_LevelOutOfWindow2Callback    0x080004c8   Section        0  stm32f3xx_hal_adc_ex.o(i.HAL_ADCEx_LevelOutOfWindow2Callback)
    i.HAL_ADCEx_LevelOutOfWindow3Callback    0x080004ca   Section        0  stm32f3xx_hal_adc_ex.o(i.HAL_ADCEx_LevelOutOfWindow3Callback)
    i.HAL_ADCEx_MultiModeConfigChannel       0x080004cc   Section        0  stm32f3xx_hal_adc_ex.o(i.HAL_ADCEx_MultiModeConfigChannel)
    i.HAL_ADC_ConfigChannel                  0x080005e0   Section        0  stm32f3xx_hal_adc_ex.o(i.HAL_ADC_ConfigChannel)
    i.HAL_ADC_ConvCpltCallback               0x08000974   Section        0  sound_handler.o(i.HAL_ADC_ConvCpltCallback)
    i.HAL_ADC_ErrorCallback                  0x080009f4   Section        0  stm32f3xx_hal_adc.o(i.HAL_ADC_ErrorCallback)
    i.HAL_ADC_GetValue                       0x080009f6   Section        0  stm32f3xx_hal_adc_ex.o(i.HAL_ADC_GetValue)
    i.HAL_ADC_IRQHandler                     0x080009fc   Section        0  stm32f3xx_hal_adc_ex.o(i.HAL_ADC_IRQHandler)
    i.HAL_ADC_Init                           0x08000d24   Section        0  stm32f3xx_hal_adc_ex.o(i.HAL_ADC_Init)
    i.HAL_ADC_LevelOutOfWindowCallback       0x08000f6c   Section        0  stm32f3xx_hal_adc.o(i.HAL_ADC_LevelOutOfWindowCallback)
    i.HAL_ADC_MspInit                        0x08000f70   Section        0  stm32f3xx_hal_msp.o(i.HAL_ADC_MspInit)
    i.HAL_ADC_Start                          0x08001024   Section        0  stm32f3xx_hal_adc_ex.o(i.HAL_ADC_Start)
    i.HAL_ADC_Start_IT                       0x08001174   Section        0  stm32f3xx_hal_adc_ex.o(i.HAL_ADC_Start_IT)
    i.HAL_ADC_Stop                           0x080012f4   Section        0  stm32f3xx_hal_adc_ex.o(i.HAL_ADC_Stop)
    i.HAL_DACEx_ConvCpltCallbackCh2          0x08001332   Section        0  stm32f3xx_hal_dac_ex.o(i.HAL_DACEx_ConvCpltCallbackCh2)
    i.HAL_DACEx_ConvHalfCpltCallbackCh2      0x08001334   Section        0  stm32f3xx_hal_dac_ex.o(i.HAL_DACEx_ConvHalfCpltCallbackCh2)
    i.HAL_DACEx_DMAUnderrunCallbackCh2       0x08001336   Section        0  stm32f3xx_hal_dac_ex.o(i.HAL_DACEx_DMAUnderrunCallbackCh2)
    i.HAL_DACEx_ErrorCallbackCh2             0x08001338   Section        0  stm32f3xx_hal_dac_ex.o(i.HAL_DACEx_ErrorCallbackCh2)
    i.HAL_DAC_ConfigChannel                  0x0800133a   Section        0  stm32f3xx_hal_dac_ex.o(i.HAL_DAC_ConfigChannel)
    i.HAL_DAC_ConvCpltCallbackCh1            0x0800137c   Section        0  stm32f3xx_hal_dac.o(i.HAL_DAC_ConvCpltCallbackCh1)
    i.HAL_DAC_ConvHalfCpltCallbackCh1        0x0800137e   Section        0  stm32f3xx_hal_dac.o(i.HAL_DAC_ConvHalfCpltCallbackCh1)
    i.HAL_DAC_DMAUnderrunCallbackCh1         0x08001380   Section        0  stm32f3xx_hal_dac.o(i.HAL_DAC_DMAUnderrunCallbackCh1)
    i.HAL_DAC_ErrorCallbackCh1               0x08001382   Section        0  stm32f3xx_hal_dac.o(i.HAL_DAC_ErrorCallbackCh1)
    i.HAL_DAC_IRQHandler                     0x08001384   Section        0  stm32f3xx_hal_dac_ex.o(i.HAL_DAC_IRQHandler)
    i.HAL_DAC_Init                           0x080013e8   Section        0  stm32f3xx_hal_dac.o(i.HAL_DAC_Init)
    i.HAL_DAC_MspInit                        0x08001410   Section        0  stm32f3xx_hal_msp.o(i.HAL_DAC_MspInit)
    i.HAL_DAC_Start                          0x080014bc   Section        0  stm32f3xx_hal_dac_ex.o(i.HAL_DAC_Start)
    i.HAL_DAC_Start_DMA                      0x08001510   Section        0  stm32f3xx_hal_dac_ex.o(i.HAL_DAC_Start_DMA)
    i.HAL_DAC_Stop                           0x08001610   Section        0  stm32f3xx_hal_dac.o(i.HAL_DAC_Stop)
    i.HAL_DMA_Abort_IT                       0x08001626   Section        0  stm32f3xx_hal_dma.o(i.HAL_DMA_Abort_IT)
    i.HAL_DMA_IRQHandler                     0x08001670   Section        0  stm32f3xx_hal_dma.o(i.HAL_DMA_IRQHandler)
    i.HAL_DMA_Init                           0x08001718   Section        0  stm32f3xx_hal_dma.o(i.HAL_DMA_Init)
    i.HAL_DMA_Start_IT                       0x08001766   Section        0  stm32f3xx_hal_dma.o(i.HAL_DMA_Start_IT)
    i.HAL_GPIO_Init                          0x080017d8   Section        0  stm32f3xx_hal_gpio.o(i.HAL_GPIO_Init)
    i.HAL_GPIO_WritePin                      0x08001960   Section        0  stm32f3xx_hal_gpio.o(i.HAL_GPIO_WritePin)
    i.HAL_GetTick                            0x0800196c   Section        0  stm32f3xx_hal.o(i.HAL_GetTick)
    i.HAL_IncTick                            0x08001978   Section        0  stm32f3xx_hal.o(i.HAL_IncTick)
    i.HAL_Init                               0x08001988   Section        0  stm32f3xx_hal.o(i.HAL_Init)
    i.HAL_InitTick                           0x080019ac   Section        0  stm32f3xx_hal.o(i.HAL_InitTick)
    i.HAL_MspInit                            0x080019ec   Section        0  stm32f3xx_hal_msp.o(i.HAL_MspInit)
    i.HAL_NVIC_EnableIRQ                     0x08001a1c   Section        0  stm32f3xx_hal_cortex.o(i.HAL_NVIC_EnableIRQ)
    i.HAL_NVIC_SetPriority                   0x08001a34   Section        0  stm32f3xx_hal_cortex.o(i.HAL_NVIC_SetPriority)
    i.HAL_NVIC_SetPriorityGrouping           0x08001a74   Section        0  stm32f3xx_hal_cortex.o(i.HAL_NVIC_SetPriorityGrouping)
    i.HAL_PCD_Init                           0x08001a98   Section        0  stm32f3xx_hal_pcd.o(i.HAL_PCD_Init)
    i.HAL_PCD_MspInit                        0x08001b40   Section        0  stm32f3xx_hal_msp.o(i.HAL_PCD_MspInit)
    i.HAL_RCCEx_PeriphCLKConfig              0x08001ba4   Section        0  stm32f3xx_hal_rcc_ex.o(i.HAL_RCCEx_PeriphCLKConfig)
    i.HAL_RCC_ClockConfig                    0x08001dbc   Section        0  stm32f3xx_hal_rcc.o(i.HAL_RCC_ClockConfig)
    i.HAL_RCC_GetPCLK1Freq                   0x08001f00   Section        0  stm32f3xx_hal_rcc.o(i.HAL_RCC_GetPCLK1Freq)
    i.HAL_RCC_GetPCLK2Freq                   0x08001f30   Section        0  stm32f3xx_hal_rcc.o(i.HAL_RCC_GetPCLK2Freq)
    i.HAL_RCC_GetSysClockFreq                0x08001f60   Section        0  stm32f3xx_hal_rcc.o(i.HAL_RCC_GetSysClockFreq)
    i.HAL_RCC_OscConfig                      0x08001fc4   Section        0  stm32f3xx_hal_rcc.o(i.HAL_RCC_OscConfig)
    i.HAL_SPI_Init                           0x08002554   Section        0  stm32f3xx_hal_spi.o(i.HAL_SPI_Init)
    i.HAL_SPI_MspInit                        0x0800260c   Section        0  stm32f3xx_hal_msp.o(i.HAL_SPI_MspInit)
    i.HAL_SYSTICK_Config                     0x0800266c   Section        0  stm32f3xx_hal_cortex.o(i.HAL_SYSTICK_Config)
    i.HAL_TIMEx_Break2Callback               0x08002694   Section        0  stm32f3xx_hal_tim_ex.o(i.HAL_TIMEx_Break2Callback)
    i.HAL_TIMEx_BreakCallback                0x08002696   Section        0  stm32f3xx_hal_tim_ex.o(i.HAL_TIMEx_BreakCallback)
    i.HAL_TIMEx_CommutationCallback          0x08002698   Section        0  stm32f3xx_hal_tim_ex.o(i.HAL_TIMEx_CommutationCallback)
    i.HAL_TIMEx_MasterConfigSynchronization  0x0800269c   Section        0  stm32f3xx_hal_tim_ex.o(i.HAL_TIMEx_MasterConfigSynchronization)
    i.HAL_TIM_Base_Init                      0x080026f4   Section        0  stm32f3xx_hal_tim.o(i.HAL_TIM_Base_Init)
    i.HAL_TIM_Base_MspInit                   0x0800272c   Section        0  stm32f3xx_hal_msp.o(i.HAL_TIM_Base_MspInit)
    i.HAL_TIM_Base_Start                     0x080027a4   Section        0  stm32f3xx_hal_tim.o(i.HAL_TIM_Base_Start)
    i.HAL_TIM_Base_Start_IT                  0x080027be   Section        0  stm32f3xx_hal_tim.o(i.HAL_TIM_Base_Start_IT)
    i.HAL_TIM_Base_Stop                      0x080027d6   Section        0  stm32f3xx_hal_tim.o(i.HAL_TIM_Base_Stop)
    i.HAL_TIM_Base_Stop_IT                   0x08002802   Section        0  stm32f3xx_hal_tim.o(i.HAL_TIM_Base_Stop_IT)
    i.HAL_TIM_ConfigClockSource              0x0800282c   Section        0  stm32f3xx_hal_tim.o(i.HAL_TIM_ConfigClockSource)
    i.HAL_TIM_IC_CaptureCallback             0x08002928   Section        0  stm32f3xx_hal_tim.o(i.HAL_TIM_IC_CaptureCallback)
    i.HAL_TIM_IRQHandler                     0x0800292a   Section        0  stm32f3xx_hal_tim.o(i.HAL_TIM_IRQHandler)
    i.HAL_TIM_MspPostInit                    0x08002ab0   Section        0  stm32f3xx_hal_msp.o(i.HAL_TIM_MspPostInit)
    i.HAL_TIM_OC_DelayElapsedCallback        0x08002b00   Section        0  stm32f3xx_hal_tim.o(i.HAL_TIM_OC_DelayElapsedCallback)
    i.HAL_TIM_PWM_ConfigChannel              0x08002b02   Section        0  stm32f3xx_hal_tim_ex.o(i.HAL_TIM_PWM_ConfigChannel)
    i.HAL_TIM_PWM_Init                       0x08002c2a   Section        0  stm32f3xx_hal_tim.o(i.HAL_TIM_PWM_Init)
    i.HAL_TIM_PWM_MspInit                    0x08002c60   Section        0  stm32f3xx_hal_tim.o(i.HAL_TIM_PWM_MspInit)
    i.HAL_TIM_PWM_PulseFinishedCallback      0x08002c62   Section        0  stm32f3xx_hal_tim.o(i.HAL_TIM_PWM_PulseFinishedCallback)
    i.HAL_TIM_PeriodElapsedCallback          0x08002c64   Section        0  sound_handler.o(i.HAL_TIM_PeriodElapsedCallback)
    i.HAL_TIM_TriggerCallback                0x08002cd4   Section        0  stm32f3xx_hal_tim.o(i.HAL_TIM_TriggerCallback)
    i.HAL_UARTEx_WakeupCallback              0x08002cd6   Section        0  stm32f3xx_hal_uart_ex.o(i.HAL_UARTEx_WakeupCallback)
    i.HAL_UART_ErrorCallback                 0x08002cd8   Section        0  stm32f3xx_hal_uart.o(i.HAL_UART_ErrorCallback)
    i.HAL_UART_IRQHandler                    0x08002cdc   Section        0  stm32f3xx_hal_uart.o(i.HAL_UART_IRQHandler)
    i.HAL_UART_Init                          0x08002e1c   Section        0  stm32f3xx_hal_uart.o(i.HAL_UART_Init)
    i.HAL_UART_MspInit                       0x08002e88   Section        0  stm32f3xx_hal_msp.o(i.HAL_UART_MspInit)
    i.HAL_UART_Receive_IT                    0x08002fa4   Section        0  stm32f3xx_hal_uart.o(i.HAL_UART_Receive_IT)
    i.HAL_UART_RxCpltCallback                0x08003020   Section        0  uart.o(i.HAL_UART_RxCpltCallback)
    i.HAL_UART_Transmit                      0x08003078   Section        0  stm32f3xx_hal_uart.o(i.HAL_UART_Transmit)
    i.HAL_UART_TxCpltCallback                0x0800312c   Section        0  stm32f3xx_hal_uart.o(i.HAL_UART_TxCpltCallback)
    i.HardFault_Handler                      0x0800312e   Section        0  stm32f3xx_it.o(i.HardFault_Handler)
    i.MX_ADC1_Init                           0x08003130   Section        0  main.o(i.MX_ADC1_Init)
    MX_ADC1_Init                             0x08003131   Thumb Code    98  main.o(i.MX_ADC1_Init)
    i.MX_ADC2_Init                           0x08003198   Section        0  main.o(i.MX_ADC2_Init)
    MX_ADC2_Init                             0x08003199   Thumb Code    80  main.o(i.MX_ADC2_Init)
    i.MX_FATFS_Init                          0x080031f0   Section        0  fatfs.o(i.MX_FATFS_Init)
    i.MX_GPIO_Init                           0x0800320c   Section        0  main.o(i.MX_GPIO_Init)
    MX_GPIO_Init                             0x0800320d   Thumb Code   244  main.o(i.MX_GPIO_Init)
    i.MX_SPI1_Init                           0x08003310   Section        0  main.o(i.MX_SPI1_Init)
    MX_SPI1_Init                             0x08003311   Thumb Code    56  main.o(i.MX_SPI1_Init)
    i.MX_TIM2_Init                           0x08003350   Section        0  main.o(i.MX_TIM2_Init)
    MX_TIM2_Init                             0x08003351   Thumb Code    78  main.o(i.MX_TIM2_Init)
    i.MX_TIM3_Init                           0x080033a4   Section        0  main.o(i.MX_TIM3_Init)
    MX_TIM3_Init                             0x080033a5   Thumb Code   118  main.o(i.MX_TIM3_Init)
    i.MX_UART4_Init                          0x08003424   Section        0  main.o(i.MX_UART4_Init)
    MX_UART4_Init                            0x08003425   Thumb Code    36  main.o(i.MX_UART4_Init)
    i.MX_UART5_Init                          0x08003450   Section        0  main.o(i.MX_UART5_Init)
    MX_UART5_Init                            0x08003451   Thumb Code    36  main.o(i.MX_UART5_Init)
    i.MX_USART1_UART_Init                    0x0800347c   Section        0  main.o(i.MX_USART1_UART_Init)
    MX_USART1_UART_Init                      0x0800347d   Thumb Code    36  main.o(i.MX_USART1_UART_Init)
    i.MemManage_Handler                      0x080034a8   Section        0  stm32f3xx_it.o(i.MemManage_Handler)
    i.NMI_Handler                            0x080034aa   Section        0  stm32f3xx_it.o(i.NMI_Handler)
    i.NVIC_SetPriority                       0x080034ac   Section        0  stm32f3xx_hal_cortex.o(i.NVIC_SetPriority)
    NVIC_SetPriority                         0x080034ad   Thumb Code    32  stm32f3xx_hal_cortex.o(i.NVIC_SetPriority)
    i.PendSV_Handler                         0x080034cc   Section        0  stm32f3xx_it.o(i.PendSV_Handler)
    i.SVC_Handler                            0x080034ce   Section        0  stm32f3xx_it.o(i.SVC_Handler)
    i.SysTick_Handler                        0x080034d0   Section        0  stm32f3xx_it.o(i.SysTick_Handler)
    i.SystemClock_Config                     0x080034d4   Section        0  main.o(i.SystemClock_Config)
    i.SystemInit                             0x08003548   Section        0  system_stm32f3xx.o(i.SystemInit)
    i.TIM3_IRQHandler                        0x080035b0   Section        0  stm32f3xx_it.o(i.TIM3_IRQHandler)
    i.TIM6_DAC_IRQHandler                    0x080035bc   Section        0  stm32f3xx_it.o(i.TIM6_DAC_IRQHandler)
    i.TIM_Base_SetConfig                     0x080035d8   Section        0  stm32f3xx_hal_tim.o(i.TIM_Base_SetConfig)
    i.TIM_ETR_SetConfig                      0x08003688   Section        0  stm32f3xx_hal_tim.o(i.TIM_ETR_SetConfig)
    i.TIM_ITRx_SetConfig                     0x0800369c   Section        0  stm32f3xx_hal_tim.o(i.TIM_ITRx_SetConfig)
    TIM_ITRx_SetConfig                       0x0800369d   Thumb Code    16  stm32f3xx_hal_tim.o(i.TIM_ITRx_SetConfig)
    i.TIM_OC1_SetConfig                      0x080036ac   Section        0  stm32f3xx_hal_tim.o(i.TIM_OC1_SetConfig)
    i.TIM_OC2_SetConfig                      0x08003748   Section        0  stm32f3xx_hal_tim.o(i.TIM_OC2_SetConfig)
    i.TIM_OC3_SetConfig                      0x080037d8   Section        0  stm32f3xx_hal_tim.o(i.TIM_OC3_SetConfig)
    i.TIM_OC4_SetConfig                      0x08003868   Section        0  stm32f3xx_hal_tim.o(i.TIM_OC4_SetConfig)
    i.TIM_OC5_SetConfig                      0x080038dc   Section        0  stm32f3xx_hal_tim_ex.o(i.TIM_OC5_SetConfig)
    TIM_OC5_SetConfig                        0x080038dd   Thumb Code    86  stm32f3xx_hal_tim_ex.o(i.TIM_OC5_SetConfig)
    i.TIM_OC6_SetConfig                      0x0800394c   Section        0  stm32f3xx_hal_tim_ex.o(i.TIM_OC6_SetConfig)
    TIM_OC6_SetConfig                        0x0800394d   Thumb Code    88  stm32f3xx_hal_tim_ex.o(i.TIM_OC6_SetConfig)
    i.TIM_TI1_ConfigInputStage               0x080039bc   Section        0  stm32f3xx_hal_tim.o(i.TIM_TI1_ConfigInputStage)
    TIM_TI1_ConfigInputStage                 0x080039bd   Thumb Code    34  stm32f3xx_hal_tim.o(i.TIM_TI1_ConfigInputStage)
    i.TIM_TI2_ConfigInputStage               0x080039de   Section        0  stm32f3xx_hal_tim.o(i.TIM_TI2_ConfigInputStage)
    TIM_TI2_ConfigInputStage                 0x080039df   Thumb Code    36  stm32f3xx_hal_tim.o(i.TIM_TI2_ConfigInputStage)
    i.UART4_IRQHandler                       0x08003a04   Section        0  stm32f3xx_it.o(i.UART4_IRQHandler)
    i.UART5_IRQHandler                       0x08003a10   Section        0  stm32f3xx_it.o(i.UART5_IRQHandler)
    i.UART_AdvFeatureConfig                  0x08003a1c   Section        0  stm32f3xx_hal_uart.o(i.UART_AdvFeatureConfig)
    i.UART_CheckIdleState                    0x08003ae4   Section        0  stm32f3xx_hal_uart.o(i.UART_CheckIdleState)
    i.UART_DMAAbortOnError                   0x08003b40   Section        0  stm32f3xx_hal_uart.o(i.UART_DMAAbortOnError)
    UART_DMAAbortOnError                     0x08003b41   Thumb Code    20  stm32f3xx_hal_uart.o(i.UART_DMAAbortOnError)
    i.UART_EndRxTransfer                     0x08003b54   Section        0  stm32f3xx_hal_uart.o(i.UART_EndRxTransfer)
    UART_EndRxTransfer                       0x08003b55   Thumb Code    28  stm32f3xx_hal_uart.o(i.UART_EndRxTransfer)
    i.UART_EndTransmit_IT                    0x08003b70   Section        0  stm32f3xx_hal_uart.o(i.UART_EndTransmit_IT)
    i.UART_Receive_IT                        0x08003b8a   Section        0  stm32f3xx_hal_uart.o(i.UART_Receive_IT)
    i.UART_SetConfig                         0x08003c00   Section        0  stm32f3xx_hal_uart.o(i.UART_SetConfig)
    i.UART_Transmit_IT                       0x08003dd4   Section        0  stm32f3xx_hal_uart.o(i.UART_Transmit_IT)
    i.UART_WaitOnFlagUntilTimeout            0x08003e38   Section        0  stm32f3xx_hal_uart.o(i.UART_WaitOnFlagUntilTimeout)
    i.USART1_IRQHandler                      0x08003e9c   Section        0  stm32f3xx_it.o(i.USART1_IRQHandler)
    i.USER_initialize                        0x08003ea8   Section        0  user_diskio.o(i.USER_initialize)
    i.USER_ioctl                             0x08003eb8   Section        0  user_diskio.o(i.USER_ioctl)
    i.USER_read                              0x08003ebc   Section        0  user_diskio.o(i.USER_read)
    i.USER_status                            0x08003ec0   Section        0  user_diskio.o(i.USER_status)
    i.USER_write                             0x08003ed0   Section        0  user_diskio.o(i.USER_write)
    i.UsageFault_Handler                     0x08003ed4   Section        0  stm32f3xx_it.o(i.UsageFault_Handler)
    i.__scatterload_copy                     0x08003ed6   Section       14  handlers.o(i.__scatterload_copy)
    i.__scatterload_null                     0x08003ee4   Section        2  handlers.o(i.__scatterload_null)
    i.__scatterload_zeroinit                 0x08003ee6   Section       14  handlers.o(i.__scatterload_zeroinit)
    i.clear_raw_buffer                       0x08003ef4   Section        0  uart.o(i.clear_raw_buffer)
    i.freq_calculator                        0x08003f0c   Section        0  sound_handler.o(i.freq_calculator)
    i.init_sinus                             0x08003fa0   Section        0  sound_handler.o(i.init_sinus)
    i.init_sound_handler                     0x08004060   Section        0  sound_handler.o(i.init_sound_handler)
    i.main                                   0x0800406c   Section        0  main.o(i.main)
    i.send_signal                            0x0800416c   Section        0  sound_handler.o(i.send_signal)
    i.sinus_generate                         0x080041f0   Section        0  sound_handler.o(i.sinus_generate)
    i.sound_acquisition                      0x08004218   Section        0  sound_handler.o(i.sound_acquisition)
    i.sound_handler_process                  0x0800425c   Section        0  sound_handler.o(i.sound_handler_process)
    i.uart_cmd_process                       0x0800429c   Section        0  uart.o(i.uart_cmd_process)
    i.uart_init                              0x080042e0   Section        0  uart.o(i.uart_init)
    .constdata                               0x080042ec   Section      512  sound_handler.o(.constdata)
    .constdata                               0x080044ec   Section       32  stm32f3xx_hal_rcc.o(.constdata)
    .constdata                               0x0800450c   Section       16  system_stm32f3xx.o(.constdata)
    .constdata                               0x0800451c   Section        8  system_stm32f3xx.o(.constdata)
    .data                                    0x20000000   Section       40  sound_handler.o(.data)
    bips_counter                             0x20000006   Data           1  sound_handler.o(.data)
    init_flag                                0x20000007   Data           1  sound_handler.o(.data)
    .data                                    0x20000028   Section        4  uart.o(.data)
    .data                                    0x2000002c   Section       60  main.o(.data)
    .data                                    0x20000068   Section        1  user_diskio.o(.data)
    Stat                                     0x20000068   Data           1  user_diskio.o(.data)
    .data                                    0x2000006c   Section       20  user_diskio.o(.data)
    .data                                    0x20000080   Section        5  fatfs.o(.data)
    .data                                    0x20000088   Section        4  stm32f3xx_hal_msp.o(.data)
    HAL_RCC_ADC12_CLK_ENABLED                0x20000088   Data           4  stm32f3xx_hal_msp.o(.data)
    .data                                    0x2000008c   Section       12  stm32f3xx_hal.o(.data)
    .data                                    0x20000098   Section        4  system_stm32f3xx.o(.data)
    .bss                                     0x2000009c   Section     6000  sound_handler.o(.bss)
    .bss                                     0x2000180c   Section       16  uart.o(.bss)
    .bss                                     0x2000181c   Section     1752  main.o(.bss)
    .bss                                     0x20001ef4   Section       68  main.o(.bss)
    .bss                                     0x20001f38   Section       12  ff_gen_drv.o(.bss)
    STACK                                    0x20001f48   Section     1024  startup_stm32f303xc.o(STACK)

    Global Symbols

    Symbol Name                              Value     Ov Type        Size  Object(Section)

    BuildAttributes$$THM_ISAv4$E$P$D$K$B$S$7EM$VFPi3$EXTD16$VFPS$VFMA$PE$A:L22UL41UL21$X:L11$S22US41US21$IEEE1$IW$USESV6$~STKCKD$USESV7$~SHL$OSPACE$EBA8$MICROLIB$REQ8$PRES8$EABIv2 0x00000000   Number         0  anon$$obj.o ABSOLUTE
    __ARM_use_no_argv                        0x00000000   Number         0  main.o ABSOLUTE
    __cpp_initialize__aeabi_                  - Undefined Weak Reference
    __cxa_finalize                            - Undefined Weak Reference
    __decompress                              - Undefined Weak Reference
    _clock_init                               - Undefined Weak Reference
    _microlib_exit                            - Undefined Weak Reference
    __Vectors_Size                           0x00000188   Number         0  startup_stm32f303xc.o ABSOLUTE
    __Vectors                                0x08000000   Data           4  startup_stm32f303xc.o(RESET)
    __Vectors_End                            0x08000188   Data           0  startup_stm32f303xc.o(RESET)
    __main                                   0x08000189   Thumb Code     0  entry.o(.ARM.Collect$$$$00000000)
    _main_stk                                0x08000189   Thumb Code     0  entry2.o(.ARM.Collect$$$$00000001)
    _main_scatterload                        0x0800018d   Thumb Code     0  entry5.o(.ARM.Collect$$$$00000004)
    __main_after_scatterload                 0x08000191   Thumb Code     0  entry5.o(.ARM.Collect$$$$00000004)
    _main_clock                              0x08000191   Thumb Code     0  entry7b.o(.ARM.Collect$$$$00000008)
    _main_cpp_init                           0x08000191   Thumb Code     0  entry8b.o(.ARM.Collect$$$$0000000A)
    _main_init                               0x08000191   Thumb Code     0  entry9a.o(.ARM.Collect$$$$0000000B)
    __rt_final_cpp                           0x08000199   Thumb Code     0  entry10a.o(.ARM.Collect$$$$0000000D)
    __rt_final_exit                          0x08000199   Thumb Code     0  entry11a.o(.ARM.Collect$$$$0000000F)
    Reset_Handler                            0x0800019d   Thumb Code     8  startup_stm32f303xc.o(.text)
    ADC3_IRQHandler                          0x080001b7   Thumb Code     0  startup_stm32f303xc.o(.text)
    ADC4_IRQHandler                          0x080001b7   Thumb Code     0  startup_stm32f303xc.o(.text)
    CAN_RX1_IRQHandler                       0x080001b7   Thumb Code     0  startup_stm32f303xc.o(.text)
    CAN_SCE_IRQHandler                       0x080001b7   Thumb Code     0  startup_stm32f303xc.o(.text)
    COMP1_2_3_IRQHandler                     0x080001b7   Thumb Code     0  startup_stm32f303xc.o(.text)
    COMP4_5_6_IRQHandler                     0x080001b7   Thumb Code     0  startup_stm32f303xc.o(.text)
    COMP7_IRQHandler                         0x080001b7   Thumb Code     0  startup_stm32f303xc.o(.text)
    DMA1_Channel1_IRQHandler                 0x080001b7   Thumb Code     0  startup_stm32f303xc.o(.text)
    DMA1_Channel2_IRQHandler                 0x080001b7   Thumb Code     0  startup_stm32f303xc.o(.text)
    DMA1_Channel4_IRQHandler                 0x080001b7   Thumb Code     0  startup_stm32f303xc.o(.text)
    DMA1_Channel5_IRQHandler                 0x080001b7   Thumb Code     0  startup_stm32f303xc.o(.text)
    DMA1_Channel6_IRQHandler                 0x080001b7   Thumb Code     0  startup_stm32f303xc.o(.text)
    DMA1_Channel7_IRQHandler                 0x080001b7   Thumb Code     0  startup_stm32f303xc.o(.text)
    DMA2_Channel1_IRQHandler                 0x080001b7   Thumb Code     0  startup_stm32f303xc.o(.text)
    DMA2_Channel2_IRQHandler                 0x080001b7   Thumb Code     0  startup_stm32f303xc.o(.text)
    DMA2_Channel3_IRQHandler                 0x080001b7   Thumb Code     0  startup_stm32f303xc.o(.text)
    DMA2_Channel4_IRQHandler                 0x080001b7   Thumb Code     0  startup_stm32f303xc.o(.text)
    DMA2_Channel5_IRQHandler                 0x080001b7   Thumb Code     0  startup_stm32f303xc.o(.text)
    EXTI0_IRQHandler                         0x080001b7   Thumb Code     0  startup_stm32f303xc.o(.text)
    EXTI15_10_IRQHandler                     0x080001b7   Thumb Code     0  startup_stm32f303xc.o(.text)
    EXTI1_IRQHandler                         0x080001b7   Thumb Code     0  startup_stm32f303xc.o(.text)
    EXTI2_TSC_IRQHandler                     0x080001b7   Thumb Code     0  startup_stm32f303xc.o(.text)
    EXTI3_IRQHandler                         0x080001b7   Thumb Code     0  startup_stm32f303xc.o(.text)
    EXTI4_IRQHandler                         0x080001b7   Thumb Code     0  startup_stm32f303xc.o(.text)
    EXTI9_5_IRQHandler                       0x080001b7   Thumb Code     0  startup_stm32f303xc.o(.text)
    FLASH_IRQHandler                         0x080001b7   Thumb Code     0  startup_stm32f303xc.o(.text)
    FPU_IRQHandler                           0x080001b7   Thumb Code     0  startup_stm32f303xc.o(.text)
    I2C1_ER_IRQHandler                       0x080001b7   Thumb Code     0  startup_stm32f303xc.o(.text)
    I2C1_EV_IRQHandler                       0x080001b7   Thumb Code     0  startup_stm32f303xc.o(.text)
    I2C2_ER_IRQHandler                       0x080001b7   Thumb Code     0  startup_stm32f303xc.o(.text)
    I2C2_EV_IRQHandler                       0x080001b7   Thumb Code     0  startup_stm32f303xc.o(.text)
    PVD_IRQHandler                           0x080001b7   Thumb Code     0  startup_stm32f303xc.o(.text)
    RCC_IRQHandler                           0x080001b7   Thumb Code     0  startup_stm32f303xc.o(.text)
    RTC_Alarm_IRQHandler                     0x080001b7   Thumb Code     0  startup_stm32f303xc.o(.text)
    RTC_WKUP_IRQHandler                      0x080001b7   Thumb Code     0  startup_stm32f303xc.o(.text)
    SPI1_IRQHandler                          0x080001b7   Thumb Code     0  startup_stm32f303xc.o(.text)
    SPI2_IRQHandler                          0x080001b7   Thumb Code     0  startup_stm32f303xc.o(.text)
    SPI3_IRQHandler                          0x080001b7   Thumb Code     0  startup_stm32f303xc.o(.text)
    TAMP_STAMP_IRQHandler                    0x080001b7   Thumb Code     0  startup_stm32f303xc.o(.text)
    TIM1_BRK_TIM15_IRQHandler                0x080001b7   Thumb Code     0  startup_stm32f303xc.o(.text)
    TIM1_CC_IRQHandler                       0x080001b7   Thumb Code     0  startup_stm32f303xc.o(.text)
    TIM1_TRG_COM_TIM17_IRQHandler            0x080001b7   Thumb Code     0  startup_stm32f303xc.o(.text)
    TIM1_UP_TIM16_IRQHandler                 0x080001b7   Thumb Code     0  startup_stm32f303xc.o(.text)
    TIM2_IRQHandler                          0x080001b7   Thumb Code     0  startup_stm32f303xc.o(.text)
    TIM4_IRQHandler                          0x080001b7   Thumb Code     0  startup_stm32f303xc.o(.text)
    TIM7_IRQHandler                          0x080001b7   Thumb Code     0  startup_stm32f303xc.o(.text)
    TIM8_BRK_IRQHandler                      0x080001b7   Thumb Code     0  startup_stm32f303xc.o(.text)
    TIM8_CC_IRQHandler                       0x080001b7   Thumb Code     0  startup_stm32f303xc.o(.text)
    TIM8_TRG_COM_IRQHandler                  0x080001b7   Thumb Code     0  startup_stm32f303xc.o(.text)
    TIM8_UP_IRQHandler                       0x080001b7   Thumb Code     0  startup_stm32f303xc.o(.text)
    USART2_IRQHandler                        0x080001b7   Thumb Code     0  startup_stm32f303xc.o(.text)
    USART3_IRQHandler                        0x080001b7   Thumb Code     0  startup_stm32f303xc.o(.text)
    USBWakeUp_IRQHandler                     0x080001b7   Thumb Code     0  startup_stm32f303xc.o(.text)
    USBWakeUp_RMP_IRQHandler                 0x080001b7   Thumb Code     0  startup_stm32f303xc.o(.text)
    USB_HP_CAN_TX_IRQHandler                 0x080001b7   Thumb Code     0  startup_stm32f303xc.o(.text)
    USB_HP_IRQHandler                        0x080001b7   Thumb Code     0  startup_stm32f303xc.o(.text)
    USB_LP_CAN_RX0_IRQHandler                0x080001b7   Thumb Code     0  startup_stm32f303xc.o(.text)
    USB_LP_IRQHandler                        0x080001b7   Thumb Code     0  startup_stm32f303xc.o(.text)
    WWDG_IRQHandler                          0x080001b7   Thumb Code     0  startup_stm32f303xc.o(.text)
    __aeabi_memset                           0x080001c1   Thumb Code    14  memseta.o(.text)
    __aeabi_memset4                          0x080001c1   Thumb Code     0  memseta.o(.text)
    __aeabi_memset8                          0x080001c1   Thumb Code     0  memseta.o(.text)
    __aeabi_memclr                           0x080001cf   Thumb Code     4  memseta.o(.text)
    __aeabi_memclr4                          0x080001cf   Thumb Code     0  memseta.o(.text)
    __aeabi_memclr8                          0x080001cf   Thumb Code     0  memseta.o(.text)
    _memset$wrapper                          0x080001d3   Thumb Code    18  memseta.o(.text)
    __scatterload                            0x080001e5   Thumb Code    28  init.o(.text)
    __scatterload_rt2                        0x080001e5   Thumb Code     0  init.o(.text)
    ADC1_2_IRQHandler                        0x08000209   Thumb Code    18  stm32f3xx_it.o(i.ADC1_2_IRQHandler)
    BusFault_Handler                         0x080003a5   Thumb Code     2  stm32f3xx_it.o(i.BusFault_Handler)
    DMA1_Channel3_IRQHandler                 0x08000409   Thumb Code     6  stm32f3xx_it.o(i.DMA1_Channel3_IRQHandler)
    DebugMon_Handler                         0x0800047b   Thumb Code     2  stm32f3xx_it.o(i.DebugMon_Handler)
    Error_Handler                            0x0800047d   Thumb Code     2  main.o(i.Error_Handler)
    FATFS_LinkDriver                         0x0800047f   Thumb Code     6  ff_gen_drv.o(i.FATFS_LinkDriver)
    FATFS_LinkDriverEx                       0x08000485   Thumb Code    60  ff_gen_drv.o(i.FATFS_LinkDriverEx)
    HAL_ADCEx_InjectedConvCpltCallback       0x080004c5   Thumb Code     2  stm32f3xx_hal_adc_ex.o(i.HAL_ADCEx_InjectedConvCpltCallback)
    HAL_ADCEx_InjectedQueueOverflowCallback  0x080004c7   Thumb Code     2  stm32f3xx_hal_adc_ex.o(i.HAL_ADCEx_InjectedQueueOverflowCallback)
    HAL_ADCEx_LevelOutOfWindow2Callback      0x080004c9   Thumb Code     2  stm32f3xx_hal_adc_ex.o(i.HAL_ADCEx_LevelOutOfWindow2Callback)
    HAL_ADCEx_LevelOutOfWindow3Callback      0x080004cb   Thumb Code     2  stm32f3xx_hal_adc_ex.o(i.HAL_ADCEx_LevelOutOfWindow3Callback)
    HAL_ADCEx_MultiModeConfigChannel         0x080004cd   Thumb Code   256  stm32f3xx_hal_adc_ex.o(i.HAL_ADCEx_MultiModeConfigChannel)
    HAL_ADC_ConfigChannel                    0x080005e1   Thumb Code   884  stm32f3xx_hal_adc_ex.o(i.HAL_ADC_ConfigChannel)
    HAL_ADC_ConvCpltCallback                 0x08000975   Thumb Code   120  sound_handler.o(i.HAL_ADC_ConvCpltCallback)
    HAL_ADC_ErrorCallback                    0x080009f5   Thumb Code     2  stm32f3xx_hal_adc.o(i.HAL_ADC_ErrorCallback)
    HAL_ADC_GetValue                         0x080009f7   Thumb Code     6  stm32f3xx_hal_adc_ex.o(i.HAL_ADC_GetValue)
    HAL_ADC_IRQHandler                       0x080009fd   Thumb Code   790  stm32f3xx_hal_adc_ex.o(i.HAL_ADC_IRQHandler)
    HAL_ADC_Init                             0x08000d25   Thumb Code   546  stm32f3xx_hal_adc_ex.o(i.HAL_ADC_Init)
    HAL_ADC_LevelOutOfWindowCallback         0x08000f6d   Thumb Code     2  stm32f3xx_hal_adc.o(i.HAL_ADC_LevelOutOfWindowCallback)
    HAL_ADC_MspInit                          0x08000f71   Thumb Code   164  stm32f3xx_hal_msp.o(i.HAL_ADC_MspInit)
    HAL_ADC_Start                            0x08001025   Thumb Code   322  stm32f3xx_hal_adc_ex.o(i.HAL_ADC_Start)
    HAL_ADC_Start_IT                         0x08001175   Thumb Code   370  stm32f3xx_hal_adc_ex.o(i.HAL_ADC_Start_IT)
    HAL_ADC_Stop                             0x080012f5   Thumb Code    62  stm32f3xx_hal_adc_ex.o(i.HAL_ADC_Stop)
    HAL_DACEx_ConvCpltCallbackCh2            0x08001333   Thumb Code     2  stm32f3xx_hal_dac_ex.o(i.HAL_DACEx_ConvCpltCallbackCh2)
    HAL_DACEx_ConvHalfCpltCallbackCh2        0x08001335   Thumb Code     2  stm32f3xx_hal_dac_ex.o(i.HAL_DACEx_ConvHalfCpltCallbackCh2)
    HAL_DACEx_DMAUnderrunCallbackCh2         0x08001337   Thumb Code     2  stm32f3xx_hal_dac_ex.o(i.HAL_DACEx_DMAUnderrunCallbackCh2)
    HAL_DACEx_ErrorCallbackCh2               0x08001339   Thumb Code     2  stm32f3xx_hal_dac_ex.o(i.HAL_DACEx_ErrorCallbackCh2)
    HAL_DAC_ConfigChannel                    0x0800133b   Thumb Code    66  stm32f3xx_hal_dac_ex.o(i.HAL_DAC_ConfigChannel)
    HAL_DAC_ConvCpltCallbackCh1              0x0800137d   Thumb Code     2  stm32f3xx_hal_dac.o(i.HAL_DAC_ConvCpltCallbackCh1)
    HAL_DAC_ConvHalfCpltCallbackCh1          0x0800137f   Thumb Code     2  stm32f3xx_hal_dac.o(i.HAL_DAC_ConvHalfCpltCallbackCh1)
    HAL_DAC_DMAUnderrunCallbackCh1           0x08001381   Thumb Code     2  stm32f3xx_hal_dac.o(i.HAL_DAC_DMAUnderrunCallbackCh1)
    HAL_DAC_ErrorCallbackCh1                 0x08001383   Thumb Code     2  stm32f3xx_hal_dac.o(i.HAL_DAC_ErrorCallbackCh1)
    HAL_DAC_IRQHandler                       0x08001385   Thumb Code   100  stm32f3xx_hal_dac_ex.o(i.HAL_DAC_IRQHandler)
    HAL_DAC_Init                             0x080013e9   Thumb Code    40  stm32f3xx_hal_dac.o(i.HAL_DAC_Init)
    HAL_DAC_MspInit                          0x08001411   Thumb Code   152  stm32f3xx_hal_msp.o(i.HAL_DAC_MspInit)
    HAL_DAC_Start                            0x080014bd   Thumb Code    84  stm32f3xx_hal_dac_ex.o(i.HAL_DAC_Start)
    HAL_DAC_Start_DMA                        0x08001511   Thumb Code   232  stm32f3xx_hal_dac_ex.o(i.HAL_DAC_Start_DMA)
    HAL_DAC_Stop                             0x08001611   Thumb Code    22  stm32f3xx_hal_dac.o(i.HAL_DAC_Stop)
    HAL_DMA_Abort_IT                         0x08001627   Thumb Code    74  stm32f3xx_hal_dma.o(i.HAL_DMA_Abort_IT)
    HAL_DMA_IRQHandler                       0x08001671   Thumb Code   168  stm32f3xx_hal_dma.o(i.HAL_DMA_IRQHandler)
    HAL_DMA_Init                             0x08001719   Thumb Code    78  stm32f3xx_hal_dma.o(i.HAL_DMA_Init)
    HAL_DMA_Start_IT                         0x08001767   Thumb Code   112  stm32f3xx_hal_dma.o(i.HAL_DMA_Start_IT)
    HAL_GPIO_Init                            0x080017d9   Thumb Code   364  stm32f3xx_hal_gpio.o(i.HAL_GPIO_Init)
    HAL_GPIO_WritePin                        0x08001961   Thumb Code    10  stm32f3xx_hal_gpio.o(i.HAL_GPIO_WritePin)
    HAL_GetTick                              0x0800196d   Thumb Code     6  stm32f3xx_hal.o(i.HAL_GetTick)
    HAL_IncTick                              0x08001979   Thumb Code    12  stm32f3xx_hal.o(i.HAL_IncTick)
    HAL_Init                                 0x08001989   Thumb Code    32  stm32f3xx_hal.o(i.HAL_Init)
    HAL_InitTick                             0x080019ad   Thumb Code    54  stm32f3xx_hal.o(i.HAL_InitTick)
    HAL_MspInit                              0x080019ed   Thumb Code    44  stm32f3xx_hal_msp.o(i.HAL_MspInit)
    HAL_NVIC_EnableIRQ                       0x08001a1d   Thumb Code    22  stm32f3xx_hal_cortex.o(i.HAL_NVIC_EnableIRQ)
    HAL_NVIC_SetPriority                     0x08001a35   Thumb Code    60  stm32f3xx_hal_cortex.o(i.HAL_NVIC_SetPriority)
    HAL_NVIC_SetPriorityGrouping             0x08001a75   Thumb Code    26  stm32f3xx_hal_cortex.o(i.HAL_NVIC_SetPriorityGrouping)
    HAL_PCD_Init                             0x08001a99   Thumb Code   166  stm32f3xx_hal_pcd.o(i.HAL_PCD_Init)
    HAL_PCD_MspInit                          0x08001b41   Thumb Code    92  stm32f3xx_hal_msp.o(i.HAL_PCD_MspInit)
    HAL_RCCEx_PeriphCLKConfig                0x08001ba5   Thumb Code   522  stm32f3xx_hal_rcc_ex.o(i.HAL_RCCEx_PeriphCLKConfig)
    HAL_RCC_ClockConfig                      0x08001dbd   Thumb Code   306  stm32f3xx_hal_rcc.o(i.HAL_RCC_ClockConfig)
    HAL_RCC_GetPCLK1Freq                     0x08001f01   Thumb Code    34  stm32f3xx_hal_rcc.o(i.HAL_RCC_GetPCLK1Freq)
    HAL_RCC_GetPCLK2Freq                     0x08001f31   Thumb Code    34  stm32f3xx_hal_rcc.o(i.HAL_RCC_GetPCLK2Freq)
    HAL_RCC_GetSysClockFreq                  0x08001f61   Thumb Code    84  stm32f3xx_hal_rcc.o(i.HAL_RCC_GetSysClockFreq)
    HAL_RCC_OscConfig                        0x08001fc5   Thumb Code  1424  stm32f3xx_hal_rcc.o(i.HAL_RCC_OscConfig)
    HAL_SPI_Init                             0x08002555   Thumb Code   182  stm32f3xx_hal_spi.o(i.HAL_SPI_Init)
    HAL_SPI_MspInit                          0x0800260d   Thumb Code    88  stm32f3xx_hal_msp.o(i.HAL_SPI_MspInit)
    HAL_SYSTICK_Config                       0x0800266d   Thumb Code    40  stm32f3xx_hal_cortex.o(i.HAL_SYSTICK_Config)
    HAL_TIMEx_Break2Callback                 0x08002695   Thumb Code     2  stm32f3xx_hal_tim_ex.o(i.HAL_TIMEx_Break2Callback)
    HAL_TIMEx_BreakCallback                  0x08002697   Thumb Code     2  stm32f3xx_hal_tim_ex.o(i.HAL_TIMEx_BreakCallback)
    HAL_TIMEx_CommutationCallback            0x08002699   Thumb Code     2  stm32f3xx_hal_tim_ex.o(i.HAL_TIMEx_CommutationCallback)
    HAL_TIMEx_MasterConfigSynchronization    0x0800269d   Thumb Code    78  stm32f3xx_hal_tim_ex.o(i.HAL_TIMEx_MasterConfigSynchronization)
    HAL_TIM_Base_Init                        0x080026f5   Thumb Code    54  stm32f3xx_hal_tim.o(i.HAL_TIM_Base_Init)
    HAL_TIM_Base_MspInit                     0x0800272d   Thumb Code   108  stm32f3xx_hal_msp.o(i.HAL_TIM_Base_MspInit)
    HAL_TIM_Base_Start                       0x080027a5   Thumb Code    26  stm32f3xx_hal_tim.o(i.HAL_TIM_Base_Start)
    HAL_TIM_Base_Start_IT                    0x080027bf   Thumb Code    24  stm32f3xx_hal_tim.o(i.HAL_TIM_Base_Start_IT)
    HAL_TIM_Base_Stop                        0x080027d7   Thumb Code    44  stm32f3xx_hal_tim.o(i.HAL_TIM_Base_Stop)
    HAL_TIM_Base_Stop_IT                     0x08002803   Thumb Code    42  stm32f3xx_hal_tim.o(i.HAL_TIM_Base_Stop_IT)
    HAL_TIM_ConfigClockSource                0x0800282d   Thumb Code   246  stm32f3xx_hal_tim.o(i.HAL_TIM_ConfigClockSource)
    HAL_TIM_IC_CaptureCallback               0x08002929   Thumb Code     2  stm32f3xx_hal_tim.o(i.HAL_TIM_IC_CaptureCallback)
    HAL_TIM_IRQHandler                       0x0800292b   Thumb Code   388  stm32f3xx_hal_tim.o(i.HAL_TIM_IRQHandler)
    HAL_TIM_MspPostInit                      0x08002ab1   Thumb Code    68  stm32f3xx_hal_msp.o(i.HAL_TIM_MspPostInit)
    HAL_TIM_OC_DelayElapsedCallback          0x08002b01   Thumb Code     2  stm32f3xx_hal_tim.o(i.HAL_TIM_OC_DelayElapsedCallback)
    HAL_TIM_PWM_ConfigChannel                0x08002b03   Thumb Code   296  stm32f3xx_hal_tim_ex.o(i.HAL_TIM_PWM_ConfigChannel)
    HAL_TIM_PWM_Init                         0x08002c2b   Thumb Code    54  stm32f3xx_hal_tim.o(i.HAL_TIM_PWM_Init)
    HAL_TIM_PWM_MspInit                      0x08002c61   Thumb Code     2  stm32f3xx_hal_tim.o(i.HAL_TIM_PWM_MspInit)
    HAL_TIM_PWM_PulseFinishedCallback        0x08002c63   Thumb Code     2  stm32f3xx_hal_tim.o(i.HAL_TIM_PWM_PulseFinishedCallback)
    HAL_TIM_PeriodElapsedCallback            0x08002c65   Thumb Code   104  sound_handler.o(i.HAL_TIM_PeriodElapsedCallback)
    HAL_TIM_TriggerCallback                  0x08002cd5   Thumb Code     2  stm32f3xx_hal_tim.o(i.HAL_TIM_TriggerCallback)
    HAL_UARTEx_WakeupCallback                0x08002cd7   Thumb Code     2  stm32f3xx_hal_uart_ex.o(i.HAL_UARTEx_WakeupCallback)
    HAL_UART_ErrorCallback                   0x08002cd9   Thumb Code     2  stm32f3xx_hal_uart.o(i.HAL_UART_ErrorCallback)
    HAL_UART_IRQHandler                      0x08002cdd   Thumb Code   316  stm32f3xx_hal_uart.o(i.HAL_UART_IRQHandler)
    HAL_UART_Init                            0x08002e1d   Thumb Code   106  stm32f3xx_hal_uart.o(i.HAL_UART_Init)
    HAL_UART_MspInit                         0x08002e89   Thumb Code   260  stm32f3xx_hal_msp.o(i.HAL_UART_MspInit)
    HAL_UART_Receive_IT                      0x08002fa5   Thumb Code   122  stm32f3xx_hal_uart.o(i.HAL_UART_Receive_IT)
    HAL_UART_RxCpltCallback                  0x08003021   Thumb Code    74  uart.o(i.HAL_UART_RxCpltCallback)
    HAL_UART_Transmit                        0x08003079   Thumb Code   180  stm32f3xx_hal_uart.o(i.HAL_UART_Transmit)
    HAL_UART_TxCpltCallback                  0x0800312d   Thumb Code     2  stm32f3xx_hal_uart.o(i.HAL_UART_TxCpltCallback)
    HardFault_Handler                        0x0800312f   Thumb Code     2  stm32f3xx_it.o(i.HardFault_Handler)
    MX_FATFS_Init                            0x080031f1   Thumb Code    18  fatfs.o(i.MX_FATFS_Init)
    MemManage_Handler                        0x080034a9   Thumb Code     2  stm32f3xx_it.o(i.MemManage_Handler)
    NMI_Handler                              0x080034ab   Thumb Code     2  stm32f3xx_it.o(i.NMI_Handler)
    PendSV_Handler                           0x080034cd   Thumb Code     2  stm32f3xx_it.o(i.PendSV_Handler)
    SVC_Handler                              0x080034cf   Thumb Code     2  stm32f3xx_it.o(i.SVC_Handler)
    SysTick_Handler                          0x080034d1   Thumb Code     4  stm32f3xx_it.o(i.SysTick_Handler)
    SystemClock_Config                       0x080034d5   Thumb Code   112  main.o(i.SystemClock_Config)
    SystemInit                               0x08003549   Thumb Code    82  system_stm32f3xx.o(i.SystemInit)
    TIM3_IRQHandler                          0x080035b1   Thumb Code     6  stm32f3xx_it.o(i.TIM3_IRQHandler)
    TIM6_DAC_IRQHandler                      0x080035bd   Thumb Code    18  stm32f3xx_it.o(i.TIM6_DAC_IRQHandler)
    TIM_Base_SetConfig                       0x080035d9   Thumb Code   146  stm32f3xx_hal_tim.o(i.TIM_Base_SetConfig)
    TIM_ETR_SetConfig                        0x08003689   Thumb Code    20  stm32f3xx_hal_tim.o(i.TIM_ETR_SetConfig)
    TIM_OC1_SetConfig                        0x080036ad   Thumb Code   132  stm32f3xx_hal_tim.o(i.TIM_OC1_SetConfig)
    TIM_OC2_SetConfig                        0x08003749   Thumb Code   120  stm32f3xx_hal_tim.o(i.TIM_OC2_SetConfig)
    TIM_OC3_SetConfig                        0x080037d9   Thumb Code   118  stm32f3xx_hal_tim.o(i.TIM_OC3_SetConfig)
    TIM_OC4_SetConfig                        0x08003869   Thumb Code    92  stm32f3xx_hal_tim.o(i.TIM_OC4_SetConfig)
    UART4_IRQHandler                         0x08003a05   Thumb Code     6  stm32f3xx_it.o(i.UART4_IRQHandler)
    UART5_IRQHandler                         0x08003a11   Thumb Code     6  stm32f3xx_it.o(i.UART5_IRQHandler)
    UART_AdvFeatureConfig                    0x08003a1d   Thumb Code   200  stm32f3xx_hal_uart.o(i.UART_AdvFeatureConfig)
    UART_CheckIdleState                      0x08003ae5   Thumb Code    92  stm32f3xx_hal_uart.o(i.UART_CheckIdleState)
    UART_EndTransmit_IT                      0x08003b71   Thumb Code    26  stm32f3xx_hal_uart.o(i.UART_EndTransmit_IT)
    UART_Receive_IT                          0x08003b8b   Thumb Code   118  stm32f3xx_hal_uart.o(i.UART_Receive_IT)
    UART_SetConfig                           0x08003c01   Thumb Code   434  stm32f3xx_hal_uart.o(i.UART_SetConfig)
    UART_Transmit_IT                         0x08003dd5   Thumb Code   100  stm32f3xx_hal_uart.o(i.UART_Transmit_IT)
    UART_WaitOnFlagUntilTimeout              0x08003e39   Thumb Code   100  stm32f3xx_hal_uart.o(i.UART_WaitOnFlagUntilTimeout)
    USART1_IRQHandler                        0x08003e9d   Thumb Code     6  stm32f3xx_it.o(i.USART1_IRQHandler)
    USER_initialize                          0x08003ea9   Thumb Code    10  user_diskio.o(i.USER_initialize)
    USER_ioctl                               0x08003eb9   Thumb Code     4  user_diskio.o(i.USER_ioctl)
    USER_read                                0x08003ebd   Thumb Code     4  user_diskio.o(i.USER_read)
    USER_status                              0x08003ec1   Thumb Code    10  user_diskio.o(i.USER_status)
    USER_write                               0x08003ed1   Thumb Code     4  user_diskio.o(i.USER_write)
    UsageFault_Handler                       0x08003ed5   Thumb Code     2  stm32f3xx_it.o(i.UsageFault_Handler)
    __scatterload_copy                       0x08003ed7   Thumb Code    14  handlers.o(i.__scatterload_copy)
    __scatterload_null                       0x08003ee5   Thumb Code     2  handlers.o(i.__scatterload_null)
    __scatterload_zeroinit                   0x08003ee7   Thumb Code    14  handlers.o(i.__scatterload_zeroinit)
    clear_raw_buffer                         0x08003ef5   Thumb Code    18  uart.o(i.clear_raw_buffer)
    freq_calculator                          0x08003f0d   Thumb Code   146  sound_handler.o(i.freq_calculator)
    init_sinus                               0x08003fa1   Thumb Code   184  sound_handler.o(i.init_sinus)
    init_sound_handler                       0x08004061   Thumb Code     6  sound_handler.o(i.init_sound_handler)
    main                                     0x0800406d   Thumb Code   224  main.o(i.main)
    send_signal                              0x0800416d   Thumb Code   124  sound_handler.o(i.send_signal)
    sinus_generate                           0x080041f1   Thumb Code    34  sound_handler.o(i.sinus_generate)
    sound_acquisition                        0x08004219   Thumb Code    64  sound_handler.o(i.sound_acquisition)
    sound_handler_process                    0x0800425d   Thumb Code    58  sound_handler.o(i.sound_handler_process)
    uart_cmd_process                         0x0800429d   Thumb Code    60  uart.o(i.uart_cmd_process)
    uart_init                                0x080042e1   Thumb Code     8  uart.o(i.uart_init)
    sine_wave_array                          0x080042ec   Data         512  sound_handler.o(.constdata)
    aPLLMULFactorTable                       0x080044ec   Data          16  stm32f3xx_hal_rcc.o(.constdata)
    aPredivFactorTable                       0x080044fc   Data          16  stm32f3xx_hal_rcc.o(.constdata)
    AHBPrescTable                            0x0800450c   Data          16  system_stm32f3xx.o(.constdata)
    APBPrescTable                            0x0800451c   Data           8  system_stm32f3xx.o(.constdata)
    Region$$Table$$Base                      0x08004524   Number         0  anon$$obj.o(Region$$Table)
    Region$$Table$$Limit                     0x08004544   Number         0  anon$$obj.o(Region$$Table)
    inverse_signal                           0x20000000   Data           1  sound_handler.o(.data)
    is_high                                  0x20000001   Data           1  sound_handler.o(.data)
    acq_busy                                 0x20000002   Data           1  sound_handler.o(.data)
    time_step_cnt                            0x20000003   Data           1  sound_handler.o(.data)
    adc1_L                                   0x20000004   Data           1  sound_handler.o(.data)
    sh_current_state                         0x20000005   Data           1  sound_handler.o(.data)
    signal_time_H                            0x20000008   Data           2  sound_handler.o(.data)
    signal_time_L                            0x2000000a   Data           2  sound_handler.o(.data)
    signal_time_Acq                          0x2000000c   Data           2  sound_handler.o(.data)
    signal_time_counter                      0x2000000e   Data           2  sound_handler.o(.data)
    adc_buffer_ptr                           0x20000010   Data           2  sound_handler.o(.data)
    adc1value                                0x20000012   Data           2  sound_handler.o(.data)
    sound_pck                                0x20000014   Data           4  sound_handler.o(.data)
    high_flag                                0x20000018   Data           5  sound_handler.o(.data)
    stop_flag                                0x2000001d   Data           5  sound_handler.o(.data)
    start_flag                               0x20000022   Data           6  sound_handler.o(.data)
    cmd_received                             0x20000028   Data           1  uart.o(.data)
    Rx_byte                                  0x20000029   Data           1  uart.o(.data)
    raw_data_buffer_ptr                      0x2000002a   Data           2  uart.o(.data)
    cmd_packet                               0x2000002c   Data          28  main.o(.data)
    sinus_info                               0x20000048   Data          32  main.o(.data)
    USER_Driver                              0x2000006c   Data          20  user_diskio.o(.data)
    retUSER                                  0x20000080   Data           1  fatfs.o(.data)
    USERPath                                 0x20000081   Data           4  fatfs.o(.data)
    uwTickFreq                               0x2000008c   Data           1  stm32f3xx_hal.o(.data)
    uwTickPrio                               0x20000090   Data           4  stm32f3xx_hal.o(.data)
    uwTick                                   0x20000094   Data           4  stm32f3xx_hal.o(.data)
    SystemCoreClock                          0x20000098   Data           4  system_stm32f3xx.o(.data)
    adc_buffer                               0x2000009c   Data        6000  sound_handler.o(.bss)
    raw_data                                 0x2000180c   Data          16  uart.o(.bss)
    hadc1                                    0x2000181c   Data          84  main.o(.bss)
    hadc2                                    0x20001870   Data          84  main.o(.bss)
    hdac                                     0x200018c4   Data          20  main.o(.bss)
    hspi1                                    0x200018d8   Data         100  main.o(.bss)
    htim2                                    0x2000193c   Data          64  main.o(.bss)
    htim3                                    0x2000197c   Data          64  main.o(.bss)
    htim6                                    0x200019bc   Data          64  main.o(.bss)
    huart4                                   0x200019fc   Data         112  main.o(.bss)
    huart5                                   0x20001a6c   Data         112  main.o(.bss)
    huart1                                   0x20001adc   Data         112  main.o(.bss)
    hpcd_USB_FS                              0x20001b4c   Data         936  main.o(.bss)
    hdma_dac_ch1                             0x20001ef4   Data          68  main.o(.bss)
    disk                                     0x20001f38   Data          12  ff_gen_drv.o(.bss)
    __initial_sp                             0x20002348   Data           0  startup_stm32f303xc.o(STACK)



==============================================================================

Memory Map of the image

  Image Entry point : 0x08000189

  Load Region LR_IROM1 (Base: 0x08000000, Size: 0x000045e0, Max: 0x00040000, ABSOLUTE)

    Execution Region ER_IROM1 (Exec base: 0x08000000, Load base: 0x08000000, Size: 0x00004544, Max: 0x00040000, ABSOLUTE)

    Exec Addr    Load Addr    Size         Type   Attr      Idx    E Section Name        Object

    0x08000000   0x08000000   0x00000188   Data   RO            3    RESET               startup_stm32f303xc.o
    0x08000188   0x08000188   0x00000000   Code   RO         5277  * .ARM.Collect$$$$00000000  mc_w.l(entry.o)
    0x08000188   0x08000188   0x00000004   Code   RO         5288    .ARM.Collect$$$$00000001  mc_w.l(entry2.o)
    0x0800018c   0x0800018c   0x00000004   Code   RO         5291    .ARM.Collect$$$$00000004  mc_w.l(entry5.o)
    0x08000190   0x08000190   0x00000000   Code   RO         5293    .ARM.Collect$$$$00000008  mc_w.l(entry7b.o)
    0x08000190   0x08000190   0x00000000   Code   RO         5295    .ARM.Collect$$$$0000000A  mc_w.l(entry8b.o)
    0x08000190   0x08000190   0x00000008   Code   RO         5296    .ARM.Collect$$$$0000000B  mc_w.l(entry9a.o)
    0x08000198   0x08000198   0x00000000   Code   RO         5298    .ARM.Collect$$$$0000000D  mc_w.l(entry10a.o)
    0x08000198   0x08000198   0x00000000   Code   RO         5300    .ARM.Collect$$$$0000000F  mc_w.l(entry11a.o)
    0x08000198   0x08000198   0x00000004   Code   RO         5289    .ARM.Collect$$$$00002712  mc_w.l(entry2.o)
    0x0800019c   0x0800019c   0x00000024   Code   RO            4    .text               startup_stm32f303xc.o
    0x080001c0   0x080001c0   0x00000024   Code   RO         5284    .text               mc_w.l(memseta.o)
    0x080001e4   0x080001e4   0x00000024   Code   RO         5302    .text               mc_w.l(init.o)
    0x08000208   0x08000208   0x0000001c   Code   RO          514    i.ADC1_2_IRQHandler  stm32f3xx_it.o
    0x08000224   0x08000224   0x000000bc   Code   RO          887    i.ADC_ConversionStop  stm32f3xx_hal_adc_ex.o
    0x080002e0   0x080002e0   0x00000062   Code   RO          891    i.ADC_Disable       stm32f3xx_hal_adc_ex.o
    0x08000342   0x08000342   0x00000002   PAD
    0x08000344   0x08000344   0x00000060   Code   RO          892    i.ADC_Enable        stm32f3xx_hal_adc_ex.o
    0x080003a4   0x080003a4   0x00000002   Code   RO          515    i.BusFault_Handler  stm32f3xx_it.o
    0x080003a6   0x080003a6   0x00000010   Code   RO         1277    i.DAC_DMAConvCpltCh1  stm32f3xx_hal_dac_ex.o
    0x080003b6   0x080003b6   0x00000010   Code   RO         1278    i.DAC_DMAConvCpltCh2  stm32f3xx_hal_dac_ex.o
    0x080003c6   0x080003c6   0x00000018   Code   RO         1279    i.DAC_DMAErrorCh1   stm32f3xx_hal_dac_ex.o
    0x080003de   0x080003de   0x00000018   Code   RO         1280    i.DAC_DMAErrorCh2   stm32f3xx_hal_dac_ex.o
    0x080003f6   0x080003f6   0x00000006   Code   RO         1281    i.DAC_DMAHalfConvCpltCh1  stm32f3xx_hal_dac_ex.o
    0x080003fc   0x080003fc   0x0000000a   Code   RO         1282    i.DAC_DMAHalfConvCpltCh2  stm32f3xx_hal_dac_ex.o
    0x08000406   0x08000406   0x00000002   PAD
    0x08000408   0x08000408   0x0000000c   Code   RO          516    i.DMA1_Channel3_IRQHandler  stm32f3xx_it.o
    0x08000414   0x08000414   0x0000003c   Code   RO         3742    i.DMA_CalcBaseAndBitshift  stm32f3xx_hal_dma.o
    0x08000450   0x08000450   0x0000002a   Code   RO         3743    i.DMA_SetConfig     stm32f3xx_hal_dma.o
    0x0800047a   0x0800047a   0x00000002   Code   RO          517    i.DebugMon_Handler  stm32f3xx_it.o
    0x0800047c   0x0800047c   0x00000002   Code   RO          299    i.Error_Handler     main.o
    0x0800047e   0x0800047e   0x00000006   Code   RO         5199    i.FATFS_LinkDriver  ff_gen_drv.o
    0x08000484   0x08000484   0x00000040   Code   RO         5200    i.FATFS_LinkDriverEx  ff_gen_drv.o
    0x080004c4   0x080004c4   0x00000002   Code   RO          897    i.HAL_ADCEx_InjectedConvCpltCallback  stm32f3xx_hal_adc_ex.o
    0x080004c6   0x080004c6   0x00000002   Code   RO          900    i.HAL_ADCEx_InjectedQueueOverflowCallback  stm32f3xx_hal_adc_ex.o
    0x080004c8   0x080004c8   0x00000002   Code   RO          905    i.HAL_ADCEx_LevelOutOfWindow2Callback  stm32f3xx_hal_adc_ex.o
    0x080004ca   0x080004ca   0x00000002   Code   RO          906    i.HAL_ADCEx_LevelOutOfWindow3Callback  stm32f3xx_hal_adc_ex.o
    0x080004cc   0x080004cc   0x00000114   Code   RO          907    i.HAL_ADCEx_MultiModeConfigChannel  stm32f3xx_hal_adc_ex.o
    0x080005e0   0x080005e0   0x00000394   Code   RO          916    i.HAL_ADC_ConfigChannel  stm32f3xx_hal_adc_ex.o
    0x08000974   0x08000974   0x00000080   Code   RO          159    i.HAL_ADC_ConvCpltCallback  sound_handler.o
    0x080009f4   0x080009f4   0x00000002   Code   RO          742    i.HAL_ADC_ErrorCallback  stm32f3xx_hal_adc.o
    0x080009f6   0x080009f6   0x00000006   Code   RO          918    i.HAL_ADC_GetValue  stm32f3xx_hal_adc_ex.o
    0x080009fc   0x080009fc   0x00000328   Code   RO          919    i.HAL_ADC_IRQHandler  stm32f3xx_hal_adc_ex.o
    0x08000d24   0x08000d24   0x00000248   Code   RO          920    i.HAL_ADC_Init      stm32f3xx_hal_adc_ex.o
    0x08000f6c   0x08000f6c   0x00000002   Code   RO          748    i.HAL_ADC_LevelOutOfWindowCallback  stm32f3xx_hal_adc.o
    0x08000f6e   0x08000f6e   0x00000002   PAD
    0x08000f70   0x08000f70   0x000000b4   Code   RO          633    i.HAL_ADC_MspInit   stm32f3xx_hal_msp.o
    0x08001024   0x08001024   0x00000150   Code   RO          923    i.HAL_ADC_Start     stm32f3xx_hal_adc_ex.o
    0x08001174   0x08001174   0x00000180   Code   RO          925    i.HAL_ADC_Start_IT  stm32f3xx_hal_adc_ex.o
    0x080012f4   0x080012f4   0x0000003e   Code   RO          926    i.HAL_ADC_Stop      stm32f3xx_hal_adc_ex.o
    0x08001332   0x08001332   0x00000002   Code   RO         1283    i.HAL_DACEx_ConvCpltCallbackCh2  stm32f3xx_hal_dac_ex.o
    0x08001334   0x08001334   0x00000002   Code   RO         1284    i.HAL_DACEx_ConvHalfCpltCallbackCh2  stm32f3xx_hal_dac_ex.o
    0x08001336   0x08001336   0x00000002   Code   RO         1285    i.HAL_DACEx_DMAUnderrunCallbackCh2  stm32f3xx_hal_dac_ex.o
    0x08001338   0x08001338   0x00000002   Code   RO         1288    i.HAL_DACEx_ErrorCallbackCh2  stm32f3xx_hal_dac_ex.o
    0x0800133a   0x0800133a   0x00000042   Code   RO         1291    i.HAL_DAC_ConfigChannel  stm32f3xx_hal_dac_ex.o
    0x0800137c   0x0800137c   0x00000002   Code   RO         1154    i.HAL_DAC_ConvCpltCallbackCh1  stm32f3xx_hal_dac.o
    0x0800137e   0x0800137e   0x00000002   Code   RO         1155    i.HAL_DAC_ConvHalfCpltCallbackCh1  stm32f3xx_hal_dac.o
    0x08001380   0x08001380   0x00000002   Code   RO         1156    i.HAL_DAC_DMAUnderrunCallbackCh1  stm32f3xx_hal_dac.o
    0x08001382   0x08001382   0x00000002   Code   RO         1158    i.HAL_DAC_ErrorCallbackCh1  stm32f3xx_hal_dac.o
    0x08001384   0x08001384   0x00000064   Code   RO         1293    i.HAL_DAC_IRQHandler  stm32f3xx_hal_dac_ex.o
    0x080013e8   0x080013e8   0x00000028   Code   RO         1162    i.HAL_DAC_Init      stm32f3xx_hal_dac.o
    0x08001410   0x08001410   0x000000ac   Code   RO          635    i.HAL_DAC_MspInit   stm32f3xx_hal_msp.o
    0x080014bc   0x080014bc   0x00000054   Code   RO         1295    i.HAL_DAC_Start     stm32f3xx_hal_dac_ex.o
    0x08001510   0x08001510   0x00000100   Code   RO         1296    i.HAL_DAC_Start_DMA  stm32f3xx_hal_dac_ex.o
    0x08001610   0x08001610   0x00000016   Code   RO         1167    i.HAL_DAC_Stop      stm32f3xx_hal_dac.o
    0x08001626   0x08001626   0x0000004a   Code   RO         3745    i.HAL_DMA_Abort_IT  stm32f3xx_hal_dma.o
    0x08001670   0x08001670   0x000000a8   Code   RO         3749    i.HAL_DMA_IRQHandler  stm32f3xx_hal_dma.o
    0x08001718   0x08001718   0x0000004e   Code   RO         3750    i.HAL_DMA_Init      stm32f3xx_hal_dma.o
    0x08001766   0x08001766   0x00000070   Code   RO         3754    i.HAL_DMA_Start_IT  stm32f3xx_hal_dma.o
    0x080017d6   0x080017d6   0x00000002   PAD
    0x080017d8   0x080017d8   0x00000188   Code   RO         3679    i.HAL_GPIO_Init     stm32f3xx_hal_gpio.o
    0x08001960   0x08001960   0x0000000a   Code   RO         3683    i.HAL_GPIO_WritePin  stm32f3xx_hal_gpio.o
    0x0800196a   0x0800196a   0x00000002   PAD
    0x0800196c   0x0800196c   0x0000000c   Code   RO         3366    i.HAL_GetTick       stm32f3xx_hal.o
    0x08001978   0x08001978   0x00000010   Code   RO         3372    i.HAL_IncTick       stm32f3xx_hal.o
    0x08001988   0x08001988   0x00000024   Code   RO         3373    i.HAL_Init          stm32f3xx_hal.o
    0x080019ac   0x080019ac   0x00000040   Code   RO         3374    i.HAL_InitTick      stm32f3xx_hal.o
    0x080019ec   0x080019ec   0x00000030   Code   RO          636    i.HAL_MspInit       stm32f3xx_hal_msp.o
    0x08001a1c   0x08001a1c   0x00000016   Code   RO         3847    i.HAL_NVIC_EnableIRQ  stm32f3xx_hal_cortex.o
    0x08001a32   0x08001a32   0x00000002   PAD
    0x08001a34   0x08001a34   0x00000040   Code   RO         3853    i.HAL_NVIC_SetPriority  stm32f3xx_hal_cortex.o
    0x08001a74   0x08001a74   0x00000024   Code   RO         3854    i.HAL_NVIC_SetPriorityGrouping  stm32f3xx_hal_cortex.o
    0x08001a98   0x08001a98   0x000000a6   Code   RO         3120    i.HAL_PCD_Init      stm32f3xx_hal_pcd.o
    0x08001b3e   0x08001b3e   0x00000002   PAD
    0x08001b40   0x08001b40   0x00000064   Code   RO          638    i.HAL_PCD_MspInit   stm32f3xx_hal_msp.o
    0x08001ba4   0x08001ba4   0x00000218   Code   RO         3636    i.HAL_RCCEx_PeriphCLKConfig  stm32f3xx_hal_rcc_ex.o
    0x08001dbc   0x08001dbc   0x00000144   Code   RO         3530    i.HAL_RCC_ClockConfig  stm32f3xx_hal_rcc.o
    0x08001f00   0x08001f00   0x00000030   Code   RO         3537    i.HAL_RCC_GetPCLK1Freq  stm32f3xx_hal_rcc.o
    0x08001f30   0x08001f30   0x00000030   Code   RO         3538    i.HAL_RCC_GetPCLK2Freq  stm32f3xx_hal_rcc.o
    0x08001f60   0x08001f60   0x00000064   Code   RO         3539    i.HAL_RCC_GetSysClockFreq  stm32f3xx_hal_rcc.o
    0x08001fc4   0x08001fc4   0x00000590   Code   RO         3542    i.HAL_RCC_OscConfig  stm32f3xx_hal_rcc.o
    0x08002554   0x08002554   0x000000b6   Code   RO         1420    i.HAL_SPI_Init      stm32f3xx_hal_spi.o
    0x0800260a   0x0800260a   0x00000002   PAD
    0x0800260c   0x0800260c   0x00000060   Code   RO          640    i.HAL_SPI_MspInit   stm32f3xx_hal_msp.o
    0x0800266c   0x0800266c   0x00000028   Code   RO         3858    i.HAL_SYSTICK_Config  stm32f3xx_hal_cortex.o
    0x08002694   0x08002694   0x00000002   Code   RO         2406    i.HAL_TIMEx_Break2Callback  stm32f3xx_hal_tim_ex.o
    0x08002696   0x08002696   0x00000002   Code   RO         2407    i.HAL_TIMEx_BreakCallback  stm32f3xx_hal_tim_ex.o
    0x08002698   0x08002698   0x00000002   Code   RO         2408    i.HAL_TIMEx_CommutationCallback  stm32f3xx_hal_tim_ex.o
    0x0800269a   0x0800269a   0x00000002   PAD
    0x0800269c   0x0800269c   0x00000058   Code   RO         2425    i.HAL_TIMEx_MasterConfigSynchronization  stm32f3xx_hal_tim_ex.o
    0x080026f4   0x080026f4   0x00000036   Code   RO         1762    i.HAL_TIM_Base_Init  stm32f3xx_hal_tim.o
    0x0800272a   0x0800272a   0x00000002   PAD
    0x0800272c   0x0800272c   0x00000078   Code   RO          642    i.HAL_TIM_Base_MspInit  stm32f3xx_hal_msp.o
    0x080027a4   0x080027a4   0x0000001a   Code   RO         1765    i.HAL_TIM_Base_Start  stm32f3xx_hal_tim.o
    0x080027be   0x080027be   0x00000018   Code   RO         1767    i.HAL_TIM_Base_Start_IT  stm32f3xx_hal_tim.o
    0x080027d6   0x080027d6   0x0000002c   Code   RO         1768    i.HAL_TIM_Base_Stop  stm32f3xx_hal_tim.o
    0x08002802   0x08002802   0x0000002a   Code   RO         1770    i.HAL_TIM_Base_Stop_IT  stm32f3xx_hal_tim.o
    0x0800282c   0x0800282c   0x000000fc   Code   RO         1771    i.HAL_TIM_ConfigClockSource  stm32f3xx_hal_tim.o
    0x08002928   0x08002928   0x00000002   Code   RO         1793    i.HAL_TIM_IC_CaptureCallback  stm32f3xx_hal_tim.o
    0x0800292a   0x0800292a   0x00000184   Code   RO         1806    i.HAL_TIM_IRQHandler  stm32f3xx_hal_tim.o
    0x08002aae   0x08002aae   0x00000002   PAD
    0x08002ab0   0x08002ab0   0x00000050   Code   RO          643    i.HAL_TIM_MspPostInit  stm32f3xx_hal_msp.o
    0x08002b00   0x08002b00   0x00000002   Code   RO         1809    i.HAL_TIM_OC_DelayElapsedCallback  stm32f3xx_hal_tim.o
    0x08002b02   0x08002b02   0x00000128   Code   RO         2445    i.HAL_TIM_PWM_ConfigChannel  stm32f3xx_hal_tim_ex.o
    0x08002c2a   0x08002c2a   0x00000036   Code   RO         1833    i.HAL_TIM_PWM_Init  stm32f3xx_hal_tim.o
    0x08002c60   0x08002c60   0x00000002   Code   RO         1835    i.HAL_TIM_PWM_MspInit  stm32f3xx_hal_tim.o
    0x08002c62   0x08002c62   0x00000002   Code   RO         1836    i.HAL_TIM_PWM_PulseFinishedCallback  stm32f3xx_hal_tim.o
    0x08002c64   0x08002c64   0x00000070   Code   RO          160    i.HAL_TIM_PeriodElapsedCallback  sound_handler.o
    0x08002cd4   0x08002cd4   0x00000002   Code   RO         1847    i.HAL_TIM_TriggerCallback  stm32f3xx_hal_tim.o
    0x08002cd6   0x08002cd6   0x00000002   Code   RO         3050    i.HAL_UARTEx_WakeupCallback  stm32f3xx_hal_uart_ex.o
    0x08002cd8   0x08002cd8   0x00000002   Code   RO         2707    i.HAL_UART_ErrorCallback  stm32f3xx_hal_uart.o
    0x08002cda   0x08002cda   0x00000002   PAD
    0x08002cdc   0x08002cdc   0x00000140   Code   RO         2710    i.HAL_UART_IRQHandler  stm32f3xx_hal_uart.o
    0x08002e1c   0x08002e1c   0x0000006a   Code   RO         2711    i.HAL_UART_Init     stm32f3xx_hal_uart.o
    0x08002e86   0x08002e86   0x00000002   PAD
    0x08002e88   0x08002e88   0x0000011c   Code   RO          645    i.HAL_UART_MspInit  stm32f3xx_hal_msp.o
    0x08002fa4   0x08002fa4   0x0000007a   Code   RO         2716    i.HAL_UART_Receive_IT  stm32f3xx_hal_uart.o
    0x0800301e   0x0800301e   0x00000002   PAD
    0x08003020   0x08003020   0x00000058   Code   RO          250    i.HAL_UART_RxCpltCallback  uart.o
    0x08003078   0x08003078   0x000000b4   Code   RO         2719    i.HAL_UART_Transmit  stm32f3xx_hal_uart.o
    0x0800312c   0x0800312c   0x00000002   Code   RO         2722    i.HAL_UART_TxCpltCallback  stm32f3xx_hal_uart.o
    0x0800312e   0x0800312e   0x00000002   Code   RO          518    i.HardFault_Handler  stm32f3xx_it.o
    0x08003130   0x08003130   0x00000068   Code   RO          300    i.MX_ADC1_Init      main.o
    0x08003198   0x08003198   0x00000058   Code   RO          301    i.MX_ADC2_Init      main.o
    0x080031f0   0x080031f0   0x0000001c   Code   RO          476    i.MX_FATFS_Init     fatfs.o
    0x0800320c   0x0800320c   0x00000104   Code   RO          302    i.MX_GPIO_Init      main.o
    0x08003310   0x08003310   0x00000040   Code   RO          303    i.MX_SPI1_Init      main.o
    0x08003350   0x08003350   0x00000054   Code   RO          304    i.MX_TIM2_Init      main.o
    0x080033a4   0x080033a4   0x00000080   Code   RO          305    i.MX_TIM3_Init      main.o
    0x08003424   0x08003424   0x0000002c   Code   RO          306    i.MX_UART4_Init     main.o
    0x08003450   0x08003450   0x0000002c   Code   RO          307    i.MX_UART5_Init     main.o
    0x0800347c   0x0800347c   0x0000002c   Code   RO          308    i.MX_USART1_UART_Init  main.o
    0x080034a8   0x080034a8   0x00000002   Code   RO          519    i.MemManage_Handler  stm32f3xx_it.o
    0x080034aa   0x080034aa   0x00000002   Code   RO          520    i.NMI_Handler       stm32f3xx_it.o
    0x080034ac   0x080034ac   0x00000020   Code   RO         3860    i.NVIC_SetPriority  stm32f3xx_hal_cortex.o
    0x080034cc   0x080034cc   0x00000002   Code   RO          521    i.PendSV_Handler    stm32f3xx_it.o
    0x080034ce   0x080034ce   0x00000002   Code   RO          522    i.SVC_Handler       stm32f3xx_it.o
    0x080034d0   0x080034d0   0x00000004   Code   RO          523    i.SysTick_Handler   stm32f3xx_it.o
    0x080034d4   0x080034d4   0x00000074   Code   RO          309    i.SystemClock_Config  main.o
    0x08003548   0x08003548   0x00000068   Code   RO         4786    i.SystemInit        system_stm32f3xx.o
    0x080035b0   0x080035b0   0x0000000c   Code   RO          524    i.TIM3_IRQHandler   stm32f3xx_it.o
    0x080035bc   0x080035bc   0x0000001c   Code   RO          525    i.TIM6_DAC_IRQHandler  stm32f3xx_it.o
    0x080035d8   0x080035d8   0x000000b0   Code   RO         1848    i.TIM_Base_SetConfig  stm32f3xx_hal_tim.o
    0x08003688   0x08003688   0x00000014   Code   RO         1855    i.TIM_ETR_SetConfig  stm32f3xx_hal_tim.o
    0x0800369c   0x0800369c   0x00000010   Code   RO         1856    i.TIM_ITRx_SetConfig  stm32f3xx_hal_tim.o
    0x080036ac   0x080036ac   0x0000009c   Code   RO         1857    i.TIM_OC1_SetConfig  stm32f3xx_hal_tim.o
    0x08003748   0x08003748   0x00000090   Code   RO         1858    i.TIM_OC2_SetConfig  stm32f3xx_hal_tim.o
    0x080037d8   0x080037d8   0x00000090   Code   RO         1859    i.TIM_OC3_SetConfig  stm32f3xx_hal_tim.o
    0x08003868   0x08003868   0x00000074   Code   RO         1860    i.TIM_OC4_SetConfig  stm32f3xx_hal_tim.o
    0x080038dc   0x080038dc   0x00000070   Code   RO         2448    i.TIM_OC5_SetConfig  stm32f3xx_hal_tim_ex.o
    0x0800394c   0x0800394c   0x00000070   Code   RO         2449    i.TIM_OC6_SetConfig  stm32f3xx_hal_tim_ex.o
    0x080039bc   0x080039bc   0x00000022   Code   RO         1862    i.TIM_TI1_ConfigInputStage  stm32f3xx_hal_tim.o
    0x080039de   0x080039de   0x00000024   Code   RO         1864    i.TIM_TI2_ConfigInputStage  stm32f3xx_hal_tim.o
    0x08003a02   0x08003a02   0x00000002   PAD
    0x08003a04   0x08003a04   0x0000000c   Code   RO          526    i.UART4_IRQHandler  stm32f3xx_it.o
    0x08003a10   0x08003a10   0x0000000c   Code   RO          527    i.UART5_IRQHandler  stm32f3xx_it.o
    0x08003a1c   0x08003a1c   0x000000c8   Code   RO         2724    i.UART_AdvFeatureConfig  stm32f3xx_hal_uart.o
    0x08003ae4   0x08003ae4   0x0000005c   Code   RO         2725    i.UART_CheckIdleState  stm32f3xx_hal_uart.o
    0x08003b40   0x08003b40   0x00000014   Code   RO         2726    i.UART_DMAAbortOnError  stm32f3xx_hal_uart.o
    0x08003b54   0x08003b54   0x0000001c   Code   RO         2736    i.UART_EndRxTransfer  stm32f3xx_hal_uart.o
    0x08003b70   0x08003b70   0x0000001a   Code   RO         2737    i.UART_EndTransmit_IT  stm32f3xx_hal_uart.o
    0x08003b8a   0x08003b8a   0x00000076   Code   RO         2739    i.UART_Receive_IT   stm32f3xx_hal_uart.o
    0x08003c00   0x08003c00   0x000001d4   Code   RO         2740    i.UART_SetConfig    stm32f3xx_hal_uart.o
    0x08003dd4   0x08003dd4   0x00000064   Code   RO         2741    i.UART_Transmit_IT  stm32f3xx_hal_uart.o
    0x08003e38   0x08003e38   0x00000064   Code   RO         2742    i.UART_WaitOnFlagUntilTimeout  stm32f3xx_hal_uart.o
    0x08003e9c   0x08003e9c   0x0000000c   Code   RO          528    i.USART1_IRQHandler  stm32f3xx_it.o
    0x08003ea8   0x08003ea8   0x00000010   Code   RO          417    i.USER_initialize   user_diskio.o
    0x08003eb8   0x08003eb8   0x00000004   Code   RO          418    i.USER_ioctl        user_diskio.o
    0x08003ebc   0x08003ebc   0x00000004   Code   RO          419    i.USER_read         user_diskio.o
    0x08003ec0   0x08003ec0   0x00000010   Code   RO          420    i.USER_status       user_diskio.o
    0x08003ed0   0x08003ed0   0x00000004   Code   RO          421    i.USER_write        user_diskio.o
    0x08003ed4   0x08003ed4   0x00000002   Code   RO          529    i.UsageFault_Handler  stm32f3xx_it.o
    0x08003ed6   0x08003ed6   0x0000000e   Code   RO         5306    i.__scatterload_copy  mc_w.l(handlers.o)
    0x08003ee4   0x08003ee4   0x00000002   Code   RO         5307    i.__scatterload_null  mc_w.l(handlers.o)
    0x08003ee6   0x08003ee6   0x0000000e   Code   RO         5308    i.__scatterload_zeroinit  mc_w.l(handlers.o)
    0x08003ef4   0x08003ef4   0x00000018   Code   RO          251    i.clear_raw_buffer  uart.o
    0x08003f0c   0x08003f0c   0x00000092   Code   RO          161    i.freq_calculator   sound_handler.o
    0x08003f9e   0x08003f9e   0x00000002   PAD
    0x08003fa0   0x08003fa0   0x000000c0   Code   RO          162    i.init_sinus        sound_handler.o
    0x08004060   0x08004060   0x0000000c   Code   RO          163    i.init_sound_handler  sound_handler.o
    0x0800406c   0x0800406c   0x00000100   Code   RO          310    i.main              main.o
    0x0800416c   0x0800416c   0x00000084   Code   RO          164    i.send_signal       sound_handler.o
    0x080041f0   0x080041f0   0x00000028   Code   RO          166    i.sinus_generate    sound_handler.o
    0x08004218   0x08004218   0x00000044   Code   RO          167    i.sound_acquisition  sound_handler.o
    0x0800425c   0x0800425c   0x00000040   Code   RO          168    i.sound_handler_process  sound_handler.o
    0x0800429c   0x0800429c   0x00000044   Code   RO          252    i.uart_cmd_process  uart.o
    0x080042e0   0x080042e0   0x0000000c   Code   RO          253    i.uart_init         uart.o
    0x080042ec   0x080042ec   0x00000200   Data   RO          170    .constdata          sound_handler.o
    0x080044ec   0x080044ec   0x00000020   Data   RO         3543    .constdata          stm32f3xx_hal_rcc.o
    0x0800450c   0x0800450c   0x00000010   Data   RO         4787    .constdata          system_stm32f3xx.o
    0x0800451c   0x0800451c   0x00000008   Data   RO         4788    .constdata          system_stm32f3xx.o
    0x08004524   0x08004524   0x00000020   Data   RO         5304    Region$$Table       anon$$obj.o


    Execution Region RW_IRAM1 (Exec base: 0x20000000, Load base: 0x08004544, Size: 0x00002348, Max: 0x0000a000, ABSOLUTE)

    Exec Addr    Load Addr    Size         Type   Attr      Idx    E Section Name        Object

    0x20000000   0x08004544   0x00000028   Data   RW          171    .data               sound_handler.o
    0x20000028   0x0800456c   0x00000004   Data   RW          255    .data               uart.o
    0x2000002c   0x08004570   0x0000003c   Data   RW          313    .data               main.o
    0x20000068   0x080045ac   0x00000001   Data   RW          422    .data               user_diskio.o
    0x20000069   0x080045ad   0x00000003   PAD
    0x2000006c   0x080045b0   0x00000014   Data   RW          423    .data               user_diskio.o
    0x20000080   0x080045c4   0x00000005   Data   RW          480    .data               fatfs.o
    0x20000085   0x080045c9   0x00000003   PAD
    0x20000088   0x080045cc   0x00000004   Data   RW          646    .data               stm32f3xx_hal_msp.o
    0x2000008c   0x080045d0   0x0000000c   Data   RW         3380    .data               stm32f3xx_hal.o
    0x20000098   0x080045dc   0x00000004   Data   RW         4789    .data               system_stm32f3xx.o
    0x2000009c        -       0x00001770   Zero   RW          169    .bss                sound_handler.o
    0x2000180c        -       0x00000010   Zero   RW          254    .bss                uart.o
    0x2000181c        -       0x000006d8   Zero   RW          311    .bss                main.o
    0x20001ef4        -       0x00000044   Zero   RW          312    .bss                main.o
    0x20001f38        -       0x0000000c   Zero   RW         5203    .bss                ff_gen_drv.o
    0x20001f44   0x080045e0   0x00000004   PAD
    0x20001f48        -       0x00000400   Zero   RW            1    STACK               startup_stm32f303xc.o


==============================================================================

Image component sizes


      Code (inc. data)   RO Data    RW Data    ZI Data      Debug   Object Name

         0          0          0          0          0     635624   bluetooth.o
        28         10          0          5          0       1154   fatfs.o
        70          4          0          0         12       1759   ff_gen_drv.o
      1234        114          0         60       1820      14535   main.o
       894         76        512         40       6000       8361   sound_handler.o
        36          8        392          0       1024        876   startup_stm32f303xc.o
       128         24          0         12          0      13069   stm32f3xx_hal.o
         4          0          0          0          0       1615   stm32f3xx_hal_adc.o
      3762        146          0          0          0      14847   stm32f3xx_hal_adc_ex.o
       194         14          0          0          0      30655   stm32f3xx_hal_cortex.o
        70          0          0          0          0       4222   stm32f3xx_hal_dac.o
       610         24          0          0          0      10157   stm32f3xx_hal_dac_ex.o
       534         12          0          0          0       5246   stm32f3xx_hal_dma.o
       402         28          0          0          0       2504   stm32f3xx_hal_gpio.o
      1080        104          0          4          0       6957   stm32f3xx_hal_msp.o
       166          0          0          0          0       1545   stm32f3xx_hal_pcd.o
      1944         74         32          0          0       6028   stm32f3xx_hal_rcc.o
       536         14          0          0          0       1680   stm32f3xx_hal_rcc_ex.o
       182          0          0          0          0       1335   stm32f3xx_hal_spi.o
      1736        134          0          0          0      17194   stm32f3xx_hal_tim.o
       614         60          0          0          0       5825   stm32f3xx_hal_tim_ex.o
      1884         58          0          0          0      13159   stm32f3xx_hal_uart.o
         2          0          0          0          0       1016   stm32f3xx_hal_uart_ex.o
       136         50          0          0          0       8071   stm32f3xx_it.o
       104         22         24          4          0       1283   system_stm32f3xx.o
       192         32          0          4         16       3044   uart.o
        44         12          0         21          0       3416   user_diskio.o

    ----------------------------------------------------------------------
     16618       1020        992        156       8876     815177   Object Totals
         0          0         32          0          0          0   (incl. Generated)
        32          0          0          6          4          0   (incl. Padding)

    ----------------------------------------------------------------------

      Code (inc. data)   RO Data    RW Data    ZI Data      Debug   Library Member Name

         0          0          0          0          0          0   entry.o
         0          0          0          0          0          0   entry10a.o
         0          0          0          0          0          0   entry11a.o
         8          4          0          0          0          0   entry2.o
         4          0          0          0          0          0   entry5.o
         0          0          0          0          0          0   entry7b.o
         0          0          0          0          0          0   entry8b.o
         8          4          0          0          0          0   entry9a.o
        30          0          0          0          0          0   handlers.o
        36          8          0          0          0         68   init.o
        36          0          0          0          0        108   memseta.o

    ----------------------------------------------------------------------
       122         16          0          0          0        176   Library Totals
         0          0          0          0          0          0   (incl. Padding)

    ----------------------------------------------------------------------

      Code (inc. data)   RO Data    RW Data    ZI Data      Debug   Library Name

       122         16          0          0          0        176   mc_w.l

    ----------------------------------------------------------------------
       122         16          0          0          0        176   Library Totals

    ----------------------------------------------------------------------

==============================================================================


      Code (inc. data)   RO Data    RW Data    ZI Data      Debug   

     16740       1036        992        156       8876     799757   Grand Totals
     16740       1036        992        156       8876     799757   ELF Image Totals
     16740       1036        992        156          0          0   ROM Totals

==============================================================================

    Total RO  Size (Code + RO Data)                17732 (  17.32kB)
    Total RW  Size (RW Data + ZI Data)              9032 (   8.82kB)
    Total ROM Size (Code + RO Data + RW Data)      17888 (  17.47kB)

==============================================================================

