<html>
<body>
<pre>
<h1>µVision Build Log</h1>
<h2>Tool Versions:</h2>
IDE-Version: µVision V5.27.1.0
Copyright (C) 2019 ARM Ltd and ARM Germany GmbH. All rights reserved.
License Information: Valentin BEYNARD, CPE Lyon, LIC=----
 
Tool Versions:
Toolchain:       MDK-Lite  Version: 5.27.1.0
Toolchain Path:  C:\Keil_v5\ARM\ARMCC\Bin
C Compiler:      Armcc.exe V5.06 update 6 (build 750)
Assembler:       Armasm.exe V5.06 update 6 (build 750)
Linker/Locator:  ArmLink.exe V5.06 update 6 (build 750)
Library Manager: ArmAr.exe V5.06 update 6 (build 750)
Hex Converter:   FromElf.exe V5.06 update 6 (build 750)
CPU DLL:         SARMCM3.DLL V5.27.1.0
Dialog DLL:      DCM.DLL V1.17.2.0
Target DLL:      STLink\ST-LINKIII-KEIL_SWO.dll V3.0.6.0
Dialog DLL:      TCM.DLL V1.36.1.0
 
<h2>Project:</h2>
C:\Users\BEYNARD\Documents\GitHub\-CPE-Lyon-RobotSem819\STM32\Sound_processing\MDK-ARM\Sound_processing.uvprojx
Project File Date:  05/14/2019

<h2>Output:</h2>
*** Using Compiler 'V5.06 update 6 (build 750)', folder: 'C:\Keil_v5\ARM\ARMCC\Bin'
Build target 'Sound_processing'
compiling sound_handler.c...
..\Src\cmd_pck.h(25): warning:  #1-D: last line of file ends without a newline
  #endif
..\Src\sound_handler.h(55): warning:  #1295-D: Deprecated declaration signal_recopieur - give arg types
  void signal_recopieur();
..\Src\sound_handler.h(57): warning:  #1-D: last line of file ends without a newline
  #endif
..\Src\sound_handler.c(150): warning:  #9-D: nested comment is not allowed
  	/* Envelop detection : sampling 100 points and compare with a threshold */
..\Src\sound_handler.c(420): warning:  #177-D: variable "last_time_step"  was declared but never referenced
  	static uint16_t last_time_step = 0;
..\Src\sound_handler.c(445): warning:  #1-D: last line of file ends without a newline
  }
..\Src\sound_handler.c: 6 warnings, 0 errors
linking...
Program Size: Code=17476 RO-data=1056 RW-data=136 ZI-data=2760  
FromELF: creating hex file...
"Sound_processing\Sound_processing.axf" - 0 Error(s), 6 Warning(s).

<h2>Software Packages used:</h2>

Package Vendor: ARM
                http://www.keil.com/pack/ARM.CMSIS.5.5.1.pack
                ARM.CMSIS.5.5.1
                CMSIS (Cortex Microcontroller Software Interface Standard)
   * Component: CORE Version: 5.2.0

Package Vendor: Keil
                http://www.keil.com/pack/Keil.STM32F3xx_DFP.2.1.0.pack
                Keil.STM32F3xx_DFP.2.1.0
                STMicroelectronics STM32F3 Series Device Support and Examples

<h2>Collection of Component include folders:</h2>
  .\RTE\_Sound_processing
  C:\Users\BEYNARD\AppData\Local\Arm\Packs\ARM\CMSIS\5.5.1\CMSIS\Core\Include
  C:\Users\BEYNARD\AppData\Local\Arm\Packs\Keil\STM32F3xx_DFP\2.1.0\Drivers\CMSIS\Device\ST\STM32F3xx\Include

<h2>Collection of Component Files used:</h2>

   * Component: ARM::CMSIS:CORE:5.2.0
Build Time Elapsed:  00:00:02
</pre>
</body>
</html>
